c mode sdcl
c vars 192 clauses 938
c prunes_as_conflicts 0
c stat conflicts 31
c stat decisions 47
c stat propagations 1228
c stat restarts 0
c stat reductions 0
c stat learnt_clauses 32
c stat removed_clauses 0
c stat reduct_checks 43
c stat reduct_sat 2
c stat reduct_unsat 41
c stat reduct_limit 0
c stat inner_conflicts 41
c stat inner_decisions 0
c stat inner_propagations 2562
c stat pr_learnt 2
c stat pr_lits 11
c stat filter_tests 6532
c stat filtered_clauses 3240
c stat reduct_clauses 11568
c stat reduct_lits 30029
c stat filter_propagations 112220
c stat max_reduct_vars 101
c stat cost 115
c stat time_reduct_build 0.041
c stat time_inner 0.054
c stat time_total 0.155
s UNSATISFIABLE
