c mode sdcl
c vars 108 clauses 500
c prunes_as_conflicts 0
c stat conflicts 26
c stat decisions 36
c stat propagations 752
c stat restarts 0
c stat reductions 0
c stat learnt_clauses 29
c stat removed_clauses 0
c stat reduct_checks 36
c stat reduct_sat 4
c stat reduct_unsat 32
c stat reduct_limit 0
c stat inner_conflicts 49
c stat inner_decisions 41
c stat inner_propagations 1846
c stat pr_learnt 4
c stat pr_lits 17
c stat filter_tests 3809
c stat filtered_clauses 2571
c stat reduct_clauses 6531
c stat reduct_lits 18028
c stat filter_propagations 51110
c stat max_reduct_vars 74
c stat cost 111
c stat time_reduct_build 0.104
c stat time_inner 0.023
c stat time_total 0.136
s UNSATISFIABLE
