c mode sdcl
c vars 108 clauses 500
c prunes_as_conflicts 0
c stat conflicts 14
c stat decisions 26
c stat propagations 649
c stat restarts 0
c stat reductions 0
c stat learnt_clauses 20
c stat removed_clauses 0
c stat reduct_checks 28
c stat reduct_sat 7
c stat reduct_unsat 21
c stat reduct_limit 0
c stat inner_conflicts 22
c stat inner_decisions 35
c stat inner_propagations 1367
c stat pr_learnt 7
c stat pr_lits 24
c stat filter_tests 3340
c stat filtered_clauses 2302
c stat reduct_clauses 5309
c stat reduct_lits 14436
c stat filter_propagations 42821
c stat max_reduct_vars 80
c stat cost 64
c stat time_reduct_build 0.018
c stat time_inner 0.056
c stat time_total 0.080
s UNSATISFIABLE
