c mode sdcl
c vars 108 clauses 500
c prunes_as_conflicts 0
c stat conflicts 12
c stat decisions 18
c stat propagations 270
c stat restarts 0
c stat reductions 0
c stat learnt_clauses 12
c stat removed_clauses 0
c stat reduct_checks 15
c stat reduct_sat 1
c stat reduct_unsat 14
c stat reduct_limit 0
c stat inner_conflicts 19
c stat inner_decisions 9
c stat inner_propagations 681
c stat pr_learnt 1
c stat pr_lits 4
c stat filter_tests 1350
c stat filtered_clauses 885
c stat reduct_clauses 2611
c stat reduct_lits 7127
c stat filter_propagations 14533
c stat max_reduct_vars 80
c stat cost 46
c stat time_reduct_build 0.006
c stat time_inner 0.006
c stat time_total 0.016
s UNSATISFIABLE
