c mode sdcl
c vars 192 clauses 938
c prunes_as_conflicts 0
c stat conflicts 17
c stat decisions 51
c stat propagations 1110
c stat restarts 0
c stat reductions 0
c stat learnt_clauses 21
c stat removed_clauses 0
c stat reduct_checks 54
c stat reduct_sat 4
c stat reduct_unsat 50
c stat reduct_limit 0
c stat inner_conflicts 51
c stat inner_decisions 15
c stat inner_propagations 3725
c stat pr_learnt 4
c stat pr_lits 40
c stat filter_tests 10841
c stat filtered_clauses 5182
c stat reduct_clauses 17107
c stat reduct_lits 43003
c stat filter_propagations 156408
c stat max_reduct_vars 153
c stat cost 122
c stat time_reduct_build 0.099
c stat time_inner 0.073
c stat time_total 0.225
s SATISFIABLE
v 1 2 -3 -4 -5 6 -7 8 9 10 -11 -12 13 14 -15 16 17 18 -19 -20 -21 22 -23 24 25 26 -27 -28 -29 30 -31 32 -33 -34 -35 -36 -37 -38 -39 -40 -41 -42 -43 -44 -45 -46 -47 -48 49 50 -51 -52 -53 54 -55 56 57 58 -59 -60 -61 62 -63 64 -65 -66 -67 -68 -69 -70 -71 -72 73 74 -75 -76 -77 78 -79 80 -81 82 -83 84 85 -86 -87 -88 89 -90 91 -92 93 -94 95 -96 -97 -98 99 -100 -101 -102 103 -104 105 -106 107 -108 109 -110 -111 -112 113 -114 -115 -116 117 -118 119 -120 121 -122 123 -124 -125 -126 -127 -128 129 -130 -131 132 -133 134 -135 136 -137 138 -139 140 141 -142 143 -144 145 -146 147 -148 -149 -150 -151 -152 -153 -154 -155 156 -157 158 -159 160 161 -162 -163 -164 -165 -166 -167 -168 -169 -170 -171 -172 -173 -174 175 -176 177 -178 179 -180 -181 -182 -183 -184 -185 -186 187 -188 189 -190 191 -192 0
