c mode sdcl
c vars 1200 clauses 6422
c prunes_as_conflicts 0
c stat conflicts 19102
c stat decisions 26879
c stat propagations 4733320
c stat restarts 62
c stat reductions 9
c stat learnt_clauses 21521
c stat removed_clauses 17687
c stat reduct_checks 29229
c stat reduct_sat 2419
c stat reduct_unsat 26788
c stat reduct_limit 22
c stat inner_conflicts 35869
c stat inner_decisions 20398
c stat inner_propagations 17388584
c stat pr_learnt 2419
c stat pr_lits 38825
c stat filter_tests 92448195
c stat filtered_clauses 63767254
c stat reduct_clauses 116326321
c stat reduct_lits 524477762
c stat filter_propagations 5078043870
c stat max_reduct_vars 1073
c stat cost 84200
c stat time_reduct_build 3186.967
c stat time_inner 322.484
c stat time_total 3600.159
s UNKNOWN
