c mode sdcl
c vars 108 clauses 500
c prunes_as_conflicts 0
c stat conflicts 10
c stat decisions 14
c stat propagations 213
c stat restarts 0
c stat reductions 0
c stat learnt_clauses 10
c stat removed_clauses 0
c stat reduct_checks 10
c stat reduct_sat 1
c stat reduct_unsat 9
c stat reduct_limit 0
c stat inner_conflicts 10
c stat inner_decisions 2
c stat inner_propagations 343
c stat pr_learnt 1
c stat pr_lits 4
c stat filter_tests 827
c stat filtered_clauses 429
c stat reduct_clauses 1436
c stat reduct_lits 3593
c stat filter_propagations 11807
c stat max_reduct_vars 49
c stat cost 30
c stat time_reduct_build 0.005
c stat time_inner 0.003
c stat time_total 0.012
s UNSATISFIABLE
