c SaDiCaL SAT Solver
c Copyright (C) 2018 by Armin Biere JKU
c
c Version 00n 47bff7ef874226b4a00ebd20fedf88eb7c4a3a39
c Compiler gcc (Ubuntu 11.4.0-1ubuntu1~22.04) 11.4.0
c Options gcc -Wall -O3 -DNDEBUG -DNLOG
c proof path '/mnt/d/PvsNP/phase4/results/proofs_sadical/F4/tseitin_n60_s0.sadical.dpr'
c
c non default options:
c
c --binary=false
c --force=true
c --witness=false
c
c parsing '/mnt/d/PvsNP/phase4/instances/f4/tseitin_n60_s0.cnf'
c found 'p cnf 90 240' header
c parsed DIMACS in 0.00 seconds
c 
c
c   time      reduced redundant irredundant
c       space  restarts    glue     variables
c           level conflicts    size   remaining
c
c s 2.44 0.3 4.6 0 1 1536 0 5.6 5.6 236 89 99%
c s 2.51 0.3 4.5 0 2 1632 0 5.5 5.5 232 88 98%
c s 2.55 0.3 4.5 0 4 1657 0 5.5 5.5 228 87 97%
c - 2.87 0.3 4.6 1 5 2002 301 5.6 5.6 228 87 97%
c s 3.28 0.3 4.4 1 5 2425 0 5.4 5.4 224 86 96%
c s 3.48 0.3 4.5 1 34 3288 84 5.5 5.5 218 84 93%
c s 3.58 0.3 4.4 1 36 3435 82 5.4 5.4 212 82 91%
c s 3.61 0.3 4.4 1 37 3496 82 5.4 5.4 206 80 89%
c - 3.68 0.3 4.5 2 39 4009 92 5.5 5.5 206 80 89%
c - 3.75 0.3 4.5 3 39 6324 96 5.5 5.5 206 80 89%
c - 3.86 0.3 4.6 4 39 8946 151 5.6 5.6 206 80 89%
c - 4.04 0.3 4.6 5 39 11864 190 5.6 5.6 206 80 89%
c - 4.26 0.3 4.6 6 39 15081 229 5.6 5.6 206 80 89%
c s 4.40 0.3 4.5 6 39 16569 26 5.5 5.5 200 78 87%
c s 4.51 0.3 4.5 6 42 17049 26 5.5 5.5 196 77 86%
c s 4.54 0.3 4.4 6 44 17127 26 5.4 5.4 192 76 84%
c s 4.57 0.3 4.4 6 45 17177 26 5.4 5.4 186 74 82%
c s 4.58 0.3 4.4 6 47 17229 26 5.4 5.4 180 72 80%
c s 4.61 0.3 4.4 6 49 17263 26 5.4 5.4 176 71 79%
c s 4.70 0.3 4.3 6 51 17597 26 5.3 5.3 172 70 78%
c
c   time      reduced   redundant  irredundant
c       space   restarts      glue     variables
c           level   conflicts     size   remaining
c
c s 4.71 0.3 4.3 6 52 17614 26 5.3 5.3 164 67 74%
c s 4.73 0.3 4.3 6 54 17689 27 5.3 5.3 160 66 73%
c s 4.74 0.3 4.3 6 56 17746 27 5.3 5.3 156 65 72%
c s 4.75 0.3 4.3 6 58 17898 28 5.3 5.3 150 63 70%
c s 4.75 0.3 4.3 6 60 17990 28 5.3 5.3 144 61 68%
c s 4.76 0.3 4.3 6 61 18029 0 5.3 5.3 136 58 64%
c s 4.77 0.3 4.3 6 63 18060 0 5.3 5.3 130 56 62%
c s 4.78 0.3 4.3 6 71 18086 1 5.3 5.3 126 55 61%
c s 4.79 0.3 4.3 6 72 18102 0 5.3 5.3 118 52 58%
c - 4.86 0.3 4.2 7 112 18583 50 5.2 5.2 118 52 58%
c s 4.89 0.3 4.2 7 139 19120 43 5.2 5.2 106 47 52%
c s 4.92 0.3 4.2 7 150 19398 46 5.2 5.2 102 46 51%
c s 4.92 0.3 4.2 7 155 19492 0 5.2 5.2 6 3 3%
c 0 4.92 0.3 4.2 7 155 19494 0 5.2 5.2 6 0 0%
c
s UNSATISFIABLE
c
c simplifications:            26         750  conflicts/simplification  100%
c reductions:                  7        2785  conflicts/reduction       100%
c restarts:                  155         126  conflicts/restart         100%
c conflicts:               19494        3959  conflicts/sec              88%
c decisions:                3962         805  decisions/sec              53%
c propagations:           513131         0.1  millions/sec               80%
c
c pure:                        0           0% of look-aheads
c look-ahead:               3962         100% of outer decisions         53%
c pruned:                   2936          15% of outer conflicts         13%
c generated reducts:        6716          44% satisfiable
c average size:              167          52% of all clauses
c pruning failed:           3780          56% per reduct
c filter checks:          136517          12% of outer satisfied clauses
c average filtered:          2.5           1% per reduct
c assumed literals:       329679         2.4  per filter check
c
c collected clauses:        0.14 MB      100% of allocated clauses        0%
c allocated clauses:        0.14 MB        9% of allocated memory         0%
c maximum heap:             0.20 MB       10% of resident set size       63%
c
c looking:                  0.02 sec       0% of process time
c filtering:                1.06 sec      22% of process time
c pruning:                  4.79 sec      97% of process time
c simplifying:              0.02 sec       0% of process time
c
c resident set size:        2.03 MB
c total process time:       4.92 sec
RC=0
