c SaDiCaL SAT Solver
c Copyright (C) 2018 by Armin Biere JKU
c
c Version 00n 47bff7ef874226b4a00ebd20fedf88eb7c4a3a39
c Compiler gcc (Ubuntu 11.4.0-1ubuntu1~22.04) 11.4.0
c Options gcc -Wall -O3 -DNDEBUG -DNLOG
c proof path '/mnt/d/PvsNP/phase4/results/proofs_sadical/F4/tseitin_n40_s5.sadical.dpr'
c
c non default options:
c
c --binary=false
c --force=true
c --witness=false
c
c parsing '/mnt/d/PvsNP/phase4/instances/f4/tseitin_n40_s5.cnf'
c found 'p cnf 60 160' header
c parsed DIMACS in 0.00 seconds
c 
c
c   time      reduced redundant irredundant
c       space  restarts glue     variables
c           level conflicts size   remaining
c
c s 0.04 0.0 3.0 0 2 7 0 4.0 4.0 156 59 98%
c s 0.05 0.0 4.1 0 4 14 0 5.1 5.1 152 58 97%
c s 0.64 0.2 4.2 0 7 783 0 5.2 5.2 148 57 95%
c s 0.65 0.2 4.1 0 8 816 0 5.1 5.1 144 56 93%
c s 0.67 0.2 4.1 0 10 865 0 5.1 5.1 140 55 92%
c s 0.67 0.2 4.1 0 11 870 0 5.1 5.1 136 54 90%
c s 0.68 0.2 4.0 0 16 886 1 5.0 5.0 132 53 88%
c s 0.69 0.2 4.0 0 20 939 1 5.0 5.0 128 52 87%
c s 0.72 0.2 4.0 0 25 1057 0 5.0 5.0 118 48 80%
c s 0.73 0.2 4.0 0 29 1073 2 5.0 5.0 110 45 75%
c s 0.74 0.2 3.9 0 32 1088 2 4.9 4.9 102 42 70%
c s 0.75 0.2 3.9 0 38 1159 11 4.9 4.9 98 41 68%
c s 0.78 0.2 3.9 0 50 1467 28 4.9 4.9 92 39 65%
c s 0.79 0.2 3.9 0 58 1627 28 4.9 4.9 88 38 63%
c s 0.80 0.2 3.8 0 64 1926 27 4.8 4.8 82 36 60%
c - 0.80 0.2 3.8 1 66 2001 31 4.8 4.8 82 36 60%
c s 0.81 0.2 3.8 1 69 2117 25 4.8 4.8 78 35 58%
c s 0.81 0.2 3.8 1 70 2143 9 4.8 4.8 64 29 48%
c s 0.81 0.2 3.7 1 73 2235 10 4.7 4.8 60 28 47%
c s 0.81 0.2 3.7 1 73 2252 3 4.7 4.7 38 18 30%
c
c   time      reduced  redundant irredundant
c       space   restarts    glue    variables
c           level  conflicts    size remaining
c
c s 0.81 0.2 3.7 1 73 2259 0 4.7 4.7 18 9 15%
c 0 0.81 0.2 3.7 1 73 2261 0 4.7 4.7 18 0 0%
c
s UNSATISFIABLE
c
c simplifications:            20         113  conflicts/simplification  100%
c reductions:                  1        2261  conflicts/reduction       100%
c restarts:                   73          31  conflicts/restart         100%
c conflicts:                2261        2780  conflicts/sec              74%
c decisions:                1186        1458  decisions/sec              53%
c propagations:           143519         0.2  millions/sec               80%
c
c pure:                        0           0% of look-aheads
c look-ahead:               1186         100% of outer decisions         53%
c pruned:                    770          34% of outer conflicts         25%
c generated reducts:        1862          41% satisfiable
c average size:              120          59% of all clauses
c pruning failed:           1092          59% per reduct
c filter checks:           31206          14% of outer satisfied clauses
c average filtered:          0.8           1% per reduct
c assumed literals:        68128         2.2  per filter check
c
c collected clauses:        0.04 MB       99% of allocated clauses        1%
c allocated clauses:        0.04 MB        9% of allocated memory         1%
c maximum heap:             0.09 MB        5% of resident set size       52%
c
c looking:                  0.01 sec       1% of process time
c filtering:                0.19 sec      24% of process time
c pruning:                  0.74 sec      91% of process time
c simplifying:              0.01 sec       1% of process time
c
c resident set size:        1.87 MB
c total process time:       0.81 sec
RC=0
