c SaDiCaL SAT Solver
c Copyright (C) 2018 by Armin Biere JKU
c
c Version 00n 47bff7ef874226b4a00ebd20fedf88eb7c4a3a39
c Compiler gcc (Ubuntu 11.4.0-1ubuntu1~22.04) 11.4.0
c Options gcc -Wall -O3 -DNDEBUG -DNLOG
c proof path '/mnt/d/PvsNP/phase4/results/proofs_sadical/F4/tseitin_n80_s6.sadical.dpr'
c
c non default options:
c
c --binary=false
c --force=true
c --witness=false
c
c parsing '/mnt/d/PvsNP/phase4/instances/f4/tseitin_n80_s6.cnf'
c found 'p cnf 120 320' header
c parsed DIMACS in 0.00 seconds
c 
c
c   time      reduced redundant irredundant
c       space  restarts glue      variables
c           level conflicts size    remaining
c
c s 0.06 0.1 5.8 0 1 6 0 6.8 6.8 316 119 99%
c s 0.39 0.1 3.7 0 2 390 0 4.7 4.7 312 118 98%
c s 0.46 0.1 3.9 0 7 409 1 4.9 4.9 308 117 98%
c s 0.52 0.1 3.9 0 9 450 0 4.9 4.9 304 116 97%
c s 0.58 0.1 3.8 0 10 498 0 4.8 4.8 300 115 96%
c s 0.71 0.1 3.7 0 11 690 0 4.7 4.7 296 114 95%
c s 0.76 0.1 3.8 0 13 716 0 4.8 4.8 292 113 94%
c - 2.08 0.3 4.9 1 14 2001 846 5.9 5.9 292 113 94%
c s 2.61 0.4 4.7 1 14 2276 0 5.7 5.7 284 110 92%
c s 2.74 0.4 4.6 1 16 2555 0 5.6 5.6 278 108 90%
c s 2.82 0.4 4.5 1 18 2689 0 5.5 5.5 274 107 89%
c s 2.89 0.4 4.5 1 20 2756 0 5.5 5.5 270 106 88%
c s 3.56 0.4 4.5 1 23 3296 0 5.5 5.5 264 104 87%
c - 4.18 0.4 5.0 2 24 4003 472 6.0 6.0 264 104 87%
c - 8.38 0.6 5.2 3 24 6305 1431 6.2 6.2 264 104 87%
c s 10.22 0.6 5.1 3 24 6687 0 6.1 6.1 260 103 86%
c s 10.31 0.6 5.0 3 25 6909 0 6.0 6.0 256 102 85%
c s 10.38 0.6 5.0 3 27 7068 0 6.0 6.0 250 100 83%
c s 10.42 0.6 5.0 3 30 7147 0 6.0 6.0 246 99 82%
c s 10.50 0.6 4.9 3 32 7371 0 5.9 5.9 240 97 81%
c
c    time      reduced  redundant irredundant
c        space   restarts    glue     variables
c            level  conflicts    size   remaining
c
c s 11.08 0.6 4.9 3 34 8326 0 5.9 5.9 234 95 79%
c s 11.18 0.6 4.9 3 35 8548 0 5.9 5.9 228 93 78%
c s 11.29 0.6 4.8 3 37 8754 0 5.8 5.8 222 91 76%
c - 11.36 0.6 4.8 4 39 8906 64 5.8 5.8 222 91 76%
c s 11.42 0.6 4.8 4 39 9053 0 5.8 5.8 218 90 75%
c s 11.43 0.6 4.8 4 45 9064 3 5.8 5.8 214 89 74%
c s 11.44 0.6 4.8 4 47 9075 1 5.8 5.8 204 85 71%
c s 11.46 0.6 4.8 4 48 9123 0 5.8 5.8 200 84 70%
c s 11.47 0.6 4.8 4 49 9135 0 5.8 5.8 194 82 68%
c s 11.49 0.6 4.8 4 51 9223 1 5.8 5.8 190 81 68%
c s 11.56 0.6 4.7 4 54 9399 0 5.7 5.7 180 77 64%
c s 11.57 0.6 4.7 4 56 9437 0 5.7 5.7 164 70 58%
c s 11.59 0.6 4.7 4 58 9482 1 5.7 5.7 158 68 57%
c s 11.61 0.6 4.7 4 72 9587 7 5.7 5.7 154 67 56%
c s 11.62 0.6 4.7 4 77 9654 8 5.7 5.7 146 64 53%
c s 11.67 0.6 4.7 4 93 9823 25 5.7 5.7 142 63 52%
c s 11.74 0.6 4.7 4 113 10468 22 5.7 5.7 138 62 52%
c s 11.75 0.6 4.7 4 115 10504 15 5.7 5.7 112 50 42%
c s 11.76 0.6 4.7 4 122 10706 15 5.7 5.7 104 47 39%
c s 11.77 0.6 4.7 4 126 10778 13 5.7 5.7 98 45 38%
c
c    time      reduced    redundant irredundant
c        space   restarts       glue    variables
c            level    conflicts     size  remaining
c
c s 11.77 0.6 4.7 4 131 10844 15 5.7 5.7 94 44 37%
c s 11.77 0.6 4.7 4 132 10864 3 5.7 5.7 44 21 18%
c s 11.77 0.6 4.7 4 132 10869 0 5.7 5.7 12 6 5%
c 0 11.77 0.6 4.7 4 132 10871 0 5.6 5.7 12 0 0%
c
s UNSATISFIABLE
c
c simplifications:            39         279  conflicts/simplification  100%
c reductions:                  4        2718  conflicts/reduction       100%
c restarts:                  132          82  conflicts/restart         100%
c conflicts:               10871         923  conflicts/sec              67%
c decisions:                7236         615  decisions/sec              52%
c propagations:          1169852         0.1  millions/sec               79%
c
c pure:                        0           0% of look-aheads
c look-ahead:               7236         100% of outer decisions         52%
c pruned:                   5921          54% of outer conflicts         36%
c generated reducts:       12985          46% satisfiable
c average size:              285          60% of all clauses
c pruning failed:           7064          54% per reduct
c filter checks:          266919           7% of outer satisfied clauses
c average filtered:          0.4           0% per reduct
c assumed literals:       642821         2.4  per filter check
c
c collected clauses:        0.27 MB      100% of allocated clauses        0%
c allocated clauses:        0.27 MB        7% of allocated memory         0%
c maximum heap:             0.41 MB       16% of resident set size       63%
c
c looking:                  0.05 sec       0% of process time
c filtering:                1.90 sec      16% of process time
c pruning:                 11.51 sec      98% of process time
c simplifying:              0.04 sec       0% of process time
c
c resident set size:        2.63 MB
c total process time:      11.77 sec
RC=0
