c SaDiCaL SAT Solver
c Copyright (C) 2018 by Armin Biere JKU
c
c Version 00n 47bff7ef874226b4a00ebd20fedf88eb7c4a3a39
c Compiler gcc (Ubuntu 11.4.0-1ubuntu1~22.04) 11.4.0
c Options gcc -Wall -O3 -DNDEBUG -DNLOG
c proof path '/mnt/d/PvsNP/phase4/results/proofs_sadical/F3/php_13_12.sadical.dpr'
c
c non default options:
c
c --binary=false
c --force=true
c --witness=false
c
c parsing '/mnt/d/PvsNP/phase4/instances/f3/php_13_12.cnf'
c found 'p cnf 156 949' header
c parsed DIMACS in 0.00 seconds
c 
c
c   time      reduced redundant irredundant
c       space  restarts  glue      variables
c           level conflicts  size    remaining
c
c s 0.02 0.1 0.9 0 0 11 0 1.9 1.9 937 155 99%
c s 0.03 0.1 0.9 0 0 22 0 1.9 1.9 926 154 99%
c s 0.04 0.1 0.9 0 0 33 0 1.9 1.9 916 153 98%
c s 0.06 0.1 0.9 0 0 44 0 1.9 1.9 907 152 97%
c s 0.07 0.1 0.9 0 0 55 0 1.9 1.9 899 151 97%
c s 0.08 0.1 0.9 0 0 66 0 1.9 1.9 892 150 96%
c s 0.09 0.1 0.9 0 0 77 0 1.9 1.9 886 149 96%
c s 0.10 0.1 0.9 0 0 88 0 1.9 1.9 881 148 95%
c s 0.11 0.1 0.9 0 0 99 0 1.9 1.9 877 147 94%
c s 0.12 0.1 0.9 0 0 110 0 1.9 1.9 874 146 94%
c s 0.13 0.1 0.9 0 0 121 0 1.9 1.9 872 145 93%
c s 0.13 0.1 0.9 0 0 132 0 1.9 1.9 871 144 92%
c s 0.13 0.1 0.9 0 0 132 0 1.9 1.9 870 143 92%
c s 0.13 0.1 0.9 0 0 132 0 1.9 1.9 858 142 91%
c s 0.14 0.1 0.9 0 0 132 0 1.9 1.9 846 141 90%
c s 0.14 0.1 0.9 0 0 132 0 1.9 1.9 834 140 90%
c s 0.14 0.1 0.9 0 0 132 0 1.9 1.9 822 139 89%
c s 0.14 0.1 0.9 0 0 132 0 1.9 1.9 810 138 88%
c s 0.14 0.1 0.9 0 0 132 0 1.9 1.9 798 137 88%
c s 0.14 0.1 0.9 0 0 132 0 1.9 1.9 786 136 87%
c
c   time      reduced redundant irredundant
c       space  restarts   glue      variables
c           level conflicts   size    remaining
c
c s 0.14 0.1 0.9 0 0 132 0 1.9 1.9 774 135 87%
c s 0.14 0.1 0.9 0 0 132 0 1.9 1.9 762 134 86%
c s 0.14 0.1 0.9 0 0 132 0 1.9 1.9 750 133 85%
c s 0.14 0.1 0.9 0 0 132 0 1.9 1.9 738 132 85%
c s 0.15 0.1 0.9 0 0 142 0 1.9 1.9 727 131 84%
c s 0.16 0.1 0.9 0 0 152 0 1.9 1.9 717 130 83%
c s 0.16 0.1 0.9 0 0 162 0 1.9 1.9 708 129 83%
c s 0.17 0.1 0.9 0 0 172 0 1.9 1.9 700 128 82%
c s 0.18 0.1 0.9 0 0 182 0 1.9 1.9 693 127 81%
c s 0.19 0.1 0.9 0 0 192 0 1.9 1.9 687 126 81%
c s 0.19 0.1 0.9 0 0 202 0 1.9 1.9 682 125 80%
c s 0.20 0.1 0.9 0 0 212 0 1.9 1.9 678 124 79%
c s 0.21 0.1 0.9 0 0 222 0 1.9 1.9 675 123 79%
c s 0.22 0.1 0.9 0 0 232 0 1.9 1.9 673 122 78%
c s 0.23 0.1 0.9 0 0 242 0 1.9 1.9 672 121 78%
c s 0.23 0.1 0.9 0 0 242 0 1.9 1.9 671 120 77%
c s 0.23 0.1 0.9 0 0 242 0 1.9 1.9 660 119 76%
c s 0.23 0.1 0.9 0 0 242 0 1.9 1.9 649 118 76%
c s 0.23 0.1 0.9 0 0 242 0 1.9 1.9 638 117 75%
c s 0.23 0.1 0.9 0 0 242 0 1.9 1.9 627 116 74%
c
c   time      reduced redundant irredundant
c       space  restarts   glue      variables
c           level conflicts   size    remaining
c
c s 0.23 0.1 0.9 0 0 242 0 1.9 1.9 616 115 74%
c s 0.23 0.1 0.9 0 0 242 0 1.9 1.9 605 114 73%
c s 0.23 0.1 0.9 0 0 242 0 1.9 1.9 594 113 72%
c s 0.23 0.1 0.9 0 0 242 0 1.9 1.9 583 112 72%
c s 0.23 0.1 0.9 0 0 242 0 1.9 1.9 572 111 71%
c s 0.23 0.1 0.9 0 0 242 0 1.9 1.9 561 110 71%
c s 0.24 0.1 0.9 0 0 251 0 1.9 1.9 551 109 70%
c s 0.25 0.1 0.9 0 0 260 0 1.9 1.9 542 108 69%
c s 0.25 0.1 0.9 0 0 269 0 1.9 1.9 534 107 69%
c s 0.26 0.1 0.9 0 0 278 0 1.9 1.9 527 106 68%
c s 0.27 0.1 0.9 0 0 287 0 1.9 1.9 521 105 67%
c s 0.27 0.1 0.9 0 0 296 0 1.9 1.9 516 104 67%
c s 0.28 0.1 0.9 0 0 305 0 1.9 1.9 512 103 66%
c s 0.28 0.1 0.9 0 0 314 0 1.9 1.9 509 102 65%
c s 0.30 0.1 0.9 0 0 323 0 1.9 1.9 507 101 65%
c s 0.31 0.1 0.9 0 0 332 0 1.9 1.9 506 100 64%
c s 0.31 0.1 0.9 0 0 332 0 1.9 1.9 505 99 63%
c s 0.31 0.1 0.9 0 0 332 0 1.9 1.9 495 98 63%
c s 0.31 0.1 0.9 0 0 332 0 1.9 1.9 485 97 62%
c s 0.31 0.1 0.9 0 0 332 0 1.9 1.9 475 96 62%
c
c   time      reduced redundant irredundant
c       space  restarts   glue     variables
c           level conflicts   size   remaining
c
c s 0.31 0.1 0.9 0 0 332 0 1.9 1.9 465 95 61%
c s 0.31 0.1 0.9 0 0 332 0 1.9 1.9 455 94 60%
c s 0.31 0.1 0.9 0 0 332 0 1.9 1.9 445 93 60%
c s 0.31 0.1 0.9 0 0 332 0 1.9 1.9 435 92 59%
c s 0.31 0.1 0.9 0 0 332 0 1.9 1.9 425 91 58%
c s 0.31 0.1 0.9 0 0 332 0 1.9 1.9 415 90 58%
c s 0.32 0.1 0.9 0 0 340 0 1.9 1.9 406 89 57%
c s 0.32 0.1 0.9 0 0 348 0 1.9 1.9 398 88 56%
c s 0.33 0.1 0.9 0 0 356 0 1.9 1.9 391 87 56%
c s 0.34 0.1 0.9 0 0 364 0 1.9 1.9 385 86 55%
c s 0.34 0.1 0.9 0 0 372 0 1.9 1.9 380 85 54%
c s 0.35 0.1 0.9 0 0 380 0 1.9 1.9 376 84 54%
c s 0.35 0.1 0.9 0 0 388 0 1.9 1.9 373 83 53%
c s 0.36 0.1 0.9 0 0 396 0 1.9 1.9 371 82 53%
c s 0.36 0.1 0.9 0 0 404 0 1.9 1.9 370 81 52%
c s 0.36 0.1 0.9 0 0 404 0 1.9 1.9 369 80 51%
c s 0.36 0.1 0.9 0 0 404 0 1.9 1.9 360 79 51%
c s 0.36 0.1 0.9 0 0 404 0 1.9 1.9 351 78 50%
c s 0.36 0.1 0.9 0 0 404 0 1.9 1.9 342 77 49%
c s 0.36 0.1 0.9 0 0 404 0 1.9 1.9 333 76 49%
c
c   time      reduced redundant irredundant
c       space  restarts   glue     variables
c           level conflicts   size   remaining
c
c s 0.36 0.1 0.9 0 0 404 0 1.9 1.9 324 75 48%
c s 0.36 0.1 0.9 0 0 404 0 1.9 1.9 315 74 47%
c s 0.36 0.1 0.9 0 0 404 0 1.9 1.9 306 73 47%
c s 0.36 0.1 0.9 0 0 404 0 1.9 1.9 297 72 46%
c s 0.37 0.1 0.9 0 0 411 0 1.9 1.9 289 71 46%
c s 0.37 0.1 0.9 0 0 418 0 1.9 1.9 282 70 45%
c s 0.38 0.1 0.9 0 0 425 0 1.9 1.9 276 69 44%
c s 0.38 0.1 0.9 0 0 432 0 1.9 1.9 271 68 44%
c s 0.38 0.1 0.9 0 0 439 0 1.9 1.9 267 67 43%
c s 0.39 0.1 0.9 0 0 446 0 1.9 1.9 264 66 42%
c s 0.39 0.1 0.9 0 0 453 0 1.9 1.9 262 65 42%
c s 0.40 0.1 0.9 0 0 460 0 1.9 1.9 261 64 41%
c s 0.40 0.1 0.9 0 0 460 0 1.9 1.9 260 63 40%
c s 0.40 0.1 0.9 0 0 460 0 1.9 1.9 252 62 40%
c s 0.40 0.1 0.9 0 0 460 0 1.9 1.9 244 61 39%
c s 0.40 0.1 0.9 0 0 460 0 1.9 1.9 236 60 38%
c s 0.40 0.1 0.9 0 0 460 0 1.9 1.9 228 59 38%
c s 0.40 0.1 0.9 0 0 460 0 1.9 1.9 220 58 37%
c s 0.40 0.1 0.9 0 0 460 0 1.9 1.9 212 57 37%
c s 0.40 0.1 0.9 0 0 460 0 1.9 1.9 204 56 36%
c
c   time      reduced redundant irredundant
c       space  restarts   glue     variables
c           level conflicts   size   remaining
c
c s 0.40 0.1 0.9 0 0 466 0 1.9 1.9 197 55 35%
c s 0.40 0.1 0.9 0 0 472 0 1.9 1.9 191 54 35%
c s 0.41 0.1 0.9 0 0 478 0 1.9 1.9 186 53 34%
c s 0.41 0.1 0.9 0 0 484 0 1.9 1.9 182 52 33%
c s 0.42 0.1 0.9 0 0 490 0 1.9 1.9 179 51 33%
c s 0.42 0.1 0.9 0 0 496 0 1.9 1.9 177 50 32%
c s 0.42 0.1 0.9 0 0 502 0 1.9 1.9 176 49 31%
c s 0.43 0.1 0.9 0 0 502 0 1.9 1.9 175 48 31%
c s 0.44 0.1 0.9 0 0 502 0 1.9 1.9 168 47 30%
c s 0.44 0.1 0.9 0 0 502 0 1.9 1.9 161 46 29%
c s 0.44 0.1 0.9 0 0 502 0 1.9 1.9 154 45 29%
c s 0.44 0.1 0.9 0 0 502 0 1.9 1.9 147 44 28%
c s 0.44 0.1 0.9 0 0 502 0 1.9 1.9 140 43 28%
c s 0.44 0.1 0.9 0 0 502 0 1.9 1.9 133 42 27%
c s 0.44 0.1 0.9 0 0 507 0 1.9 1.9 127 41 26%
c s 0.44 0.1 0.9 0 0 512 0 1.9 1.9 122 40 26%
c s 0.45 0.1 0.9 0 0 517 0 1.9 1.9 118 39 25%
c s 0.45 0.1 0.9 0 0 522 0 1.9 1.9 115 38 24%
c s 0.45 0.1 0.9 0 0 527 0 1.9 1.9 113 37 24%
c s 0.45 0.1 0.9 0 0 532 0 1.9 1.9 112 36 23%
c
c   time      reduced redundant irredundant
c       space  restarts   glue     variables
c           level conflicts   size   remaining
c
c s 0.45 0.1 0.9 0 0 532 0 1.9 1.9 111 35 22%
c s 0.45 0.1 0.9 0 0 532 0 1.9 1.9 105 34 22%
c s 0.45 0.1 0.9 0 0 532 0 1.9 1.9 99 33 21%
c s 0.45 0.1 0.9 0 0 532 0 1.9 1.9 93 32 21%
c s 0.45 0.1 0.9 0 0 532 0 1.9 1.9 87 31 20%
c s 0.45 0.1 0.9 0 0 532 0 1.9 1.9 81 30 19%
c s 0.45 0.1 0.9 0 0 536 0 1.9 1.9 76 29 19%
c s 0.46 0.1 0.9 0 0 540 0 1.9 1.9 72 28 18%
c s 0.46 0.1 0.9 0 0 544 0 1.9 1.9 69 27 17%
c s 0.46 0.1 0.9 0 0 548 0 1.9 1.9 67 26 17%
c s 0.46 0.1 0.9 0 0 552 0 1.9 1.9 66 25 16%
c s 0.46 0.1 0.9 0 0 552 0 1.9 1.9 65 24 15%
c s 0.46 0.1 0.9 0 0 552 0 1.9 1.9 60 23 15%
c s 0.46 0.1 0.9 0 0 552 0 1.9 1.9 55 22 14%
c s 0.46 0.1 0.9 0 0 552 0 1.9 1.9 50 21 13%
c s 0.46 0.1 0.9 0 0 552 0 1.9 1.9 45 20 13%
c s 0.46 0.1 0.9 0 0 567 0 1.9 1.9 41 19 12%
c s 0.47 0.1 0.9 0 0 582 0 1.9 1.9 38 18 12%
c s 0.47 0.1 0.9 0 0 597 0 1.9 1.9 36 17 11%
c s 0.47 0.1 0.9 0 0 612 0 1.9 1.9 35 16 10%
c
c   time      reduced redundant irredundant
c       space  restarts   glue    variables
c           level conflicts   size  remaining
c
c s 0.47 0.1 0.9 0 0 612 0 1.9 1.9 34 15 10%
c s 0.47 0.1 0.9 0 0 612 0 1.9 1.9 30 14 9%
c s 0.47 0.1 0.9 0 0 612 0 1.9 1.9 26 13 8%
c s 0.47 0.1 0.9 0 0 612 0 1.9 1.9 22 12 8%
c s 0.47 0.1 0.9 0 0 614 1 1.9 1.9 19 11 7%
c s 0.47 0.1 0.9 0 0 615 1 1.9 1.9 16 10 6%
c s 0.47 0.1 0.9 0 0 616 1 1.9 1.9 14 9 6%
c s 0.47 0.1 0.9 0 0 617 1 1.9 1.9 12 8 5%
c 0 0.47 0.1 0.9 0 0 619 1 1.9 1.9 12 0 0%
c
s UNSATISFIABLE
c
c simplifications:           148           4  conflicts/simplification  100%
c reductions:                  0           0  conflicts/reduction       100%
c restarts:                    0           0  conflicts/restart         100%
c conflicts:                 619        1318  conflicts/sec              55%
c decisions:                 570        1213  decisions/sec              36%
c propagations:           248198         0.5  millions/sec               93%
c
c pure:                       72          11% of look-aheads
c look-ahead:                642         113% of outer decisions         41%
c pruned:                    564          91% of outer conflicts         50%
c generated reducts:        1057          53% satisfiable
c average size:               64          22% of all clauses
c pruning failed:            493          47% per reduct
c filter checks:           23419          35% of outer satisfied clauses
c average filtered:          0.0           0% per reduct
c assumed literals:        32582         1.4  per filter check
c
c collected clauses:        0.04 MB       99% of allocated clauses        3%
c allocated clauses:        0.04 MB        6% of allocated memory         3%
c maximum heap:             0.12 MB        6% of resident set size       83%
c
c looking:                  0.02 sec       4% of process time
c filtering:                0.13 sec      28% of process time
c pruning:                  0.38 sec      81% of process time
c simplifying:              0.01 sec       2% of process time
c
c resident set size:        1.86 MB
c total process time:       0.47 sec
RC=0
