c SaDiCaL SAT Solver
c Copyright (C) 2018 by Armin Biere JKU
c
c Version 00n 47bff7ef874226b4a00ebd20fedf88eb7c4a3a39
c Compiler gcc (Ubuntu 11.4.0-1ubuntu1~22.04) 11.4.0
c Options gcc -Wall -O3 -DNDEBUG -DNLOG
c proof path '/mnt/d/PvsNP/phase4/results/proofs_sadical/F4/tseitin_n80_s1.sadical.dpr'
c
c non default options:
c
c --binary=false
c --force=true
c --witness=false
c
c parsing '/mnt/d/PvsNP/phase4/instances/f4/tseitin_n80_s1.cnf'
c found 'p cnf 120 320' header
c parsed DIMACS in 0.00 seconds
c 
c
c   time      reduced redundant irredundant
c       space  restarts glue      variables
c           level conflicts size    remaining
c
c s 0.06 0.1 5.0 0 2 7 0 6.0 6.0 316 119 99%
c s 0.11 0.1 5.1 0 3 16 0 6.1 6.1 312 118 98%
c s 0.18 0.1 6.0 0 5 23 0 7.0 7.0 308 117 98%
c s 0.43 0.1 3.9 0 7 282 0 4.9 4.9 304 116 97%
c s 0.48 0.1 4.0 0 8 294 0 5.0 5.0 300 115 96%
c s 0.51 0.1 4.0 0 9 306 0 5.0 5.0 296 114 95%
c s 1.12 0.2 4.3 0 10 819 0 5.3 5.3 288 111 92%
c s 1.16 0.2 4.3 0 12 845 0 5.3 5.3 284 110 92%
c s 1.42 0.2 4.3 0 14 1104 0 5.3 5.3 276 107 89%
c s 1.65 0.2 4.2 0 15 1488 0 5.2 5.2 272 106 88%
c s 1.77 0.2 4.1 0 16 1680 0 5.1 5.1 264 103 86%
c s 1.82 0.2 4.1 0 17 1734 0 5.1 5.1 258 101 84%
c - 1.95 0.2 4.2 1 18 2002 152 5.2 5.2 258 101 84%
c s 2.05 0.2 4.1 1 18 2180 0 5.1 5.1 254 100 83%
c s 2.07 0.2 4.1 1 19 2204 0 5.1 5.1 250 99 82%
c s 2.09 0.2 4.1 1 20 2216 0 5.1 5.1 246 98 82%
c s 2.12 0.2 4.1 1 21 2228 0 5.1 5.1 240 96 80%
c s 2.34 0.2 4.1 1 22 2485 0 5.1 5.1 236 95 79%
c s 3.01 0.3 4.1 1 23 3253 0 5.1 5.1 228 92 77%
c s 3.04 0.3 4.1 1 25 3288 0 5.1 5.1 224 91 76%
c
c   time      reduced  redundant irredundant
c       space   restarts    glue     variables
c           level  conflicts    size   remaining
c
c s 3.08 0.3 4.1 1 26 3336 0 5.1 5.1 214 87 72%
c s 3.12 0.3 4.1 1 27 3432 0 5.1 5.1 208 85 71%
c s 3.37 0.3 4.1 1 28 3816 0 5.1 5.1 202 83 69%
c s 3.40 0.3 4.1 1 31 3915 0 5.1 5.1 196 81 68%
c s 3.41 0.3 4.1 1 33 3975 1 5.1 5.1 192 80 67%
c - 3.43 0.3 4.1 2 34 4003 14 5.1 5.1 192 80 67%
c s 3.44 0.3 4.0 2 34 4058 0 5.0 5.0 184 77 64%
c s 3.48 0.3 4.0 2 36 4159 0 5.0 5.0 172 72 60%
c s 3.53 0.3 4.0 2 37 4255 0 5.0 5.0 162 68 57%
c s 3.57 0.3 4.0 2 38 4320 0 5.0 5.0 156 66 55%
c s 3.60 0.3 4.0 2 40 4406 0 5.0 5.0 142 60 50%
c s 3.61 0.3 4.0 2 42 4439 0 5.0 5.0 138 59 49%
c s 3.64 0.3 3.9 2 44 4525 0 4.9 4.9 130 56 47%
c s 3.67 0.3 3.9 2 46 4566 1 4.9 4.9 126 55 46%
c s 3.69 0.3 3.9 2 51 4624 3 4.9 4.9 118 52 43%
c s 3.78 0.3 3.9 2 67 5700 0 4.9 4.9 104 46 38%
c s 3.81 0.3 3.9 2 75 6180 0 4.9 4.9 96 43 36%
c - 3.81 0.3 3.9 3 78 6315 9 4.9 4.9 96 43 36%
c s 3.82 0.3 3.9 3 80 6420 0 4.9 4.9 76 34 28%
c s 3.82 0.3 3.8 3 82 6524 0 4.8 4.8 66 30 25%
c
c   time      reduced  redundant irredundant
c       space   restarts    glue    variables
c           level  conflicts    size  remaining
c
c s 3.83 0.3 3.8 3 84 6568 0 4.8 4.8 48 22 18%
c s 3.83 0.3 3.8 3 85 6586 0 4.8 4.8 32 15 12%
c s 3.83 0.3 3.8 3 85 6591 0 4.8 4.8 16 8 7%
c 0 3.83 0.3 3.8 3 85 6593 0 4.8 4.8 16 0 0%
c
s UNSATISFIABLE
c
c simplifications:            40         165  conflicts/simplification  100%
c reductions:                  3        2198  conflicts/reduction       100%
c restarts:                   85          78  conflicts/restart         100%
c conflicts:                6593        1722  conflicts/sec              64%
c decisions:                4435        1158  decisions/sec              51%
c propagations:           634767         0.2  millions/sec               77%
c
c pure:                        0           0% of look-aheads
c look-ahead:               4435         100% of outer decisions         51%
c pruned:                   3439          52% of outer conflicts         33%
c generated reducts:        7748          44% satisfiable
c average size:              120          41% of all clauses
c pruning failed:           4309          56% per reduct
c filter checks:          147266          16% of outer satisfied clauses
c average filtered:          0.4           0% per reduct
c assumed literals:       345414         2.3  per filter check
c
c collected clauses:        0.15 MB      100% of allocated clauses        1%
c allocated clauses:        0.15 MB        6% of allocated memory         1%
c maximum heap:             0.22 MB       10% of resident set size       72%
c
c looking:                  0.04 sec       1% of process time
c filtering:                0.96 sec      25% of process time
c pruning:                  3.68 sec      96% of process time
c simplifying:              0.03 sec       1% of process time
c
c resident set size:        2.11 MB
c total process time:       3.83 sec
RC=0
