c SaDiCaL SAT Solver
c Copyright (C) 2018 by Armin Biere JKU
c
c Version 00n 47bff7ef874226b4a00ebd20fedf88eb7c4a3a39
c Compiler gcc (Ubuntu 11.4.0-1ubuntu1~22.04) 11.4.0
c Options gcc -Wall -O3 -DNDEBUG -DNLOG
c proof path '/mnt/d/PvsNP/phase4/results/proofs_sadical/F3/php_15_14.sadical.dpr'
c
c non default options:
c
c --binary=false
c --force=true
c --witness=false
c
c parsing '/mnt/d/PvsNP/phase4/instances/f3/php_15_14.cnf'
c found 'p cnf 210 1485' header
c parsed DIMACS in 0.01 seconds
c 
c
c   time      reduced redundant irredundant
c       space  restarts  glue       variables
c           level conflicts  size      remaining
c
c s 0.04 0.2 0.9 0 0 13 0 1.9 1.9 1471 209 100%
c s 0.06 0.2 0.9 0 0 26 0 1.9 1.9 1458 208 99%
c s 0.09 0.2 0.9 0 0 39 0 1.9 1.9 1446 207 99%
c s 0.11 0.2 0.9 0 0 52 0 1.9 1.9 1435 206 98%
c s 0.14 0.2 0.9 0 0 65 0 1.9 1.9 1425 205 98%
c s 0.16 0.2 0.9 0 0 78 0 1.9 1.9 1416 204 97%
c s 0.19 0.2 0.9 0 0 91 0 1.9 1.9 1408 203 97%
c s 0.21 0.2 0.9 0 0 104 0 1.9 1.9 1401 202 96%
c s 0.23 0.2 0.9 0 0 117 0 1.9 1.9 1395 201 96%
c s 0.25 0.2 0.9 0 0 130 0 1.9 1.9 1390 200 95%
c s 0.27 0.2 0.9 0 0 143 0 1.9 1.9 1386 199 95%
c s 0.29 0.2 0.9 0 0 156 0 1.9 1.9 1383 198 94%
c s 0.31 0.2 0.9 0 0 169 0 1.9 1.9 1381 197 94%
c s 0.32 0.2 0.9 0 0 182 0 1.9 1.9 1380 196 93%
c s 0.32 0.2 0.9 0 0 182 0 1.9 1.9 1379 195 93%
c s 0.32 0.2 0.9 0 0 182 0 1.9 1.9 1365 194 92%
c s 0.32 0.2 0.9 0 0 182 0 1.9 1.9 1351 193 92%
c s 0.32 0.2 0.9 0 0 182 0 1.9 1.9 1337 192 91%
c s 0.32 0.2 0.9 0 0 182 0 1.9 1.9 1323 191 91%
c s 0.32 0.2 0.9 0 0 182 0 1.9 1.9 1309 190 90%
c
c   time      reduced redundant irredundant
c       space  restarts   glue       variables
c           level conflicts   size     remaining
c
c s 0.32 0.2 0.9 0 0 182 0 1.9 1.9 1295 189 90%
c s 0.32 0.2 0.9 0 0 182 0 1.9 1.9 1281 188 90%
c s 0.33 0.2 0.9 0 0 182 0 1.9 1.9 1267 187 89%
c s 0.33 0.2 0.9 0 0 182 0 1.9 1.9 1253 186 89%
c s 0.33 0.2 0.9 0 0 182 0 1.9 1.9 1239 185 88%
c s 0.33 0.2 0.9 0 0 182 0 1.9 1.9 1225 184 88%
c s 0.33 0.2 0.9 0 0 182 0 1.9 1.9 1211 183 87%
c s 0.33 0.2 0.9 0 0 182 0 1.9 1.9 1197 182 87%
c s 0.34 0.2 0.9 0 0 194 0 1.9 1.9 1184 181 86%
c s 0.35 0.2 0.9 0 0 206 0 1.9 1.9 1172 180 86%
c s 0.37 0.2 0.9 0 0 218 0 1.9 1.9 1161 179 85%
c s 0.38 0.2 0.9 0 0 230 0 1.9 1.9 1151 178 85%
c s 0.39 0.2 0.9 0 0 242 0 1.9 1.9 1142 177 84%
c s 0.41 0.2 0.9 0 0 254 0 1.9 1.9 1134 176 84%
c s 0.42 0.2 0.9 0 0 266 0 1.9 1.9 1127 175 83%
c s 0.43 0.2 0.9 0 0 278 0 1.9 1.9 1121 174 83%
c s 0.44 0.2 0.9 0 0 290 0 1.9 1.9 1116 173 82%
c s 0.46 0.2 0.9 0 0 302 0 1.9 1.9 1112 172 82%
c s 0.47 0.2 0.9 0 0 314 0 1.9 1.9 1109 171 81%
c s 0.48 0.2 0.9 0 0 326 0 1.9 1.9 1107 170 81%
c
c   time      reduced redundant irredundant
c       space  restarts   glue       variables
c           level conflicts   size     remaining
c
c s 0.50 0.2 0.9 0 0 338 0 1.9 1.9 1106 169 80%
c s 0.50 0.2 0.9 0 0 338 0 1.9 1.9 1105 168 80%
c s 0.50 0.2 0.9 0 0 338 0 1.9 1.9 1092 167 80%
c s 0.50 0.2 0.9 0 0 338 0 1.9 1.9 1079 166 79%
c s 0.50 0.2 0.9 0 0 338 0 1.9 1.9 1066 165 79%
c s 0.50 0.2 0.9 0 0 338 0 1.9 1.9 1053 164 78%
c s 0.50 0.2 0.9 0 0 338 0 1.9 1.9 1040 163 78%
c s 0.50 0.2 0.9 0 0 338 0 1.9 1.9 1027 162 77%
c s 0.50 0.2 0.9 0 0 338 0 1.9 1.9 1014 161 77%
c s 0.50 0.2 0.9 0 0 338 0 1.9 1.9 1001 160 76%
c s 0.50 0.2 0.9 0 0 338 0 1.9 1.9 988 159 76%
c s 0.50 0.2 0.9 0 0 338 0 1.9 1.9 975 158 75%
c s 0.50 0.2 0.9 0 0 338 0 1.9 1.9 962 157 75%
c s 0.50 0.2 0.9 0 0 338 0 1.9 1.9 949 156 74%
c s 0.51 0.2 0.9 0 0 349 0 1.9 1.9 937 155 74%
c s 0.52 0.2 0.9 0 0 360 0 1.9 1.9 926 154 73%
c s 0.54 0.2 0.9 0 0 371 0 1.9 1.9 916 153 73%
c s 0.55 0.2 0.9 0 0 382 0 1.9 1.9 907 152 72%
c s 0.56 0.2 0.9 0 0 393 0 1.9 1.9 899 151 72%
c s 0.57 0.2 0.9 0 0 404 0 1.9 1.9 892 150 71%
c
c   time      reduced redundant irredundant
c       space  restarts   glue      variables
c           level conflicts   size    remaining
c
c s 0.58 0.2 0.9 0 0 415 0 1.9 1.9 886 149 71%
c s 0.59 0.2 0.9 0 0 426 0 1.9 1.9 881 148 70%
c s 0.60 0.2 0.9 0 0 437 0 1.9 1.9 877 147 70%
c s 0.61 0.2 0.9 0 0 448 0 1.9 1.9 874 146 70%
c s 0.62 0.2 0.9 0 0 459 0 1.9 1.9 872 145 69%
c s 0.64 0.2 0.9 0 0 470 0 1.9 1.9 871 144 69%
c s 0.64 0.2 0.9 0 0 470 0 1.9 1.9 870 143 68%
c s 0.64 0.2 0.9 0 0 470 0 1.9 1.9 858 142 68%
c s 0.64 0.2 0.9 0 0 470 0 1.9 1.9 846 141 67%
c s 0.64 0.2 0.9 0 0 470 0 1.9 1.9 834 140 67%
c s 0.64 0.2 0.9 0 0 470 0 1.9 1.9 822 139 66%
c s 0.64 0.2 0.9 0 0 470 0 1.9 1.9 810 138 66%
c s 0.64 0.2 0.9 0 0 470 0 1.9 1.9 798 137 65%
c s 0.64 0.2 0.9 0 0 470 0 1.9 1.9 786 136 65%
c s 0.64 0.2 0.9 0 0 470 0 1.9 1.9 774 135 64%
c s 0.64 0.2 0.9 0 0 470 0 1.9 1.9 762 134 64%
c s 0.64 0.2 0.9 0 0 470 0 1.9 1.9 750 133 63%
c s 0.64 0.2 0.9 0 0 470 0 1.9 1.9 738 132 63%
c s 0.65 0.2 0.9 0 0 480 0 1.9 1.9 727 131 62%
c s 0.66 0.2 0.9 0 0 490 0 1.9 1.9 717 130 62%
c
c   time      reduced redundant irredundant
c       space  restarts   glue      variables
c           level conflicts   size    remaining
c
c s 0.67 0.2 0.9 0 0 500 0 1.9 1.9 708 129 61%
c s 0.67 0.2 0.9 0 0 510 0 1.9 1.9 700 128 61%
c s 0.68 0.2 0.9 0 0 520 0 1.9 1.9 693 127 60%
c s 0.69 0.2 0.9 0 0 530 0 1.9 1.9 687 126 60%
c s 0.70 0.2 0.9 0 0 540 0 1.9 1.9 682 125 60%
c s 0.71 0.2 0.9 0 0 550 0 1.9 1.9 678 124 59%
c s 0.72 0.2 0.9 0 0 560 0 1.9 1.9 675 123 59%
c s 0.73 0.2 0.9 0 0 570 0 1.9 1.9 673 122 58%
c s 0.74 0.2 0.9 0 0 580 0 1.9 1.9 672 121 58%
c s 0.74 0.2 0.9 0 0 580 0 1.9 1.9 671 120 57%
c s 0.74 0.2 0.9 0 0 580 0 1.9 1.9 660 119 57%
c s 0.74 0.2 0.9 0 0 580 0 1.9 1.9 649 118 56%
c s 0.74 0.2 0.9 0 0 580 0 1.9 1.9 638 117 56%
c s 0.74 0.2 0.9 0 0 580 0 1.9 1.9 627 116 55%
c s 0.74 0.2 0.9 0 0 580 0 1.9 1.9 616 115 55%
c s 0.74 0.2 0.9 0 0 580 0 1.9 1.9 605 114 54%
c s 0.74 0.2 0.9 0 0 580 0 1.9 1.9 594 113 54%
c s 0.74 0.2 0.9 0 0 580 0 1.9 1.9 583 112 53%
c s 0.74 0.2 0.9 0 0 580 0 1.9 1.9 572 111 53%
c s 0.74 0.2 0.9 0 0 580 0 1.9 1.9 561 110 52%
c
c   time      reduced redundant irredundant
c       space  restarts   glue      variables
c           level conflicts   size    remaining
c
c s 0.75 0.2 0.9 0 0 589 0 1.9 1.9 551 109 52%
c s 0.76 0.2 0.9 0 0 598 0 1.9 1.9 542 108 51%
c s 0.76 0.2 0.9 0 0 607 0 1.9 1.9 534 107 51%
c s 0.77 0.2 0.9 0 0 616 0 1.9 1.9 527 106 50%
c s 0.78 0.2 0.9 0 0 625 0 1.9 1.9 521 105 50%
c s 0.79 0.2 0.9 0 0 634 0 1.9 1.9 516 104 50%
c s 0.79 0.2 0.9 0 0 643 0 1.9 1.9 512 103 49%
c s 0.80 0.2 0.9 0 0 652 0 1.9 1.9 509 102 49%
c s 0.81 0.2 0.9 0 0 661 0 1.9 1.9 507 101 48%
c s 0.83 0.2 0.9 0 0 670 0 1.9 1.9 506 100 48%
c s 0.83 0.2 0.9 0 0 670 0 1.9 1.9 505 99 47%
c s 0.83 0.2 0.9 0 0 670 0 1.9 1.9 495 98 47%
c s 0.83 0.2 0.9 0 0 670 0 1.9 1.9 485 97 46%
c s 0.83 0.2 0.9 0 0 670 0 1.9 1.9 475 96 46%
c s 0.83 0.2 0.9 0 0 670 0 1.9 1.9 465 95 45%
c s 0.83 0.2 0.9 0 0 670 0 1.9 1.9 455 94 45%
c s 0.83 0.2 0.9 0 0 670 0 1.9 1.9 445 93 44%
c s 0.83 0.2 0.9 0 0 670 0 1.9 1.9 435 92 44%
c s 0.83 0.2 0.9 0 0 670 0 1.9 1.9 425 91 43%
c s 0.83 0.2 0.9 0 0 670 0 1.9 1.9 415 90 43%
c
c   time      reduced redundant irredundant
c       space  restarts   glue     variables
c           level conflicts   size   remaining
c
c s 0.84 0.2 0.9 0 0 678 0 1.9 1.9 406 89 42%
c s 0.84 0.2 0.9 0 0 686 0 1.9 1.9 398 88 42%
c s 0.85 0.2 0.9 0 0 694 0 1.9 1.9 391 87 41%
c s 0.86 0.2 0.9 0 0 702 0 1.9 1.9 385 86 41%
c s 0.87 0.2 0.9 0 0 710 0 1.9 1.9 380 85 40%
c s 0.87 0.2 0.9 0 0 718 0 1.9 1.9 376 84 40%
c s 0.88 0.2 0.9 0 0 726 0 1.9 1.9 373 83 40%
c s 0.88 0.2 0.9 0 0 734 0 1.9 1.9 371 82 39%
c s 0.89 0.2 0.9 0 0 742 0 1.9 1.9 370 81 39%
c s 0.89 0.2 0.9 0 0 742 0 1.9 1.9 369 80 38%
c s 0.89 0.2 0.9 0 0 742 0 1.9 1.9 360 79 38%
c s 0.89 0.2 0.9 0 0 742 0 1.9 1.9 351 78 37%
c s 0.89 0.2 0.9 0 0 742 0 1.9 1.9 342 77 37%
c s 0.89 0.2 0.9 0 0 742 0 1.9 1.9 333 76 36%
c s 0.89 0.2 0.9 0 0 742 0 1.9 1.9 324 75 36%
c s 0.89 0.2 0.9 0 0 742 0 1.9 1.9 315 74 35%
c s 0.89 0.2 0.9 0 0 742 0 1.9 1.9 306 73 35%
c s 0.89 0.2 0.9 0 0 742 0 1.9 1.9 297 72 34%
c s 0.89 0.2 0.9 0 0 749 0 1.9 1.9 289 71 34%
c s 0.90 0.2 0.9 0 0 756 0 1.9 1.9 282 70 33%
c
c   time      reduced redundant irredundant
c       space  restarts   glue     variables
c           level conflicts   size   remaining
c
c s 0.90 0.2 0.9 0 0 763 0 1.9 1.9 276 69 33%
c s 0.91 0.2 0.9 0 0 770 0 1.9 1.9 271 68 32%
c s 0.91 0.2 0.9 0 0 777 0 1.9 1.9 267 67 32%
c s 0.92 0.2 0.9 0 0 784 0 1.9 1.9 264 66 31%
c s 0.92 0.2 0.9 0 0 791 0 1.9 1.9 262 65 31%
c s 0.92 0.2 0.9 0 0 798 0 1.9 1.9 261 64 30%
c s 0.92 0.2 0.9 0 0 798 0 1.9 1.9 260 63 30%
c s 0.92 0.2 0.9 0 0 798 0 1.9 1.9 252 62 30%
c s 0.94 0.2 0.9 0 0 798 0 1.9 1.9 244 61 29%
c s 0.94 0.2 0.9 0 0 798 0 1.9 1.9 236 60 29%
c s 0.94 0.2 0.9 0 0 798 0 1.9 1.9 228 59 28%
c s 0.94 0.2 0.9 0 0 798 0 1.9 1.9 220 58 28%
c s 0.94 0.2 0.9 0 0 798 0 1.9 1.9 212 57 27%
c s 0.94 0.2 0.9 0 0 798 0 1.9 1.9 204 56 27%
c s 0.94 0.2 0.9 0 0 804 0 1.9 1.9 197 55 26%
c s 0.95 0.2 0.9 0 0 810 0 1.9 1.9 191 54 26%
c s 0.95 0.2 0.9 0 0 816 0 1.9 1.9 186 53 25%
c s 0.95 0.2 0.9 0 0 822 0 1.9 1.9 182 52 25%
c s 0.96 0.2 0.9 0 0 828 0 1.9 1.9 179 51 24%
c s 0.96 0.2 0.9 0 0 834 0 1.9 1.9 177 50 24%
c
c   time      reduced redundant irredundant
c       space  restarts   glue     variables
c           level conflicts   size   remaining
c
c s 0.96 0.2 0.9 0 0 840 0 1.9 1.9 176 49 23%
c s 0.96 0.2 0.9 0 0 840 0 1.9 1.9 175 48 23%
c s 0.96 0.2 0.9 0 0 840 0 1.9 1.9 168 47 22%
c s 0.96 0.2 0.9 0 0 840 0 1.9 1.9 161 46 22%
c s 0.96 0.2 0.9 0 0 840 0 1.9 1.9 154 45 21%
c s 0.96 0.2 0.9 0 0 840 0 1.9 1.9 147 44 21%
c s 0.96 0.2 0.9 0 0 840 0 1.9 1.9 140 43 20%
c s 0.96 0.2 0.9 0 0 840 0 1.9 1.9 133 42 20%
c s 0.97 0.2 0.9 0 0 845 0 1.9 1.9 127 41 20%
c s 0.97 0.2 0.9 0 0 850 0 1.9 1.9 122 40 19%
c s 0.97 0.2 0.9 0 0 855 0 1.9 1.9 118 39 19%
c s 0.98 0.2 0.9 0 0 860 0 1.9 1.9 115 38 18%
c s 0.98 0.2 0.9 0 0 865 0 1.9 1.9 113 37 18%
c s 0.98 0.2 0.9 0 0 870 0 1.9 1.9 112 36 17%
c s 0.98 0.2 0.9 0 0 870 0 1.9 1.9 111 35 17%
c s 0.98 0.2 0.9 0 0 870 0 1.9 1.9 105 34 16%
c s 0.98 0.2 0.9 0 0 870 0 1.9 1.9 99 33 16%
c s 0.98 0.2 0.9 0 0 870 0 1.9 1.9 93 32 15%
c s 0.98 0.2 0.9 0 0 870 0 1.9 1.9 87 31 15%
c s 0.98 0.2 0.9 0 0 870 0 1.9 1.9 81 30 14%
c
c   time      reduced redundant irredundant
c       space  restarts   glue    variables
c           level conflicts   size  remaining
c
c s 0.98 0.2 0.9 0 0 874 0 1.9 1.9 76 29 14%
c s 0.99 0.2 0.9 0 0 878 0 1.9 1.9 72 28 13%
c s 0.99 0.2 0.9 0 0 882 0 1.9 1.9 69 27 13%
c s 0.99 0.2 0.9 0 0 886 0 1.9 1.9 67 26 12%
c s 0.99 0.2 0.9 0 0 890 0 1.9 1.9 66 25 12%
c s 0.99 0.2 0.9 0 0 890 0 1.9 1.9 65 24 11%
c s 0.99 0.2 0.9 0 0 890 0 1.9 1.9 60 23 11%
c s 0.99 0.2 0.9 0 0 890 0 1.9 1.9 55 22 10%
c s 0.99 0.2 0.9 0 0 890 0 1.9 1.9 50 21 10%
c s 0.99 0.2 0.9 0 0 890 0 1.9 1.9 45 20 10%
c s 0.99 0.2 0.9 0 0 905 0 1.9 1.9 41 19 9%
c s 0.99 0.2 0.9 0 0 920 0 1.9 1.9 38 18 9%
c s 1.00 0.2 0.9 0 0 935 0 1.9 1.9 36 17 8%
c s 1.00 0.2 0.9 0 0 950 0 1.9 1.9 35 16 8%
c s 1.00 0.2 0.9 0 0 950 0 1.9 1.9 34 15 7%
c s 1.00 0.2 0.9 0 0 950 0 1.9 1.9 30 14 7%
c s 1.00 0.2 0.9 0 0 950 0 1.9 1.9 26 13 6%
c s 1.00 0.2 0.9 0 0 950 0 1.9 1.9 22 12 6%
c s 1.00 0.2 0.9 0 0 952 1 1.9 1.9 19 11 5%
c s 1.00 0.2 0.9 0 0 953 1 1.9 1.9 16 10 5%
c
c   time      reduced redundant irredundant
c       space  restarts   glue    variables
c           level conflicts   size remaining
c
c s 1.00 0.2 0.9 0 0 954 1 1.9 1.9 14 9 4%
c s 1.00 0.2 0.9 0 0 955 1 1.9 1.9 12 8 4%
c 0 1.00 0.2 0.9 0 0 957 1 1.9 1.9 12 0 0%
c
s UNSATISFIABLE
c
c simplifications:           202           5  conflicts/simplification  100%
c reductions:                  0           0  conflicts/reduction       100%
c restarts:                    0           0  conflicts/restart         100%
c conflicts:                 957         958  conflicts/sec              54%
c decisions:                 908         909  decisions/sec              36%
c propagations:           622484         0.6  millions/sec               95%
c
c pure:                       99          10% of look-aheads
c look-ahead:               1007         111% of outer decisions         40%
c pruned:                    902          94% of outer conflicts         51%
c generated reducts:        1706          53% satisfiable
c average size:               84          19% of all clauses
c pruning failed:            804          47% per reduct
c filter checks:           50821          36% of outer satisfied clauses
c average filtered:          0.0           0% per reduct
c assumed literals:        68774         1.4  per filter check
c
c collected clauses:        0.07 MB       99% of allocated clauses        3%
c allocated clauses:        0.07 MB        5% of allocated memory         3%
c maximum heap:             0.16 MB        8% of resident set size       84%
c
c looking:                  0.04 sec       4% of process time
c filtering:                0.31 sec      31% of process time
c pruning:                  0.87 sec      87% of process time
c simplifying:              0.03 sec       3% of process time
c
c resident set size:        1.87 MB
c total process time:       1.00 sec
RC=0
