c SaDiCaL SAT Solver
c Copyright (C) 2018 by Armin Biere JKU
c
c Version 00n 47bff7ef874226b4a00ebd20fedf88eb7c4a3a39
c Compiler gcc (Ubuntu 11.4.0-1ubuntu1~22.04) 11.4.0
c Options gcc -Wall -O3 -DNDEBUG -DNLOG
c proof path '/mnt/d/PvsNP/phase4/results/proofs_sadical/F4/tseitin_n100_s2.sadical.dpr'
c
c non default options:
c
c --binary=false
c --force=true
c --witness=false
c
c parsing '/mnt/d/PvsNP/phase4/instances/f4/tseitin_n100_s2.cnf'
c found 'p cnf 150 400' header
c parsed DIMACS in 0.00 seconds
c 
c
c   time      reduced redundant irredundant
c       space  restarts   glue      variables
c           level conflicts   size    remaining
c
c s 0.15 0.1 3.2 0 1 129 0 4.2 4.2 396 149 99%
c s 0.22 0.1 3.4 0 2 134 0 4.4 4.4 392 148 99%
c s 0.49 0.2 3.8 0 3 518 0 4.8 4.8 388 147 98%
c s 1.04 0.2 4.3 0 5 1413 0 5.3 5.3 384 146 97%
c s 1.11 0.2 4.3 0 7 1452 0 5.3 5.3 380 145 97%
c s 1.67 0.3 4.5 0 8 1965 0 5.5 5.5 372 142 95%
c - 1.73 0.3 4.5 1 9 2001 22 5.5 5.5 372 142 95%
c s 1.75 0.3 4.4 1 9 2079 0 5.4 5.4 368 141 94%
c s 1.81 0.3 4.3 1 10 2144 0 5.3 5.3 364 140 93%
c s 2.33 0.3 4.4 1 11 3038 0 5.4 5.4 360 139 93%
c s 2.45 0.3 4.4 1 16 3144 1 5.4 5.4 356 138 92%
c s 2.53 0.3 4.4 1 18 3193 0 5.4 5.4 352 137 91%
c - 3.17 0.4 4.7 2 19 4003 534 5.7 5.7 352 137 91%
c s 4.10 0.5 4.6 2 19 4983 0 5.6 5.6 344 134 89%
c s 4.34 0.5 4.5 2 20 5240 0 5.5 5.5 340 133 89%
c - 5.25 0.5 4.8 3 21 6304 713 5.8 5.8 340 133 89%
c s 5.83 0.6 4.7 3 21 6776 0 5.7 5.7 336 132 88%
c s 5.88 0.6 4.7 3 27 6800 2 5.7 5.7 332 131 87%
c s 6.05 0.6 4.7 3 34 7229 2 5.7 5.7 322 127 85%
c s 6.19 0.6 4.7 3 44 7660 2 5.7 5.7 316 125 83%
c
c   time      reduced  redundant irredundant
c       space   restarts    glue      variables
c           level  conflicts    size    remaining
c
c s 6.26 0.6 4.7 3 45 7771 2 5.7 5.7 310 123 82%
c s 6.30 0.6 4.7 3 57 7829 4 5.7 5.7 306 122 81%
c - 6.47 0.6 4.7 4 60 8907 165 5.7 5.7 306 122 81%
c - 6.53 0.6 4.7 5 60 11817 121 5.7 5.7 306 122 81%
c s 6.64 0.6 4.7 5 60 12265 67 5.7 5.7 302 121 81%
c - 20.65 1.2 6.7 6 297 15018 2779 7.7 7.7 302 121 81%
c - 77.65 1.9 7.1 7 506 22982 4426 8.1 8.1 302 121 81%
c - 78.02 1.9 7.1 8 506 30289 2217 8.1 8.1 302 121 81%
c - 78.21 1.9 7.1 9 506 35359 1113 8.1 8.1 302 121 81%
c - 78.34 1.9 7.1 10 506 40143 564 8.1 8.1 302 121 81%
c - 78.43 1.9 7.1 11 506 45082 297 8.1 8.1 302 121 81%
c - 78.52 1.9 7.1 12 506 50213 184 8.1 8.1 302 121 81%
c - 78.63 1.9 7.0 13 506 55603 168 8.0 8.0 302 121 81%
c - 78.80 1.9 7.0 14 506 61256 213 8.0 8.0 302 121 81%
c - 79.07 1.9 6.9 15 506 67160 302 7.9 7.9 302 121 81%
c s 79.15 1.9 6.9 15 506 67727 15 7.9 7.9 294 118 79%
c s 79.82 1.9 6.8 15 507 68879 14 7.8 7.8 284 114 76%
c s 80.07 1.9 6.7 15 508 69581 0 7.7 7.7 278 112 75%
c s 80.75 1.9 6.6 15 510 70094 0 7.6 7.6 270 109 73%
c - 85.41 1.9 6.4 16 511 73362 1870 7.4 7.4 270 109 73%
c
c    time      reduced     redundant irredundant
c        space    restarts      glue      variables
c            level     conflicts    size    remaining
c
c s 86.19 1.9 6.3 16 511 73676 0 7.3 7.3 258 104 69%
c s 111.58 2.0 6.3 16 512 79820 0 7.3 7.3 250 101 67%
c - 111.64 2.0 6.3 17 515 79863 42 7.3 7.3 250 101 67%
c s 113.38 2.0 6.2 17 515 80849 1 7.2 7.2 246 100 67%
c s 113.40 2.0 6.2 17 516 80855 1 7.2 7.2 242 99 66%
c s 113.41 2.0 6.2 17 517 80873 1 7.2 7.2 238 98 65%
c s 113.44 2.0 6.2 17 520 80954 0 7.2 7.2 230 95 63%
c s 113.46 2.0 6.2 17 521 80971 0 7.2 7.2 222 92 61%
c s 113.72 2.0 6.1 17 522 81355 0 7.1 7.1 216 90 60%
c s 114.28 2.0 6.1 17 524 81763 0 7.1 7.1 208 87 58%
c s 114.29 2.0 6.1 17 526 81793 0 7.1 7.1 194 81 54%
c s 114.41 2.0 6.1 17 527 81985 0 7.1 7.1 186 78 52%
c s 114.43 2.0 6.1 17 528 82033 0 7.1 7.1 182 77 51%
c s 114.45 2.0 6.1 17 535 82101 11 7.1 7.1 178 76 51%
c s 114.48 2.0 6.1 17 539 82228 18 7.1 7.1 174 75 50%
c s 114.86 2.0 6.1 17 628 85074 49 7.1 7.1 168 73 49%
c s 114.94 2.0 6.1 17 643 85808 51 7.1 7.1 140 60 40%
c - 115.01 2.0 6.1 18 660 86674 77 7.1 7.1 140 60 40%
c s 115.04 2.0 6.1 18 668 87007 27 7.1 7.1 136 59 39%
c - 115.29 2.0 6.0 19 727 93792 153 7.0 7.0 136 59 39%
c
c     time      reduced      redundant  irredundant
c         space    restarts        glue     variables
c             level     conflicts      size   remaining
c
c s 115.35 2.0 6.0 19 740 95808 146 7.0 7.0 132 58 39%
c s 115.43 2.0 6.0 19 757 99457 125 7.0 7.0 124 55 37%
c - 115.48 2.0 6.0 20 769 101263 112 7.0 7.0 124 55 37%
c s 115.49 2.0 6.0 20 771 101547 57 7.0 7.0 102 45 30%
c s 115.50 2.0 6.0 20 772 101749 26 7.0 7.0 94 42 28%
c s 115.50 2.0 6.0 20 776 101867 1 7.0 7.0 50 23 15%
c s 115.51 2.0 6.0 20 777 101885 1 7.0 7.0 42 20 13%
c s 115.51 2.0 6.0 20 777 101890 0 7.0 7.0 28 14 9%
c 0 115.51 2.0 6.0 20 777 101892 0 7.0 7.0 28 0 0%
c
s UNSATISFIABLE
c
c simplifications:            48        2123  conflicts/simplification  100%
c reductions:                 20        5095  conflicts/reduction       100%
c restarts:                  777         131  conflicts/restart         100%
c conflicts:              101892         882  conflicts/sec              81%
c decisions:               27566         239  decisions/sec              55%
c propagations:          5228106         0.0  millions/sec               76%
c
c pure:                        0           0% of look-aheads
c look-ahead:              27566         100% of outer decisions         55%
c pruned:                  21093          21% of outer conflicts         17%
c generated reducts:       47833          44% satisfiable
c average size:              712          78% of all clauses
c pruning failed:          26740          56% per reduct
c filter checks:         1242018           4% of outer satisfied clauses
c average filtered:          1.7           0% per reduct
c assumed literals:      2947901         2.4  per filter check
c
c collected clauses:        1.06 MB      100% of allocated clauses        0%
c allocated clauses:        1.06 MB        5% of allocated memory         0%
c maximum heap:             1.40 MB       34% of resident set size       69%
c
c looking:                  0.15 sec       0% of process time
c filtering:                9.19 sec       8% of process time
c pruning:                114.49 sec      99% of process time
c simplifying:              0.14 sec       0% of process time
c
c resident set size:        4.06 MB
c total process time:     115.51 sec
RC=0
