c SaDiCaL SAT Solver
c Copyright (C) 2018 by Armin Biere JKU
c
c Version 00n 47bff7ef874226b4a00ebd20fedf88eb7c4a3a39
c Compiler gcc (Ubuntu 11.4.0-1ubuntu1~22.04) 11.4.0
c Options gcc -Wall -O3 -DNDEBUG -DNLOG
c proof path '/mnt/d/PvsNP/phase4/results/proofs_sadical/F4/tseitin_n40_s0.sadical.dpr'
c
c non default options:
c
c --binary=false
c --force=true
c --witness=false
c
c parsing '/mnt/d/PvsNP/phase4/instances/f4/tseitin_n40_s0.cnf'
c found 'p cnf 60 160' header
c parsed DIMACS in 0.00 seconds
c 
c
c   time      reduced redundant irredundant
c       space  restarts  glue     variables
c           level conflicts  size   remaining
c
c s 0.02 0.0 2.4 0 2 32 0 3.4 3.4 156 59 98%
c s 0.05 0.0 3.0 0 4 97 0 4.0 4.0 150 57 95%
c s 0.06 0.0 3.0 0 6 117 0 4.0 4.0 146 56 93%
c s 0.08 0.0 2.9 0 7 141 0 3.9 3.9 142 55 92%
c s 0.10 0.0 3.0 0 11 165 1 4.0 4.0 138 54 90%
c s 0.12 0.0 2.9 0 22 212 9 3.9 3.9 130 51 85%
c s 0.13 0.1 3.0 0 27 248 5 4.0 4.0 126 50 83%
c s 0.14 0.1 2.9 0 31 332 5 3.9 3.9 122 49 82%
c s 0.15 0.1 2.9 0 33 397 5 3.9 3.9 118 48 80%
c s 0.16 0.1 2.9 0 36 471 6 3.9 3.9 114 47 78%
c s 0.17 0.1 2.8 0 37 511 4 3.8 3.8 108 45 75%
c s 0.18 0.1 2.8 0 48 560 15 3.8 3.8 104 44 73%
c s 0.19 0.1 2.8 0 52 608 7 3.8 3.8 94 40 67%
c s 0.21 0.1 2.8 0 55 694 3 3.8 3.8 80 34 57%
c s 0.21 0.1 2.8 0 58 741 3 3.8 3.8 62 26 43%
c s 0.23 0.1 2.7 0 75 956 14 3.7 3.7 58 25 42%
c s 0.23 0.1 2.7 0 78 1042 9 3.7 3.7 44 19 32%
c s 0.23 0.1 2.7 0 80 1056 0 3.7 3.7 18 8 13%
c s 0.23 0.1 2.7 0 80 1059 0 3.7 3.7 6 3 5%
c 0 0.23 0.1 2.6 0 80 1061 0 3.6 3.7 6 0 0%
c
s UNSATISFIABLE
c
c simplifications:            19          56  conflicts/simplification  100%
c reductions:                  0           0  conflicts/reduction       100%
c restarts:                   80          13  conflicts/restart         100%
c conflicts:                1061        4574  conflicts/sec              79%
c decisions:                 731        3151  decisions/sec              60%
c propagations:            60277         0.3  millions/sec               82%
c
c pure:                        0           0% of look-aheads
c look-ahead:                731         100% of outer decisions         60%
c pruned:                    336          32% of outer conflicts         25%
c generated reducts:         967          35% satisfiable
c average size:               39          34% of all clauses
c pruning failed:            631          65% per reduct
c filter checks:           11920          31% of outer satisfied clauses
c average filtered:          0.7           2% per reduct
c assumed literals:        26539         2.2  per filter check
c
c collected clauses:        0.02 MB       99% of allocated clauses        2%
c allocated clauses:        0.02 MB       10% of allocated memory         3%
c maximum heap:             0.03 MB        2% of resident set size       64%
c
c looking:                  0.00 sec       2% of process time
c filtering:                0.07 sec      30% of process time
c pruning:                  0.21 sec      89% of process time
c simplifying:              0.00 sec       1% of process time
c
c resident set size:        1.79 MB
c total process time:       0.23 sec
RC=0
