c SaDiCaL SAT Solver
c Copyright (C) 2018 by Armin Biere JKU
c
c Version 00n 47bff7ef874226b4a00ebd20fedf88eb7c4a3a39
c Compiler gcc (Ubuntu 11.4.0-1ubuntu1~22.04) 11.4.0
c Options gcc -Wall -O3 -DNDEBUG -DNLOG
c proof path '/mnt/d/PvsNP/phase4/results/proofs_sadical/F4/tseitin_n60_s3.sadical.dpr'
c
c non default options:
c
c --binary=false
c --force=true
c --witness=false
c
c parsing '/mnt/d/PvsNP/phase4/instances/f4/tseitin_n60_s3.cnf'
c found 'p cnf 90 240' header
c parsed DIMACS in 0.00 seconds
c 
c
c   time      reduced redundant irredundant
c       space  restarts   glue     variables
c           level conflicts   size   remaining
c
c s 0.05 0.0 3.3 0 4 145 2 4.3 4.3 236 89 99%
c s 0.07 0.1 3.8 0 5 150 0 4.8 4.8 230 87 97%
c s 0.10 0.1 4.0 0 6 159 0 5.0 5.0 222 84 93%
c s 0.17 0.1 3.3 0 8 301 0 4.3 4.3 218 83 92%
c s 0.21 0.1 3.3 0 9 325 0 4.3 4.3 214 82 91%
c s 0.29 0.1 3.4 0 10 517 0 4.4 4.4 206 79 88%
c s 0.31 0.1 3.5 0 14 564 2 4.5 4.5 202 78 87%
c s 0.34 0.1 3.6 0 20 616 2 4.6 4.6 196 76 84%
c s 0.65 0.1 3.9 0 28 1824 131 4.9 4.9 192 75 83%
c - 0.75 0.1 3.8 1 36 2001 155 4.8 4.9 192 75 83%
c s 0.75 0.1 3.8 1 36 2014 129 4.8 4.8 186 73 81%
c s 1.30 0.2 3.9 1 66 2646 103 4.9 4.9 182 72 80%
c s 1.33 0.2 3.9 1 68 2668 61 4.9 4.9 174 69 77%
c s 1.35 0.2 3.9 1 70 2678 1 4.9 4.9 168 67 74%
c s 1.36 0.2 3.9 1 72 2756 1 4.9 4.9 164 66 73%
c s 1.39 0.2 3.8 1 74 2844 0 4.8 4.8 158 64 71%
c s 1.40 0.2 3.8 1 76 2877 0 4.8 4.8 154 63 70%
c s 1.42 0.2 3.8 1 77 2901 0 4.8 4.8 144 59 66%
c s 1.46 0.2 3.7 1 78 3011 0 4.7 4.7 136 56 62%
c s 1.46 0.2 3.7 1 79 3016 0 4.7 4.7 122 50 56%
c
c   time      reduced  redundant irredundant
c       space   restarts    glue     variables
c           level  conflicts    size   remaining
c
c s 1.47 0.2 3.7 1 81 3047 0 4.7 4.7 114 47 52%
c s 1.49 0.2 3.6 1 85 3094 1 4.6 4.6 110 46 51%
c s 1.50 0.2 3.6 1 87 3152 0 4.6 4.6 102 43 48%
c s 1.51 0.2 3.6 1 89 3193 1 4.6 4.6 96 41 46%
c s 1.53 0.2 3.5 1 92 3341 4 4.5 4.5 90 39 43%
c s 1.55 0.2 3.5 1 104 3858 4 4.5 4.5 82 36 40%
c s 1.56 0.2 3.5 1 107 3941 5 4.5 4.5 74 33 37%
c - 1.56 0.2 3.5 2 108 4010 9 4.5 4.5 74 33 37%
c s 1.56 0.2 3.5 2 109 4067 0 4.5 4.5 64 29 32%
c s 1.57 0.2 3.5 2 111 4122 1 4.5 4.5 60 28 31%
c s 1.57 0.2 3.5 2 111 4131 0 4.5 4.5 28 13 14%
c s 1.57 0.2 3.5 2 111 4136 0 4.5 4.5 14 7 8%
c 0 1.57 0.2 3.5 2 111 4138 0 4.5 4.5 14 0 0%
c
s UNSATISFIABLE
c
c simplifications:            30         138  conflicts/simplification  100%
c reductions:                  2        2069  conflicts/reduction       100%
c restarts:                  111          37  conflicts/restart         100%
c conflicts:                4138        2640  conflicts/sec              80%
c decisions:                1912        1220  decisions/sec              56%
c propagations:           340577         0.2  millions/sec               86%
c
c pure:                        0           0% of look-aheads
c look-ahead:               1912         100% of outer decisions         56%
c pruned:                   1088          26% of outer conflicts         21%
c generated reducts:        2858          38% satisfiable
c average size:               94          44% of all clauses
c pruning failed:           1770          62% per reduct
c filter checks:           66091          24% of outer satisfied clauses
c average filtered:          1.1           1% per reduct
c assumed literals:       151726         2.3  per filter check
c
c collected clauses:        0.05 MB       99% of allocated clauses        1%
c allocated clauses:        0.05 MB        7% of allocated memory         1%
c maximum heap:             0.10 MB        6% of resident set size       66%
c
c looking:                  0.01 sec       1% of process time
c filtering:                0.54 sec      35% of process time
c pruning:                  1.49 sec      95% of process time
c simplifying:              0.01 sec       1% of process time
c
c resident set size:        1.90 MB
c total process time:       1.57 sec
RC=0
