c SaDiCaL SAT Solver
c Copyright (C) 2018 by Armin Biere JKU
c
c Version 00n 47bff7ef874226b4a00ebd20fedf88eb7c4a3a39
c Compiler gcc (Ubuntu 11.4.0-1ubuntu1~22.04) 11.4.0
c Options gcc -Wall -O3 -DNDEBUG -DNLOG
c proof path '/mnt/d/PvsNP/phase4/results/proofs_sadical/F3/php_31_30.sadical.dpr'
c
c non default options:
c
c --binary=false
c --force=true
c --witness=false
c
c parsing '/mnt/d/PvsNP/phase4/instances/f3/php_31_30.cnf'
c found 'p cnf 930 13981' header
c parsed DIMACS in 0.05 seconds
c 
c
c   time      reduced redundant irredundant
c       space  restarts  glue        variables
c           level conflicts  size       remaining
c
c s 0.56 1.3 0.9 0 0 29 0 1.9 1.9 13951 929 100%
c s 1.00 1.3 0.9 0 0 58 0 1.9 1.9 13922 928 100%
c s 1.40 1.3 1.0 0 0 87 0 2.0 2.0 13894 927 100%
c s 1.82 1.3 1.0 0 0 116 0 2.0 2.0 13867 926 100%
c s 2.18 1.3 1.0 0 0 145 0 2.0 2.0 13841 925 99%
c s 2.55 1.3 1.0 0 0 174 0 2.0 2.0 13816 924 99%
c s 2.92 1.3 1.0 0 0 203 0 2.0 2.0 13792 923 99%
c s 3.27 1.3 1.0 0 0 232 0 2.0 2.0 13769 922 99%
c s 3.58 1.3 1.0 0 0 261 0 2.0 2.0 13747 921 99%
c s 3.92 1.3 1.0 0 0 290 0 2.0 2.0 13726 920 99%
c s 4.23 1.3 1.0 0 0 319 0 2.0 2.0 13706 919 99%
c s 4.52 1.3 1.0 0 0 348 0 2.0 2.0 13687 918 99%
c s 4.90 1.3 1.0 0 0 377 0 2.0 2.0 13669 917 99%
c s 5.23 1.3 1.0 0 0 406 0 2.0 2.0 13652 916 98%
c s 5.65 1.3 1.0 0 0 435 0 2.0 2.0 13636 915 98%
c s 6.03 1.3 1.0 0 0 464 0 2.0 2.0 13621 914 98%
c s 6.36 1.3 1.0 0 0 493 0 2.0 2.0 13607 913 98%
c s 6.66 1.3 1.0 0 0 522 0 2.0 2.0 13594 912 98%
c s 6.96 1.3 1.0 0 0 551 0 2.0 2.0 13582 911 98%
c s 7.29 1.3 1.0 0 0 580 0 2.0 2.0 13571 910 98%
c
c   time      reduced redundant irredundant
c       space  restarts   glue        variables
c           level conflicts   size      remaining
c
c s 7.70 1.3 1.0 0 0 609 0 2.0 2.0 13561 909 98%
c s 7.99 1.3 1.0 0 0 638 0 2.0 2.0 13552 908 98%
c s 8.31 1.3 1.0 0 0 667 0 2.0 2.0 13544 907 98%
c s 8.61 1.3 1.0 0 0 696 0 2.0 2.0 13537 906 97%
c s 8.95 1.3 1.0 0 0 725 0 2.0 2.0 13531 905 97%
c s 9.24 1.3 1.0 0 0 754 0 2.0 2.0 13526 904 97%
c s 9.53 1.3 1.0 0 0 783 0 2.0 2.0 13522 903 97%
c s 9.84 1.3 1.0 0 0 812 0 2.0 2.0 13519 902 97%
c s 10.15 1.3 1.0 0 0 841 0 2.0 2.0 13517 901 97%
c s 10.45 1.3 1.0 0 0 870 0 2.0 2.0 13516 900 97%
c s 10.45 1.3 1.0 0 0 870 0 2.0 2.0 13515 899 97%
c s 10.46 1.3 1.0 0 0 870 0 2.0 2.0 13485 898 97%
c s 10.46 1.3 1.0 0 0 870 0 2.0 2.0 13455 897 96%
c s 10.46 1.3 1.0 0 0 870 0 2.0 2.0 13425 896 96%
c s 10.47 1.3 1.0 0 0 870 0 2.0 2.0 13395 895 96%
c s 10.47 1.3 1.0 0 0 870 0 2.0 2.0 13365 894 96%
c s 10.47 1.3 1.0 0 0 870 0 2.0 2.0 13335 893 96%
c s 10.47 1.3 1.0 0 0 870 0 2.0 2.0 13305 892 96%
c s 10.48 1.3 1.0 0 0 870 0 2.0 2.0 13275 891 96%
c s 10.48 1.3 1.0 0 0 870 0 2.0 2.0 13245 890 96%
c
c    time      reduced redundant irredundant
c        space  restarts   glue        variables
c            level conflicts   size      remaining
c
c s 10.49 1.3 1.0 0 0 870 0 2.0 2.0 13215 889 96%
c s 10.49 1.3 1.0 0 0 870 0 2.0 2.0 13185 888 95%
c s 10.49 1.3 1.0 0 0 870 0 2.0 2.0 13155 887 95%
c s 10.49 1.3 1.0 0 0 870 0 2.0 2.0 13125 886 95%
c s 10.49 1.3 1.0 0 0 870 0 2.0 2.0 13095 885 95%
c s 10.49 1.3 1.0 0 0 870 0 2.0 2.0 13065 884 95%
c s 10.50 1.3 1.0 0 0 870 0 2.0 2.0 13035 883 95%
c s 10.50 1.3 1.0 0 0 870 0 2.0 2.0 13005 882 95%
c s 10.50 1.3 1.0 0 0 870 0 2.0 2.0 12975 881 95%
c s 10.50 1.3 1.0 0 0 870 0 2.0 2.0 12945 880 95%
c s 10.50 1.3 1.0 0 0 870 0 2.0 2.0 12915 879 95%
c s 10.50 1.3 1.0 0 0 870 0 2.0 2.0 12885 878 94%
c s 10.51 1.3 1.0 0 0 870 0 2.0 2.0 12855 877 94%
c s 10.51 1.3 1.0 0 0 870 0 2.0 2.0 12825 876 94%
c s 10.51 1.3 1.0 0 0 870 0 2.0 2.0 12795 875 94%
c s 10.51 1.3 1.0 0 0 870 0 2.0 2.0 12765 874 94%
c s 10.51 1.3 1.0 0 0 870 0 2.0 2.0 12735 873 94%
c s 10.51 1.3 1.0 0 0 870 0 2.0 2.0 12705 872 94%
c s 10.52 1.3 1.0 0 0 870 0 2.0 2.0 12675 871 94%
c s 10.52 1.3 1.0 0 0 870 0 2.0 2.0 12645 870 94%
c
c    time      reduced redundant irredundant
c        space  restarts   glue        variables
c            level conflicts   size      remaining
c
c s 10.74 1.3 1.0 0 0 898 0 2.0 2.0 12616 869 93%
c s 10.99 1.3 1.0 0 0 926 0 2.0 2.0 12588 868 93%
c s 11.27 1.3 1.0 0 0 954 0 2.0 2.0 12561 867 93%
c s 11.51 1.3 1.0 0 0 982 0 2.0 2.0 12535 866 93%
c s 11.74 1.3 1.0 0 0 1010 0 2.0 2.0 12510 865 93%
c s 11.99 1.3 1.0 0 0 1038 0 2.0 2.0 12486 864 93%
c s 12.30 1.3 1.0 0 0 1066 0 2.0 2.0 12463 863 93%
c s 12.54 1.3 1.0 0 0 1094 0 2.0 2.0 12441 862 93%
c s 12.78 1.3 1.0 0 0 1122 0 2.0 2.0 12420 861 93%
c s 13.06 1.3 1.0 0 0 1150 0 2.0 2.0 12400 860 92%
c s 13.34 1.3 1.0 0 0 1178 0 2.0 2.0 12381 859 92%
c s 13.60 1.3 1.0 0 0 1206 0 2.0 2.0 12363 858 92%
c s 13.82 1.3 1.0 0 0 1234 0 2.0 2.0 12346 857 92%
c s 14.10 1.3 1.0 0 0 1262 0 2.0 2.0 12330 856 92%
c s 14.35 1.3 1.0 0 0 1290 0 2.0 2.0 12315 855 92%
c s 14.57 1.3 1.0 0 0 1318 0 2.0 2.0 12301 854 92%
c s 14.84 1.3 1.0 0 0 1346 0 2.0 2.0 12288 853 92%
c s 15.13 1.3 1.0 0 0 1374 0 2.0 2.0 12276 852 92%
c s 15.38 1.3 1.0 0 0 1402 0 2.0 2.0 12265 851 92%
c s 15.67 1.3 1.0 0 0 1430 0 2.0 2.0 12255 850 91%
c
c    time      reduced redundant  irredundant
c        space  restarts    glue        variables
c            level conflicts    size      remaining
c
c s 15.92 1.3 1.0 0 0 1458 0 2.0 2.0 12246 849 91%
c s 16.18 1.3 1.0 0 0 1486 0 2.0 2.0 12238 848 91%
c s 16.41 1.3 1.0 0 0 1514 0 2.0 2.0 12231 847 91%
c s 16.66 1.3 1.0 0 0 1542 0 2.0 2.0 12225 846 91%
c s 16.90 1.3 1.0 0 0 1570 0 2.0 2.0 12220 845 91%
c s 17.20 1.3 1.0 0 0 1598 0 2.0 2.0 12216 844 91%
c s 17.48 1.3 1.0 0 0 1626 0 2.0 2.0 12213 843 91%
c s 17.72 1.3 1.0 0 0 1654 0 2.0 2.0 12211 842 91%
c s 17.99 1.3 1.0 0 0 1682 0 2.0 2.0 12210 841 90%
c s 17.99 1.3 1.0 0 0 1682 0 2.0 2.0 12209 840 90%
c s 18.00 1.3 1.0 0 0 1682 0 2.0 2.0 12180 839 90%
c s 18.00 1.3 1.0 0 0 1682 0 2.0 2.0 12151 838 90%
c s 18.00 1.3 1.0 0 0 1682 0 2.0 2.0 12122 837 90%
c s 18.00 1.3 1.0 0 0 1682 0 2.0 2.0 12093 836 90%
c s 18.00 1.3 1.0 0 0 1682 0 2.0 2.0 12064 835 90%
c s 18.00 1.3 1.0 0 0 1682 0 2.0 2.0 12035 834 90%
c s 18.00 1.3 1.0 0 0 1682 0 2.0 2.0 12006 833 90%
c s 18.01 1.3 1.0 0 0 1682 0 2.0 2.0 11977 832 89%
c s 18.01 1.3 1.0 0 0 1682 0 2.0 2.0 11948 831 89%
c s 18.01 1.3 1.0 0 0 1682 0 2.0 2.0 11919 830 89%
c
c    time      reduced redundant  irredundant
c        space  restarts    glue        variables
c            level conflicts    size      remaining
c
c s 18.01 1.3 1.0 0 0 1682 0 2.0 2.0 11890 829 89%
c s 18.01 1.3 1.0 0 0 1682 0 2.0 2.0 11861 828 89%
c s 18.01 1.3 1.0 0 0 1682 0 2.0 2.0 11832 827 89%
c s 18.02 1.3 1.0 0 0 1682 0 2.0 2.0 11803 826 89%
c s 18.02 1.3 1.0 0 0 1682 0 2.0 2.0 11774 825 89%
c s 18.02 1.3 1.0 0 0 1682 0 2.0 2.0 11745 824 89%
c s 18.02 1.3 1.0 0 0 1682 0 2.0 2.0 11716 823 88%
c s 18.02 1.3 1.0 0 0 1682 0 2.0 2.0 11687 822 88%
c s 18.02 1.3 1.0 0 0 1682 0 2.0 2.0 11658 821 88%
c s 18.03 1.3 1.0 0 0 1682 0 2.0 2.0 11629 820 88%
c s 18.03 1.3 1.0 0 0 1682 0 2.0 2.0 11600 819 88%
c s 18.03 1.3 1.0 0 0 1682 0 2.0 2.0 11571 818 88%
c s 18.03 1.3 1.0 0 0 1682 0 2.0 2.0 11542 817 88%
c s 18.03 1.3 1.0 0 0 1682 0 2.0 2.0 11513 816 88%
c s 18.03 1.3 1.0 0 0 1682 0 2.0 2.0 11484 815 88%
c s 18.03 1.3 1.0 0 0 1682 0 2.0 2.0 11455 814 88%
c s 18.04 1.3 1.0 0 0 1682 0 2.0 2.0 11426 813 87%
c s 18.04 1.3 1.0 0 0 1682 0 2.0 2.0 11397 812 87%
c s 18.27 1.3 1.0 0 0 1709 0 2.0 2.0 11369 811 87%
c s 18.48 1.3 1.0 0 0 1736 0 2.0 2.0 11342 810 87%
c
c    time      reduced redundant  irredundant
c        space  restarts    glue        variables
c            level conflicts    size      remaining
c
c s 18.68 1.3 1.0 0 0 1763 0 2.0 2.0 11316 809 87%
c s 18.93 1.3 1.0 0 0 1790 0 2.0 2.0 11291 808 87%
c s 19.17 1.3 1.0 0 0 1817 0 2.0 2.0 11267 807 87%
c s 19.37 1.3 1.0 0 0 1844 0 2.0 2.0 11244 806 87%
c s 19.53 1.3 1.0 0 0 1871 0 2.0 2.0 11222 805 87%
c s 19.74 1.3 1.0 0 0 1898 0 2.0 2.0 11201 804 86%
c s 20.02 1.3 1.0 0 0 1925 0 2.0 2.0 11181 803 86%
c s 20.24 1.3 1.0 0 0 1952 0 2.0 2.0 11162 802 86%
c s 20.42 1.3 1.0 0 0 1979 0 2.0 2.0 11144 801 86%
c - 20.59 1.3 1.0 1 0 2001 22 2.0 2.0 11144 801 86%
c s 20.68 1.3 1.0 1 0 2006 0 2.0 2.0 11127 800 86%
c s 20.94 1.3 1.0 1 0 2033 0 2.0 2.0 11111 799 86%
c s 21.15 1.3 1.0 1 0 2060 0 2.0 2.0 11096 798 86%
c s 21.35 1.3 1.0 1 0 2087 0 2.0 2.0 11082 797 86%
c s 21.56 1.3 1.0 1 0 2114 0 2.0 2.0 11069 796 86%
c s 21.80 1.3 1.0 1 0 2141 0 2.0 2.0 11057 795 85%
c s 22.03 1.3 1.0 1 0 2168 0 2.0 2.0 11046 794 85%
c s 22.27 1.3 1.0 1 0 2195 0 2.0 2.0 11036 793 85%
c s 22.50 1.3 1.0 1 0 2222 0 2.0 2.0 11027 792 85%
c s 22.72 1.3 1.0 1 0 2249 0 2.0 2.0 11019 791 85%
c
c    time      reduced redundant  irredundant
c        space  restarts    glue        variables
c            level conflicts    size      remaining
c
c s 22.90 1.3 1.0 1 0 2276 0 2.0 2.0 11012 790 85%
c s 23.11 1.3 1.0 1 0 2303 0 2.0 2.0 11006 789 85%
c s 23.35 1.3 1.0 1 0 2330 0 2.0 2.0 11001 788 85%
c s 23.57 1.3 1.0 1 0 2357 0 2.0 2.0 10997 787 85%
c s 23.81 1.3 1.0 1 0 2384 0 2.0 2.0 10994 786 85%
c s 23.98 1.3 1.0 1 0 2411 0 2.0 2.0 10992 785 84%
c s 24.17 1.3 1.0 1 0 2438 0 2.0 2.0 10991 784 84%
c s 24.17 1.3 1.0 1 0 2438 0 2.0 2.0 10990 783 84%
c s 24.17 1.3 1.0 1 0 2438 0 2.0 2.0 10962 782 84%
c s 24.17 1.3 1.0 1 0 2438 0 2.0 2.0 10934 781 84%
c s 24.17 1.3 1.0 1 0 2438 0 2.0 2.0 10906 780 84%
c s 24.17 1.3 1.0 1 0 2438 0 2.0 2.0 10878 779 84%
c s 24.18 1.3 1.0 1 0 2438 0 2.0 2.0 10850 778 84%
c s 24.18 1.3 1.0 1 0 2438 0 2.0 2.0 10822 777 84%
c s 24.18 1.3 1.0 1 0 2438 0 2.0 2.0 10794 776 83%
c s 24.18 1.3 1.0 1 0 2438 0 2.0 2.0 10766 775 83%
c s 24.18 1.3 1.0 1 0 2438 0 2.0 2.0 10738 774 83%
c s 24.18 1.3 1.0 1 0 2438 0 2.0 2.0 10710 773 83%
c s 24.19 1.3 1.0 1 0 2438 0 2.0 2.0 10682 772 83%
c s 24.19 1.3 1.0 1 0 2438 0 2.0 2.0 10654 771 83%
c
c    time      reduced redundant  irredundant
c        space  restarts    glue        variables
c            level conflicts    size      remaining
c
c s 24.19 1.3 1.0 1 0 2438 0 2.0 2.0 10626 770 83%
c s 24.19 1.3 1.0 1 0 2438 0 2.0 2.0 10598 769 83%
c s 24.19 1.3 1.0 1 0 2438 0 2.0 2.0 10570 768 83%
c s 24.19 1.3 1.0 1 0 2438 0 2.0 2.0 10542 767 82%
c s 24.19 1.3 1.0 1 0 2438 0 2.0 2.0 10514 766 82%
c s 24.20 1.3 1.0 1 0 2438 0 2.0 2.0 10486 765 82%
c s 24.20 1.3 1.0 1 0 2438 0 2.0 2.0 10458 764 82%
c s 24.20 1.3 1.0 1 0 2438 0 2.0 2.0 10430 763 82%
c s 24.20 1.3 1.0 1 0 2438 0 2.0 2.0 10402 762 82%
c s 24.20 1.3 1.0 1 0 2438 0 2.0 2.0 10374 761 82%
c s 24.20 1.3 1.0 1 0 2438 0 2.0 2.0 10346 760 82%
c s 24.20 1.3 1.0 1 0 2438 0 2.0 2.0 10318 759 82%
c s 24.21 1.3 1.0 1 0 2438 0 2.0 2.0 10290 758 82%
c s 24.21 1.3 1.0 1 0 2438 0 2.0 2.0 10262 757 81%
c s 24.21 1.3 1.0 1 0 2438 0 2.0 2.0 10234 756 81%
c s 24.40 1.3 1.0 1 0 2464 0 2.0 2.0 10207 755 81%
c s 24.59 1.3 1.0 1 0 2490 0 2.0 2.0 10181 754 81%
c s 24.75 1.3 1.0 1 0 2516 0 2.0 2.0 10156 753 81%
c s 24.95 1.3 1.0 1 0 2542 0 2.0 2.0 10132 752 81%
c s 25.12 1.3 1.0 1 0 2568 0 2.0 2.0 10109 751 81%
c
c    time      reduced redundant  irredundant
c        space  restarts    glue        variables
c            level conflicts    size      remaining
c
c s 25.28 1.3 1.0 1 0 2594 0 2.0 2.0 10087 750 81%
c s 25.46 1.3 1.0 1 0 2620 0 2.0 2.0 10066 749 81%
c s 25.64 1.3 1.0 1 0 2646 0 2.0 2.0 10046 748 80%
c s 25.87 1.3 1.0 1 0 2672 0 2.0 2.0 10027 747 80%
c s 26.02 1.3 1.0 1 0 2698 0 2.0 2.0 10009 746 80%
c s 26.19 1.3 1.0 1 0 2724 0 2.0 2.0 9992 745 80%
c s 26.37 1.3 1.0 1 0 2750 0 2.0 2.0 9976 744 80%
c s 26.54 1.3 1.0 1 0 2776 0 2.0 2.0 9961 743 80%
c s 26.71 1.3 1.0 1 0 2802 0 2.0 2.0 9947 742 80%
c s 26.87 1.3 1.0 1 0 2828 0 2.0 2.0 9934 741 80%
c s 27.04 1.3 1.0 1 0 2854 0 2.0 2.0 9922 740 80%
c s 27.21 1.3 1.0 1 0 2880 0 2.0 2.0 9911 739 79%
c s 27.42 1.3 1.0 1 0 2906 0 2.0 2.0 9901 738 79%
c s 27.62 1.3 1.0 1 0 2932 0 2.0 2.0 9892 737 79%
c s 27.80 1.3 1.0 1 0 2958 0 2.0 2.0 9884 736 79%
c s 27.94 1.3 1.0 1 0 2984 0 2.0 2.0 9877 735 79%
c s 28.12 1.3 1.0 1 0 3010 0 2.0 2.0 9871 734 79%
c s 28.27 1.3 1.0 1 0 3036 0 2.0 2.0 9866 733 79%
c s 28.49 1.3 1.0 1 0 3062 0 2.0 2.0 9862 732 79%
c s 28.65 1.3 1.0 1 0 3088 0 2.0 2.0 9859 731 79%
c
c    time      reduced redundant irredundant
c        space  restarts    glue       variables
c            level conflicts    size     remaining
c
c s 28.82 1.3 1.0 1 0 3114 0 2.0 2.0 9857 730 78%
c s 29.00 1.3 1.0 1 0 3140 0 2.0 2.0 9856 729 78%
c s 29.00 1.3 1.0 1 0 3140 0 2.0 2.0 9855 728 78%
c s 29.00 1.3 1.0 1 0 3140 0 2.0 2.0 9828 727 78%
c s 29.00 1.3 1.0 1 0 3140 0 2.0 2.0 9801 726 78%
c s 29.00 1.3 1.0 1 0 3140 0 2.0 2.0 9774 725 78%
c s 29.00 1.3 1.0 1 0 3140 0 2.0 2.0 9747 724 78%
c s 29.00 1.3 1.0 1 0 3140 0 2.0 2.0 9720 723 78%
c s 29.00 1.3 1.0 1 0 3140 0 2.0 2.0 9693 722 78%
c s 29.01 1.3 1.0 1 0 3140 0 2.0 2.0 9666 721 78%
c s 29.01 1.3 1.0 1 0 3140 0 2.0 2.0 9639 720 77%
c s 29.01 1.3 1.0 1 0 3140 0 2.0 2.0 9612 719 77%
c s 29.01 1.3 1.0 1 0 3140 0 2.0 2.0 9585 718 77%
c s 29.01 1.3 1.0 1 0 3140 0 2.0 2.0 9558 717 77%
c s 29.01 1.3 1.0 1 0 3140 0 2.0 2.0 9531 716 77%
c s 29.01 1.3 1.0 1 0 3140 0 2.0 2.0 9504 715 77%
c s 29.01 1.3 1.0 1 0 3140 0 2.0 2.0 9477 714 77%
c s 29.02 1.3 1.0 1 0 3140 0 2.0 2.0 9450 713 77%
c s 29.02 1.3 1.0 1 0 3140 0 2.0 2.0 9423 712 77%
c s 29.02 1.3 1.0 1 0 3140 0 2.0 2.0 9396 711 76%
c
c    time      reduced redundant irredundant
c        space  restarts    glue       variables
c            level conflicts    size     remaining
c
c s 29.02 1.3 1.0 1 0 3140 0 2.0 2.0 9369 710 76%
c s 29.02 1.3 1.0 1 0 3140 0 2.0 2.0 9342 709 76%
c s 29.02 1.3 1.0 1 0 3140 0 2.0 2.0 9315 708 76%
c s 29.02 1.3 1.0 1 0 3140 0 2.0 2.0 9288 707 76%
c s 29.02 1.3 1.0 1 0 3140 0 2.0 2.0 9261 706 76%
c s 29.03 1.3 1.0 1 0 3140 0 2.0 2.0 9234 705 76%
c s 29.03 1.3 1.0 1 0 3140 0 2.0 2.0 9207 704 76%
c s 29.03 1.3 1.0 1 0 3140 0 2.0 2.0 9180 703 76%
c s 29.03 1.3 1.0 1 0 3140 0 2.0 2.0 9153 702 75%
c s 29.20 1.3 1.0 1 0 3165 0 2.0 2.0 9127 701 75%
c s 29.38 1.3 1.0 1 0 3190 0 2.0 2.0 9102 700 75%
c s 29.53 1.3 1.0 1 0 3215 0 2.0 2.0 9078 699 75%
c s 29.70 1.3 1.0 1 0 3240 0 2.0 2.0 9055 698 75%
c s 29.86 1.3 1.0 1 0 3265 0 2.0 2.0 9033 697 75%
c s 30.02 1.3 1.0 1 0 3290 0 2.0 2.0 9012 696 75%
c s 30.16 1.3 1.0 1 0 3315 0 2.0 2.0 8992 695 75%
c s 30.28 1.3 1.0 1 0 3340 0 2.0 2.0 8973 694 75%
c s 30.44 1.3 1.0 1 0 3365 0 2.0 2.0 8955 693 75%
c s 30.57 1.3 1.0 1 0 3390 0 2.0 2.0 8938 692 74%
c s 30.73 1.3 1.0 1 0 3415 0 2.0 2.0 8922 691 74%
c
c    time      reduced redundant irredundant
c        space  restarts    glue       variables
c            level conflicts    size     remaining
c
c s 30.88 1.3 1.0 1 0 3440 0 2.0 2.0 8907 690 74%
c s 31.03 1.3 1.0 1 0 3465 0 2.0 2.0 8893 689 74%
c s 31.19 1.3 1.0 1 0 3490 0 2.0 2.0 8880 688 74%
c s 31.34 1.3 1.0 1 0 3515 0 2.0 2.0 8868 687 74%
c s 31.47 1.3 1.0 1 0 3540 0 2.0 2.0 8857 686 74%
c s 31.62 1.3 1.0 1 0 3565 0 2.0 2.0 8847 685 74%
c s 31.76 1.3 1.0 1 0 3590 0 2.0 2.0 8838 684 74%
c s 31.88 1.3 1.0 1 0 3615 0 2.0 2.0 8830 683 73%
c s 32.01 1.3 1.0 1 0 3640 0 2.0 2.0 8823 682 73%
c s 32.16 1.3 1.0 1 0 3665 0 2.0 2.0 8817 681 73%
c s 32.31 1.3 1.0 1 0 3690 0 2.0 2.0 8812 680 73%
c s 32.46 1.3 1.0 1 0 3715 0 2.0 2.0 8808 679 73%
c s 32.58 1.3 1.0 1 0 3740 0 2.0 2.0 8805 678 73%
c s 32.71 1.3 1.0 1 0 3765 0 2.0 2.0 8803 677 73%
c s 32.83 1.3 1.0 1 0 3790 0 2.0 2.0 8802 676 73%
c s 32.84 1.3 1.0 1 0 3790 0 2.0 2.0 8801 675 73%
c s 32.84 1.3 1.0 1 0 3790 0 2.0 2.0 8775 674 72%
c s 32.84 1.3 1.0 1 0 3790 0 2.0 2.0 8749 673 72%
c s 32.84 1.3 1.0 1 0 3790 0 2.0 2.0 8723 672 72%
c s 32.84 1.3 1.0 1 0 3790 0 2.0 2.0 8697 671 72%
c
c    time      reduced redundant irredundant
c        space  restarts    glue       variables
c            level conflicts    size     remaining
c
c s 32.84 1.3 1.0 1 0 3790 0 2.0 2.0 8671 670 72%
c s 32.84 1.3 1.0 1 0 3790 0 2.0 2.0 8645 669 72%
c s 32.84 1.3 1.0 1 0 3790 0 2.0 2.0 8619 668 72%
c s 32.85 1.3 1.0 1 0 3790 0 2.0 2.0 8593 667 72%
c s 32.85 1.3 1.0 1 0 3790 0 2.0 2.0 8567 666 72%
c s 32.85 1.3 1.0 1 0 3790 0 2.0 2.0 8541 665 72%
c s 32.85 1.3 1.0 1 0 3790 0 2.0 2.0 8515 664 71%
c s 32.85 1.3 1.0 1 0 3790 0 2.0 2.0 8489 663 71%
c s 32.85 1.3 1.0 1 0 3790 0 2.0 2.0 8463 662 71%
c s 32.85 1.3 1.0 1 0 3790 0 2.0 2.0 8437 661 71%
c s 32.85 1.3 1.0 1 0 3790 0 2.0 2.0 8411 660 71%
c s 32.85 1.3 1.0 1 0 3790 0 2.0 2.0 8385 659 71%
c s 32.86 1.3 1.0 1 0 3790 0 2.0 2.0 8359 658 71%
c s 32.86 1.3 1.0 1 0 3790 0 2.0 2.0 8333 657 71%
c s 32.86 1.3 1.0 1 0 3790 0 2.0 2.0 8307 656 71%
c s 32.86 1.3 1.0 1 0 3790 0 2.0 2.0 8281 655 70%
c s 32.86 1.3 1.0 1 0 3790 0 2.0 2.0 8255 654 70%
c s 32.86 1.3 1.0 1 0 3790 0 2.0 2.0 8229 653 70%
c s 32.86 1.3 1.0 1 0 3790 0 2.0 2.0 8203 652 70%
c s 32.86 1.3 1.0 1 0 3790 0 2.0 2.0 8177 651 70%
c
c    time      reduced redundant irredundant
c        space  restarts    glue       variables
c            level conflicts    size     remaining
c
c s 32.87 1.3 1.0 1 0 3790 0 2.0 2.0 8151 650 70%
c s 33.00 1.3 1.0 1 0 3814 0 2.0 2.0 8126 649 70%
c s 33.16 1.3 1.0 1 0 3838 0 2.0 2.0 8102 648 70%
c s 33.29 1.3 1.0 1 0 3862 0 2.0 2.0 8079 647 70%
c s 33.45 1.3 1.0 1 0 3886 0 2.0 2.0 8057 646 69%
c s 33.57 1.3 1.0 1 0 3910 0 2.0 2.0 8036 645 69%
c s 33.69 1.3 1.0 1 0 3934 0 2.0 2.0 8016 644 69%
c s 33.82 1.3 1.0 1 0 3958 0 2.0 2.0 7997 643 69%
c s 33.93 1.3 1.0 1 0 3982 0 2.0 2.0 7979 642 69%
c - 34.01 1.3 1.0 2 0 4002 20 2.0 2.0 7979 642 69%
c s 34.05 1.3 1.0 2 0 4006 0 2.0 2.0 7962 641 69%
c s 34.16 1.3 1.0 2 0 4030 0 2.0 2.0 7946 640 69%
c s 34.27 1.3 1.0 2 0 4054 0 2.0 2.0 7931 639 69%
c s 34.42 1.3 1.0 2 0 4078 0 2.0 2.0 7917 638 69%
c s 34.53 1.3 1.0 2 0 4102 0 2.0 2.0 7904 637 68%
c s 34.66 1.3 1.0 2 0 4126 0 2.0 2.0 7892 636 68%
c s 34.77 1.3 1.0 2 0 4150 0 2.0 2.0 7881 635 68%
c s 34.94 1.3 1.0 2 0 4174 0 2.0 2.0 7871 634 68%
c s 35.06 1.3 1.0 2 0 4198 0 2.0 2.0 7862 633 68%
c s 35.18 1.3 1.0 2 0 4222 0 2.0 2.0 7854 632 68%
c
c    time      reduced redundant irredundant
c        space  restarts    glue       variables
c            level conflicts    size     remaining
c
c s 35.29 1.3 1.0 2 0 4246 0 2.0 2.0 7847 631 68%
c s 35.41 1.3 1.0 2 0 4270 0 2.0 2.0 7841 630 68%
c s 35.52 1.3 1.0 2 0 4294 0 2.0 2.0 7836 629 68%
c s 35.64 1.3 1.0 2 0 4318 0 2.0 2.0 7832 628 68%
c s 35.75 1.3 1.0 2 0 4342 0 2.0 2.0 7829 627 67%
c s 35.86 1.3 1.0 2 0 4366 0 2.0 2.0 7827 626 67%
c s 36.00 1.3 1.0 2 0 4390 0 2.0 2.0 7826 625 67%
c s 36.00 1.3 1.0 2 0 4390 0 2.0 2.0 7825 624 67%
c s 36.00 1.3 1.0 2 0 4390 0 2.0 2.0 7800 623 67%
c s 36.01 1.3 1.0 2 0 4390 0 2.0 2.0 7775 622 67%
c s 36.01 1.3 1.0 2 0 4390 0 2.0 2.0 7750 621 67%
c s 36.01 1.3 1.0 2 0 4390 0 2.0 2.0 7725 620 67%
c s 36.01 1.3 1.0 2 0 4390 0 2.0 2.0 7700 619 67%
c s 36.01 1.3 1.0 2 0 4390 0 2.0 2.0 7675 618 66%
c s 36.01 1.3 1.0 2 0 4390 0 2.0 2.0 7650 617 66%
c s 36.01 1.3 1.0 2 0 4390 0 2.0 2.0 7625 616 66%
c s 36.01 1.3 1.0 2 0 4390 0 2.0 2.0 7600 615 66%
c s 36.01 1.3 1.0 2 0 4390 0 2.0 2.0 7575 614 66%
c s 36.02 1.3 1.0 2 0 4390 0 2.0 2.0 7550 613 66%
c s 36.02 1.3 1.0 2 0 4390 0 2.0 2.0 7525 612 66%
c
c    time      reduced redundant irredundant
c        space  restarts    glue       variables
c            level conflicts    size     remaining
c
c s 36.02 1.3 1.0 2 0 4390 0 2.0 2.0 7500 611 66%
c s 36.02 1.3 1.0 2 0 4390 0 2.0 2.0 7475 610 66%
c s 36.02 1.3 1.0 2 0 4390 0 2.0 2.0 7450 609 65%
c s 36.02 1.3 1.0 2 0 4390 0 2.0 2.0 7425 608 65%
c s 36.02 1.3 1.0 2 0 4390 0 2.0 2.0 7400 607 65%
c s 36.02 1.3 1.0 2 0 4390 0 2.0 2.0 7375 606 65%
c s 36.03 1.3 1.0 2 0 4390 0 2.0 2.0 7350 605 65%
c s 36.03 1.3 1.0 2 0 4390 0 2.0 2.0 7325 604 65%
c s 36.03 1.3 1.0 2 0 4390 0 2.0 2.0 7300 603 65%
c s 36.03 1.3 1.0 2 0 4390 0 2.0 2.0 7275 602 65%
c s 36.03 1.3 1.0 2 0 4390 0 2.0 2.0 7250 601 65%
c s 36.03 1.3 1.0 2 0 4390 0 2.0 2.0 7225 600 65%
c s 36.14 1.3 1.0 2 0 4413 0 2.0 2.0 7201 599 64%
c s 36.24 1.3 1.0 2 0 4436 0 2.0 2.0 7178 598 64%
c s 36.35 1.3 1.0 2 0 4459 0 2.0 2.0 7156 597 64%
c s 36.46 1.3 1.0 2 0 4482 0 2.0 2.0 7135 596 64%
c s 36.56 1.3 1.0 2 0 4505 0 2.0 2.0 7115 595 64%
c s 36.66 1.3 1.0 2 0 4528 0 2.0 2.0 7096 594 64%
c s 36.77 1.3 1.0 2 0 4551 0 2.0 2.0 7078 593 64%
c s 36.95 1.3 1.0 2 0 4574 0 2.0 2.0 7061 592 64%
c
c    time      reduced redundant irredundant
c        space  restarts    glue       variables
c            level conflicts    size     remaining
c
c s 37.06 1.3 1.0 2 0 4597 0 2.0 2.0 7045 591 64%
c s 37.16 1.3 1.0 2 0 4620 0 2.0 2.0 7030 590 63%
c s 37.27 1.3 1.0 2 0 4643 0 2.0 2.0 7016 589 63%
c s 37.37 1.3 1.0 2 0 4666 0 2.0 2.0 7003 588 63%
c s 37.48 1.3 1.0 2 0 4689 0 2.0 2.0 6991 587 63%
c s 37.58 1.3 1.0 2 0 4712 0 2.0 2.0 6980 586 63%
c s 37.68 1.3 1.0 2 0 4735 0 2.0 2.0 6970 585 63%
c s 37.78 1.3 1.0 2 0 4758 0 2.0 2.0 6961 584 63%
c s 37.87 1.3 1.0 2 0 4781 0 2.0 2.0 6953 583 63%
c s 37.97 1.3 1.0 2 0 4804 0 2.0 2.0 6946 582 63%
c s 38.08 1.3 1.0 2 0 4827 0 2.0 2.0 6940 581 62%
c s 38.17 1.3 1.0 2 0 4850 0 2.0 2.0 6935 580 62%
c s 38.28 1.3 1.0 2 0 4873 0 2.0 2.0 6931 579 62%
c s 38.37 1.3 1.0 2 0 4896 0 2.0 2.0 6928 578 62%
c s 38.47 1.3 1.0 2 0 4919 0 2.0 2.0 6926 577 62%
c s 38.57 1.3 1.0 2 0 4942 0 2.0 2.0 6925 576 62%
c s 38.57 1.3 1.0 2 0 4942 0 2.0 2.0 6924 575 62%
c s 38.58 1.3 1.0 2 0 4942 0 2.0 2.0 6900 574 62%
c s 38.58 1.3 1.0 2 0 4942 0 2.0 2.0 6876 573 62%
c s 38.58 1.3 1.0 2 0 4942 0 2.0 2.0 6852 572 62%
c
c    time      reduced redundant irredundant
c        space  restarts    glue       variables
c            level conflicts    size     remaining
c
c s 38.58 1.3 1.0 2 0 4942 0 2.0 2.0 6828 571 61%
c s 38.58 1.3 1.0 2 0 4942 0 2.0 2.0 6804 570 61%
c s 38.58 1.3 1.0 2 0 4942 0 2.0 2.0 6780 569 61%
c s 38.58 1.3 1.0 2 0 4942 0 2.0 2.0 6756 568 61%
c s 38.58 1.3 1.0 2 0 4942 0 2.0 2.0 6732 567 61%
c s 38.59 1.3 1.0 2 0 4942 0 2.0 2.0 6708 566 61%
c s 38.59 1.3 1.0 2 0 4942 0 2.0 2.0 6684 565 61%
c s 38.59 1.3 1.0 2 0 4942 0 2.0 2.0 6660 564 61%
c s 38.59 1.3 1.0 2 0 4942 0 2.0 2.0 6636 563 61%
c s 38.59 1.3 1.0 2 0 4942 0 2.0 2.0 6612 562 60%
c s 38.59 1.3 1.0 2 0 4942 0 2.0 2.0 6588 561 60%
c s 38.59 1.3 1.0 2 0 4942 0 2.0 2.0 6564 560 60%
c s 38.59 1.3 1.0 2 0 4942 0 2.0 2.0 6540 559 60%
c s 38.59 1.3 1.0 2 0 4942 0 2.0 2.0 6516 558 60%
c s 38.60 1.3 1.0 2 0 4942 0 2.0 2.0 6492 557 60%
c s 38.60 1.3 1.0 2 0 4942 0 2.0 2.0 6468 556 60%
c s 38.60 1.3 1.0 2 0 4942 0 2.0 2.0 6444 555 60%
c s 38.60 1.3 1.0 2 0 4942 0 2.0 2.0 6420 554 60%
c s 38.60 1.3 1.0 2 0 4942 0 2.0 2.0 6396 553 59%
c s 38.60 1.3 1.0 2 0 4942 0 2.0 2.0 6372 552 59%
c
c    time      reduced redundant irredundant
c        space  restarts    glue       variables
c            level conflicts    size     remaining
c
c s 38.69 1.3 1.0 2 0 4964 0 2.0 2.0 6349 551 59%
c s 38.78 1.3 1.0 2 0 4986 0 2.0 2.0 6327 550 59%
c s 38.88 1.3 1.0 2 0 5008 0 2.0 2.0 6306 549 59%
c s 38.97 1.3 1.0 2 0 5030 0 2.0 2.0 6286 548 59%
c s 39.07 1.3 1.0 2 0 5052 0 2.0 2.0 6267 547 59%
c s 39.16 1.3 1.0 2 0 5074 0 2.0 2.0 6249 546 59%
c s 39.25 1.3 1.0 2 0 5096 0 2.0 2.0 6232 545 59%
c s 39.36 1.3 1.0 2 0 5118 0 2.0 2.0 6216 544 58%
c s 39.46 1.3 1.0 2 0 5140 0 2.0 2.0 6201 543 58%
c s 39.55 1.3 1.0 2 0 5162 0 2.0 2.0 6187 542 58%
c s 39.65 1.3 1.0 2 0 5184 0 2.0 2.0 6174 541 58%
c s 39.74 1.3 1.0 2 0 5206 0 2.0 2.0 6162 540 58%
c s 39.83 1.3 1.0 2 0 5228 0 2.0 2.0 6151 539 58%
c s 39.92 1.3 1.0 2 0 5250 0 2.0 2.0 6141 538 58%
c s 40.01 1.3 1.0 2 0 5272 0 2.0 2.0 6132 537 58%
c s 40.10 1.3 1.0 2 0 5294 0 2.0 2.0 6124 536 58%
c s 40.19 1.3 1.0 2 0 5316 0 2.0 2.0 6117 535 58%
c s 40.29 1.3 1.0 2 0 5338 0 2.0 2.0 6111 534 57%
c s 40.37 1.3 1.0 2 0 5360 0 2.0 2.0 6106 533 57%
c s 40.46 1.3 1.0 2 0 5382 0 2.0 2.0 6102 532 57%
c
c    time      reduced redundant irredundant
c        space  restarts    glue       variables
c            level conflicts    size     remaining
c
c s 40.55 1.3 1.0 2 0 5404 0 2.0 2.0 6099 531 57%
c s 40.64 1.3 1.0 2 0 5426 0 2.0 2.0 6097 530 57%
c s 40.73 1.3 1.0 2 0 5448 0 2.0 2.0 6096 529 57%
c s 40.73 1.3 1.0 2 0 5448 0 2.0 2.0 6095 528 57%
c s 40.73 1.3 1.0 2 0 5448 0 2.0 2.0 6072 527 57%
c s 40.73 1.3 1.0 2 0 5448 0 2.0 2.0 6049 526 57%
c s 40.73 1.3 1.0 2 0 5448 0 2.0 2.0 6026 525 56%
c s 40.73 1.3 1.0 2 0 5448 0 2.0 2.0 6003 524 56%
c s 40.73 1.3 1.0 2 0 5448 0 2.0 2.0 5980 523 56%
c s 40.73 1.3 1.0 2 0 5448 0 2.0 2.0 5957 522 56%
c s 40.74 1.3 1.0 2 0 5448 0 2.0 2.0 5934 521 56%
c s 40.74 1.3 1.0 2 0 5448 0 2.0 2.0 5911 520 56%
c s 40.74 1.3 1.0 2 0 5448 0 2.0 2.0 5888 519 56%
c s 40.74 1.3 1.0 2 0 5448 0 2.0 2.0 5865 518 56%
c s 40.74 1.3 1.0 2 0 5448 0 2.0 2.0 5842 517 56%
c s 40.74 1.3 1.0 2 0 5448 0 2.0 2.0 5819 516 55%
c s 40.74 1.3 1.0 2 0 5448 0 2.0 2.0 5796 515 55%
c s 40.74 1.3 1.0 2 0 5448 0 2.0 2.0 5773 514 55%
c s 40.74 1.3 1.0 2 0 5448 0 2.0 2.0 5750 513 55%
c s 40.75 1.3 1.0 2 0 5448 0 2.0 2.0 5727 512 55%
c
c    time      reduced redundant irredundant
c        space  restarts    glue       variables
c            level conflicts    size     remaining
c
c s 40.75 1.3 1.0 2 0 5448 0 2.0 2.0 5704 511 55%
c s 40.75 1.3 1.0 2 0 5448 0 2.0 2.0 5681 510 55%
c s 40.75 1.3 1.0 2 0 5448 0 2.0 2.0 5658 509 55%
c s 40.75 1.3 1.0 2 0 5448 0 2.0 2.0 5635 508 55%
c s 40.75 1.3 1.0 2 0 5448 0 2.0 2.0 5612 507 55%
c s 40.75 1.3 1.0 2 0 5448 0 2.0 2.0 5589 506 54%
c s 40.84 1.3 1.0 2 0 5469 0 2.0 2.0 5567 505 54%
c s 40.92 1.3 1.0 2 0 5490 0 2.0 2.0 5546 504 54%
c s 41.01 1.3 1.0 2 0 5511 0 2.0 2.0 5526 503 54%
c s 41.09 1.3 1.0 2 0 5532 0 2.0 2.0 5507 502 54%
c s 41.17 1.3 1.0 2 0 5553 0 2.0 2.0 5489 501 54%
c s 41.25 1.3 1.0 2 0 5574 0 2.0 2.0 5472 500 54%
c s 41.33 1.3 1.0 2 0 5595 0 2.0 2.0 5456 499 54%
c s 41.41 1.3 1.0 2 0 5616 0 2.0 2.0 5441 498 54%
c s 41.49 1.3 1.0 2 0 5637 0 2.0 2.0 5427 497 53%
c s 41.57 1.3 1.0 2 0 5658 0 2.0 2.0 5414 496 53%
c s 41.65 1.3 1.0 2 0 5679 0 2.0 2.0 5402 495 53%
c s 41.74 1.3 1.0 2 0 5700 0 2.0 2.0 5391 494 53%
c s 41.85 1.3 1.0 2 0 5721 0 2.0 2.0 5381 493 53%
c s 41.94 1.3 1.0 2 0 5742 0 2.0 2.0 5372 492 53%
c
c    time      reduced redundant irredundant
c        space  restarts    glue       variables
c            level conflicts    size     remaining
c
c s 42.01 1.3 1.0 2 0 5763 0 2.0 2.0 5364 491 53%
c s 42.09 1.3 1.0 2 0 5784 0 2.0 2.0 5357 490 53%
c s 42.17 1.3 1.0 2 0 5805 0 2.0 2.0 5351 489 53%
c s 42.25 1.3 1.0 2 0 5826 0 2.0 2.0 5346 488 52%
c s 42.33 1.3 1.0 2 0 5847 0 2.0 2.0 5342 487 52%
c s 42.41 1.3 1.0 2 0 5868 0 2.0 2.0 5339 486 52%
c s 42.49 1.3 1.0 2 0 5889 0 2.0 2.0 5337 485 52%
c s 42.58 1.3 1.0 2 0 5910 0 2.0 2.0 5336 484 52%
c s 42.58 1.3 1.0 2 0 5910 0 2.0 2.0 5335 483 52%
c s 42.58 1.3 1.0 2 0 5910 0 2.0 2.0 5313 482 52%
c s 42.58 1.3 1.0 2 0 5910 0 2.0 2.0 5291 481 52%
c s 42.58 1.3 1.0 2 0 5910 0 2.0 2.0 5269 480 52%
c s 42.58 1.3 1.0 2 0 5910 0 2.0 2.0 5247 479 52%
c s 42.59 1.3 1.0 2 0 5910 0 2.0 2.0 5225 478 51%
c s 42.59 1.3 1.0 2 0 5910 0 2.0 2.0 5203 477 51%
c s 42.59 1.3 1.0 2 0 5910 0 2.0 2.0 5181 476 51%
c s 42.59 1.3 1.0 2 0 5910 0 2.0 2.0 5159 475 51%
c s 42.59 1.3 1.0 2 0 5910 0 2.0 2.0 5137 474 51%
c s 42.59 1.3 1.0 2 0 5910 0 2.0 2.0 5115 473 51%
c s 42.59 1.3 1.0 2 0 5910 0 2.0 2.0 5093 472 51%
c
c    time      reduced redundant irredundant
c        space  restarts    glue       variables
c            level conflicts    size     remaining
c
c s 42.59 1.3 1.0 2 0 5910 0 2.0 2.0 5071 471 51%
c s 42.59 1.3 1.0 2 0 5910 0 2.0 2.0 5049 470 51%
c s 42.59 1.3 1.0 2 0 5910 0 2.0 2.0 5027 469 50%
c s 42.59 1.3 1.0 2 0 5910 0 2.0 2.0 5005 468 50%
c s 42.60 1.3 1.0 2 0 5910 0 2.0 2.0 4983 467 50%
c s 42.60 1.3 1.0 2 0 5910 0 2.0 2.0 4961 466 50%
c s 42.60 1.3 1.0 2 0 5910 0 2.0 2.0 4939 465 50%
c s 42.60 1.3 1.0 2 0 5910 0 2.0 2.0 4917 464 50%
c s 42.60 1.3 1.0 2 0 5910 0 2.0 2.0 4895 463 50%
c s 42.60 1.3 1.0 2 0 5910 0 2.0 2.0 4873 462 50%
c s 42.68 1.3 1.0 2 0 5930 0 2.0 2.0 4852 461 50%
c s 42.77 1.3 1.0 2 0 5950 0 2.0 2.0 4832 460 49%
c s 42.85 1.3 1.0 2 0 5970 0 2.0 2.0 4813 459 49%
c s 42.93 1.3 1.0 2 0 5990 0 2.0 2.0 4795 458 49%
c s 43.06 1.3 1.0 2 0 6010 0 2.0 2.0 4778 457 49%
c s 43.16 1.3 1.0 2 0 6030 0 2.0 2.0 4762 456 49%
c s 43.24 1.3 1.0 2 0 6050 0 2.0 2.0 4747 455 49%
c s 43.32 1.3 1.0 2 0 6070 0 2.0 2.0 4733 454 49%
c s 43.40 1.3 1.0 2 0 6090 0 2.0 2.0 4720 453 49%
c s 43.48 1.3 1.0 2 0 6110 0 2.0 2.0 4708 452 49%
c
c    time      reduced redundant irredundant
c        space  restarts    glue       variables
c            level conflicts    size     remaining
c
c s 43.56 1.3 1.0 2 0 6130 0 2.0 2.0 4697 451 48%
c s 43.64 1.3 1.0 2 0 6150 0 2.0 2.0 4687 450 48%
c s 43.72 1.3 1.0 2 0 6170 0 2.0 2.0 4678 449 48%
c s 43.79 1.3 1.0 2 0 6190 0 2.0 2.0 4670 448 48%
c s 43.87 1.3 1.0 2 0 6210 0 2.0 2.0 4663 447 48%
c s 43.96 1.3 1.0 2 0 6230 0 2.0 2.0 4657 446 48%
c s 44.04 1.3 1.0 2 0 6250 0 2.0 2.0 4652 445 48%
c s 44.11 1.3 1.0 2 0 6270 0 2.0 2.0 4648 444 48%
c s 44.19 1.3 1.0 2 0 6290 0 2.0 2.0 4645 443 48%
c - 44.23 1.3 1.0 3 0 6303 13 2.0 2.0 4645 443 48%
c s 44.27 1.3 1.0 3 0 6310 0 2.0 2.0 4643 442 48%
c s 44.34 1.3 1.0 3 0 6330 0 2.0 2.0 4642 441 47%
c s 44.34 1.3 1.0 3 0 6330 0 2.0 2.0 4641 440 47%
c s 44.34 1.3 1.0 3 0 6330 0 2.0 2.0 4620 439 47%
c s 44.34 1.3 1.0 3 0 6330 0 2.0 2.0 4599 438 47%
c s 44.35 1.3 1.0 3 0 6330 0 2.0 2.0 4578 437 47%
c s 44.35 1.3 1.0 3 0 6330 0 2.0 2.0 4557 436 47%
c s 44.35 1.3 1.0 3 0 6330 0 2.0 2.0 4536 435 47%
c s 44.35 1.3 1.0 3 0 6330 0 2.0 2.0 4515 434 47%
c s 44.35 1.3 1.0 3 0 6330 0 2.0 2.0 4494 433 47%
c
c    time      reduced redundant irredundant
c        space  restarts    glue       variables
c            level conflicts    size     remaining
c
c s 44.35 1.3 1.0 3 0 6330 0 2.0 2.0 4473 432 46%
c s 44.35 1.3 1.0 3 0 6330 0 2.0 2.0 4452 431 46%
c s 44.35 1.3 1.0 3 0 6330 0 2.0 2.0 4431 430 46%
c s 44.35 1.3 1.0 3 0 6330 0 2.0 2.0 4410 429 46%
c s 44.35 1.3 1.0 3 0 6330 0 2.0 2.0 4389 428 46%
c s 44.35 1.3 1.0 3 0 6330 0 2.0 2.0 4368 427 46%
c s 44.36 1.3 1.0 3 0 6330 0 2.0 2.0 4347 426 46%
c s 44.36 1.3 1.0 3 0 6330 0 2.0 2.0 4326 425 46%
c s 44.36 1.3 1.0 3 0 6330 0 2.0 2.0 4305 424 46%
c s 44.36 1.3 1.0 3 0 6330 0 2.0 2.0 4284 423 45%
c s 44.36 1.3 1.0 3 0 6330 0 2.0 2.0 4263 422 45%
c s 44.36 1.3 1.0 3 0 6330 0 2.0 2.0 4242 421 45%
c s 44.36 1.3 1.0 3 0 6330 0 2.0 2.0 4221 420 45%
c s 44.44 1.3 1.0 3 0 6349 0 2.0 2.0 4201 419 45%
c s 44.51 1.3 1.0 3 0 6368 0 2.0 2.0 4182 418 45%
c s 44.58 1.3 1.0 3 0 6387 0 2.0 2.0 4164 417 45%
c s 44.65 1.3 1.0 3 0 6406 0 2.0 2.0 4147 416 45%
c s 44.73 1.3 1.0 3 0 6425 0 2.0 2.0 4131 415 45%
c s 44.80 1.3 1.0 3 0 6444 0 2.0 2.0 4116 414 45%
c s 44.87 1.3 1.0 3 0 6463 0 2.0 2.0 4102 413 44%
c
c    time      reduced redundant irredundant
c        space  restarts    glue       variables
c            level conflicts    size     remaining
c
c s 44.94 1.3 1.0 3 0 6482 0 2.0 2.0 4089 412 44%
c s 45.01 1.3 1.0 3 0 6501 0 2.0 2.0 4077 411 44%
c s 45.08 1.3 1.0 3 0 6520 0 2.0 2.0 4066 410 44%
c s 45.15 1.3 1.0 3 0 6539 0 2.0 2.0 4056 409 44%
c s 45.23 1.3 1.0 3 0 6558 0 2.0 2.0 4047 408 44%
c s 45.32 1.3 1.0 3 0 6577 0 2.0 2.0 4039 407 44%
c s 45.39 1.3 1.0 3 0 6596 0 2.0 2.0 4032 406 44%
c s 45.46 1.3 1.0 3 0 6615 0 2.0 2.0 4026 405 44%
c s 45.52 1.3 1.0 3 0 6634 0 2.0 2.0 4021 404 43%
c s 45.59 1.3 1.0 3 0 6653 0 2.0 2.0 4017 403 43%
c s 45.66 1.3 1.0 3 0 6672 0 2.0 2.0 4014 402 43%
c s 45.74 1.3 1.0 3 0 6691 0 2.0 2.0 4012 401 43%
c s 45.80 1.3 1.0 3 0 6710 0 2.0 2.0 4011 400 43%
c s 45.80 1.3 1.0 3 0 6710 0 2.0 2.0 4010 399 43%
c s 45.80 1.3 1.0 3 0 6710 0 2.0 2.0 3990 398 43%
c s 45.81 1.3 1.0 3 0 6710 0 2.0 2.0 3970 397 43%
c s 45.81 1.3 1.0 3 0 6710 0 2.0 2.0 3950 396 43%
c s 45.81 1.3 1.0 3 0 6710 0 2.0 2.0 3930 395 42%
c s 45.81 1.3 1.0 3 0 6710 0 2.0 2.0 3910 394 42%
c s 45.81 1.3 1.0 3 0 6710 0 2.0 2.0 3890 393 42%
c
c    time      reduced redundant irredundant
c        space  restarts    glue       variables
c            level conflicts    size     remaining
c
c s 45.81 1.3 1.0 3 0 6710 0 2.0 2.0 3870 392 42%
c s 45.81 1.3 1.0 3 0 6710 0 2.0 2.0 3850 391 42%
c s 45.81 1.3 1.0 3 0 6710 0 2.0 2.0 3830 390 42%
c s 45.81 1.3 1.0 3 0 6710 0 2.0 2.0 3810 389 42%
c s 45.81 1.3 1.0 3 0 6710 0 2.0 2.0 3790 388 42%
c s 45.81 1.3 1.0 3 0 6710 0 2.0 2.0 3770 387 42%
c s 45.81 1.3 1.0 3 0 6710 0 2.0 2.0 3750 386 42%
c s 45.81 1.3 1.0 3 0 6710 0 2.0 2.0 3730 385 41%
c s 45.81 1.3 1.0 3 0 6710 0 2.0 2.0 3710 384 41%
c s 45.82 1.3 1.0 3 0 6710 0 2.0 2.0 3690 383 41%
c s 45.82 1.3 1.0 3 0 6710 0 2.0 2.0 3670 382 41%
c s 45.82 1.3 1.0 3 0 6710 0 2.0 2.0 3650 381 41%
c s 45.82 1.3 1.0 3 0 6710 0 2.0 2.0 3630 380 41%
c s 45.88 1.3 1.0 3 0 6728 0 2.0 2.0 3611 379 41%
c s 45.94 1.3 1.0 3 0 6746 0 2.0 2.0 3593 378 41%
c s 46.01 1.3 1.0 3 0 6764 0 2.0 2.0 3576 377 41%
c s 46.07 1.3 1.0 3 0 6782 0 2.0 2.0 3560 376 40%
c s 46.13 1.3 1.0 3 0 6800 0 2.0 2.0 3545 375 40%
c s 46.20 1.3 1.0 3 0 6818 0 2.0 2.0 3531 374 40%
c s 46.26 1.3 1.0 3 0 6836 0 2.0 2.0 3518 373 40%
c
c    time      reduced redundant irredundant
c        space  restarts    glue       variables
c            level conflicts    size     remaining
c
c s 46.32 1.3 1.0 3 0 6854 0 2.0 2.0 3506 372 40%
c s 46.39 1.3 1.0 3 0 6872 0 2.0 2.0 3495 371 40%
c s 46.46 1.3 1.0 3 0 6890 0 2.0 2.0 3485 370 40%
c s 46.54 1.3 1.0 3 0 6908 0 2.0 2.0 3476 369 40%
c s 46.60 1.3 1.0 3 0 6926 0 2.0 2.0 3468 368 40%
c s 46.66 1.3 1.0 3 0 6944 0 2.0 2.0 3461 367 39%
c s 46.72 1.3 1.0 3 0 6962 0 2.0 2.0 3455 366 39%
c s 46.79 1.3 1.0 3 0 6980 0 2.0 2.0 3450 365 39%
c s 46.85 1.3 1.0 3 0 6998 0 2.0 2.0 3446 364 39%
c s 46.91 1.3 1.0 3 0 7016 0 2.0 2.0 3443 363 39%
c s 46.97 1.3 1.0 3 0 7034 0 2.0 2.0 3441 362 39%
c s 47.03 1.3 1.0 3 0 7052 0 2.0 2.0 3440 361 39%
c s 47.03 1.3 1.0 3 0 7052 0 2.0 2.0 3439 360 39%
c s 47.03 1.3 1.0 3 0 7052 0 2.0 2.0 3420 359 39%
c s 47.03 1.3 1.0 3 0 7052 0 2.0 2.0 3401 358 38%
c s 47.03 1.3 1.0 3 0 7052 0 2.0 2.0 3382 357 38%
c s 47.03 1.3 1.0 3 0 7052 0 2.0 2.0 3363 356 38%
c s 47.03 1.3 1.0 3 0 7052 0 2.0 2.0 3344 355 38%
c s 47.03 1.3 1.0 3 0 7052 0 2.0 2.0 3325 354 38%
c s 47.03 1.3 1.0 3 0 7052 0 2.0 2.0 3306 353 38%
c
c    time      reduced redundant irredundant
c        space  restarts    glue       variables
c            level conflicts    size     remaining
c
c s 47.03 1.3 1.0 3 0 7052 0 2.0 2.0 3287 352 38%
c s 47.03 1.3 1.0 3 0 7052 0 2.0 2.0 3268 351 38%
c s 47.03 1.3 1.0 3 0 7052 0 2.0 2.0 3249 350 38%
c s 47.04 1.3 1.0 3 0 7052 0 2.0 2.0 3230 349 38%
c s 47.04 1.3 1.0 3 0 7052 0 2.0 2.0 3211 348 37%
c s 47.04 1.3 1.0 3 0 7052 0 2.0 2.0 3192 347 37%
c s 47.04 1.3 1.0 3 0 7052 0 2.0 2.0 3173 346 37%
c s 47.04 1.3 1.0 3 0 7052 0 2.0 2.0 3154 345 37%
c s 47.04 1.3 1.0 3 0 7052 0 2.0 2.0 3135 344 37%
c s 47.04 1.3 1.0 3 0 7052 0 2.0 2.0 3116 343 37%
c s 47.04 1.3 1.0 3 0 7052 0 2.0 2.0 3097 342 37%
c s 47.09 1.3 1.0 3 0 7069 0 2.0 2.0 3079 341 37%
c s 47.15 1.3 1.0 3 0 7086 0 2.0 2.0 3062 340 37%
c s 47.21 1.3 1.0 3 0 7103 0 2.0 2.0 3046 339 36%
c s 47.27 1.3 1.0 3 0 7120 0 2.0 2.0 3031 338 36%
c s 47.33 1.3 1.0 3 0 7137 0 2.0 2.0 3017 337 36%
c s 47.38 1.3 1.0 3 0 7154 0 2.0 2.0 3004 336 36%
c s 47.45 1.3 1.0 3 0 7171 0 2.0 2.0 2992 335 36%
c s 47.51 1.3 1.0 3 0 7188 0 2.0 2.0 2981 334 36%
c s 47.57 1.3 1.0 3 0 7205 0 2.0 2.0 2971 333 36%
c
c    time      reduced redundant irredundant
c        space  restarts    glue       variables
c            level conflicts    size     remaining
c
c s 47.62 1.3 1.0 3 0 7222 0 2.0 2.0 2962 332 36%
c s 47.67 1.3 1.0 3 0 7239 0 2.0 2.0 2954 331 36%
c s 47.73 1.3 1.0 3 0 7256 0 2.0 2.0 2947 330 35%
c s 47.78 1.3 1.0 3 0 7273 0 2.0 2.0 2941 329 35%
c s 47.84 1.3 1.0 3 0 7290 0 2.0 2.0 2936 328 35%
c s 47.89 1.3 1.0 3 0 7307 0 2.0 2.0 2932 327 35%
c s 47.94 1.3 1.0 3 0 7324 0 2.0 2.0 2929 326 35%
c s 48.00 1.3 1.0 3 0 7341 0 2.0 2.0 2927 325 35%
c s 48.05 1.3 1.0 3 0 7358 0 2.0 2.0 2926 324 35%
c s 48.05 1.3 1.0 3 0 7358 0 2.0 2.0 2925 323 35%
c s 48.06 1.3 1.0 3 0 7358 0 2.0 2.0 2907 322 35%
c s 48.06 1.3 1.0 3 0 7358 0 2.0 2.0 2889 321 35%
c s 48.06 1.3 1.0 3 0 7358 0 2.0 2.0 2871 320 34%
c s 48.06 1.3 1.0 3 0 7358 0 2.0 2.0 2853 319 34%
c s 48.06 1.3 1.0 3 0 7358 0 2.0 2.0 2835 318 34%
c s 48.06 1.3 1.0 3 0 7358 0 2.0 2.0 2817 317 34%
c s 48.06 1.3 1.0 3 0 7358 0 2.0 2.0 2799 316 34%
c s 48.06 1.3 1.0 3 0 7358 0 2.0 2.0 2781 315 34%
c s 48.06 1.3 1.0 3 0 7358 0 2.0 2.0 2763 314 34%
c s 48.06 1.3 1.0 3 0 7358 0 2.0 2.0 2745 313 34%
c
c    time      reduced redundant irredundant
c        space  restarts    glue       variables
c            level conflicts    size     remaining
c
c s 48.06 1.3 1.0 3 0 7358 0 2.0 2.0 2727 312 34%
c s 48.06 1.3 1.0 3 0 7358 0 2.0 2.0 2709 311 33%
c s 48.06 1.3 1.0 3 0 7358 0 2.0 2.0 2691 310 33%
c s 48.06 1.3 1.0 3 0 7358 0 2.0 2.0 2673 309 33%
c s 48.06 1.3 1.0 3 0 7358 0 2.0 2.0 2655 308 33%
c s 48.06 1.3 1.0 3 0 7358 0 2.0 2.0 2637 307 33%
c s 48.07 1.3 1.0 3 0 7358 0 2.0 2.0 2619 306 33%
c s 48.12 1.3 1.0 3 0 7374 0 2.0 2.0 2602 305 33%
c s 48.16 1.3 1.0 3 0 7390 0 2.0 2.0 2586 304 33%
c s 48.21 1.3 1.0 3 0 7406 0 2.0 2.0 2571 303 33%
c s 48.26 1.3 1.0 3 0 7422 0 2.0 2.0 2557 302 32%
c s 48.31 1.3 1.0 3 0 7438 0 2.0 2.0 2544 301 32%
c s 48.38 1.3 1.0 3 0 7454 0 2.0 2.0 2532 300 32%
c s 48.43 1.3 1.0 3 0 7470 0 2.0 2.0 2521 299 32%
c s 48.48 1.3 1.0 3 0 7486 0 2.0 2.0 2511 298 32%
c s 48.53 1.3 1.0 3 0 7502 0 2.0 2.0 2502 297 32%
c s 48.58 1.3 1.0 3 0 7518 0 2.0 2.0 2494 296 32%
c s 48.64 1.3 1.0 3 0 7534 0 2.0 2.0 2487 295 32%
c s 48.68 1.3 1.0 3 0 7550 0 2.0 2.0 2481 294 32%
c s 48.73 1.3 1.0 3 0 7566 0 2.0 2.0 2476 293 32%
c
c    time      reduced redundant irredundant
c        space  restarts    glue       variables
c            level conflicts    size     remaining
c
c s 48.78 1.3 1.0 3 0 7582 0 2.0 2.0 2472 292 31%
c s 48.83 1.3 1.0 3 0 7598 0 2.0 2.0 2469 291 31%
c s 48.88 1.3 1.0 3 0 7614 0 2.0 2.0 2467 290 31%
c s 48.93 1.3 1.0 3 0 7630 0 2.0 2.0 2466 289 31%
c s 48.93 1.3 1.0 3 0 7630 0 2.0 2.0 2465 288 31%
c s 48.93 1.3 1.0 3 0 7630 0 2.0 2.0 2448 287 31%
c s 48.93 1.3 1.0 3 0 7630 0 2.0 2.0 2431 286 31%
c s 48.93 1.3 1.0 3 0 7630 0 2.0 2.0 2414 285 31%
c s 48.93 1.3 1.0 3 0 7630 0 2.0 2.0 2397 284 31%
c s 48.93 1.3 1.0 3 0 7630 0 2.0 2.0 2380 283 30%
c s 48.93 1.3 1.0 3 0 7630 0 2.0 2.0 2363 282 30%
c s 48.93 1.3 1.0 3 0 7630 0 2.0 2.0 2346 281 30%
c s 48.93 1.3 1.0 3 0 7630 0 2.0 2.0 2329 280 30%
c s 48.93 1.3 1.0 3 0 7630 0 2.0 2.0 2312 279 30%
c s 48.93 1.3 1.0 3 0 7630 0 2.0 2.0 2295 278 30%
c s 48.93 1.3 1.0 3 0 7630 0 2.0 2.0 2278 277 30%
c s 48.93 1.3 1.0 3 0 7630 0 2.0 2.0 2261 276 30%
c s 48.93 1.3 1.0 3 0 7630 0 2.0 2.0 2244 275 30%
c s 48.93 1.3 1.0 3 0 7630 0 2.0 2.0 2227 274 29%
c s 48.94 1.3 1.0 3 0 7630 0 2.0 2.0 2210 273 29%
c
c    time      reduced redundant irredundant
c        space  restarts    glue       variables
c            level conflicts    size     remaining
c
c s 48.94 1.3 1.0 3 0 7630 0 2.0 2.0 2193 272 29%
c s 48.98 1.3 1.0 3 0 7645 0 2.0 2.0 2177 271 29%
c s 49.03 1.3 1.0 3 0 7660 0 2.0 2.0 2162 270 29%
c s 49.07 1.3 1.0 3 0 7675 0 2.0 2.0 2148 269 29%
c s 49.12 1.3 1.0 3 0 7690 0 2.0 2.0 2135 268 29%
c s 49.16 1.3 1.0 3 0 7705 0 2.0 2.0 2123 267 29%
c s 49.21 1.3 1.0 3 0 7720 0 2.0 2.0 2112 266 29%
c s 49.25 1.3 1.0 3 0 7735 0 2.0 2.0 2102 265 28%
c s 49.30 1.3 1.0 3 0 7750 0 2.0 2.0 2093 264 28%
c s 49.34 1.3 1.0 3 0 7765 0 2.0 2.0 2085 263 28%
c s 49.39 1.3 1.0 3 0 7780 0 2.0 2.0 2078 262 28%
c s 49.43 1.3 1.0 3 0 7795 0 2.0 2.0 2072 261 28%
c s 49.47 1.3 1.0 3 0 7810 0 2.0 2.0 2067 260 28%
c s 49.52 1.3 1.0 3 0 7825 0 2.0 2.0 2063 259 28%
c s 49.56 1.3 1.0 3 0 7840 0 2.0 2.0 2060 258 28%
c s 49.61 1.3 1.0 3 0 7855 0 2.0 2.0 2058 257 28%
c s 49.65 1.3 1.0 3 0 7870 0 2.0 2.0 2057 256 28%
c s 49.65 1.3 1.0 3 0 7870 0 2.0 2.0 2056 255 27%
c s 49.65 1.3 1.0 3 0 7870 0 2.0 2.0 2040 254 27%
c s 49.65 1.3 1.0 3 0 7870 0 2.0 2.0 2024 253 27%
c
c    time      reduced redundant irredundant
c        space  restarts    glue       variables
c            level conflicts    size     remaining
c
c s 49.65 1.3 1.0 3 0 7870 0 2.0 2.0 2008 252 27%
c s 49.65 1.3 1.0 3 0 7870 0 2.0 2.0 1992 251 27%
c s 49.65 1.3 1.0 3 0 7870 0 2.0 2.0 1976 250 27%
c s 49.65 1.3 1.0 3 0 7870 0 2.0 2.0 1960 249 27%
c s 49.65 1.3 1.0 3 0 7870 0 2.0 2.0 1944 248 27%
c s 49.66 1.3 1.0 3 0 7870 0 2.0 2.0 1928 247 27%
c s 49.66 1.3 1.0 3 0 7870 0 2.0 2.0 1912 246 26%
c s 49.66 1.3 1.0 3 0 7870 0 2.0 2.0 1896 245 26%
c s 49.66 1.3 1.0 3 0 7870 0 2.0 2.0 1880 244 26%
c s 49.66 1.3 1.0 3 0 7870 0 2.0 2.0 1864 243 26%
c s 49.66 1.3 1.0 3 0 7870 0 2.0 2.0 1848 242 26%
c s 49.66 1.3 1.0 3 0 7870 0 2.0 2.0 1832 241 26%
c s 49.66 1.3 1.0 3 0 7870 0 2.0 2.0 1816 240 26%
c s 49.70 1.3 1.0 3 0 7884 0 2.0 2.0 1801 239 26%
c s 49.74 1.3 1.0 3 0 7898 0 2.0 2.0 1787 238 26%
c s 49.78 1.3 1.0 3 0 7912 0 2.0 2.0 1774 237 25%
c s 49.82 1.3 1.0 3 0 7926 0 2.0 2.0 1762 236 25%
c s 49.85 1.3 1.0 3 0 7940 0 2.0 2.0 1751 235 25%
c s 49.89 1.3 1.0 3 0 7954 0 2.0 2.0 1741 234 25%
c s 49.93 1.3 1.0 3 0 7968 0 2.0 2.0 1732 233 25%
c
c    time      reduced redundant irredundant
c        space  restarts    glue       variables
c            level conflicts    size     remaining
c
c s 49.97 1.3 1.0 3 0 7982 0 2.0 2.0 1724 232 25%
c s 50.01 1.3 1.0 3 0 7996 0 2.0 2.0 1717 231 25%
c s 50.05 1.3 1.0 3 0 8010 0 2.0 2.0 1711 230 25%
c s 50.09 1.3 1.0 3 0 8024 0 2.0 2.0 1706 229 25%
c s 50.12 1.3 1.0 3 0 8038 0 2.0 2.0 1702 228 25%
c s 50.16 1.3 1.0 3 0 8052 0 2.0 2.0 1699 227 24%
c s 50.20 1.3 1.0 3 0 8066 0 2.0 2.0 1697 226 24%
c s 50.23 1.3 1.0 3 0 8080 0 2.0 2.0 1696 225 24%
c s 50.23 1.3 1.0 3 0 8080 0 2.0 2.0 1695 224 24%
c s 50.23 1.3 1.0 3 0 8080 0 2.0 2.0 1680 223 24%
c s 50.23 1.3 1.0 3 0 8080 0 2.0 2.0 1665 222 24%
c s 50.24 1.3 1.0 3 0 8080 0 2.0 2.0 1650 221 24%
c s 50.24 1.3 1.0 3 0 8080 0 2.0 2.0 1635 220 24%
c s 50.24 1.3 1.0 3 0 8080 0 2.0 2.0 1620 219 24%
c s 50.24 1.3 1.0 3 0 8080 0 2.0 2.0 1605 218 23%
c s 50.24 1.3 1.0 3 0 8080 0 2.0 2.0 1590 217 23%
c s 50.24 1.3 1.0 3 0 8080 0 2.0 2.0 1575 216 23%
c s 50.24 1.3 1.0 3 0 8080 0 2.0 2.0 1560 215 23%
c s 50.24 1.3 1.0 3 0 8080 0 2.0 2.0 1545 214 23%
c s 50.24 1.3 1.0 3 0 8080 0 2.0 2.0 1530 213 23%
c
c    time      reduced redundant irredundant
c        space  restarts    glue       variables
c            level conflicts    size     remaining
c
c s 50.24 1.3 1.0 3 0 8080 0 2.0 2.0 1515 212 23%
c s 50.24 1.3 1.0 3 0 8080 0 2.0 2.0 1500 211 23%
c s 50.24 1.3 1.0 3 0 8080 0 2.0 2.0 1485 210 23%
c s 50.28 1.3 1.0 3 0 8093 0 2.0 2.0 1471 209 22%
c s 50.31 1.3 1.0 3 0 8106 0 2.0 2.0 1458 208 22%
c s 50.35 1.3 1.0 3 0 8119 0 2.0 2.0 1446 207 22%
c s 50.38 1.3 1.0 3 0 8132 0 2.0 2.0 1435 206 22%
c s 50.42 1.3 1.0 3 0 8145 0 2.0 2.0 1425 205 22%
c s 50.45 1.3 1.0 3 0 8158 0 2.0 2.0 1416 204 22%
c s 50.48 1.3 1.0 3 0 8171 0 2.0 2.0 1408 203 22%
c s 50.52 1.3 1.0 3 0 8184 0 2.0 2.0 1401 202 22%
c s 50.56 1.3 1.0 3 0 8197 0 2.0 2.0 1395 201 22%
c s 50.59 1.3 1.0 3 0 8210 0 2.0 2.0 1390 200 22%
c s 50.62 1.3 1.0 3 0 8223 0 2.0 2.0 1386 199 21%
c s 50.65 1.3 1.0 3 0 8236 0 2.0 2.0 1383 198 21%
c s 50.69 1.3 1.0 3 0 8249 0 2.0 2.0 1381 197 21%
c s 50.72 1.3 1.0 3 0 8262 0 2.0 2.0 1380 196 21%
c s 50.72 1.3 1.0 3 0 8262 0 2.0 2.0 1379 195 21%
c s 50.72 1.3 1.0 3 0 8262 0 2.0 2.0 1365 194 21%
c s 50.72 1.3 1.0 3 0 8262 0 2.0 2.0 1351 193 21%
c
c    time      reduced redundant irredundant
c        space  restarts    glue       variables
c            level conflicts    size     remaining
c
c s 50.72 1.3 1.0 3 0 8262 0 2.0 2.0 1337 192 21%
c s 50.72 1.3 1.0 3 0 8262 0 2.0 2.0 1323 191 21%
c s 50.72 1.3 1.0 3 0 8262 0 2.0 2.0 1309 190 20%
c s 50.72 1.3 1.0 3 0 8262 0 2.0 2.0 1295 189 20%
c s 50.72 1.3 1.0 3 0 8262 0 2.0 2.0 1281 188 20%
c s 50.72 1.3 1.0 3 0 8262 0 2.0 2.0 1267 187 20%
c s 50.72 1.3 1.0 3 0 8262 0 2.0 2.0 1253 186 20%
c s 50.72 1.3 1.0 3 0 8262 0 2.0 2.0 1239 185 20%
c s 50.72 1.3 1.0 3 0 8262 0 2.0 2.0 1225 184 20%
c s 50.72 1.3 1.0 3 0 8262 0 2.0 2.0 1211 183 20%
c s 50.73 1.3 1.0 3 0 8262 0 2.0 2.0 1197 182 20%
c s 50.75 1.3 1.0 3 0 8274 0 2.0 2.0 1184 181 19%
c s 50.78 1.3 1.0 3 0 8286 0 2.0 2.0 1172 180 19%
c s 50.81 1.3 1.0 3 0 8298 0 2.0 2.0 1161 179 19%
c s 50.84 1.3 1.0 3 0 8310 0 2.0 2.0 1151 178 19%
c s 50.87 1.3 1.0 3 0 8322 0 2.0 2.0 1142 177 19%
c s 50.90 1.3 1.0 3 0 8334 0 2.0 2.0 1134 176 19%
c s 50.93 1.3 1.0 3 0 8346 0 2.0 2.0 1127 175 19%
c s 50.96 1.3 1.0 3 0 8358 0 2.0 2.0 1121 174 19%
c s 50.99 1.3 1.0 3 0 8370 0 2.0 2.0 1116 173 19%
c
c    time      reduced redundant irredundant
c        space  restarts    glue       variables
c            level conflicts    size     remaining
c
c s 51.02 1.3 1.0 3 0 8382 0 2.0 2.0 1112 172 18%
c s 51.05 1.3 1.0 3 0 8394 0 2.0 2.0 1109 171 18%
c s 51.08 1.3 1.0 3 0 8406 0 2.0 2.0 1107 170 18%
c s 51.11 1.3 1.0 3 0 8418 0 2.0 2.0 1106 169 18%
c s 51.11 1.3 1.0 3 0 8418 0 2.0 2.0 1105 168 18%
c s 51.11 1.3 1.0 3 0 8418 0 2.0 2.0 1092 167 18%
c s 51.11 1.3 1.0 3 0 8418 0 2.0 2.0 1079 166 18%
c s 51.11 1.3 1.0 3 0 8418 0 2.0 2.0 1066 165 18%
c s 51.11 1.3 1.0 3 0 8418 0 2.0 2.0 1053 164 18%
c s 51.12 1.3 1.0 3 0 8418 0 2.0 2.0 1040 163 18%
c s 51.12 1.3 1.0 3 0 8418 0 2.0 2.0 1027 162 17%
c s 51.12 1.3 1.0 3 0 8418 0 2.0 2.0 1014 161 17%
c s 51.12 1.3 1.0 3 0 8418 0 2.0 2.0 1001 160 17%
c s 51.12 1.3 1.0 3 0 8418 0 2.0 2.0 988 159 17%
c s 51.12 1.3 1.0 3 0 8418 0 2.0 2.0 975 158 17%
c s 51.12 1.3 1.0 3 0 8418 0 2.0 2.0 962 157 17%
c s 51.12 1.3 1.0 3 0 8418 0 2.0 2.0 949 156 17%
c s 51.15 1.3 1.0 3 0 8429 0 2.0 2.0 937 155 17%
c s 51.17 1.3 0.9 3 0 8440 0 1.9 1.9 926 154 17%
c s 51.20 1.3 0.9 3 0 8451 0 1.9 1.9 916 153 16%
c
c    time      reduced redundant irredundant
c        space  restarts    glue      variables
c            level conflicts    size    remaining
c
c s 51.23 1.3 0.9 3 0 8462 0 1.9 1.9 907 152 16%
c s 51.25 1.3 0.9 3 0 8473 0 1.9 1.9 899 151 16%
c s 51.28 1.3 0.9 3 0 8484 0 1.9 1.9 892 150 16%
c s 51.30 1.3 0.9 3 0 8495 0 1.9 1.9 886 149 16%
c s 51.33 1.3 0.9 3 0 8506 0 1.9 1.9 881 148 16%
c s 51.36 1.3 0.9 3 0 8517 0 1.9 1.9 877 147 16%
c s 51.38 1.3 0.9 3 0 8528 0 1.9 1.9 874 146 16%
c s 51.41 1.3 0.9 3 0 8539 0 1.9 1.9 872 145 16%
c s 51.44 1.3 0.9 3 0 8550 0 1.9 1.9 871 144 15%
c s 51.44 1.3 0.9 3 0 8550 0 1.9 1.9 870 143 15%
c s 51.44 1.3 0.9 3 0 8550 0 1.9 1.9 858 142 15%
c s 51.44 1.3 0.9 3 0 8550 0 1.9 1.9 846 141 15%
c s 51.44 1.3 0.9 3 0 8550 0 1.9 1.9 834 140 15%
c s 51.44 1.3 0.9 3 0 8550 0 1.9 1.9 822 139 15%
c s 51.44 1.3 0.9 3 0 8550 0 1.9 1.9 810 138 15%
c s 51.44 1.3 0.9 3 0 8550 0 1.9 1.9 798 137 15%
c s 51.44 1.3 0.9 3 0 8550 0 1.9 1.9 786 136 15%
c s 51.44 1.3 0.9 3 0 8550 0 1.9 1.9 774 135 15%
c s 51.44 1.3 0.9 3 0 8550 0 1.9 1.9 762 134 14%
c s 51.44 1.3 0.9 3 0 8550 0 1.9 1.9 750 133 14%
c
c    time      reduced redundant irredundant
c        space  restarts    glue      variables
c            level conflicts    size    remaining
c
c s 51.44 1.3 0.9 3 0 8550 0 1.9 1.9 738 132 14%
c s 51.46 1.3 0.9 3 0 8560 0 1.9 1.9 727 131 14%
c s 51.49 1.3 0.9 3 0 8570 0 1.9 1.9 717 130 14%
c s 51.51 1.3 0.9 3 0 8580 0 1.9 1.9 708 129 14%
c s 51.53 1.3 0.9 3 0 8590 0 1.9 1.9 700 128 14%
c s 51.55 1.3 0.9 3 0 8600 0 1.9 1.9 693 127 14%
c s 51.58 1.3 0.9 3 0 8610 0 1.9 1.9 687 126 14%
c s 51.60 1.3 0.9 3 0 8620 0 1.9 1.9 682 125 13%
c s 51.62 1.3 0.9 3 0 8630 0 1.9 1.9 678 124 13%
c s 51.65 1.3 0.9 3 0 8640 0 1.9 1.9 675 123 13%
c s 51.67 1.3 0.9 3 0 8650 0 1.9 1.9 673 122 13%
c s 51.69 1.3 0.9 3 0 8660 0 1.9 1.9 672 121 13%
c s 51.69 1.3 0.9 3 0 8660 0 1.9 1.9 671 120 13%
c s 51.69 1.3 0.9 3 0 8660 0 1.9 1.9 660 119 13%
c s 51.69 1.3 0.9 3 0 8660 0 1.9 1.9 649 118 13%
c s 51.69 1.3 0.9 3 0 8660 0 1.9 1.9 638 117 13%
c s 51.69 1.3 0.9 3 0 8660 0 1.9 1.9 627 116 12%
c s 51.69 1.3 0.9 3 0 8660 0 1.9 1.9 616 115 12%
c s 51.69 1.3 0.9 3 0 8660 0 1.9 1.9 605 114 12%
c s 51.69 1.3 0.9 3 0 8660 0 1.9 1.9 594 113 12%
c
c    time      reduced redundant irredundant
c        space  restarts    glue      variables
c            level conflicts    size    remaining
c
c s 51.69 1.3 0.9 3 0 8660 0 1.9 1.9 583 112 12%
c s 51.69 1.3 0.9 3 0 8660 0 1.9 1.9 572 111 12%
c s 51.69 1.3 0.9 3 0 8660 0 1.9 1.9 561 110 12%
c s 51.72 1.3 0.9 3 0 8669 0 1.9 1.9 551 109 12%
c s 51.74 1.3 0.9 3 0 8678 0 1.9 1.9 542 108 12%
c s 51.75 1.3 0.9 3 0 8687 0 1.9 1.9 534 107 12%
c s 51.77 1.3 0.9 3 0 8696 0 1.9 1.9 527 106 11%
c s 51.79 1.3 0.9 3 0 8705 0 1.9 1.9 521 105 11%
c s 51.81 1.3 0.9 3 0 8714 0 1.9 1.9 516 104 11%
c s 51.83 1.3 0.9 3 0 8723 0 1.9 1.9 512 103 11%
c s 51.85 1.3 0.9 3 0 8732 0 1.9 1.9 509 102 11%
c s 51.87 1.3 0.9 3 0 8741 0 1.9 1.9 507 101 11%
c s 51.89 1.3 0.9 3 0 8750 0 1.9 1.9 506 100 11%
c s 51.89 1.3 0.9 3 0 8750 0 1.9 1.9 505 99 11%
c s 51.89 1.3 0.9 3 0 8750 0 1.9 1.9 495 98 11%
c s 51.89 1.3 0.9 3 0 8750 0 1.9 1.9 485 97 10%
c s 51.90 1.3 0.9 3 0 8750 0 1.9 1.9 475 96 10%
c s 51.90 1.3 0.9 3 0 8750 0 1.9 1.9 465 95 10%
c s 51.90 1.3 0.9 3 0 8750 0 1.9 1.9 455 94 10%
c s 51.90 1.3 0.9 3 0 8750 0 1.9 1.9 445 93 10%
c
c    time      reduced redundant irredundant
c        space  restarts    glue     variables
c            level conflicts    size   remaining
c
c s 51.90 1.3 0.9 3 0 8750 0 1.9 1.9 435 92 10%
c s 51.90 1.3 0.9 3 0 8750 0 1.9 1.9 425 91 10%
c s 51.90 1.3 0.9 3 0 8750 0 1.9 1.9 415 90 10%
c s 51.91 1.3 0.9 3 0 8758 0 1.9 1.9 406 89 10%
c s 51.93 1.3 0.9 3 0 8766 0 1.9 1.9 398 88 9%
c s 51.94 1.3 0.9 3 0 8774 0 1.9 1.9 391 87 9%
c s 51.96 1.3 0.9 3 0 8782 0 1.9 1.9 385 86 9%
c s 51.98 1.3 0.9 3 0 8790 0 1.9 1.9 380 85 9%
c s 51.99 1.3 0.9 3 0 8798 0 1.9 1.9 376 84 9%
c s 52.01 1.3 0.9 3 0 8806 0 1.9 1.9 373 83 9%
c s 52.03 1.3 0.9 3 0 8814 0 1.9 1.9 371 82 9%
c s 52.04 1.3 0.9 3 0 8822 0 1.9 1.9 370 81 9%
c s 52.04 1.3 0.9 3 0 8822 0 1.9 1.9 369 80 9%
c s 52.04 1.3 0.9 3 0 8822 0 1.9 1.9 360 79 8%
c s 52.04 1.3 0.9 3 0 8822 0 1.9 1.9 351 78 8%
c s 52.04 1.3 0.9 3 0 8822 0 1.9 1.9 342 77 8%
c s 52.04 1.3 0.9 3 0 8822 0 1.9 1.9 333 76 8%
c s 52.04 1.3 0.9 3 0 8822 0 1.9 1.9 324 75 8%
c s 52.04 1.3 0.9 3 0 8822 0 1.9 1.9 315 74 8%
c s 52.05 1.3 0.9 3 0 8822 0 1.9 1.9 306 73 8%
c
c    time      reduced redundant irredundant
c        space  restarts    glue     variables
c            level conflicts    size  remaining
c
c s 52.05 1.3 0.9 3 0 8822 0 1.9 1.9 297 72 8%
c s 52.06 1.3 0.9 3 0 8829 0 1.9 1.9 289 71 8%
c s 52.07 1.3 0.9 3 0 8836 0 1.9 1.9 282 70 8%
c s 52.09 1.3 0.9 3 0 8843 0 1.9 1.9 276 69 7%
c s 52.10 1.3 0.9 3 0 8850 0 1.9 1.9 271 68 7%
c s 52.12 1.3 0.9 3 0 8857 0 1.9 1.9 267 67 7%
c s 52.13 1.3 0.9 3 0 8864 0 1.9 1.9 264 66 7%
c s 52.15 1.3 0.9 3 0 8871 0 1.9 1.9 262 65 7%
c s 52.16 1.3 0.9 3 0 8878 0 1.9 1.9 261 64 7%
c s 52.16 1.3 0.9 3 0 8878 0 1.9 1.9 260 63 7%
c s 52.16 1.3 0.9 3 0 8878 0 1.9 1.9 252 62 7%
c s 52.16 1.3 0.9 3 0 8878 0 1.9 1.9 244 61 7%
c s 52.16 1.3 0.9 3 0 8878 0 1.9 1.9 236 60 6%
c s 52.16 1.3 0.9 3 0 8878 0 1.9 1.9 228 59 6%
c s 52.16 1.3 0.9 3 0 8878 0 1.9 1.9 220 58 6%
c s 52.16 1.3 0.9 3 0 8878 0 1.9 1.9 212 57 6%
c s 52.16 1.3 0.9 3 0 8878 0 1.9 1.9 204 56 6%
c s 52.17 1.3 0.9 3 0 8884 0 1.9 1.9 197 55 6%
c s 52.18 1.3 0.9 3 0 8890 0 1.9 1.9 191 54 6%
c s 52.20 1.3 0.9 3 0 8896 0 1.9 1.9 186 53 6%
c
c    time      reduced redundant irredundant
c        space  restarts    glue     variables
c            level conflicts    size  remaining
c
c s 52.21 1.3 0.9 3 0 8902 0 1.9 1.9 182 52 6%
c - 52.21 1.3 0.9 4 0 8904 2 1.9 1.9 182 52 6%
c s 52.22 1.3 0.9 4 0 8908 0 1.9 1.9 179 51 5%
c s 52.23 1.3 0.9 4 0 8914 0 1.9 1.9 177 50 5%
c s 52.24 1.3 0.9 4 0 8920 0 1.9 1.9 176 49 5%
c s 52.24 1.3 0.9 4 0 8920 0 1.9 1.9 175 48 5%
c s 52.24 1.3 0.9 4 0 8920 0 1.9 1.9 168 47 5%
c s 52.24 1.3 0.9 4 0 8920 0 1.9 1.9 161 46 5%
c s 52.24 1.3 0.9 4 0 8920 0 1.9 1.9 154 45 5%
c s 52.24 1.3 0.9 4 0 8920 0 1.9 1.9 147 44 5%
c s 52.24 1.3 0.9 4 0 8920 0 1.9 1.9 140 43 5%
c s 52.24 1.3 0.9 4 0 8920 0 1.9 1.9 133 42 5%
c s 52.25 1.3 0.9 4 0 8925 0 1.9 1.9 127 41 4%
c s 52.26 1.3 0.9 4 0 8930 0 1.9 1.9 122 40 4%
c s 52.27 1.3 0.9 4 0 8935 0 1.9 1.9 118 39 4%
c s 52.28 1.3 0.9 4 0 8940 0 1.9 1.9 115 38 4%
c s 52.29 1.3 0.9 4 0 8945 0 1.9 1.9 113 37 4%
c s 52.30 1.3 0.9 4 0 8950 0 1.9 1.9 112 36 4%
c s 52.30 1.3 0.9 4 0 8950 0 1.9 1.9 111 35 4%
c s 52.30 1.3 0.9 4 0 8950 0 1.9 1.9 105 34 4%
c
c    time      reduced redundant irredundant
c        space  restarts    glue    variables
c            level conflicts    size remaining
c
c s 52.30 1.3 0.9 4 0 8950 0 1.9 1.9 99 33 4%
c s 52.30 1.3 0.9 4 0 8950 0 1.9 1.9 93 32 3%
c s 52.30 1.3 0.9 4 0 8950 0 1.9 1.9 87 31 3%
c s 52.30 1.3 0.9 4 0 8950 0 1.9 1.9 81 30 3%
c s 52.31 1.3 0.9 4 0 8954 0 1.9 1.9 76 29 3%
c s 52.32 1.3 0.9 4 0 8958 0 1.9 1.9 72 28 3%
c s 52.32 1.3 0.9 4 0 8962 0 1.9 1.9 69 27 3%
c s 52.33 1.3 0.9 4 0 8966 0 1.9 1.9 67 26 3%
c s 52.34 1.3 0.9 4 0 8970 0 1.9 1.9 66 25 3%
c s 52.34 1.3 0.9 4 0 8970 0 1.9 1.9 65 24 3%
c s 52.34 1.3 0.9 4 0 8970 0 1.9 1.9 60 23 2%
c s 52.34 1.3 0.9 4 0 8970 0 1.9 1.9 55 22 2%
c s 52.34 1.3 0.9 4 0 8970 0 1.9 1.9 50 21 2%
c s 52.34 1.3 0.9 4 0 8970 0 1.9 1.9 45 20 2%
c s 52.34 1.3 0.9 4 0 8985 0 1.9 1.9 41 19 2%
c s 52.35 1.3 0.9 4 0 9000 0 1.9 1.9 38 18 2%
c s 52.35 1.3 0.9 4 0 9015 0 1.9 1.9 36 17 2%
c s 52.36 1.3 0.9 4 0 9030 0 1.9 1.9 35 16 2%
c s 52.36 1.3 0.9 4 0 9030 0 1.9 1.9 34 15 2%
c s 52.36 1.3 0.9 4 0 9030 0 1.9 1.9 30 14 2%
c
c    time      reduced redundant irredundant
c        space  restarts    glue    variables
c            level conflicts    size remaining
c
c s 52.36 1.3 0.9 4 0 9030 0 1.9 1.9 26 13 1%
c s 52.36 1.3 0.9 4 0 9030 0 1.9 1.9 22 12 1%
c s 52.36 1.3 0.9 4 0 9032 1 1.9 1.9 19 11 1%
c s 52.36 1.3 0.9 4 0 9033 1 1.9 1.9 16 10 1%
c s 52.36 1.3 0.9 4 0 9034 1 1.9 1.9 14 9 1%
c s 52.36 1.3 0.9 4 0 9035 1 1.9 1.9 12 8 1%
c 0 52.36 1.3 0.9 4 0 9037 1 1.9 1.9 12 0 0%
c
s UNSATISFIABLE
c
c simplifications:           922          10  conflicts/simplification  100%
c reductions:                  4        2259  conflicts/reduction       100%
c restarts:                    0           0  conflicts/restart         100%
c conflicts:                9037         173  conflicts/sec              51%
c decisions:                8988         172  decisions/sec              34%
c propagations:         60001556         1.1  millions/sec               99%
c
c pure:                      459           5% of look-aheads
c look-ahead:               9447         105% of outer decisions         36%
c pruned:                   8982          99% of outer conflicts         51%
c generated reducts:       17506          51% satisfiable
c average size:              344           9% of all clauses
c pruning failed:           8524          49% per reduct
c filter checks:         2348137          39% of outer satisfied clauses
c average filtered:          0.0           0% per reduct
c assumed literals:      2794070         1.2  per filter check
c
c collected clauses:        0.69 MB      100% of allocated clauses        1%
c allocated clauses:        0.69 MB        2% of allocated memory         1%
c maximum heap:             1.18 MB       34% of resident set size       93%
c
c looking:                  2.84 sec       5% of process time
c filtering:               21.30 sec      41% of process time
c pruning:                 48.54 sec      93% of process time
c simplifying:              0.51 sec       1% of process time
c
c resident set size:        3.48 MB
c total process time:      52.36 sec
RC=0
