c SaDiCaL SAT Solver
c Copyright (C) 2018 by Armin Biere JKU
c
c Version 00n 47bff7ef874226b4a00ebd20fedf88eb7c4a3a39
c Compiler gcc (Ubuntu 11.4.0-1ubuntu1~22.04) 11.4.0
c Options gcc -Wall -O3 -DNDEBUG -DNLOG
c proof path '/mnt/d/PvsNP/phase4/results/proofs_sadical/F4/tseitin_n40_s1.sadical.dpr'
c
c non default options:
c
c --binary=false
c --force=true
c --witness=false
c
c parsing '/mnt/d/PvsNP/phase4/instances/f4/tseitin_n40_s1.cnf'
c found 'p cnf 60 160' header
c parsed DIMACS in 0.00 seconds
c 
c
c   time      reduced redundant irredundant
c       space  restarts  glue     variables
c           level conflicts  size   remaining
c
c s 0.02 0.0 2.4 0 1 33 0 3.4 3.4 156 59 98%
c s 0.11 0.1 3.3 0 2 162 0 4.3 4.3 152 58 97%
c s 0.12 0.1 3.3 0 3 193 0 4.3 4.3 148 57 95%
c s 0.17 0.1 3.2 0 7 277 1 4.2 4.2 144 56 93%
c s 0.36 0.1 3.6 0 9 690 1 4.6 4.6 140 55 92%
c s 0.37 0.1 3.7 0 11 731 1 4.7 4.7 136 54 90%
c s 0.38 0.1 3.6 0 13 792 0 4.6 4.6 130 52 87%
c s 0.39 0.1 3.6 0 17 838 1 4.6 4.6 124 50 83%
c s 0.40 0.1 3.6 0 20 894 0 4.6 4.6 120 49 82%
c s 0.41 0.1 3.6 0 23 930 0 4.6 4.6 116 48 80%
c s 0.42 0.1 3.6 0 30 961 2 4.6 4.6 110 46 77%
c s 0.42 0.1 3.6 0 32 992 1 4.6 4.6 104 44 73%
c s 0.43 0.1 3.5 0 33 1001 1 4.5 4.5 98 42 70%
c - 0.47 0.1 3.5 1 52 2011 55 4.5 4.5 98 42 70%
c s 0.49 0.1 3.5 1 57 2229 0 4.5 4.5 86 37 62%
c s 0.50 0.1 3.4 1 71 2645 0 4.4 4.4 62 26 43%
c s 0.51 0.1 3.4 1 81 2885 0 4.4 4.4 50 21 35%
c s 0.52 0.1 3.4 1 84 2973 0 4.4 4.4 42 18 30%
c s 0.52 0.1 3.3 1 85 3009 0 4.3 4.4 34 15 25%
c s 0.52 0.1 3.3 1 86 3027 0 4.3 4.3 24 11 18%
c
c   time      reduced  redundant irredundant
c       space   restarts    glue    variables
c           level  conflicts    size remaining
c
c s 0.52 0.1 3.3 1 86 3032 0 4.3 4.3 12 6 10%
c 0 0.52 0.1 3.3 1 86 3034 0 4.3 4.3 12 0 0%
c
s UNSATISFIABLE
c
c simplifications:            20         152  conflicts/simplification  100%
c reductions:                  1        3034  conflicts/reduction       100%
c restarts:                   86          35  conflicts/restart         100%
c conflicts:                3034        5862  conflicts/sec              82%
c decisions:                1200        2319  decisions/sec              45%
c propagations:           130843         0.3  millions/sec               81%
c
c pure:                        0           0% of look-aheads
c look-ahead:               1200         100% of outer decisions         45%
c pruned:                    740          24% of outer conflicts         20%
c generated reducts:        1833          40% satisfiable
c average size:               68          47% of all clauses
c pruning failed:           1093          60% per reduct
c filter checks:           25977          21% of outer satisfied clauses
c average filtered:          1.2           2% per reduct
c assumed literals:        57966         2.2  per filter check
c
c collected clauses:        0.03 MB       99% of allocated clauses        1%
c allocated clauses:        0.03 MB        9% of allocated memory         1%
c maximum heap:             0.07 MB        4% of resident set size       62%
c
c looking:                  0.01 sec       1% of process time
c filtering:                0.14 sec      26% of process time
c pruning:                  0.48 sec      93% of process time
c simplifying:              0.01 sec       1% of process time
c
c resident set size:        1.88 MB
c total process time:       0.52 sec
RC=0
