c SaDiCaL SAT Solver
c Copyright (C) 2018 by Armin Biere JKU
c
c Version 00n 47bff7ef874226b4a00ebd20fedf88eb7c4a3a39
c Compiler gcc (Ubuntu 11.4.0-1ubuntu1~22.04) 11.4.0
c Options gcc -Wall -O3 -DNDEBUG -DNLOG
c proof path '/mnt/d/PvsNP/phase4/results/proofs_sadical/F3/php_17_16.sadical.dpr'
c
c non default options:
c
c --binary=false
c --force=true
c --witness=false
c
c parsing '/mnt/d/PvsNP/phase4/instances/f3/php_17_16.cnf'
c found 'p cnf 272 2193' header
c parsed DIMACS in 0.01 seconds
c 
c
c   time      reduced redundant irredundant
c       space  restarts  glue       variables
c           level conflicts  size      remaining
c
c s 0.04 0.3 0.9 0 0 15 0 1.9 1.9 2177 271 100%
c s 0.09 0.3 0.9 0 0 30 0 1.9 1.9 2162 270 99%
c s 0.13 0.3 0.9 0 0 45 0 1.9 1.9 2148 269 99%
c s 0.17 0.3 0.9 0 0 60 0 1.9 1.9 2135 268 99%
c s 0.21 0.3 0.9 0 0 75 0 1.9 1.9 2123 267 98%
c s 0.26 0.3 0.9 0 0 90 0 1.9 1.9 2112 266 98%
c s 0.30 0.3 0.9 0 0 105 0 1.9 1.9 2102 265 97%
c s 0.34 0.3 0.9 0 0 120 0 1.9 1.9 2093 264 97%
c s 0.37 0.3 0.9 0 0 135 0 1.9 1.9 2085 263 97%
c s 0.40 0.3 0.9 0 0 150 0 1.9 1.9 2078 262 96%
c s 0.43 0.3 0.9 0 0 165 0 1.9 1.9 2072 261 96%
c s 0.47 0.3 0.9 0 0 180 0 1.9 1.9 2067 260 96%
c s 0.49 0.3 0.9 0 0 195 0 1.9 1.9 2063 259 95%
c s 0.52 0.3 0.9 0 0 210 0 1.9 1.9 2060 258 95%
c s 0.55 0.3 0.9 0 0 225 0 1.9 1.9 2058 257 94%
c s 0.58 0.3 0.9 0 0 240 0 1.9 1.9 2057 256 94%
c s 0.58 0.3 0.9 0 0 240 0 1.9 1.9 2056 255 94%
c s 0.58 0.3 0.9 0 0 240 0 1.9 1.9 2040 254 93%
c s 0.58 0.3 0.9 0 0 240 0 1.9 1.9 2024 253 93%
c s 0.58 0.3 0.9 0 0 240 0 1.9 1.9 2008 252 93%
c
c   time      reduced redundant irredundant
c       space  restarts   glue       variables
c           level conflicts   size     remaining
c
c s 0.58 0.3 0.9 0 0 240 0 1.9 1.9 1992 251 92%
c s 0.58 0.3 0.9 0 0 240 0 1.9 1.9 1976 250 92%
c s 0.58 0.3 0.9 0 0 240 0 1.9 1.9 1960 249 92%
c s 0.58 0.3 0.9 0 0 240 0 1.9 1.9 1944 248 91%
c s 0.58 0.3 0.9 0 0 240 0 1.9 1.9 1928 247 91%
c s 0.58 0.3 0.9 0 0 240 0 1.9 1.9 1912 246 90%
c s 0.58 0.3 0.9 0 0 240 0 1.9 1.9 1896 245 90%
c s 0.58 0.3 0.9 0 0 240 0 1.9 1.9 1880 244 90%
c s 0.58 0.3 0.9 0 0 240 0 1.9 1.9 1864 243 89%
c s 0.58 0.3 0.9 0 0 240 0 1.9 1.9 1848 242 89%
c s 0.58 0.3 0.9 0 0 240 0 1.9 1.9 1832 241 89%
c s 0.58 0.3 0.9 0 0 240 0 1.9 1.9 1816 240 88%
c s 0.61 0.3 0.9 0 0 254 0 1.9 1.9 1801 239 88%
c s 0.65 0.3 0.9 0 0 268 0 1.9 1.9 1787 238 88%
c s 0.68 0.3 0.9 0 0 282 0 1.9 1.9 1774 237 87%
c s 0.70 0.3 0.9 0 0 296 0 1.9 1.9 1762 236 87%
c s 0.72 0.3 0.9 0 0 310 0 1.9 1.9 1751 235 86%
c s 0.75 0.3 0.9 0 0 324 0 1.9 1.9 1741 234 86%
c s 0.77 0.3 0.9 0 0 338 0 1.9 1.9 1732 233 86%
c s 0.79 0.3 0.9 0 0 352 0 1.9 1.9 1724 232 85%
c
c   time      reduced redundant irredundant
c       space  restarts   glue       variables
c           level conflicts   size     remaining
c
c s 0.82 0.3 0.9 0 0 366 0 1.9 1.9 1717 231 85%
c s 0.84 0.3 0.9 0 0 380 0 1.9 1.9 1711 230 85%
c s 0.86 0.3 0.9 0 0 394 0 1.9 1.9 1706 229 84%
c s 0.89 0.3 0.9 0 0 408 0 1.9 1.9 1702 228 84%
c s 0.91 0.3 0.9 0 0 422 0 1.9 1.9 1699 227 83%
c s 0.92 0.3 0.9 0 0 436 0 1.9 1.9 1697 226 83%
c s 0.94 0.3 0.9 0 0 450 0 1.9 1.9 1696 225 83%
c s 0.94 0.3 0.9 0 0 450 0 1.9 1.9 1695 224 82%
c s 0.94 0.3 0.9 0 0 450 0 1.9 1.9 1680 223 82%
c s 0.94 0.3 0.9 0 0 450 0 1.9 1.9 1665 222 82%
c s 0.94 0.3 0.9 0 0 450 0 1.9 1.9 1650 221 81%
c s 0.95 0.3 0.9 0 0 450 0 1.9 1.9 1635 220 81%
c s 0.95 0.3 0.9 0 0 450 0 1.9 1.9 1620 219 81%
c s 0.95 0.3 0.9 0 0 450 0 1.9 1.9 1605 218 80%
c s 0.95 0.3 0.9 0 0 450 0 1.9 1.9 1590 217 80%
c s 0.95 0.3 0.9 0 0 450 0 1.9 1.9 1575 216 79%
c s 0.95 0.3 0.9 0 0 450 0 1.9 1.9 1560 215 79%
c s 0.95 0.3 0.9 0 0 450 0 1.9 1.9 1545 214 79%
c s 0.95 0.3 0.9 0 0 450 0 1.9 1.9 1530 213 78%
c s 0.95 0.3 0.9 0 0 450 0 1.9 1.9 1515 212 78%
c
c   time      reduced redundant irredundant
c       space  restarts   glue       variables
c           level conflicts   size     remaining
c
c s 0.95 0.3 0.9 0 0 450 0 1.9 1.9 1500 211 78%
c s 0.95 0.3 0.9 0 0 450 0 1.9 1.9 1485 210 77%
c s 0.97 0.3 0.9 0 0 463 0 1.9 1.9 1471 209 77%
c s 0.98 0.3 0.9 0 0 476 0 1.9 1.9 1458 208 76%
c s 1.00 0.3 0.9 0 0 489 0 1.9 1.9 1446 207 76%
c s 1.02 0.3 0.9 0 0 502 0 1.9 1.9 1435 206 76%
c s 1.03 0.3 0.9 0 0 515 0 1.9 1.9 1425 205 75%
c s 1.05 0.3 0.9 0 0 528 0 1.9 1.9 1416 204 75%
c s 1.07 0.3 0.9 0 0 541 0 1.9 1.9 1408 203 75%
c s 1.09 0.3 0.9 0 0 554 0 1.9 1.9 1401 202 74%
c s 1.11 0.3 0.9 0 0 567 0 1.9 1.9 1395 201 74%
c s 1.16 0.3 0.9 0 0 580 0 1.9 1.9 1390 200 74%
c s 1.17 0.3 0.9 0 0 593 0 1.9 1.9 1386 199 73%
c s 1.20 0.3 0.9 0 0 606 0 1.9 1.9 1383 198 73%
c s 1.23 0.3 0.9 0 0 619 0 1.9 1.9 1381 197 72%
c s 1.25 0.3 0.9 0 0 632 0 1.9 1.9 1380 196 72%
c s 1.25 0.3 0.9 0 0 632 0 1.9 1.9 1379 195 72%
c s 1.25 0.3 0.9 0 0 632 0 1.9 1.9 1365 194 71%
c s 1.25 0.3 0.9 0 0 632 0 1.9 1.9 1351 193 71%
c s 1.25 0.3 0.9 0 0 632 0 1.9 1.9 1337 192 71%
c
c   time      reduced redundant irredundant
c       space  restarts   glue       variables
c           level conflicts   size     remaining
c
c s 1.25 0.3 0.9 0 0 632 0 1.9 1.9 1323 191 70%
c s 1.25 0.3 0.9 0 0 632 0 1.9 1.9 1309 190 70%
c s 1.25 0.3 0.9 0 0 632 0 1.9 1.9 1295 189 69%
c s 1.25 0.3 0.9 0 0 632 0 1.9 1.9 1281 188 69%
c s 1.25 0.3 0.9 0 0 632 0 1.9 1.9 1267 187 69%
c s 1.25 0.3 0.9 0 0 632 0 1.9 1.9 1253 186 68%
c s 1.25 0.3 0.9 0 0 632 0 1.9 1.9 1239 185 68%
c s 1.25 0.3 0.9 0 0 632 0 1.9 1.9 1225 184 68%
c s 1.25 0.3 0.9 0 0 632 0 1.9 1.9 1211 183 67%
c s 1.25 0.3 0.9 0 0 632 0 1.9 1.9 1197 182 67%
c s 1.27 0.3 0.9 0 0 644 0 1.9 1.9 1184 181 67%
c s 1.28 0.3 0.9 0 0 656 0 1.9 1.9 1172 180 66%
c s 1.29 0.3 0.9 0 0 668 0 1.9 1.9 1161 179 66%
c s 1.31 0.3 0.9 0 0 680 0 1.9 1.9 1151 178 65%
c s 1.32 0.3 0.9 0 0 692 0 1.9 1.9 1142 177 65%
c s 1.33 0.3 0.9 0 0 704 0 1.9 1.9 1134 176 65%
c s 1.35 0.3 0.9 0 0 716 0 1.9 1.9 1127 175 64%
c s 1.36 0.3 0.9 0 0 728 0 1.9 1.9 1121 174 64%
c s 1.37 0.3 0.9 0 0 740 0 1.9 1.9 1116 173 64%
c s 1.39 0.3 0.9 0 0 752 0 1.9 1.9 1112 172 63%
c
c   time      reduced redundant irredundant
c       space  restarts   glue       variables
c           level conflicts   size     remaining
c
c s 1.40 0.3 0.9 0 0 764 0 1.9 1.9 1109 171 63%
c s 1.41 0.3 0.9 0 0 776 0 1.9 1.9 1107 170 62%
c s 1.43 0.3 0.9 0 0 788 0 1.9 1.9 1106 169 62%
c s 1.43 0.3 0.9 0 0 788 0 1.9 1.9 1105 168 62%
c s 1.43 0.3 0.9 0 0 788 0 1.9 1.9 1092 167 61%
c s 1.43 0.3 0.9 0 0 788 0 1.9 1.9 1079 166 61%
c s 1.43 0.3 0.9 0 0 788 0 1.9 1.9 1066 165 61%
c s 1.43 0.3 0.9 0 0 788 0 1.9 1.9 1053 164 60%
c s 1.43 0.3 0.9 0 0 788 0 1.9 1.9 1040 163 60%
c s 1.43 0.3 0.9 0 0 788 0 1.9 1.9 1027 162 60%
c s 1.43 0.3 0.9 0 0 788 0 1.9 1.9 1014 161 59%
c s 1.43 0.3 0.9 0 0 788 0 1.9 1.9 1001 160 59%
c s 1.43 0.3 0.9 0 0 788 0 1.9 1.9 988 159 58%
c s 1.43 0.3 0.9 0 0 788 0 1.9 1.9 975 158 58%
c s 1.43 0.3 0.9 0 0 788 0 1.9 1.9 962 157 58%
c s 1.43 0.3 0.9 0 0 788 0 1.9 1.9 949 156 57%
c s 1.44 0.3 0.9 0 0 799 0 1.9 1.9 937 155 57%
c s 1.46 0.3 0.9 0 0 810 0 1.9 1.9 926 154 57%
c s 1.47 0.3 0.9 0 0 821 0 1.9 1.9 916 153 56%
c s 1.48 0.3 0.9 0 0 832 0 1.9 1.9 907 152 56%
c
c   time      reduced redundant irredundant
c       space  restarts   glue      variables
c           level conflicts   size    remaining
c
c s 1.49 0.3 0.9 0 0 843 0 1.9 1.9 899 151 56%
c s 1.50 0.3 0.9 0 0 854 0 1.9 1.9 892 150 55%
c s 1.51 0.3 0.9 0 0 865 0 1.9 1.9 886 149 55%
c s 1.52 0.3 0.9 0 0 876 0 1.9 1.9 881 148 54%
c s 1.54 0.3 0.9 0 0 887 0 1.9 1.9 877 147 54%
c s 1.55 0.3 0.9 0 0 898 0 1.9 1.9 874 146 54%
c s 1.56 0.3 0.9 0 0 909 0 1.9 1.9 872 145 53%
c s 1.57 0.3 0.9 0 0 920 0 1.9 1.9 871 144 53%
c s 1.57 0.3 0.9 0 0 920 0 1.9 1.9 870 143 53%
c s 1.57 0.3 0.9 0 0 920 0 1.9 1.9 858 142 52%
c s 1.57 0.3 0.9 0 0 920 0 1.9 1.9 846 141 52%
c s 1.57 0.3 0.9 0 0 920 0 1.9 1.9 834 140 51%
c s 1.57 0.3 0.9 0 0 920 0 1.9 1.9 822 139 51%
c s 1.57 0.3 0.9 0 0 920 0 1.9 1.9 810 138 51%
c s 1.57 0.3 0.9 0 0 920 0 1.9 1.9 798 137 50%
c s 1.57 0.3 0.9 0 0 920 0 1.9 1.9 786 136 50%
c s 1.57 0.3 0.9 0 0 920 0 1.9 1.9 774 135 50%
c s 1.57 0.3 0.9 0 0 920 0 1.9 1.9 762 134 49%
c s 1.57 0.3 0.9 0 0 920 0 1.9 1.9 750 133 49%
c s 1.57 0.3 0.9 0 0 920 0 1.9 1.9 738 132 49%
c
c   time      reduced redundant irredundant
c       space  restarts   glue      variables
c           level conflicts   size    remaining
c
c s 1.58 0.3 0.9 0 0 930 0 1.9 1.9 727 131 48%
c s 1.59 0.3 0.9 0 0 940 0 1.9 1.9 717 130 48%
c s 1.60 0.3 0.9 0 0 950 0 1.9 1.9 708 129 47%
c s 1.61 0.3 0.9 0 0 960 0 1.9 1.9 700 128 47%
c s 1.62 0.3 0.9 0 0 970 0 1.9 1.9 693 127 47%
c s 1.63 0.3 0.9 0 0 980 0 1.9 1.9 687 126 46%
c s 1.64 0.3 0.9 0 0 990 0 1.9 1.9 682 125 46%
c s 1.65 0.3 0.9 0 0 1000 0 1.9 1.9 678 124 46%
c s 1.66 0.3 0.9 0 0 1010 0 1.9 1.9 675 123 45%
c s 1.67 0.3 0.9 0 0 1020 0 1.9 1.9 673 122 45%
c s 1.68 0.3 0.9 0 0 1030 0 1.9 1.9 672 121 44%
c s 1.68 0.3 0.9 0 0 1030 0 1.9 1.9 671 120 44%
c s 1.68 0.3 0.9 0 0 1030 0 1.9 1.9 660 119 44%
c s 1.68 0.3 0.9 0 0 1030 0 1.9 1.9 649 118 43%
c s 1.68 0.3 0.9 0 0 1030 0 1.9 1.9 638 117 43%
c s 1.68 0.3 0.9 0 0 1030 0 1.9 1.9 627 116 43%
c s 1.68 0.3 0.9 0 0 1030 0 1.9 1.9 616 115 42%
c s 1.68 0.3 0.9 0 0 1030 0 1.9 1.9 605 114 42%
c s 1.68 0.3 0.9 0 0 1030 0 1.9 1.9 594 113 42%
c s 1.68 0.3 0.9 0 0 1030 0 1.9 1.9 583 112 41%
c
c   time      reduced redundant irredundant
c       space  restarts    glue      variables
c           level conflicts    size    remaining
c
c s 1.68 0.3 0.9 0 0 1030 0 1.9 1.9 572 111 41%
c s 1.68 0.3 0.9 0 0 1030 0 1.9 1.9 561 110 40%
c s 1.69 0.3 0.9 0 0 1039 0 1.9 1.9 551 109 40%
c s 1.70 0.3 0.9 0 0 1048 0 1.9 1.9 542 108 40%
c s 1.71 0.3 0.9 0 0 1057 0 1.9 1.9 534 107 39%
c s 1.72 0.3 0.9 0 0 1066 0 1.9 1.9 527 106 39%
c s 1.72 0.3 0.9 0 0 1075 0 1.9 1.9 521 105 39%
c s 1.73 0.3 0.9 0 0 1084 0 1.9 1.9 516 104 38%
c s 1.74 0.3 0.9 0 0 1093 0 1.9 1.9 512 103 38%
c s 1.75 0.3 0.9 0 0 1102 0 1.9 1.9 509 102 38%
c s 1.76 0.3 0.9 0 0 1111 0 1.9 1.9 507 101 37%
c s 1.76 0.3 0.9 0 0 1120 0 1.9 1.9 506 100 37%
c s 1.76 0.3 0.9 0 0 1120 0 1.9 1.9 505 99 36%
c s 1.76 0.3 0.9 0 0 1120 0 1.9 1.9 495 98 36%
c s 1.76 0.3 0.9 0 0 1120 0 1.9 1.9 485 97 36%
c s 1.77 0.3 0.9 0 0 1120 0 1.9 1.9 475 96 35%
c s 1.77 0.3 0.9 0 0 1120 0 1.9 1.9 465 95 35%
c s 1.77 0.3 0.9 0 0 1120 0 1.9 1.9 455 94 35%
c s 1.77 0.3 0.9 0 0 1120 0 1.9 1.9 445 93 34%
c s 1.77 0.3 0.9 0 0 1120 0 1.9 1.9 435 92 34%
c
c   time      reduced redundant irredundant
c       space  restarts    glue     variables
c           level conflicts    size   remaining
c
c s 1.77 0.3 0.9 0 0 1120 0 1.9 1.9 425 91 33%
c s 1.77 0.3 0.9 0 0 1120 0 1.9 1.9 415 90 33%
c s 1.77 0.3 0.9 0 0 1128 0 1.9 1.9 406 89 33%
c s 1.78 0.3 0.9 0 0 1136 0 1.9 1.9 398 88 32%
c s 1.79 0.3 0.9 0 0 1144 0 1.9 1.9 391 87 32%
c s 1.79 0.3 0.9 0 0 1152 0 1.9 1.9 385 86 32%
c s 1.80 0.3 0.9 0 0 1160 0 1.9 1.9 380 85 31%
c s 1.81 0.3 0.9 0 0 1168 0 1.9 1.9 376 84 31%
c s 1.81 0.3 0.9 0 0 1176 0 1.9 1.9 373 83 31%
c s 1.82 0.3 0.9 0 0 1184 0 1.9 1.9 371 82 30%
c s 1.82 0.3 0.9 0 0 1192 0 1.9 1.9 370 81 30%
c s 1.82 0.3 0.9 0 0 1192 0 1.9 1.9 369 80 29%
c s 1.82 0.3 0.9 0 0 1192 0 1.9 1.9 360 79 29%
c s 1.82 0.3 0.9 0 0 1192 0 1.9 1.9 351 78 29%
c s 1.82 0.3 0.9 0 0 1192 0 1.9 1.9 342 77 28%
c s 1.82 0.3 0.9 0 0 1192 0 1.9 1.9 333 76 28%
c s 1.82 0.3 0.9 0 0 1192 0 1.9 1.9 324 75 28%
c s 1.82 0.3 0.9 0 0 1192 0 1.9 1.9 315 74 27%
c s 1.83 0.3 0.9 0 0 1192 0 1.9 1.9 306 73 27%
c s 1.83 0.3 0.9 0 0 1192 0 1.9 1.9 297 72 26%
c
c   time      reduced redundant irredundant
c       space  restarts    glue     variables
c           level conflicts    size   remaining
c
c s 1.83 0.3 0.9 0 0 1199 0 1.9 1.9 289 71 26%
c s 1.84 0.3 0.9 0 0 1206 0 1.9 1.9 282 70 26%
c s 1.84 0.3 0.9 0 0 1213 0 1.9 1.9 276 69 25%
c s 1.85 0.3 0.9 0 0 1220 0 1.9 1.9 271 68 25%
c s 1.85 0.3 0.9 0 0 1227 0 1.9 1.9 267 67 25%
c s 1.85 0.3 0.9 0 0 1234 0 1.9 1.9 264 66 24%
c s 1.86 0.3 0.9 0 0 1241 0 1.9 1.9 262 65 24%
c s 1.86 0.3 0.9 0 0 1248 0 1.9 1.9 261 64 24%
c s 1.87 0.3 0.9 0 0 1248 0 1.9 1.9 260 63 23%
c s 1.87 0.3 0.9 0 0 1248 0 1.9 1.9 252 62 23%
c s 1.87 0.3 0.9 0 0 1248 0 1.9 1.9 244 61 22%
c s 1.87 0.3 0.9 0 0 1248 0 1.9 1.9 236 60 22%
c s 1.87 0.3 0.9 0 0 1248 0 1.9 1.9 228 59 22%
c s 1.87 0.3 0.9 0 0 1248 0 1.9 1.9 220 58 21%
c s 1.87 0.3 0.9 0 0 1248 0 1.9 1.9 212 57 21%
c s 1.87 0.3 0.9 0 0 1248 0 1.9 1.9 204 56 21%
c s 1.87 0.3 0.9 0 0 1254 0 1.9 1.9 197 55 20%
c s 1.88 0.3 0.9 0 0 1260 0 1.9 1.9 191 54 20%
c s 1.88 0.3 0.9 0 0 1266 0 1.9 1.9 186 53 19%
c s 1.88 0.3 0.9 0 0 1272 0 1.9 1.9 182 52 19%
c
c   time      reduced redundant irredundant
c       space  restarts    glue     variables
c           level conflicts    size   remaining
c
c s 1.89 0.3 0.9 0 0 1278 0 1.9 1.9 179 51 19%
c s 1.89 0.3 0.9 0 0 1284 0 1.9 1.9 177 50 18%
c s 1.90 0.3 0.9 0 0 1290 0 1.9 1.9 176 49 18%
c s 1.90 0.3 0.9 0 0 1290 0 1.9 1.9 175 48 18%
c s 1.90 0.3 0.9 0 0 1290 0 1.9 1.9 168 47 17%
c s 1.90 0.3 0.9 0 0 1290 0 1.9 1.9 161 46 17%
c s 1.90 0.3 0.9 0 0 1290 0 1.9 1.9 154 45 17%
c s 1.90 0.3 0.9 0 0 1290 0 1.9 1.9 147 44 16%
c s 1.90 0.3 0.9 0 0 1290 0 1.9 1.9 140 43 16%
c s 1.90 0.3 0.9 0 0 1290 0 1.9 1.9 133 42 15%
c s 1.90 0.3 0.9 0 0 1295 0 1.9 1.9 127 41 15%
c s 1.90 0.3 0.9 0 0 1300 0 1.9 1.9 122 40 15%
c s 1.91 0.3 0.9 0 0 1305 0 1.9 1.9 118 39 14%
c s 1.91 0.3 0.9 0 0 1310 0 1.9 1.9 115 38 14%
c s 1.91 0.3 0.9 0 0 1315 0 1.9 1.9 113 37 14%
c s 1.91 0.3 0.9 0 0 1320 0 1.9 1.9 112 36 13%
c s 1.91 0.3 0.9 0 0 1320 0 1.9 1.9 111 35 13%
c s 1.91 0.3 0.9 0 0 1320 0 1.9 1.9 105 34 12%
c s 1.91 0.3 0.9 0 0 1320 0 1.9 1.9 99 33 12%
c s 1.91 0.3 0.9 0 0 1320 0 1.9 1.9 93 32 12%
c
c   time      reduced redundant irredundant
c       space  restarts    glue    variables
c           level conflicts    size  remaining
c
c s 1.91 0.3 0.9 0 0 1320 0 1.9 1.9 87 31 11%
c s 1.91 0.3 0.9 0 0 1320 0 1.9 1.9 81 30 11%
c s 1.92 0.3 0.9 0 0 1324 0 1.9 1.9 76 29 11%
c s 1.92 0.3 0.9 0 0 1328 0 1.9 1.9 72 28 10%
c s 1.92 0.3 0.9 0 0 1332 0 1.9 1.9 69 27 10%
c s 1.92 0.3 0.9 0 0 1336 0 1.9 1.9 67 26 10%
c s 1.93 0.3 0.9 0 0 1340 0 1.9 1.9 66 25 9%
c s 1.93 0.3 0.9 0 0 1340 0 1.9 1.9 65 24 9%
c s 1.93 0.3 0.9 0 0 1340 0 1.9 1.9 60 23 8%
c s 1.93 0.3 0.9 0 0 1340 0 1.9 1.9 55 22 8%
c s 1.93 0.3 0.9 0 0 1340 0 1.9 1.9 50 21 8%
c s 1.93 0.3 0.9 0 0 1340 0 1.9 1.9 45 20 7%
c s 1.93 0.3 0.9 0 0 1355 0 1.9 1.9 41 19 7%
c s 1.93 0.3 0.9 0 0 1370 0 1.9 1.9 38 18 7%
c s 1.93 0.3 0.9 0 0 1385 0 1.9 1.9 36 17 6%
c s 1.93 0.3 0.9 0 0 1400 0 1.9 1.9 35 16 6%
c s 1.93 0.3 0.9 0 0 1400 0 1.9 1.9 34 15 6%
c s 1.93 0.3 0.9 0 0 1400 0 1.9 1.9 30 14 5%
c s 1.93 0.3 0.9 0 0 1400 0 1.9 1.9 26 13 5%
c s 1.93 0.3 0.9 0 0 1400 0 1.9 1.9 22 12 4%
c
c   time      reduced redundant irredundant
c       space  restarts    glue    variables
c           level conflicts    size remaining
c
c s 1.93 0.3 0.9 0 0 1402 1 1.9 1.9 19 11 4%
c s 1.93 0.3 0.9 0 0 1403 1 1.9 1.9 16 10 4%
c s 1.93 0.3 0.9 0 0 1404 1 1.9 1.9 14 9 3%
c s 1.93 0.3 0.9 0 0 1405 1 1.9 1.9 12 8 3%
c 0 1.93 0.3 0.9 0 0 1407 1 1.9 1.9 12 0 0%
c
s UNSATISFIABLE
c
c simplifications:           264           5  conflicts/simplification  100%
c reductions:                  0           0  conflicts/reduction       100%
c restarts:                    0           0  conflicts/restart         100%
c conflicts:                1407         727  conflicts/sec              53%
c decisions:                1358         702  decisions/sec              35%
c propagations:          1383122         0.7  millions/sec               96%
c
c pure:                      130           9% of look-aheads
c look-ahead:               1488         110% of outer decisions         39%
c pruned:                   1352          96% of outer conflicts         51%
c generated reducts:        2575          53% satisfiable
c average size:              107          17% of all clauses
c pruning failed:           1223          47% per reduct
c filter checks:           99464          36% of outer satisfied clauses
c average filtered:          0.0           0% per reduct
c assumed literals:       131354         1.3  per filter check
c
c collected clauses:        0.10 MB      100% of allocated clauses        2%
c allocated clauses:        0.11 MB        4% of allocated memory         2%
c maximum heap:             0.25 MB       12% of resident set size       88%
c
c looking:                  0.09 sec       5% of process time
c filtering:                0.63 sec      33% of process time
c pruning:                  1.73 sec      90% of process time
c simplifying:              0.03 sec       1% of process time
c
c resident set size:        2.13 MB
c total process time:       1.93 sec
RC=0
