c SaDiCaL SAT Solver
c Copyright (C) 2018 by Armin Biere JKU
c
c Version 00n 47bff7ef874226b4a00ebd20fedf88eb7c4a3a39
c Compiler gcc (Ubuntu 11.4.0-1ubuntu1~22.04) 11.4.0
c Options gcc -Wall -O3 -DNDEBUG -DNLOG
c proof path '/mnt/d/PvsNP/phase4/results/proofs_sadical/F4/tseitin_n20_s6.sadical.dpr'
c
c non default options:
c
c --binary=false
c --force=true
c --witness=false
c
c parsing '/mnt/d/PvsNP/phase4/instances/f4/tseitin_n20_s6.cnf'
c found 'p cnf 30 80' header
c parsed DIMACS in 0.00 seconds
c 
c
c   time      reduced redundant irredundant
c       space  restarts  glue    variables
c           level conflicts  size  remaining
c
c s 0.01 0.0 2.3 0 3 29 0 3.3 3.3 76 29 97%
c s 0.01 0.0 2.5 0 6 51 1 3.5 3.5 72 28 93%
c s 0.02 0.0 2.5 0 9 113 2 3.5 3.5 66 26 87%
c s 0.02 0.0 2.6 0 13 153 4 3.6 3.6 62 25 83%
c s 0.03 0.0 2.4 0 18 239 4 3.4 3.4 58 24 80%
c s 0.04 0.0 2.3 0 28 545 4 3.3 3.3 50 21 70%
c s 0.04 0.0 2.3 0 34 688 2 3.3 3.3 34 14 47%
c s 0.04 0.0 2.2 0 36 750 1 3.2 3.2 30 13 43%
c s 0.04 0.0 2.1 0 37 771 1 3.1 3.1 20 9 30%
c 0 0.04 0.0 2.1 0 37 778 1 3.1 3.1 20 0 0%
c
s UNSATISFIABLE
c
c simplifications:             9          86  conflicts/simplification  100%
c reductions:                  0           0  conflicts/reduction       100%
c restarts:                   37          21  conflicts/restart         100%
c conflicts:                 778       18326  conflicts/sec              95%
c decisions:                 212        4994  decisions/sec              50%
c propagations:            11068         0.3  millions/sec               84%
c
c pure:                        0           0% of look-aheads
c look-ahead:                212         100% of outer decisions         50%
c pruned:                     82          11% of outer conflicts         10%
c generated reducts:         247          33% satisfiable
c average size:               21          40% of all clauses
c pruning failed:            165          67% per reduct
c filter checks:            2199          38% of outer satisfied clauses
c average filtered:          2.8          12% per reduct
c assumed literals:         4574         2.1  per filter check
c
c collected clauses:        0.00 MB       87% of allocated clauses        5%
c allocated clauses:        0.01 MB       11% of allocated memory         5%
c maximum heap:             0.02 MB        2% of resident set size       60%
c
c looking:                  0.00 sec       3% of process time
c filtering:                0.01 sec      25% of process time
c pruning:                  0.03 sec      72% of process time
c simplifying:              0.00 sec       2% of process time
c
c resident set size:        0.92 MB
c total process time:       0.04 sec
RC=0
