c SaDiCaL SAT Solver
c Copyright (C) 2018 by Armin Biere JKU
c
c Version 00n 47bff7ef874226b4a00ebd20fedf88eb7c4a3a39
c Compiler gcc (Ubuntu 11.4.0-1ubuntu1~22.04) 11.4.0
c Options gcc -Wall -O3 -DNDEBUG -DNLOG
c proof path '/mnt/d/PvsNP/phase4/results/proofs_sadical/F4/tseitin_n20_s0.sadical.dpr'
c
c non default options:
c
c --binary=false
c --force=true
c --witness=false
c
c parsing '/mnt/d/PvsNP/phase4/instances/f4/tseitin_n20_s0.cnf'
c found 'p cnf 30 80' header
c parsed DIMACS in 0.00 seconds
c 
c
c   time      reduced redundant irredundant
c       space  restarts  glue    variables
c           level conflicts  size  remaining
c
c s 0.01 0.0 2.3 0 5 14 1 3.3 3.3 76 29 97%
c s 0.02 0.0 2.2 0 9 26 1 3.2 3.2 72 28 93%
c s 0.03 0.0 2.8 0 18 69 1 3.8 3.8 68 27 90%
c s 0.04 0.0 2.6 0 27 109 1 3.6 3.6 58 23 77%
c s 0.04 0.0 2.5 0 33 139 1 3.5 3.5 52 21 70%
c s 0.04 0.0 2.4 0 36 153 1 3.4 3.4 46 19 63%
c s 0.05 0.0 2.3 0 39 201 1 3.3 3.3 38 16 53%
c s 0.05 0.0 2.3 0 40 215 1 3.3 3.3 20 8 27%
c s 0.05 0.0 2.2 0 40 224 0 3.2 3.2 14 6 20%
c s 0.05 0.0 2.2 0 40 229 0 3.2 3.2 6 3 10%
c 0 0.05 0.0 2.1 0 40 231 0 3.1 3.2 6 0 0%
c
s UNSATISFIABLE
c
c simplifications:            10          23  conflicts/simplification  100%
c reductions:                  0           0  conflicts/reduction       100%
c restarts:                   40           6  conflicts/restart         100%
c conflicts:                 231        4799  conflicts/sec              87%
c decisions:                 226        4696  decisions/sec              51%
c propagations:             9506         0.2  millions/sec               81%
c
c pure:                        0           0% of look-aheads
c look-ahead:                226         100% of outer decisions         51%
c pruned:                     82          35% of outer conflicts         31%
c generated reducts:         257          32% satisfiable
c average size:               24          38% of all clauses
c pruning failed:            175          68% per reduct
c filter checks:            2022          33% of outer satisfied clauses
c average filtered:          0.6           2% per reduct
c assumed literals:         4079         2.0  per filter check
c
c collected clauses:        0.01 MB       97% of allocated clauses        4%
c allocated clauses:        0.01 MB       11% of allocated memory         5%
c maximum heap:             0.02 MB        2% of resident set size       58%
c
c looking:                  0.00 sec       3% of process time
c filtering:                0.01 sec      22% of process time
c pruning:                  0.04 sec      73% of process time
c simplifying:              0.00 sec       2% of process time
c
c resident set size:        0.91 MB
c total process time:       0.05 sec
RC=0
