c SaDiCaL SAT Solver
c Copyright (C) 2018 by Armin Biere JKU
c
c Version 00n 47bff7ef874226b4a00ebd20fedf88eb7c4a3a39
c Compiler gcc (Ubuntu 11.4.0-1ubuntu1~22.04) 11.4.0
c Options gcc -Wall -O3 -DNDEBUG -DNLOG
c proof path '/mnt/d/PvsNP/phase4/results/proofs_sadical/F4/tseitin_n80_s3.sadical.dpr'
c
c non default options:
c
c --binary=false
c --force=true
c --witness=false
c
c parsing '/mnt/d/PvsNP/phase4/instances/f4/tseitin_n80_s3.cnf'
c found 'p cnf 120 320' header
c parsed DIMACS in 0.00 seconds
c 
c
c   time      reduced redundant irredundant
c       space  restarts  glue      variables
c           level conflicts  size    remaining
c
c s 0.07 0.1 4.2 0 2 93 0 5.2 5.2 316 119 99%
c s 0.15 0.1 3.4 0 4 142 0 4.4 4.4 312 118 98%
c s 2.52 0.3 4.7 0 5 1678 0 5.7 5.7 308 117 98%
c - 2.74 0.3 4.9 1 7 2001 188 5.9 5.9 308 117 98%
c s 3.33 0.3 4.6 1 7 2573 0 5.6 5.6 304 116 97%
c s 3.44 0.3 4.5 1 8 2702 0 5.5 5.5 300 115 96%
c s 3.49 0.3 4.5 1 19 2717 2 5.5 5.5 296 114 95%
c s 3.54 0.3 4.5 1 24 2758 3 5.5 5.5 292 113 94%
c - 4.10 0.3 4.9 2 25 4003 437 5.9 5.9 292 113 94%
c s 7.49 0.4 4.9 2 46 5459 3 5.9 5.9 288 112 93%
c - 7.71 0.4 4.9 3 51 6307 216 5.9 5.9 288 112 93%
c s 7.84 0.4 4.9 3 53 6454 3 5.9 5.9 284 111 92%
c s 7.90 0.4 4.9 3 54 6646 2 5.9 5.9 278 109 91%
c s 7.96 0.4 4.8 3 55 6819 2 5.8 5.8 274 108 90%
c s 8.64 0.4 4.8 3 57 8658 2 5.8 5.8 270 107 89%
c - 8.72 0.4 4.7 4 58 8910 75 5.7 5.7 270 107 89%
c s 8.76 0.4 4.7 4 58 9050 1 5.7 5.7 264 105 88%
c s 8.85 0.4 4.7 4 61 9190 1 5.7 5.7 258 103 86%
c s 9.12 0.4 4.6 4 63 9804 1 5.6 5.6 254 102 85%
c s 9.15 0.4 4.6 4 64 9828 1 5.6 5.6 246 99 82%
c
c   time      reduced  redundant irredundant
c       space   restarts    glue     variables
c           level  conflicts    size   remaining
c
c s 9.18 0.4 4.6 4 68 9899 3 5.6 5.6 242 98 82%
c s 9.21 0.4 4.6 4 69 9965 2 5.6 5.6 234 95 79%
c s 11.12 0.6 4.7 4 70 11502 2 5.7 5.7 230 94 78%
c - 11.27 0.6 4.8 5 72 11811 118 5.8 5.8 230 94 78%
c - 14.59 0.6 5.3 6 292 15013 1110 6.3 6.3 230 94 78%
c - 36.76 1.2 5.5 7 399 18515 2879 6.5 6.5 230 94 78%
c s 45.73 1.2 5.4 7 399 19411 1 6.4 6.4 220 90 75%
c s 45.79 1.2 5.4 7 401 19524 1 6.4 6.4 214 88 73%
c s 45.80 1.2 5.4 7 404 19552 1 6.4 6.4 210 87 72%
c - 47.96 1.2 5.5 8 406 22317 1049 6.5 6.5 210 87 72%
c s 52.97 1.2 5.4 8 406 24941 1 6.4 6.4 206 86 72%
c s 53.09 1.2 5.4 8 408 25311 1 6.4 6.4 200 84 70%
c s 53.20 1.2 5.4 8 410 25616 2 6.4 6.4 192 81 68%
c s 53.23 1.2 5.4 8 416 25709 3 6.4 6.4 182 77 64%
c s 53.26 1.2 5.4 8 417 25774 1 6.4 6.4 174 74 62%
c s 53.27 1.2 5.4 8 419 25803 1 6.4 6.4 160 68 57%
c s 53.28 1.2 5.4 8 420 25827 1 6.4 6.4 152 65 54%
c s 53.46 1.2 5.3 8 468 26256 3 6.3 6.3 146 63 52%
c s 53.48 1.2 5.3 8 474 26319 4 6.3 6.3 140 61 51%
c s 53.49 1.2 5.3 8 481 26401 16 6.3 6.3 130 57 48%
c
c    time      reduced    redundant  irredundant
c        space   restarts       glue     variables
c            level    conflicts     size   remaining
c
c - 53.49 1.2 5.3 9 481 26420 17 6.3 6.3 130 57 48%
c s 53.50 1.2 5.3 9 488 26501 18 6.3 6.3 120 53 44%
c s 53.51 1.2 5.3 9 493 26552 14 6.3 6.3 112 50 42%
c s 53.53 1.2 5.3 9 498 26790 8 6.3 6.3 102 46 38%
c s 53.54 1.2 5.3 9 504 27031 8 6.3 6.3 86 39 32%
c s 53.54 1.2 5.3 9 507 27053 1 6.3 6.3 64 29 24%
c s 53.54 1.2 5.3 9 509 27073 1 6.3 6.3 50 23 19%
c s 53.55 1.2 5.3 9 509 27093 1 6.3 6.3 38 18 15%
c s 53.55 1.2 5.3 9 509 27098 1 6.3 6.3 24 12 10%
c 0 53.55 1.2 5.3 9 509 27100 1 6.3 6.3 24 0 0%
c
s UNSATISFIABLE
c
c simplifications:            40         678  conflicts/simplification  100%
c reductions:                  9        3011  conflicts/reduction       100%
c restarts:                  509          53  conflicts/restart         100%
c conflicts:               27100         506  conflicts/sec              68%
c decisions:               15551         290  decisions/sec              55%
c propagations:          3262307         0.1  millions/sec               80%
c
c pure:                        0           0% of look-aheads
c look-ahead:              15551         100% of outer decisions         55%
c pruned:                  11861          44% of outer conflicts         30%
c generated reducts:       26862          44% satisfiable
c average size:              521          77% of all clauses
c pruning failed:          15001          56% per reduct
c filter checks:          668384           5% of outer satisfied clauses
c average filtered:          0.6           0% per reduct
c assumed literals:      1546729         2.3  per filter check
c
c collected clauses:        0.56 MB      100% of allocated clauses        0%
c allocated clauses:        0.57 MB        5% of allocated memory         0%
c maximum heap:             0.72 MB       22% of resident set size       59%
c
c looking:                  0.09 sec       0% of process time
c filtering:                6.08 sec      11% of process time
c pruning:                 52.95 sec      99% of process time
c simplifying:              0.09 sec       0% of process time
c
c resident set size:        3.28 MB
c total process time:      53.55 sec
RC=0
