c SaDiCaL SAT Solver
c Copyright (C) 2018 by Armin Biere JKU
c
c Version 00n 47bff7ef874226b4a00ebd20fedf88eb7c4a3a39
c Compiler gcc (Ubuntu 11.4.0-1ubuntu1~22.04) 11.4.0
c Options gcc -Wall -O3 -DNDEBUG -DNLOG
c proof path '/mnt/d/PvsNP/phase4/results/proofs_sadical/F4/tseitin_n60_s7.sadical.dpr'
c
c non default options:
c
c --binary=false
c --force=true
c --witness=false
c
c parsing '/mnt/d/PvsNP/phase4/instances/f4/tseitin_n60_s7.cnf'
c found 'p cnf 90 240' header
c parsed DIMACS in 0.00 seconds
c 
c
c   time      reduced redundant irredundant
c       space  restarts   glue     variables
c           level conflicts   size   remaining
c
c s 0.30 0.1 3.6 0 1 384 0 4.6 4.6 236 89 99%
c s 0.36 0.1 3.5 0 2 480 0 4.5 4.5 232 88 98%
c s 0.38 0.1 3.6 0 3 486 0 4.6 4.6 228 87 97%
c s 0.63 0.1 3.9 0 5 912 0 4.9 4.9 224 86 96%
c s 0.69 0.1 3.8 0 7 1011 0 4.8 4.8 220 85 94%
c s 0.94 0.2 3.9 0 8 1268 0 4.9 4.9 216 84 93%
c - 1.56 0.2 4.3 1 10 2002 484 5.3 5.3 216 84 93%
c s 1.63 0.2 4.2 1 10 2047 0 5.2 5.2 212 83 92%
c s 1.67 0.2 4.2 1 13 2160 0 5.2 5.2 206 81 90%
c s 1.81 0.2 4.1 1 20 2574 1 5.1 5.1 200 79 88%
c s 1.83 0.2 4.1 1 21 2609 1 5.1 5.1 196 78 87%
c s 1.94 0.2 4.0 1 22 2952 1 5.0 5.0 190 76 84%
c s 2.15 0.2 4.0 1 23 3635 0 5.0 5.0 184 74 82%
c s 2.17 0.2 4.0 1 26 3709 0 5.0 5.0 176 71 79%
c s 2.19 0.2 4.0 1 28 3771 1 5.0 5.0 172 70 78%
c s 2.20 0.2 4.0 1 30 3807 0 5.0 5.0 168 69 77%
c - 2.27 0.2 4.0 2 32 4004 81 5.0 5.0 168 69 77%
c s 2.30 0.2 4.0 2 32 4100 0 5.0 5.0 160 66 73%
c s 2.62 0.2 4.0 2 34 4655 1 5.0 5.0 156 65 72%
c s 2.65 0.2 4.0 2 37 4808 2 5.0 5.0 152 64 71%
c
c   time      reduced  redundant irredundant
c       space   restarts    glue     variables
c           level  conflicts    size   remaining
c
c s 2.66 0.2 4.0 2 41 4887 4 5.0 5.0 148 63 70%
c s 2.66 0.2 4.0 2 42 4926 4 5.0 5.0 142 61 68%
c s 2.68 0.2 4.0 2 44 5042 4 5.0 5.0 138 60 67%
c s 2.69 0.2 3.9 2 48 5129 6 4.9 4.9 132 58 64%
c s 2.71 0.2 3.9 2 56 5320 7 4.9 4.9 126 56 62%
c s 2.72 0.2 3.9 2 62 5507 10 4.9 4.9 120 54 60%
c s 2.73 0.2 3.9 2 68 5595 7 4.9 4.9 112 51 57%
c s 2.74 0.2 3.9 2 72 5694 3 4.9 4.9 84 38 42%
c s 2.74 0.2 3.9 2 75 5760 0 4.9 4.9 68 31 34%
c s 2.75 0.2 3.9 2 77 5788 0 4.9 4.9 42 19 21%
c s 2.75 0.2 3.9 2 78 5802 0 4.9 4.9 26 12 13%
c s 2.75 0.2 3.9 2 78 5807 0 4.9 4.9 8 4 4%
c 0 2.75 0.2 3.9 2 78 5809 0 4.9 4.9 8 0 0%
c
s UNSATISFIABLE
c
c simplifications:            30         194  conflicts/simplification  100%
c reductions:                  2        2904  conflicts/reduction       100%
c restarts:                   78          74  conflicts/restart         100%
c conflicts:                5809        2113  conflicts/sec              71%
c decisions:                3293        1198  decisions/sec              54%
c propagations:           469928         0.2  millions/sec               79%
c
c pure:                        0           0% of look-aheads
c look-ahead:               3293         100% of outer decisions         54%
c pruned:                   2556          44% of outer conflicts         31%
c generated reducts:        5740          45% satisfiable
c average size:              110          46% of all clauses
c pruning failed:           3184          55% per reduct
c filter checks:          102773          16% of outer satisfied clauses
c average filtered:          0.6           1% per reduct
c assumed literals:       247374         2.4  per filter check
c
c collected clauses:        0.11 MB      100% of allocated clauses        1%
c allocated clauses:        0.11 MB        7% of allocated memory         1%
c maximum heap:             0.16 MB        8% of resident set size       70%
c
c looking:                  0.03 sec       1% of process time
c filtering:                0.66 sec      24% of process time
c pruning:                  2.63 sec      96% of process time
c simplifying:              0.02 sec       1% of process time
c
c resident set size:        2.02 MB
c total process time:       2.75 sec
RC=0
