c SaDiCaL SAT Solver
c Copyright (C) 2018 by Armin Biere JKU
c
c Version 00n 47bff7ef874226b4a00ebd20fedf88eb7c4a3a39
c Compiler gcc (Ubuntu 11.4.0-1ubuntu1~22.04) 11.4.0
c Options gcc -Wall -O3 -DNDEBUG -DNLOG
c proof path '/mnt/d/PvsNP/phase4/results/proofs_sadical/F4/tseitin_n20_s2.sadical.dpr'
c
c non default options:
c
c --binary=false
c --force=true
c --witness=false
c
c parsing '/mnt/d/PvsNP/phase4/instances/f4/tseitin_n20_s2.cnf'
c found 'p cnf 30 80' header
c parsed DIMACS in 0.00 seconds
c 
c
c   time      reduced redundant irredundant
c       space  restarts  glue    variables
c           level conflicts  size  remaining
c
c s 0.01 0.0 2.1 0 6 21 5 3.1 3.1 76 29 97%
c s 0.01 0.0 2.3 0 8 60 5 3.3 3.3 72 28 93%
c s 0.02 0.0 2.2 0 10 81 0 3.2 3.2 66 26 87%
c s 0.02 0.0 2.3 0 12 98 0 3.3 3.3 58 23 77%
c s 0.02 0.0 2.2 0 14 116 0 3.2 3.2 50 20 67%
c s 0.03 0.0 2.2 0 17 133 0 3.2 3.2 40 16 53%
c s 0.03 0.0 2.0 0 23 180 2 3.0 3.0 32 13 43%
c s 0.03 0.0 1.9 0 24 215 1 2.9 2.9 20 8 27%
c s 0.03 0.0 1.8 0 24 224 0 2.8 2.9 14 6 20%
c s 0.03 0.0 1.8 0 24 229 0 2.8 2.8 6 3 10%
c 0 0.03 0.0 1.7 0 24 231 0 2.7 2.8 6 0 0%
c
s UNSATISFIABLE
c
c simplifications:            10          23  conflicts/simplification  100%
c reductions:                  0           0  conflicts/reduction       100%
c restarts:                   24          10  conflicts/restart         100%
c conflicts:                 231        7731  conflicts/sec              93%
c decisions:                 144        4819  decisions/sec              56%
c propagations:             6571         0.2  millions/sec               85%
c
c pure:                        0           0% of look-aheads
c look-ahead:                144         100% of outer decisions         56%
c pruned:                     54          23% of outer conflicts         22%
c generated reducts:         163          33% satisfiable
c average size:               18          33% of all clauses
c pruning failed:            109          67% per reduct
c filter checks:            1296          41% of outer satisfied clauses
c average filtered:          1.1           5% per reduct
c assumed literals:         2739         2.1  per filter check
c
c collected clauses:        0.00 MB       96% of allocated clauses        8%
c allocated clauses:        0.00 MB       11% of allocated memory         8%
c maximum heap:             0.02 MB        2% of resident set size       57%
c
c looking:                  0.00 sec       3% of process time
c filtering:                0.01 sec      22% of process time
c pruning:                  0.02 sec      65% of process time
c simplifying:              0.00 sec       2% of process time
c
c resident set size:        0.96 MB
c total process time:       0.03 sec
RC=0
