c SaDiCaL SAT Solver
c Copyright (C) 2018 by Armin Biere JKU
c
c Version 00n 47bff7ef874226b4a00ebd20fedf88eb7c4a3a39
c Compiler gcc (Ubuntu 11.4.0-1ubuntu1~22.04) 11.4.0
c Options gcc -Wall -O3 -DNDEBUG -DNLOG
c proof path '/mnt/d/PvsNP/phase4/results/proofs_sadical/F4/tseitin_n40_s3.sadical.dpr'
c
c non default options:
c
c --binary=false
c --force=true
c --witness=false
c
c parsing '/mnt/d/PvsNP/phase4/instances/f4/tseitin_n40_s3.cnf'
c found 'p cnf 60 160' header
c parsed DIMACS in 0.00 seconds
c 
c
c   time      reduced redundant irredundant
c       space  restarts  glue     variables
c           level conflicts  size   remaining
c
c s 0.02 0.0 2.5 0 2 63 0 3.5 3.5 156 59 98%
c s 0.03 0.0 3.1 0 4 73 0 4.1 4.1 152 58 97%
c s 0.05 0.0 2.9 0 5 106 0 3.9 3.9 146 56 93%
c s 0.06 0.0 2.8 0 6 123 0 3.8 3.8 142 55 92%
c s 0.28 0.1 3.8 0 8 731 0 4.8 4.8 134 52 87%
c s 0.32 0.1 3.7 0 10 893 0 4.7 4.7 130 51 85%
c s 0.33 0.1 3.6 0 13 958 1 4.6 4.6 124 49 82%
c s 0.34 0.1 3.6 0 15 980 1 4.6 4.6 120 48 80%
c s 0.36 0.1 3.5 0 25 1058 2 4.5 4.5 116 47 78%
c s 0.38 0.1 3.5 0 27 1169 2 4.5 4.5 112 46 77%
c - 0.46 0.1 3.8 1 54 2005 52 4.8 4.8 112 46 77%
c - 0.64 0.1 4.0 2 111 4017 100 5.0 5.0 112 46 77%
c - 0.85 0.1 4.0 3 171 6326 142 5.0 5.1 112 46 77%
c s 1.04 0.1 3.9 3 242 8584 24 4.9 5.0 104 43 72%
c s 1.04 0.1 3.9 3 243 8593 24 4.9 4.9 98 41 68%
c s 1.05 0.1 3.9 3 245 8632 25 4.9 4.9 94 40 67%
c - 1.06 0.1 3.9 4 253 8930 37 4.9 4.9 94 40 67%
c s 1.09 0.1 3.8 4 269 9543 46 4.8 4.9 90 39 65%
c s 1.10 0.1 3.8 4 274 9950 16 4.8 4.9 70 30 50%
c s 1.11 0.1 3.7 4 279 10178 16 4.7 4.8 54 23 38%
c
c   time      reduced    redundant irredundant
c       space   restarts      glue    variables
c           level    conflicts    size  remaining
c
c s 1.12 0.1 3.7 4 284 10331 1 4.7 4.8 32 14 23%
c s 1.12 0.1 3.7 4 284 10338 0 4.7 4.8 22 10 17%
c s 1.12 0.1 3.7 4 284 10343 0 4.7 4.8 10 5 8%
c 0 1.12 0.1 3.7 4 284 10345 0 4.7 4.8 10 0 0%
c
s UNSATISFIABLE
c
c simplifications:            19         544  conflicts/simplification  100%
c reductions:                  4        2586  conflicts/reduction       100%
c restarts:                  284          36  conflicts/restart         100%
c conflicts:               10345        9253  conflicts/sec              93%
c decisions:                2411        2157  decisions/sec              39%
c propagations:           275883         0.2  millions/sec               83%
c
c pure:                        0           0% of look-aheads
c look-ahead:               2411         100% of outer decisions         39%
c pruned:                    905           9% of outer conflicts          8%
c generated reducts:        3012          30% satisfiable
c average size:               73          54% of all clauses
c pruning failed:           2107          70% per reduct
c filter checks:           46818          20% of outer satisfied clauses
c average filtered:          3.1           4% per reduct
c assumed literals:        99893         2.1  per filter check
c
c collected clauses:        0.04 MB       99% of allocated clauses        1%
c allocated clauses:        0.04 MB        8% of allocated memory         1%
c maximum heap:             0.08 MB        4% of resident set size       63%
c
c looking:                  0.02 sec       1% of process time
c filtering:                0.31 sec      28% of process time
c pruning:                  1.05 sec      94% of process time
c simplifying:              0.01 sec       1% of process time
c
c resident set size:        1.91 MB
c total process time:       1.12 sec
RC=0
