c SaDiCaL SAT Solver
c Copyright (C) 2018 by Armin Biere JKU
c
c Version 00n 47bff7ef874226b4a00ebd20fedf88eb7c4a3a39
c Compiler gcc (Ubuntu 11.4.0-1ubuntu1~22.04) 11.4.0
c Options gcc -Wall -O3 -DNDEBUG -DNLOG
c proof path '/mnt/d/PvsNP/phase4/results/proofs_sadical/F4/tseitin_n60_s2.sadical.dpr'
c
c non default options:
c
c --binary=false
c --force=true
c --witness=false
c
c parsing '/mnt/d/PvsNP/phase4/instances/f4/tseitin_n60_s2.cnf'
c found 'p cnf 90 240' header
c parsed DIMACS in 0.00 seconds
c 
c
c   time      reduced redundant irredundant
c       space   restarts  glue     variables
c           level conflicts   size   remaining
c
c s 0.08 0.1 6.8 0 16 46 1 7.8 7.8 236 89 99%
c s 0.13 0.1 4.6 0 22 80 1 5.6 5.6 232 88 98%
c s 0.21 0.1 5.4 0 34 127 1 6.4 6.4 228 87 97%
c s 0.26 0.1 5.2 0 43 171 1 6.2 6.2 224 86 96%
c s 0.29 0.1 5.0 0 49 201 2 6.0 6.0 220 85 94%
c s 0.35 0.1 4.7 0 61 342 4 5.7 5.7 216 84 93%
c s 0.42 0.1 4.1 0 64 560 2 5.1 5.1 212 83 92%
c s 0.45 0.1 4.2 0 66 589 0 5.2 5.2 208 82 91%
c s 0.47 0.1 4.3 0 68 595 0 5.3 5.3 204 81 90%
c s 0.48 0.1 4.3 0 69 598 0 5.3 5.3 198 79 88%
c s 0.50 0.1 4.2 0 70 607 0 5.2 5.2 192 77 86%
c s 0.51 0.1 4.1 0 71 619 0 5.1 5.1 188 76 84%
c s 0.53 0.1 3.9 0 72 645 0 4.9 4.9 184 75 83%
c s 0.55 0.1 3.7 0 73 678 0 4.7 4.7 178 73 81%
c s 0.57 0.1 3.6 0 76 734 0 4.6 4.6 172 71 79%
c s 0.58 0.1 3.7 0 78 769 0 4.7 4.7 168 70 78%
c s 0.63 0.1 3.5 0 80 895 0 4.5 4.5 162 68 76%
c s 0.68 0.1 3.5 0 82 1006 0 4.5 4.5 156 66 73%
c s 0.70 0.1 3.4 0 83 1039 0 4.4 4.4 150 64 71%
c s 0.72 0.1 3.3 0 85 1129 1 4.3 4.3 144 62 69%
c
c   time      reduced  redundant irredundant
c       space   restarts    glue     variables
c           level  conflicts    size   remaining
c
c s 0.73 0.1 3.3 0 88 1232 0 4.3 4.3 136 59 66%
c s 0.76 0.1 3.3 0 92 1364 0 4.3 4.3 122 53 59%
c s 0.78 0.1 3.3 0 102 1480 0 4.3 4.3 110 48 53%
c s 0.79 0.1 3.3 0 107 1508 0 4.3 4.3 106 47 52%
c s 0.80 0.1 3.2 0 110 1576 0 4.2 4.3 88 39 43%
c s 0.80 0.1 3.2 0 115 1773 0 4.2 4.2 80 36 40%
c s 0.81 0.1 3.2 0 119 1845 0 4.2 4.2 66 30 33%
c s 0.81 0.1 3.2 0 120 1889 0 4.2 4.2 58 27 30%
c s 0.81 0.1 3.2 0 120 1903 0 4.2 4.2 44 21 23%
c s 0.81 0.1 3.2 0 120 1908 0 4.2 4.2 32 16 18%
c 0 0.81 0.1 3.1 0 120 1910 0 4.1 4.2 32 0 0%
c
s UNSATISFIABLE
c
c simplifications:            30          64  conflicts/simplification  100%
c reductions:                  0           0  conflicts/reduction       100%
c restarts:                  120          16  conflicts/restart         100%
c conflicts:                1910        2354  conflicts/sec              73%
c decisions:                1571        1936  decisions/sec              61%
c propagations:           204950         0.3  millions/sec               85%
c
c pure:                        0           0% of look-aheads
c look-ahead:               1571         100% of outer decisions         61%
c pruned:                    643          34% of outer conflicts         25%
c generated reducts:        2063          31% satisfiable
c average size:               50          29% of all clauses
c pruning failed:           1420          69% per reduct
c filter checks:           33694          32% of outer satisfied clauses
c average filtered:          0.6           1% per reduct
c assumed literals:        85678         2.5  per filter check
c
c collected clauses:        0.03 MB       97% of allocated clauses        2%
c allocated clauses:        0.03 MB        7% of allocated memory         2%
c maximum heap:             0.06 MB        4% of resident set size       68%
c
c looking:                  0.01 sec       2% of process time
c filtering:                0.25 sec      31% of process time
c pruning:                  0.76 sec      94% of process time
c simplifying:              0.00 sec       1% of process time
c
c resident set size:        1.78 MB
c total process time:       0.81 sec
RC=0
