c SaDiCaL SAT Solver
c Copyright (C) 2018 by Armin Biere JKU
c
c Version 00n 47bff7ef874226b4a00ebd20fedf88eb7c4a3a39
c Compiler gcc (Ubuntu 11.4.0-1ubuntu1~22.04) 11.4.0
c Options gcc -Wall -O3 -DNDEBUG -DNLOG
c proof path '/mnt/d/PvsNP/phase4/results/proofs_sadical/F3/php_26_25.sadical.dpr'
c
c non default options:
c
c --binary=false
c --force=true
c --witness=false
c
c parsing '/mnt/d/PvsNP/phase4/instances/f3/php_26_25.cnf'
c found 'p cnf 650 8151' header
c parsed DIMACS in 0.06 seconds
c 
c
c   time      reduced redundant irredundant
c       space  restarts  glue       variables
c           level conflicts  size      remaining
c
c s 0.22 0.9 0.9 0 0 24 0 1.9 1.9 8126 649 100%
c s 0.40 0.9 0.9 0 0 48 0 1.9 1.9 8102 648 100%
c s 0.58 0.9 1.0 0 0 72 0 2.0 2.0 8079 647 100%
c s 0.75 0.9 1.0 0 0 96 0 2.0 2.0 8057 646 99%
c s 0.92 0.9 1.0 0 0 120 0 2.0 2.0 8036 645 99%
c s 1.16 0.9 1.0 0 0 144 0 2.0 2.0 8016 644 99%
c s 1.35 0.9 1.0 0 0 168 0 2.0 2.0 7997 643 99%
c s 1.56 0.9 1.0 0 0 192 0 2.0 2.0 7979 642 99%
c s 1.76 0.9 1.0 0 0 216 0 2.0 2.0 7962 641 99%
c s 1.99 0.9 1.0 0 0 240 0 2.0 2.0 7946 640 98%
c s 2.21 0.9 1.0 0 0 264 0 2.0 2.0 7931 639 98%
c s 2.46 0.9 1.0 0 0 288 0 2.0 2.0 7917 638 98%
c s 2.61 0.9 1.0 0 0 312 0 2.0 2.0 7904 637 98%
c s 2.76 0.9 1.0 0 0 336 0 2.0 2.0 7892 636 98%
c s 2.97 0.9 1.0 0 0 360 0 2.0 2.0 7881 635 98%
c s 3.13 0.9 1.0 0 0 384 0 2.0 2.0 7871 634 98%
c s 3.28 0.9 1.0 0 0 408 0 2.0 2.0 7862 633 97%
c s 3.47 0.9 1.0 0 0 432 0 2.0 2.0 7854 632 97%
c s 3.63 0.9 1.0 0 0 456 0 2.0 2.0 7847 631 97%
c s 3.81 0.9 1.0 0 0 480 0 2.0 2.0 7841 630 97%
c
c   time      reduced redundant irredundant
c       space  restarts   glue       variables
c           level conflicts   size     remaining
c
c s 3.96 0.9 1.0 0 0 504 0 2.0 2.0 7836 629 97%
c s 4.11 0.9 1.0 0 0 528 0 2.0 2.0 7832 628 97%
c s 4.27 0.9 1.0 0 0 552 0 2.0 2.0 7829 627 96%
c s 4.45 0.9 1.0 0 0 576 0 2.0 2.0 7827 626 96%
c s 4.58 0.9 1.0 0 0 600 0 2.0 2.0 7826 625 96%
c s 4.58 0.9 1.0 0 0 600 0 2.0 2.0 7825 624 96%
c s 4.58 0.9 1.0 0 0 600 0 2.0 2.0 7800 623 96%
c s 4.58 0.9 1.0 0 0 600 0 2.0 2.0 7775 622 96%
c s 4.58 0.9 1.0 0 0 600 0 2.0 2.0 7750 621 96%
c s 4.58 0.9 1.0 0 0 600 0 2.0 2.0 7725 620 95%
c s 4.58 0.9 1.0 0 0 600 0 2.0 2.0 7700 619 95%
c s 4.58 0.9 1.0 0 0 600 0 2.0 2.0 7675 618 95%
c s 4.58 0.9 1.0 0 0 600 0 2.0 2.0 7650 617 95%
c s 4.59 0.9 1.0 0 0 600 0 2.0 2.0 7625 616 95%
c s 4.59 0.9 1.0 0 0 600 0 2.0 2.0 7600 615 95%
c s 4.59 0.9 1.0 0 0 600 0 2.0 2.0 7575 614 94%
c s 4.59 0.9 1.0 0 0 600 0 2.0 2.0 7550 613 94%
c s 4.59 0.9 1.0 0 0 600 0 2.0 2.0 7525 612 94%
c s 4.59 0.9 1.0 0 0 600 0 2.0 2.0 7500 611 94%
c s 4.59 0.9 1.0 0 0 600 0 2.0 2.0 7475 610 94%
c
c   time      reduced redundant irredundant
c       space  restarts   glue       variables
c           level conflicts   size     remaining
c
c s 4.59 0.9 1.0 0 0 600 0 2.0 2.0 7450 609 94%
c s 4.59 0.9 1.0 0 0 600 0 2.0 2.0 7425 608 94%
c s 4.59 0.9 1.0 0 0 600 0 2.0 2.0 7400 607 93%
c s 4.60 0.9 1.0 0 0 600 0 2.0 2.0 7375 606 93%
c s 4.60 0.9 1.0 0 0 600 0 2.0 2.0 7350 605 93%
c s 4.60 0.9 1.0 0 0 600 0 2.0 2.0 7325 604 93%
c s 4.60 0.9 1.0 0 0 600 0 2.0 2.0 7300 603 93%
c s 4.60 0.9 1.0 0 0 600 0 2.0 2.0 7275 602 93%
c s 4.60 0.9 1.0 0 0 600 0 2.0 2.0 7250 601 92%
c s 4.60 0.9 1.0 0 0 600 0 2.0 2.0 7225 600 92%
c s 4.72 0.9 1.0 0 0 623 0 2.0 2.0 7201 599 92%
c s 4.82 0.9 1.0 0 0 646 0 2.0 2.0 7178 598 92%
c s 4.94 0.9 1.0 0 0 669 0 2.0 2.0 7156 597 92%
c s 5.07 0.9 1.0 0 0 692 0 2.0 2.0 7135 596 92%
c s 5.22 0.9 1.0 0 0 715 0 2.0 2.0 7115 595 92%
c s 5.32 0.9 1.0 0 0 738 0 2.0 2.0 7096 594 91%
c s 5.41 0.9 1.0 0 0 761 0 2.0 2.0 7078 593 91%
c s 5.53 0.9 1.0 0 0 784 0 2.0 2.0 7061 592 91%
c s 5.61 0.9 1.0 0 0 807 0 2.0 2.0 7045 591 91%
c s 5.71 0.9 1.0 0 0 830 0 2.0 2.0 7030 590 91%
c
c   time      reduced redundant irredundant
c       space  restarts   glue       variables
c           level conflicts   size     remaining
c
c s 5.83 0.9 1.0 0 0 853 0 2.0 2.0 7016 589 91%
c s 5.92 0.9 1.0 0 0 876 0 2.0 2.0 7003 588 90%
c s 6.00 0.9 1.0 0 0 899 0 2.0 2.0 6991 587 90%
c s 6.10 0.9 1.0 0 0 922 0 2.0 2.0 6980 586 90%
c s 6.18 0.9 1.0 0 0 945 0 2.0 2.0 6970 585 90%
c s 6.30 0.9 1.0 0 0 968 0 2.0 2.0 6961 584 90%
c s 6.40 0.9 1.0 0 0 991 0 2.0 2.0 6953 583 90%
c s 6.50 0.9 1.0 0 0 1014 0 2.0 2.0 6946 582 90%
c s 6.62 0.9 1.0 0 0 1037 0 2.0 2.0 6940 581 89%
c s 6.71 0.9 1.0 0 0 1060 0 2.0 2.0 6935 580 89%
c s 6.83 0.9 1.0 0 0 1083 0 2.0 2.0 6931 579 89%
c s 6.92 0.9 1.0 0 0 1106 0 2.0 2.0 6928 578 89%
c s 7.03 0.9 1.0 0 0 1129 0 2.0 2.0 6926 577 89%
c s 7.15 0.9 1.0 0 0 1152 0 2.0 2.0 6925 576 89%
c s 7.15 0.9 1.0 0 0 1152 0 2.0 2.0 6924 575 88%
c s 7.15 0.9 1.0 0 0 1152 0 2.0 2.0 6900 574 88%
c s 7.15 0.9 1.0 0 0 1152 0 2.0 2.0 6876 573 88%
c s 7.15 0.9 1.0 0 0 1152 0 2.0 2.0 6852 572 88%
c s 7.15 0.9 1.0 0 0 1152 0 2.0 2.0 6828 571 88%
c s 7.15 0.9 1.0 0 0 1152 0 2.0 2.0 6804 570 88%
c
c   time      reduced redundant irredundant
c       space  restarts    glue       variables
c           level conflicts    size     remaining
c
c s 7.15 0.9 1.0 0 0 1152 0 2.0 2.0 6780 569 88%
c s 7.16 0.9 1.0 0 0 1152 0 2.0 2.0 6756 568 87%
c s 7.16 0.9 1.0 0 0 1152 0 2.0 2.0 6732 567 87%
c s 7.16 0.9 1.0 0 0 1152 0 2.0 2.0 6708 566 87%
c s 7.16 0.9 1.0 0 0 1152 0 2.0 2.0 6684 565 87%
c s 7.16 0.9 1.0 0 0 1152 0 2.0 2.0 6660 564 87%
c s 7.16 0.9 1.0 0 0 1152 0 2.0 2.0 6636 563 87%
c s 7.16 0.9 1.0 0 0 1152 0 2.0 2.0 6612 562 86%
c s 7.16 0.9 1.0 0 0 1152 0 2.0 2.0 6588 561 86%
c s 7.16 0.9 1.0 0 0 1152 0 2.0 2.0 6564 560 86%
c s 7.16 0.9 1.0 0 0 1152 0 2.0 2.0 6540 559 86%
c s 7.17 0.9 1.0 0 0 1152 0 2.0 2.0 6516 558 86%
c s 7.17 0.9 1.0 0 0 1152 0 2.0 2.0 6492 557 86%
c s 7.17 0.9 1.0 0 0 1152 0 2.0 2.0 6468 556 86%
c s 7.17 0.9 1.0 0 0 1152 0 2.0 2.0 6444 555 85%
c s 7.17 0.9 1.0 0 0 1152 0 2.0 2.0 6420 554 85%
c s 7.17 0.9 1.0 0 0 1152 0 2.0 2.0 6396 553 85%
c s 7.17 0.9 1.0 0 0 1152 0 2.0 2.0 6372 552 85%
c s 7.26 0.9 1.0 0 0 1174 0 2.0 2.0 6349 551 85%
c s 7.35 0.9 1.0 0 0 1196 0 2.0 2.0 6327 550 85%
c
c   time      reduced redundant irredundant
c       space  restarts    glue       variables
c           level conflicts    size     remaining
c
c s 7.43 0.9 1.0 0 0 1218 0 2.0 2.0 6306 549 84%
c s 7.53 0.9 1.0 0 0 1240 0 2.0 2.0 6286 548 84%
c s 7.62 0.9 1.0 0 0 1262 0 2.0 2.0 6267 547 84%
c s 7.72 0.9 1.0 0 0 1284 0 2.0 2.0 6249 546 84%
c s 7.83 0.9 1.0 0 0 1306 0 2.0 2.0 6232 545 84%
c s 7.92 0.9 1.0 0 0 1328 0 2.0 2.0 6216 544 84%
c s 8.00 0.9 1.0 0 0 1350 0 2.0 2.0 6201 543 84%
c s 8.10 0.9 1.0 0 0 1372 0 2.0 2.0 6187 542 83%
c s 8.20 0.9 1.0 0 0 1394 0 2.0 2.0 6174 541 83%
c s 8.28 0.9 1.0 0 0 1416 0 2.0 2.0 6162 540 83%
c s 8.37 0.9 1.0 0 0 1438 0 2.0 2.0 6151 539 83%
c s 8.46 0.9 1.0 0 0 1460 0 2.0 2.0 6141 538 83%
c s 8.55 0.9 1.0 0 0 1482 0 2.0 2.0 6132 537 83%
c s 8.66 0.9 1.0 0 0 1504 0 2.0 2.0 6124 536 82%
c s 8.75 0.9 1.0 0 0 1526 0 2.0 2.0 6117 535 82%
c s 8.85 0.9 1.0 0 0 1548 0 2.0 2.0 6111 534 82%
c s 8.93 0.9 1.0 0 0 1570 0 2.0 2.0 6106 533 82%
c s 9.03 0.9 1.0 0 0 1592 0 2.0 2.0 6102 532 82%
c s 9.11 0.9 1.0 0 0 1614 0 2.0 2.0 6099 531 82%
c s 9.20 0.9 1.0 0 0 1636 0 2.0 2.0 6097 530 82%
c
c   time      reduced redundant irredundant
c       space  restarts    glue       variables
c           level conflicts    size     remaining
c
c s 9.28 0.9 1.0 0 0 1658 0 2.0 2.0 6096 529 81%
c s 9.28 0.9 1.0 0 0 1658 0 2.0 2.0 6095 528 81%
c s 9.28 0.9 1.0 0 0 1658 0 2.0 2.0 6072 527 81%
c s 9.28 0.9 1.0 0 0 1658 0 2.0 2.0 6049 526 81%
c s 9.28 0.9 1.0 0 0 1658 0 2.0 2.0 6026 525 81%
c s 9.29 0.9 1.0 0 0 1658 0 2.0 2.0 6003 524 81%
c s 9.29 0.9 1.0 0 0 1658 0 2.0 2.0 5980 523 80%
c s 9.29 0.9 1.0 0 0 1658 0 2.0 2.0 5957 522 80%
c s 9.29 0.9 1.0 0 0 1658 0 2.0 2.0 5934 521 80%
c s 9.29 0.9 1.0 0 0 1658 0 2.0 2.0 5911 520 80%
c s 9.29 0.9 1.0 0 0 1658 0 2.0 2.0 5888 519 80%
c s 9.29 0.9 1.0 0 0 1658 0 2.0 2.0 5865 518 80%
c s 9.29 0.9 1.0 0 0 1658 0 2.0 2.0 5842 517 80%
c s 9.29 0.9 1.0 0 0 1658 0 2.0 2.0 5819 516 79%
c s 9.29 0.9 1.0 0 0 1658 0 2.0 2.0 5796 515 79%
c s 9.30 0.9 1.0 0 0 1658 0 2.0 2.0 5773 514 79%
c s 9.30 0.9 1.0 0 0 1658 0 2.0 2.0 5750 513 79%
c s 9.30 0.9 1.0 0 0 1658 0 2.0 2.0 5727 512 79%
c s 9.30 0.9 1.0 0 0 1658 0 2.0 2.0 5704 511 79%
c s 9.30 0.9 1.0 0 0 1658 0 2.0 2.0 5681 510 78%
c
c   time      reduced redundant irredundant
c       space  restarts    glue       variables
c           level conflicts    size     remaining
c
c s 9.30 0.9 1.0 0 0 1658 0 2.0 2.0 5658 509 78%
c s 9.30 0.9 1.0 0 0 1658 0 2.0 2.0 5635 508 78%
c s 9.30 0.9 1.0 0 0 1658 0 2.0 2.0 5612 507 78%
c s 9.30 0.9 1.0 0 0 1658 0 2.0 2.0 5589 506 78%
c s 9.38 0.9 1.0 0 0 1679 0 2.0 2.0 5567 505 78%
c s 9.45 0.9 1.0 0 0 1700 0 2.0 2.0 5546 504 78%
c s 9.52 0.9 1.0 0 0 1721 0 2.0 2.0 5526 503 77%
c s 9.59 0.9 1.0 0 0 1742 0 2.0 2.0 5507 502 77%
c s 9.67 0.9 1.0 0 0 1763 0 2.0 2.0 5489 501 77%
c s 9.74 0.9 1.0 0 0 1784 0 2.0 2.0 5472 500 77%
c s 9.81 0.9 1.0 0 0 1805 0 2.0 2.0 5456 499 77%
c s 9.88 0.9 1.0 0 0 1826 0 2.0 2.0 5441 498 77%
c s 9.95 0.9 1.0 0 0 1847 0 2.0 2.0 5427 497 76%
c s 10.02 0.9 1.0 0 0 1868 0 2.0 2.0 5414 496 76%
c s 10.09 0.9 1.0 0 0 1889 0 2.0 2.0 5402 495 76%
c s 10.16 0.9 1.0 0 0 1910 0 2.0 2.0 5391 494 76%
c s 10.23 0.9 1.0 0 0 1931 0 2.0 2.0 5381 493 76%
c s 10.29 0.9 1.0 0 0 1952 0 2.0 2.0 5372 492 76%
c s 10.36 0.9 1.0 0 0 1973 0 2.0 2.0 5364 491 76%
c s 10.44 0.9 1.0 0 0 1994 0 2.0 2.0 5357 490 75%
c
c    time      reduced redundant irredundant
c        space  restarts    glue       variables
c            level conflicts    size     remaining
c
c - 10.45 0.9 1.0 1 0 2001 7 2.0 2.0 5357 490 75%
c s 10.51 0.9 1.0 1 0 2015 0 2.0 2.0 5351 489 75%
c s 10.57 0.9 1.0 1 0 2036 0 2.0 2.0 5346 488 75%
c s 10.64 0.9 1.0 1 0 2057 0 2.0 2.0 5342 487 75%
c s 10.70 0.9 1.0 1 0 2078 0 2.0 2.0 5339 486 75%
c s 10.77 0.9 1.0 1 0 2099 0 2.0 2.0 5337 485 75%
c s 10.84 0.9 1.0 1 0 2120 0 2.0 2.0 5336 484 74%
c s 10.84 0.9 1.0 1 0 2120 0 2.0 2.0 5335 483 74%
c s 10.84 0.9 1.0 1 0 2120 0 2.0 2.0 5313 482 74%
c s 10.84 0.9 1.0 1 0 2120 0 2.0 2.0 5291 481 74%
c s 10.84 0.9 1.0 1 0 2120 0 2.0 2.0 5269 480 74%
c s 10.84 0.9 1.0 1 0 2120 0 2.0 2.0 5247 479 74%
c s 10.84 0.9 1.0 1 0 2120 0 2.0 2.0 5225 478 74%
c s 10.84 0.9 1.0 1 0 2120 0 2.0 2.0 5203 477 73%
c s 10.84 0.9 1.0 1 0 2120 0 2.0 2.0 5181 476 73%
c s 10.85 0.9 1.0 1 0 2120 0 2.0 2.0 5159 475 73%
c s 10.85 0.9 1.0 1 0 2120 0 2.0 2.0 5137 474 73%
c s 10.85 0.9 1.0 1 0 2120 0 2.0 2.0 5115 473 73%
c s 10.85 0.9 1.0 1 0 2120 0 2.0 2.0 5093 472 73%
c s 10.85 0.9 1.0 1 0 2120 0 2.0 2.0 5071 471 72%
c
c    time      reduced redundant irredundant
c        space  restarts    glue       variables
c            level conflicts    size     remaining
c
c s 10.85 0.9 1.0 1 0 2120 0 2.0 2.0 5049 470 72%
c s 10.85 0.9 1.0 1 0 2120 0 2.0 2.0 5027 469 72%
c s 10.85 0.9 1.0 1 0 2120 0 2.0 2.0 5005 468 72%
c s 10.85 0.9 1.0 1 0 2120 0 2.0 2.0 4983 467 72%
c s 10.85 0.9 1.0 1 0 2120 0 2.0 2.0 4961 466 72%
c s 10.85 0.9 1.0 1 0 2120 0 2.0 2.0 4939 465 72%
c s 10.85 0.9 1.0 1 0 2120 0 2.0 2.0 4917 464 71%
c s 10.86 0.9 1.0 1 0 2120 0 2.0 2.0 4895 463 71%
c s 10.86 0.9 1.0 1 0 2120 0 2.0 2.0 4873 462 71%
c s 10.92 0.9 1.0 1 0 2140 0 2.0 2.0 4852 461 71%
c s 10.99 0.9 1.0 1 0 2160 0 2.0 2.0 4832 460 71%
c s 11.05 0.9 1.0 1 0 2180 0 2.0 2.0 4813 459 71%
c s 11.12 0.9 1.0 1 0 2200 0 2.0 2.0 4795 458 70%
c s 11.18 0.9 1.0 1 0 2220 0 2.0 2.0 4778 457 70%
c s 11.24 0.9 1.0 1 0 2240 0 2.0 2.0 4762 456 70%
c s 11.32 0.9 1.0 1 0 2260 0 2.0 2.0 4747 455 70%
c s 11.38 0.9 1.0 1 0 2280 0 2.0 2.0 4733 454 70%
c s 11.44 0.9 1.0 1 0 2300 0 2.0 2.0 4720 453 70%
c s 11.51 0.9 1.0 1 0 2320 0 2.0 2.0 4708 452 70%
c s 11.57 0.9 1.0 1 0 2340 0 2.0 2.0 4697 451 69%
c
c    time      reduced redundant irredundant
c        space  restarts    glue       variables
c            level conflicts    size     remaining
c
c s 11.63 0.9 1.0 1 0 2360 0 2.0 2.0 4687 450 69%
c s 11.70 0.9 1.0 1 0 2380 0 2.0 2.0 4678 449 69%
c s 11.76 0.9 1.0 1 0 2400 0 2.0 2.0 4670 448 69%
c s 11.82 0.9 1.0 1 0 2420 0 2.0 2.0 4663 447 69%
c s 11.88 0.9 1.0 1 0 2440 0 2.0 2.0 4657 446 69%
c s 11.94 0.9 1.0 1 0 2460 0 2.0 2.0 4652 445 68%
c s 12.00 0.9 1.0 1 0 2480 0 2.0 2.0 4648 444 68%
c s 12.06 0.9 1.0 1 0 2500 0 2.0 2.0 4645 443 68%
c s 12.12 0.9 1.0 1 0 2520 0 2.0 2.0 4643 442 68%
c s 12.18 0.9 1.0 1 0 2540 0 2.0 2.0 4642 441 68%
c s 12.18 0.9 1.0 1 0 2540 0 2.0 2.0 4641 440 68%
c s 12.18 0.9 1.0 1 0 2540 0 2.0 2.0 4620 439 68%
c s 12.18 0.9 1.0 1 0 2540 0 2.0 2.0 4599 438 67%
c s 12.18 0.9 1.0 1 0 2540 0 2.0 2.0 4578 437 67%
c s 12.19 0.9 1.0 1 0 2540 0 2.0 2.0 4557 436 67%
c s 12.19 0.9 1.0 1 0 2540 0 2.0 2.0 4536 435 67%
c s 12.19 0.9 1.0 1 0 2540 0 2.0 2.0 4515 434 67%
c s 12.19 0.9 1.0 1 0 2540 0 2.0 2.0 4494 433 67%
c s 12.19 0.9 1.0 1 0 2540 0 2.0 2.0 4473 432 66%
c s 12.19 0.9 1.0 1 0 2540 0 2.0 2.0 4452 431 66%
c
c    time      reduced redundant irredundant
c        space  restarts    glue       variables
c            level conflicts    size     remaining
c
c s 12.19 0.9 1.0 1 0 2540 0 2.0 2.0 4431 430 66%
c s 12.19 0.9 1.0 1 0 2540 0 2.0 2.0 4410 429 66%
c s 12.19 0.9 1.0 1 0 2540 0 2.0 2.0 4389 428 66%
c s 12.19 0.9 1.0 1 0 2540 0 2.0 2.0 4368 427 66%
c s 12.19 0.9 1.0 1 0 2540 0 2.0 2.0 4347 426 66%
c s 12.19 0.9 1.0 1 0 2540 0 2.0 2.0 4326 425 65%
c s 12.19 0.9 1.0 1 0 2540 0 2.0 2.0 4305 424 65%
c s 12.20 0.9 1.0 1 0 2540 0 2.0 2.0 4284 423 65%
c s 12.20 0.9 1.0 1 0 2540 0 2.0 2.0 4263 422 65%
c s 12.20 0.9 1.0 1 0 2540 0 2.0 2.0 4242 421 65%
c s 12.20 0.9 1.0 1 0 2540 0 2.0 2.0 4221 420 65%
c s 12.26 0.9 1.0 1 0 2559 0 2.0 2.0 4201 419 64%
c s 12.32 0.9 1.0 1 0 2578 0 2.0 2.0 4182 418 64%
c s 12.38 0.9 1.0 1 0 2597 0 2.0 2.0 4164 417 64%
c s 12.44 0.9 1.0 1 0 2616 0 2.0 2.0 4147 416 64%
c s 12.50 0.9 1.0 1 0 2635 0 2.0 2.0 4131 415 64%
c s 12.56 0.9 1.0 1 0 2654 0 2.0 2.0 4116 414 64%
c s 12.61 0.9 1.0 1 0 2673 0 2.0 2.0 4102 413 64%
c s 12.67 0.9 1.0 1 0 2692 0 2.0 2.0 4089 412 63%
c s 12.73 0.9 1.0 1 0 2711 0 2.0 2.0 4077 411 63%
c
c    time      reduced redundant irredundant
c        space  restarts    glue       variables
c            level conflicts    size     remaining
c
c s 12.79 0.9 1.0 1 0 2730 0 2.0 2.0 4066 410 63%
c s 12.85 0.9 1.0 1 0 2749 0 2.0 2.0 4056 409 63%
c s 12.90 0.9 1.0 1 0 2768 0 2.0 2.0 4047 408 63%
c s 12.96 0.9 1.0 1 0 2787 0 2.0 2.0 4039 407 63%
c s 13.02 0.9 1.0 1 0 2806 0 2.0 2.0 4032 406 62%
c s 13.07 0.9 1.0 1 0 2825 0 2.0 2.0 4026 405 62%
c s 13.13 0.9 1.0 1 0 2844 0 2.0 2.0 4021 404 62%
c s 13.19 0.9 1.0 1 0 2863 0 2.0 2.0 4017 403 62%
c s 13.24 0.9 1.0 1 0 2882 0 2.0 2.0 4014 402 62%
c s 13.30 0.9 1.0 1 0 2901 0 2.0 2.0 4012 401 62%
c s 13.35 0.9 1.0 1 0 2920 0 2.0 2.0 4011 400 62%
c s 13.35 0.9 1.0 1 0 2920 0 2.0 2.0 4010 399 61%
c s 13.35 0.9 1.0 1 0 2920 0 2.0 2.0 3990 398 61%
c s 13.35 0.9 1.0 1 0 2920 0 2.0 2.0 3970 397 61%
c s 13.35 0.9 1.0 1 0 2920 0 2.0 2.0 3950 396 61%
c s 13.36 0.9 1.0 1 0 2920 0 2.0 2.0 3930 395 61%
c s 13.36 0.9 1.0 1 0 2920 0 2.0 2.0 3910 394 61%
c s 13.36 0.9 1.0 1 0 2920 0 2.0 2.0 3890 393 60%
c s 13.36 0.9 1.0 1 0 2920 0 2.0 2.0 3870 392 60%
c s 13.36 0.9 1.0 1 0 2920 0 2.0 2.0 3850 391 60%
c
c    time      reduced redundant irredundant
c        space  restarts    glue       variables
c            level conflicts    size     remaining
c
c s 13.36 0.9 1.0 1 0 2920 0 2.0 2.0 3830 390 60%
c s 13.36 0.9 1.0 1 0 2920 0 2.0 2.0 3810 389 60%
c s 13.36 0.9 1.0 1 0 2920 0 2.0 2.0 3790 388 60%
c s 13.36 0.9 1.0 1 0 2920 0 2.0 2.0 3770 387 60%
c s 13.36 0.9 1.0 1 0 2920 0 2.0 2.0 3750 386 59%
c s 13.36 0.9 1.0 1 0 2920 0 2.0 2.0 3730 385 59%
c s 13.36 0.9 1.0 1 0 2920 0 2.0 2.0 3710 384 59%
c s 13.37 0.9 1.0 1 0 2920 0 2.0 2.0 3690 383 59%
c s 13.37 0.9 1.0 1 0 2920 0 2.0 2.0 3670 382 59%
c s 13.37 0.9 1.0 1 0 2920 0 2.0 2.0 3650 381 59%
c s 13.37 0.9 1.0 1 0 2920 0 2.0 2.0 3630 380 58%
c s 13.42 0.9 1.0 1 0 2938 0 2.0 2.0 3611 379 58%
c s 13.47 0.9 1.0 1 0 2956 0 2.0 2.0 3593 378 58%
c s 13.52 0.9 1.0 1 0 2974 0 2.0 2.0 3576 377 58%
c s 13.57 0.9 1.0 1 0 2992 0 2.0 2.0 3560 376 58%
c s 13.63 0.9 1.0 1 0 3010 0 2.0 2.0 3545 375 58%
c s 13.68 0.9 1.0 1 0 3028 0 2.0 2.0 3531 374 58%
c s 13.73 0.9 1.0 1 0 3046 0 2.0 2.0 3518 373 57%
c s 13.78 0.9 1.0 1 0 3064 0 2.0 2.0 3506 372 57%
c s 13.83 0.9 1.0 1 0 3082 0 2.0 2.0 3495 371 57%
c
c    time      reduced redundant irredundant
c        space  restarts    glue       variables
c            level conflicts    size     remaining
c
c s 13.88 0.9 1.0 1 0 3100 0 2.0 2.0 3485 370 57%
c s 13.93 0.9 1.0 1 0 3118 0 2.0 2.0 3476 369 57%
c s 13.98 0.9 1.0 1 0 3136 0 2.0 2.0 3468 368 57%
c s 14.03 0.9 1.0 1 0 3154 0 2.0 2.0 3461 367 56%
c s 14.07 0.9 1.0 1 0 3172 0 2.0 2.0 3455 366 56%
c s 14.12 0.9 1.0 1 0 3190 0 2.0 2.0 3450 365 56%
c s 14.17 0.9 1.0 1 0 3208 0 2.0 2.0 3446 364 56%
c s 14.21 0.9 1.0 1 0 3226 0 2.0 2.0 3443 363 56%
c s 14.26 0.9 1.0 1 0 3244 0 2.0 2.0 3441 362 56%
c s 14.31 0.9 1.0 1 0 3262 0 2.0 2.0 3440 361 56%
c s 14.31 0.9 1.0 1 0 3262 0 2.0 2.0 3439 360 55%
c s 14.31 0.9 1.0 1 0 3262 0 2.0 2.0 3420 359 55%
c s 14.31 0.9 1.0 1 0 3262 0 2.0 2.0 3401 358 55%
c s 14.31 0.9 1.0 1 0 3262 0 2.0 2.0 3382 357 55%
c s 14.31 0.9 1.0 1 0 3262 0 2.0 2.0 3363 356 55%
c s 14.32 0.9 1.0 1 0 3262 0 2.0 2.0 3344 355 55%
c s 14.32 0.9 1.0 1 0 3262 0 2.0 2.0 3325 354 54%
c s 14.32 0.9 1.0 1 0 3262 0 2.0 2.0 3306 353 54%
c s 14.32 0.9 1.0 1 0 3262 0 2.0 2.0 3287 352 54%
c s 14.32 0.9 1.0 1 0 3262 0 2.0 2.0 3268 351 54%
c
c    time      reduced redundant irredundant
c        space  restarts    glue       variables
c            level conflicts    size     remaining
c
c s 14.32 0.9 1.0 1 0 3262 0 2.0 2.0 3249 350 54%
c s 14.32 0.9 1.0 1 0 3262 0 2.0 2.0 3230 349 54%
c s 14.32 0.9 1.0 1 0 3262 0 2.0 2.0 3211 348 54%
c s 14.32 0.9 1.0 1 0 3262 0 2.0 2.0 3192 347 53%
c s 14.32 0.9 1.0 1 0 3262 0 2.0 2.0 3173 346 53%
c s 14.32 0.9 1.0 1 0 3262 0 2.0 2.0 3154 345 53%
c s 14.32 0.9 1.0 1 0 3262 0 2.0 2.0 3135 344 53%
c s 14.32 0.9 1.0 1 0 3262 0 2.0 2.0 3116 343 53%
c s 14.32 0.9 1.0 1 0 3262 0 2.0 2.0 3097 342 53%
c s 14.37 0.9 1.0 1 0 3279 0 2.0 2.0 3079 341 52%
c s 14.42 0.9 1.0 1 0 3296 0 2.0 2.0 3062 340 52%
c s 14.46 0.9 1.0 1 0 3313 0 2.0 2.0 3046 339 52%
c s 14.51 0.9 1.0 1 0 3330 0 2.0 2.0 3031 338 52%
c s 14.55 0.9 1.0 1 0 3347 0 2.0 2.0 3017 337 52%
c s 14.60 0.9 1.0 1 0 3364 0 2.0 2.0 3004 336 52%
c s 14.64 0.9 1.0 1 0 3381 0 2.0 2.0 2992 335 52%
c s 14.69 0.9 1.0 1 0 3398 0 2.0 2.0 2981 334 51%
c s 14.73 0.9 1.0 1 0 3415 0 2.0 2.0 2971 333 51%
c s 14.77 0.9 1.0 1 0 3432 0 2.0 2.0 2962 332 51%
c s 14.81 0.9 1.0 1 0 3449 0 2.0 2.0 2954 331 51%
c
c    time      reduced redundant irredundant
c        space  restarts    glue       variables
c            level conflicts    size     remaining
c
c s 14.86 0.9 1.0 1 0 3466 0 2.0 2.0 2947 330 51%
c s 14.90 0.9 1.0 1 0 3483 0 2.0 2.0 2941 329 51%
c s 14.94 0.9 1.0 1 0 3500 0 2.0 2.0 2936 328 50%
c s 14.99 0.9 1.0 1 0 3517 0 2.0 2.0 2932 327 50%
c s 15.03 0.9 1.0 1 0 3534 0 2.0 2.0 2929 326 50%
c s 15.07 0.9 0.9 1 0 3551 0 1.9 1.9 2927 325 50%
c s 15.11 0.9 0.9 1 0 3568 0 1.9 1.9 2926 324 50%
c s 15.11 0.9 0.9 1 0 3568 0 1.9 1.9 2925 323 50%
c s 15.12 0.9 0.9 1 0 3568 0 1.9 1.9 2907 322 50%
c s 15.12 0.9 0.9 1 0 3568 0 1.9 1.9 2889 321 49%
c s 15.12 0.9 0.9 1 0 3568 0 1.9 1.9 2871 320 49%
c s 15.12 0.9 0.9 1 0 3568 0 1.9 1.9 2853 319 49%
c s 15.12 0.9 0.9 1 0 3568 0 1.9 1.9 2835 318 49%
c s 15.12 0.9 0.9 1 0 3568 0 1.9 1.9 2817 317 49%
c s 15.12 0.9 0.9 1 0 3568 0 1.9 1.9 2799 316 49%
c s 15.12 0.9 0.9 1 0 3568 0 1.9 1.9 2781 315 48%
c s 15.12 0.9 0.9 1 0 3568 0 1.9 1.9 2763 314 48%
c s 15.12 0.9 0.9 1 0 3568 0 1.9 1.9 2745 313 48%
c s 15.12 0.9 0.9 1 0 3568 0 1.9 1.9 2727 312 48%
c s 15.12 0.9 0.9 1 0 3568 0 1.9 1.9 2709 311 48%
c
c    time      reduced redundant irredundant
c        space  restarts    glue       variables
c            level conflicts    size     remaining
c
c s 15.12 0.9 0.9 1 0 3568 0 1.9 1.9 2691 310 48%
c s 15.12 0.9 0.9 1 0 3568 0 1.9 1.9 2673 309 48%
c s 15.12 0.9 0.9 1 0 3568 0 1.9 1.9 2655 308 47%
c s 15.13 0.9 0.9 1 0 3568 0 1.9 1.9 2637 307 47%
c s 15.13 0.9 0.9 1 0 3568 0 1.9 1.9 2619 306 47%
c s 15.17 0.9 0.9 1 0 3584 0 1.9 1.9 2602 305 47%
c s 15.21 0.9 0.9 1 0 3600 0 1.9 1.9 2586 304 47%
c s 15.25 0.9 0.9 1 0 3616 0 1.9 1.9 2571 303 47%
c s 15.29 0.9 0.9 1 0 3632 0 1.9 1.9 2557 302 46%
c s 15.33 0.9 0.9 1 0 3648 0 1.9 1.9 2544 301 46%
c s 15.37 0.9 0.9 1 0 3664 0 1.9 1.9 2532 300 46%
c s 15.41 0.9 0.9 1 0 3680 0 1.9 1.9 2521 299 46%
c s 15.45 0.9 0.9 1 0 3696 0 1.9 1.9 2511 298 46%
c s 15.49 0.9 0.9 1 0 3712 0 1.9 1.9 2502 297 46%
c s 15.53 0.9 0.9 1 0 3728 0 1.9 1.9 2494 296 46%
c s 15.57 0.9 0.9 1 0 3744 0 1.9 1.9 2487 295 45%
c s 15.61 0.9 0.9 1 0 3760 0 1.9 1.9 2481 294 45%
c s 15.64 0.9 0.9 1 0 3776 0 1.9 1.9 2476 293 45%
c s 15.68 0.9 0.9 1 0 3792 0 1.9 1.9 2472 292 45%
c s 15.72 0.9 0.9 1 0 3808 0 1.9 1.9 2469 291 45%
c
c    time      reduced redundant irredundant
c        space  restarts    glue       variables
c            level conflicts    size     remaining
c
c s 15.76 0.9 0.9 1 0 3824 0 1.9 1.9 2467 290 45%
c s 15.80 0.9 0.9 1 0 3840 0 1.9 1.9 2466 289 44%
c s 15.80 0.9 0.9 1 0 3840 0 1.9 1.9 2465 288 44%
c s 15.80 0.9 0.9 1 0 3840 0 1.9 1.9 2448 287 44%
c s 15.80 0.9 0.9 1 0 3840 0 1.9 1.9 2431 286 44%
c s 15.80 0.9 0.9 1 0 3840 0 1.9 1.9 2414 285 44%
c s 15.80 0.9 0.9 1 0 3840 0 1.9 1.9 2397 284 44%
c s 15.80 0.9 0.9 1 0 3840 0 1.9 1.9 2380 283 44%
c s 15.80 0.9 0.9 1 0 3840 0 1.9 1.9 2363 282 43%
c s 15.80 0.9 0.9 1 0 3840 0 1.9 1.9 2346 281 43%
c s 15.80 0.9 0.9 1 0 3840 0 1.9 1.9 2329 280 43%
c s 15.80 0.9 0.9 1 0 3840 0 1.9 1.9 2312 279 43%
c s 15.80 0.9 0.9 1 0 3840 0 1.9 1.9 2295 278 43%
c s 15.80 0.9 0.9 1 0 3840 0 1.9 1.9 2278 277 43%
c s 15.80 0.9 0.9 1 0 3840 0 1.9 1.9 2261 276 42%
c s 15.80 0.9 0.9 1 0 3840 0 1.9 1.9 2244 275 42%
c s 15.80 0.9 0.9 1 0 3840 0 1.9 1.9 2227 274 42%
c s 15.81 0.9 0.9 1 0 3840 0 1.9 1.9 2210 273 42%
c s 15.81 0.9 0.9 1 0 3840 0 1.9 1.9 2193 272 42%
c s 15.84 0.9 0.9 1 0 3855 0 1.9 1.9 2177 271 42%
c
c    time      reduced redundant irredundant
c        space  restarts    glue       variables
c            level conflicts    size     remaining
c
c s 15.87 0.9 0.9 1 0 3870 0 1.9 1.9 2162 270 42%
c s 15.91 0.9 0.9 1 0 3885 0 1.9 1.9 2148 269 41%
c s 15.94 0.9 0.9 1 0 3900 0 1.9 1.9 2135 268 41%
c s 15.98 0.9 0.9 1 0 3915 0 1.9 1.9 2123 267 41%
c s 16.01 0.9 0.9 1 0 3930 0 1.9 1.9 2112 266 41%
c s 16.05 0.9 0.9 1 0 3945 0 1.9 1.9 2102 265 41%
c s 16.08 0.9 0.9 1 0 3960 0 1.9 1.9 2093 264 41%
c s 16.11 0.9 0.9 1 0 3975 0 1.9 1.9 2085 263 40%
c s 16.15 0.9 0.9 1 0 3990 0 1.9 1.9 2078 262 40%
c - 16.17 0.9 0.9 2 0 4002 12 1.9 1.9 2078 262 40%
c s 16.18 0.9 0.9 2 0 4005 0 1.9 1.9 2072 261 40%
c s 16.21 0.9 0.9 2 0 4020 0 1.9 1.9 2067 260 40%
c s 16.24 0.9 0.9 2 0 4035 0 1.9 1.9 2063 259 40%
c s 16.27 0.9 0.9 2 0 4050 0 1.9 1.9 2060 258 40%
c s 16.31 0.9 0.9 2 0 4065 0 1.9 1.9 2058 257 40%
c s 16.34 0.9 0.9 2 0 4080 0 1.9 1.9 2057 256 39%
c s 16.34 0.9 0.9 2 0 4080 0 1.9 1.9 2056 255 39%
c s 16.34 0.9 0.9 2 0 4080 0 1.9 1.9 2040 254 39%
c s 16.34 0.9 0.9 2 0 4080 0 1.9 1.9 2024 253 39%
c s 16.34 0.9 0.9 2 0 4080 0 1.9 1.9 2008 252 39%
c
c    time      reduced redundant irredundant
c        space  restarts    glue       variables
c            level conflicts    size     remaining
c
c s 16.34 0.9 0.9 2 0 4080 0 1.9 1.9 1992 251 39%
c s 16.34 0.9 0.9 2 0 4080 0 1.9 1.9 1976 250 38%
c s 16.34 0.9 0.9 2 0 4080 0 1.9 1.9 1960 249 38%
c s 16.34 0.9 0.9 2 0 4080 0 1.9 1.9 1944 248 38%
c s 16.34 0.9 0.9 2 0 4080 0 1.9 1.9 1928 247 38%
c s 16.34 0.9 0.9 2 0 4080 0 1.9 1.9 1912 246 38%
c s 16.34 0.9 0.9 2 0 4080 0 1.9 1.9 1896 245 38%
c s 16.34 0.9 0.9 2 0 4080 0 1.9 1.9 1880 244 38%
c s 16.34 0.9 0.9 2 0 4080 0 1.9 1.9 1864 243 37%
c s 16.35 0.9 0.9 2 0 4080 0 1.9 1.9 1848 242 37%
c s 16.35 0.9 0.9 2 0 4080 0 1.9 1.9 1832 241 37%
c s 16.35 0.9 0.9 2 0 4080 0 1.9 1.9 1816 240 37%
c s 16.38 0.9 0.9 2 0 4094 0 1.9 1.9 1801 239 37%
c s 16.41 0.9 0.9 2 0 4108 0 1.9 1.9 1787 238 37%
c s 16.43 0.9 0.9 2 0 4122 0 1.9 1.9 1774 237 36%
c s 16.46 0.9 0.9 2 0 4136 0 1.9 1.9 1762 236 36%
c s 16.49 0.9 0.9 2 0 4150 0 1.9 1.9 1751 235 36%
c s 16.52 0.9 0.9 2 0 4164 0 1.9 1.9 1741 234 36%
c s 16.55 0.9 0.9 2 0 4178 0 1.9 1.9 1732 233 36%
c s 16.58 0.9 0.9 2 0 4192 0 1.9 1.9 1724 232 36%
c
c    time      reduced redundant irredundant
c        space  restarts    glue       variables
c            level conflicts    size     remaining
c
c s 16.61 0.9 0.9 2 0 4206 0 1.9 1.9 1717 231 36%
c s 16.64 0.9 0.9 2 0 4220 0 1.9 1.9 1711 230 35%
c s 16.67 0.9 0.9 2 0 4234 0 1.9 1.9 1706 229 35%
c s 16.70 0.9 0.9 2 0 4248 0 1.9 1.9 1702 228 35%
c s 16.73 0.9 0.9 2 0 4262 0 1.9 1.9 1699 227 35%
c s 16.75 0.9 0.9 2 0 4276 0 1.9 1.9 1697 226 35%
c s 16.78 0.9 0.9 2 0 4290 0 1.9 1.9 1696 225 35%
c s 16.78 0.9 0.9 2 0 4290 0 1.9 1.9 1695 224 34%
c s 16.78 0.9 0.9 2 0 4290 0 1.9 1.9 1680 223 34%
c s 16.78 0.9 0.9 2 0 4290 0 1.9 1.9 1665 222 34%
c s 16.78 0.9 0.9 2 0 4290 0 1.9 1.9 1650 221 34%
c s 16.78 0.9 0.9 2 0 4290 0 1.9 1.9 1635 220 34%
c s 16.78 0.9 0.9 2 0 4290 0 1.9 1.9 1620 219 34%
c s 16.78 0.9 0.9 2 0 4290 0 1.9 1.9 1605 218 34%
c s 16.79 0.9 0.9 2 0 4290 0 1.9 1.9 1590 217 33%
c s 16.79 0.9 0.9 2 0 4290 0 1.9 1.9 1575 216 33%
c s 16.79 0.9 0.9 2 0 4290 0 1.9 1.9 1560 215 33%
c s 16.79 0.9 0.9 2 0 4290 0 1.9 1.9 1545 214 33%
c s 16.79 0.9 0.9 2 0 4290 0 1.9 1.9 1530 213 33%
c s 16.79 0.9 0.9 2 0 4290 0 1.9 1.9 1515 212 33%
c
c    time      reduced redundant irredundant
c        space  restarts    glue       variables
c            level conflicts    size     remaining
c
c s 16.79 0.9 0.9 2 0 4290 0 1.9 1.9 1500 211 32%
c s 16.79 0.9 0.9 2 0 4290 0 1.9 1.9 1485 210 32%
c s 16.81 0.9 0.9 2 0 4303 0 1.9 1.9 1471 209 32%
c s 16.84 0.9 0.9 2 0 4316 0 1.9 1.9 1458 208 32%
c s 16.86 0.9 0.9 2 0 4329 0 1.9 1.9 1446 207 32%
c s 16.89 0.9 0.9 2 0 4342 0 1.9 1.9 1435 206 32%
c s 16.91 0.9 0.9 2 0 4355 0 1.9 1.9 1425 205 32%
c s 16.94 0.9 0.9 2 0 4368 0 1.9 1.9 1416 204 31%
c s 16.96 0.9 0.9 2 0 4381 0 1.9 1.9 1408 203 31%
c s 16.99 0.9 0.9 2 0 4394 0 1.9 1.9 1401 202 31%
c s 17.01 0.9 0.9 2 0 4407 0 1.9 1.9 1395 201 31%
c s 17.04 0.9 0.9 2 0 4420 0 1.9 1.9 1390 200 31%
c s 17.06 0.9 0.9 2 0 4433 0 1.9 1.9 1386 199 31%
c s 17.08 0.9 0.9 2 0 4446 0 1.9 1.9 1383 198 30%
c s 17.11 0.9 0.9 2 0 4459 0 1.9 1.9 1381 197 30%
c s 17.13 0.9 0.9 2 0 4472 0 1.9 1.9 1380 196 30%
c s 17.13 0.9 0.9 2 0 4472 0 1.9 1.9 1379 195 30%
c s 17.13 0.9 0.9 2 0 4472 0 1.9 1.9 1365 194 30%
c s 17.13 0.9 0.9 2 0 4472 0 1.9 1.9 1351 193 30%
c s 17.13 0.9 0.9 2 0 4472 0 1.9 1.9 1337 192 30%
c
c    time      reduced redundant irredundant
c        space  restarts    glue       variables
c            level conflicts    size     remaining
c
c s 17.13 0.9 0.9 2 0 4472 0 1.9 1.9 1323 191 29%
c s 17.13 0.9 0.9 2 0 4472 0 1.9 1.9 1309 190 29%
c s 17.13 0.9 0.9 2 0 4472 0 1.9 1.9 1295 189 29%
c s 17.13 0.9 0.9 2 0 4472 0 1.9 1.9 1281 188 29%
c s 17.13 0.9 0.9 2 0 4472 0 1.9 1.9 1267 187 29%
c s 17.13 0.9 0.9 2 0 4472 0 1.9 1.9 1253 186 29%
c s 17.13 0.9 0.9 2 0 4472 0 1.9 1.9 1239 185 28%
c s 17.13 0.9 0.9 2 0 4472 0 1.9 1.9 1225 184 28%
c s 17.13 0.9 0.9 2 0 4472 0 1.9 1.9 1211 183 28%
c s 17.14 0.9 0.9 2 0 4472 0 1.9 1.9 1197 182 28%
c s 17.16 0.9 0.9 2 0 4484 0 1.9 1.9 1184 181 28%
c s 17.18 0.9 0.9 2 0 4496 0 1.9 1.9 1172 180 28%
c s 17.20 0.9 0.9 2 0 4508 0 1.9 1.9 1161 179 28%
c s 17.22 0.9 0.9 2 0 4520 0 1.9 1.9 1151 178 27%
c s 17.25 0.9 0.9 2 0 4532 0 1.9 1.9 1142 177 27%
c s 17.27 0.9 0.9 2 0 4544 0 1.9 1.9 1134 176 27%
c s 17.29 0.9 0.9 2 0 4556 0 1.9 1.9 1127 175 27%
c s 17.31 0.9 0.9 2 0 4568 0 1.9 1.9 1121 174 27%
c s 17.33 0.9 0.9 2 0 4580 0 1.9 1.9 1116 173 27%
c s 17.35 0.9 0.9 2 0 4592 0 1.9 1.9 1112 172 26%
c
c    time      reduced redundant irredundant
c        space  restarts    glue       variables
c            level conflicts    size     remaining
c
c s 17.37 0.9 0.9 2 0 4604 0 1.9 1.9 1109 171 26%
c s 17.39 0.9 0.9 2 0 4616 0 1.9 1.9 1107 170 26%
c s 17.41 0.9 0.9 2 0 4628 0 1.9 1.9 1106 169 26%
c s 17.41 0.9 0.9 2 0 4628 0 1.9 1.9 1105 168 26%
c s 17.42 0.9 0.9 2 0 4628 0 1.9 1.9 1092 167 26%
c s 17.42 0.9 0.9 2 0 4628 0 1.9 1.9 1079 166 26%
c s 17.42 0.9 0.9 2 0 4628 0 1.9 1.9 1066 165 25%
c s 17.42 0.9 0.9 2 0 4628 0 1.9 1.9 1053 164 25%
c s 17.42 0.9 0.9 2 0 4628 0 1.9 1.9 1040 163 25%
c s 17.42 0.9 0.9 2 0 4628 0 1.9 1.9 1027 162 25%
c s 17.42 0.9 0.9 2 0 4628 0 1.9 1.9 1014 161 25%
c s 17.42 0.9 0.9 2 0 4628 0 1.9 1.9 1001 160 25%
c s 17.42 0.9 0.9 2 0 4628 0 1.9 1.9 988 159 24%
c s 17.42 0.9 0.9 2 0 4628 0 1.9 1.9 975 158 24%
c s 17.42 0.9 0.9 2 0 4628 0 1.9 1.9 962 157 24%
c s 17.42 0.9 0.9 2 0 4628 0 1.9 1.9 949 156 24%
c s 17.44 0.9 0.9 2 0 4639 0 1.9 1.9 937 155 24%
c s 17.46 0.9 0.9 2 0 4650 0 1.9 1.9 926 154 24%
c s 17.49 0.9 0.9 2 0 4661 0 1.9 1.9 916 153 24%
c s 17.51 0.9 0.9 2 0 4672 0 1.9 1.9 907 152 23%
c
c    time      reduced redundant irredundant
c        space  restarts    glue      variables
c            level conflicts    size    remaining
c
c s 17.53 0.9 0.9 2 0 4683 0 1.9 1.9 899 151 23%
c s 17.55 0.9 0.9 2 0 4694 0 1.9 1.9 892 150 23%
c s 17.57 0.9 0.9 2 0 4705 0 1.9 1.9 886 149 23%
c s 17.59 0.9 0.9 2 0 4716 0 1.9 1.9 881 148 23%
c s 17.61 0.9 0.9 2 0 4727 0 1.9 1.9 877 147 23%
c s 17.63 0.9 0.9 2 0 4738 0 1.9 1.9 874 146 22%
c s 17.66 0.9 0.9 2 0 4749 0 1.9 1.9 872 145 22%
c s 17.68 0.9 0.9 2 0 4760 0 1.9 1.9 871 144 22%
c s 17.68 0.9 0.9 2 0 4760 0 1.9 1.9 870 143 22%
c s 17.68 0.9 0.9 2 0 4760 0 1.9 1.9 858 142 22%
c s 17.68 0.9 0.9 2 0 4760 0 1.9 1.9 846 141 22%
c s 17.68 0.9 0.9 2 0 4760 0 1.9 1.9 834 140 22%
c s 17.68 0.9 0.9 2 0 4760 0 1.9 1.9 822 139 21%
c s 17.68 0.9 0.9 2 0 4760 0 1.9 1.9 810 138 21%
c s 17.68 0.9 0.9 2 0 4760 0 1.9 1.9 798 137 21%
c s 17.68 0.9 0.9 2 0 4760 0 1.9 1.9 786 136 21%
c s 17.68 0.9 0.9 2 0 4760 0 1.9 1.9 774 135 21%
c s 17.68 0.9 0.9 2 0 4760 0 1.9 1.9 762 134 21%
c s 17.68 0.9 0.9 2 0 4760 0 1.9 1.9 750 133 20%
c s 17.68 0.9 0.9 2 0 4760 0 1.9 1.9 738 132 20%
c
c    time      reduced redundant irredundant
c        space  restarts    glue      variables
c            level conflicts    size    remaining
c
c s 17.70 0.9 0.9 2 0 4770 0 1.9 1.9 727 131 20%
c s 17.72 0.9 0.9 2 0 4780 0 1.9 1.9 717 130 20%
c s 17.74 0.9 0.9 2 0 4790 0 1.9 1.9 708 129 20%
c s 17.76 0.9 0.9 2 0 4800 0 1.9 1.9 700 128 20%
c s 17.78 0.9 0.9 2 0 4810 0 1.9 1.9 693 127 20%
c s 17.80 0.9 0.9 2 0 4820 0 1.9 1.9 687 126 19%
c s 17.81 0.9 0.9 2 0 4830 0 1.9 1.9 682 125 19%
c s 17.83 0.9 0.9 2 0 4840 0 1.9 1.9 678 124 19%
c s 17.85 0.9 0.9 2 0 4850 0 1.9 1.9 675 123 19%
c s 17.87 0.9 0.9 2 0 4860 0 1.9 1.9 673 122 19%
c s 17.89 0.9 0.9 2 0 4870 0 1.9 1.9 672 121 19%
c s 17.89 0.9 0.9 2 0 4870 0 1.9 1.9 671 120 18%
c s 17.89 0.9 0.9 2 0 4870 0 1.9 1.9 660 119 18%
c s 17.89 0.9 0.9 2 0 4870 0 1.9 1.9 649 118 18%
c s 17.89 0.9 0.9 2 0 4870 0 1.9 1.9 638 117 18%
c s 17.89 0.9 0.9 2 0 4870 0 1.9 1.9 627 116 18%
c s 17.89 0.9 0.9 2 0 4870 0 1.9 1.9 616 115 18%
c s 17.89 0.9 0.9 2 0 4870 0 1.9 1.9 605 114 18%
c s 17.89 0.9 0.9 2 0 4870 0 1.9 1.9 594 113 17%
c s 17.89 0.9 0.9 2 0 4870 0 1.9 1.9 583 112 17%
c
c    time      reduced redundant irredundant
c        space  restarts    glue      variables
c            level conflicts    size    remaining
c
c s 17.89 0.9 0.9 2 0 4870 0 1.9 1.9 572 111 17%
c s 17.89 0.9 0.9 2 0 4870 0 1.9 1.9 561 110 17%
c s 17.91 0.9 0.9 2 0 4879 0 1.9 1.9 551 109 17%
c s 17.92 0.9 0.9 2 0 4888 0 1.9 1.9 542 108 17%
c s 17.94 0.9 0.9 2 0 4897 0 1.9 1.9 534 107 16%
c s 17.95 0.9 0.9 2 0 4906 0 1.9 1.9 527 106 16%
c s 17.97 0.9 0.9 2 0 4915 0 1.9 1.9 521 105 16%
c s 17.99 0.9 0.9 2 0 4924 0 1.9 1.9 516 104 16%
c s 18.00 0.9 0.9 2 0 4933 0 1.9 1.9 512 103 16%
c s 18.02 0.9 0.9 2 0 4942 0 1.9 1.9 509 102 16%
c s 18.03 0.9 0.9 2 0 4951 0 1.9 1.9 507 101 16%
c s 18.05 0.9 0.9 2 0 4960 0 1.9 1.9 506 100 15%
c s 18.05 0.9 0.9 2 0 4960 0 1.9 1.9 505 99 15%
c s 18.05 0.9 0.9 2 0 4960 0 1.9 1.9 495 98 15%
c s 18.05 0.9 0.9 2 0 4960 0 1.9 1.9 485 97 15%
c s 18.05 0.9 0.9 2 0 4960 0 1.9 1.9 475 96 15%
c s 18.05 0.9 0.9 2 0 4960 0 1.9 1.9 465 95 15%
c s 18.05 0.9 0.9 2 0 4960 0 1.9 1.9 455 94 14%
c s 18.05 0.9 0.9 2 0 4960 0 1.9 1.9 445 93 14%
c s 18.05 0.9 0.9 2 0 4960 0 1.9 1.9 435 92 14%
c
c    time      reduced redundant irredundant
c        space  restarts    glue     variables
c            level conflicts    size   remaining
c
c s 18.05 0.9 0.9 2 0 4960 0 1.9 1.9 425 91 14%
c s 18.05 0.9 0.9 2 0 4960 0 1.9 1.9 415 90 14%
c s 18.07 0.9 0.9 2 0 4968 0 1.9 1.9 406 89 14%
c s 18.08 0.9 0.9 2 0 4976 0 1.9 1.9 398 88 14%
c s 18.09 0.9 0.9 2 0 4984 0 1.9 1.9 391 87 13%
c s 18.11 0.9 0.9 2 0 4992 0 1.9 1.9 385 86 13%
c s 18.12 0.9 0.9 2 0 5000 0 1.9 1.9 380 85 13%
c s 18.13 0.9 0.9 2 0 5008 0 1.9 1.9 376 84 13%
c s 18.15 0.9 0.9 2 0 5016 0 1.9 1.9 373 83 13%
c s 18.16 0.9 0.9 2 0 5024 0 1.9 1.9 371 82 13%
c s 18.17 0.9 0.9 2 0 5032 0 1.9 1.9 370 81 12%
c s 18.17 0.9 0.9 2 0 5032 0 1.9 1.9 369 80 12%
c s 18.17 0.9 0.9 2 0 5032 0 1.9 1.9 360 79 12%
c s 18.17 0.9 0.9 2 0 5032 0 1.9 1.9 351 78 12%
c s 18.17 0.9 0.9 2 0 5032 0 1.9 1.9 342 77 12%
c s 18.17 0.9 0.9 2 0 5032 0 1.9 1.9 333 76 12%
c s 18.17 0.9 0.9 2 0 5032 0 1.9 1.9 324 75 12%
c s 18.18 0.9 0.9 2 0 5032 0 1.9 1.9 315 74 11%
c s 18.18 0.9 0.9 2 0 5032 0 1.9 1.9 306 73 11%
c s 18.18 0.9 0.9 2 0 5032 0 1.9 1.9 297 72 11%
c
c    time      reduced redundant irredundant
c        space  restarts    glue     variables
c            level conflicts    size   remaining
c
c s 18.19 0.9 0.9 2 0 5039 0 1.9 1.9 289 71 11%
c s 18.20 0.9 0.9 2 0 5046 0 1.9 1.9 282 70 11%
c s 18.21 0.9 0.9 2 0 5053 0 1.9 1.9 276 69 11%
c s 18.22 0.9 0.9 2 0 5060 0 1.9 1.9 271 68 10%
c s 18.23 0.9 0.9 2 0 5067 0 1.9 1.9 267 67 10%
c s 18.24 0.9 0.9 2 0 5074 0 1.9 1.9 264 66 10%
c s 18.25 0.9 0.9 2 0 5081 0 1.9 1.9 262 65 10%
c s 18.26 0.9 0.9 2 0 5088 0 1.9 1.9 261 64 10%
c s 18.26 0.9 0.9 2 0 5088 0 1.9 1.9 260 63 10%
c s 18.26 0.9 0.9 2 0 5088 0 1.9 1.9 252 62 10%
c s 18.26 0.9 0.9 2 0 5088 0 1.9 1.9 244 61 9%
c s 18.27 0.9 0.9 2 0 5088 0 1.9 1.9 236 60 9%
c s 18.27 0.9 0.9 2 0 5088 0 1.9 1.9 228 59 9%
c s 18.27 0.9 0.9 2 0 5088 0 1.9 1.9 220 58 9%
c s 18.27 0.9 0.9 2 0 5088 0 1.9 1.9 212 57 9%
c s 18.27 0.9 0.9 2 0 5088 0 1.9 1.9 204 56 9%
c s 18.28 0.9 0.9 2 0 5094 0 1.9 1.9 197 55 8%
c s 18.28 0.9 0.9 2 0 5100 0 1.9 1.9 191 54 8%
c s 18.29 0.9 0.9 2 0 5106 0 1.9 1.9 186 53 8%
c s 18.30 0.9 0.9 2 0 5112 0 1.9 1.9 182 52 8%
c
c    time      reduced redundant irredundant
c        space  restarts    glue     variables
c            level conflicts    size  remaining
c
c s 18.31 0.9 0.9 2 0 5118 0 1.9 1.9 179 51 8%
c s 18.32 0.9 0.9 2 0 5124 0 1.9 1.9 177 50 8%
c s 18.33 0.9 0.9 2 0 5130 0 1.9 1.9 176 49 8%
c s 18.33 0.9 0.9 2 0 5130 0 1.9 1.9 175 48 7%
c s 18.33 0.9 0.9 2 0 5130 0 1.9 1.9 168 47 7%
c s 18.33 0.9 0.9 2 0 5130 0 1.9 1.9 161 46 7%
c s 18.33 0.9 0.9 2 0 5130 0 1.9 1.9 154 45 7%
c s 18.33 0.9 0.9 2 0 5130 0 1.9 1.9 147 44 7%
c s 18.33 0.9 0.9 2 0 5130 0 1.9 1.9 140 43 7%
c s 18.33 0.9 0.9 2 0 5130 0 1.9 1.9 133 42 6%
c s 18.34 0.9 0.9 2 0 5135 0 1.9 1.9 127 41 6%
c s 18.35 0.9 0.9 2 0 5140 0 1.9 1.9 122 40 6%
c s 18.35 0.9 0.9 2 0 5145 0 1.9 1.9 118 39 6%
c s 18.36 0.9 0.9 2 0 5150 0 1.9 1.9 115 38 6%
c s 18.37 0.9 0.9 2 0 5155 0 1.9 1.9 113 37 6%
c s 18.38 0.9 0.9 2 0 5160 0 1.9 1.9 112 36 6%
c s 18.38 0.9 0.9 2 0 5160 0 1.9 1.9 111 35 5%
c s 18.38 0.9 0.9 2 0 5160 0 1.9 1.9 105 34 5%
c s 18.38 0.9 0.9 2 0 5160 0 1.9 1.9 99 33 5%
c s 18.38 0.9 0.9 2 0 5160 0 1.9 1.9 93 32 5%
c
c    time      reduced redundant irredundant
c        space  restarts    glue    variables
c            level conflicts    size remaining
c
c s 18.38 0.9 0.9 2 0 5160 0 1.9 1.9 87 31 5%
c s 18.38 0.9 0.9 2 0 5160 0 1.9 1.9 81 30 5%
c s 18.38 0.9 0.9 2 0 5164 0 1.9 1.9 76 29 4%
c s 18.39 0.9 0.9 2 0 5168 0 1.9 1.9 72 28 4%
c s 18.39 0.9 0.9 2 0 5172 0 1.9 1.9 69 27 4%
c s 18.40 0.9 0.9 2 0 5176 0 1.9 1.9 67 26 4%
c s 18.41 0.9 0.9 2 0 5180 0 1.9 1.9 66 25 4%
c s 18.41 0.9 0.9 2 0 5180 0 1.9 1.9 65 24 4%
c s 18.41 0.9 0.9 2 0 5180 0 1.9 1.9 60 23 4%
c s 18.41 0.9 0.9 2 0 5180 0 1.9 1.9 55 22 3%
c s 18.41 0.9 0.9 2 0 5180 0 1.9 1.9 50 21 3%
c s 18.41 0.9 0.9 2 0 5180 0 1.9 1.9 45 20 3%
c s 18.41 0.9 0.9 2 0 5195 0 1.9 1.9 41 19 3%
c s 18.42 0.9 0.9 2 0 5210 0 1.9 1.9 38 18 3%
c s 18.42 0.9 0.9 2 0 5225 0 1.9 1.9 36 17 3%
c s 18.42 0.9 0.9 2 0 5240 0 1.9 1.9 35 16 2%
c s 18.42 0.9 0.9 2 0 5240 0 1.9 1.9 34 15 2%
c s 18.42 0.9 0.9 2 0 5240 0 1.9 1.9 30 14 2%
c s 18.42 0.9 0.9 2 0 5240 0 1.9 1.9 26 13 2%
c s 18.42 0.9 0.9 2 0 5240 0 1.9 1.9 22 12 2%
c
c    time      reduced redundant irredundant
c        space  restarts    glue    variables
c            level conflicts    size remaining
c
c s 18.42 0.9 0.9 2 0 5242 1 1.9 1.9 19 11 2%
c s 18.43 0.9 0.9 2 0 5243 1 1.9 1.9 16 10 2%
c s 18.43 0.9 0.9 2 0 5244 1 1.9 1.9 14 9 1%
c s 18.43 0.9 0.9 2 0 5245 1 1.9 1.9 12 8 1%
c 0 18.43 0.9 0.9 2 0 5247 1 1.9 1.9 12 0 0%
c
s UNSATISFIABLE
c
c simplifications:           642           8  conflicts/simplification  100%
c reductions:                  2        2624  conflicts/reduction       100%
c restarts:                    0           0  conflicts/restart         100%
c conflicts:                5247         285  conflicts/sec              52%
c decisions:                5198         282  decisions/sec              35%
c propagations:         20081297         1.1  millions/sec               98%
c
c pure:                      319           6% of look-aheads
c look-ahead:               5517         106% of outer decisions         37%
c pruned:                   5192          99% of outer conflicts         51%
c generated reducts:       10066          52% satisfiable
c average size:              244          11% of all clauses
c pruning failed:           4874          48% per reduct
c filter checks:          938840          38% of outer satisfied clauses
c average filtered:          0.0           0% per reduct
c assumed literals:      1148138         1.2  per filter check
c
c collected clauses:        0.40 MB      100% of allocated clauses        1%
c allocated clauses:        0.40 MB        2% of allocated memory         1%
c maximum heap:             0.80 MB       28% of resident set size       91%
c
c looking:                  1.02 sec       6% of process time
c filtering:                6.94 sec      38% of process time
c pruning:                 16.88 sec      92% of process time
c simplifying:              0.22 sec       1% of process time
c
c resident set size:        2.88 MB
c total process time:      18.43 sec
RC=0
