c SaDiCaL SAT Solver
c Copyright (C) 2018 by Armin Biere JKU
c
c Version 00n 47bff7ef874226b4a00ebd20fedf88eb7c4a3a39
c Compiler gcc (Ubuntu 11.4.0-1ubuntu1~22.04) 11.4.0
c Options gcc -Wall -O3 -DNDEBUG -DNLOG
c proof path '/mnt/d/PvsNP/phase4/results/proofs_sadical/F4/tseitin_n40_s6.sadical.dpr'
c
c non default options:
c
c --binary=false
c --force=true
c --witness=false
c
c parsing '/mnt/d/PvsNP/phase4/instances/f4/tseitin_n40_s6.cnf'
c found 'p cnf 60 160' header
c parsed DIMACS in 0.00 seconds
c 
c
c   time      reduced redundant irredundant
c       space  restarts glue     variables
c           level conflicts size   remaining
c
c s 0.01 0.0 3.3 0 1 6 0 4.3 4.3 156 59 98%
c s 0.04 0.0 4.4 0 4 45 0 5.4 5.4 152 58 97%
c s 0.08 0.0 3.1 0 5 141 0 4.1 4.1 146 56 93%
c s 0.09 0.0 3.0 0 11 165 1 4.0 4.0 142 55 92%
c s 0.11 0.1 3.1 0 14 224 2 4.1 4.1 138 54 90%
c s 0.11 0.1 3.1 0 15 247 1 4.1 4.1 134 53 88%
c s 0.17 0.1 3.9 0 17 568 1 4.9 4.9 130 52 87%
c s 0.22 0.1 3.7 0 20 664 0 4.7 4.7 126 51 85%
c s 0.24 0.1 3.6 0 22 691 0 4.6 4.6 122 50 83%
c s 0.27 0.1 3.4 0 23 739 0 4.4 4.4 114 47 78%
c s 0.28 0.1 3.3 0 24 744 0 4.3 4.3 100 41 68%
c s 0.33 0.1 3.3 0 28 821 1 4.3 4.3 96 40 67%
c s 0.35 0.1 3.2 0 33 851 3 4.2 4.2 92 39 65%
c s 0.36 0.1 3.2 0 38 917 3 4.2 4.2 88 38 63%
c s 0.38 0.1 3.2 0 45 1036 5 4.2 4.2 74 32 53%
c s 0.40 0.1 3.1 0 50 1222 1 4.1 4.2 66 29 48%
c s 0.41 0.1 3.1 0 56 1320 1 4.1 4.1 46 20 33%
c s 0.41 0.1 3.1 0 59 1347 1 4.1 4.1 38 17 28%
c s 0.41 0.1 3.0 0 60 1367 1 4.0 4.1 26 12 20%
c s 0.41 0.1 3.0 0 60 1368 0 4.0 4.1 10 5 8%
c
c   time      reduced  redundant irredundant
c       space   restarts    glue    variables
c           level  conflicts    size remaining
c
c 0 0.42 0.1 3.0 0 60 1370 0 4.0 4.0 10 0 0%
c
s UNSATISFIABLE
c
c simplifications:            20          68  conflicts/simplification  100%
c reductions:                  0           0  conflicts/reduction       100%
c restarts:                   60          23  conflicts/restart         100%
c conflicts:                1370        3288  conflicts/sec              84%
c decisions:                 698        1675  decisions/sec              49%
c propagations:            73251         0.2  millions/sec               84%
c
c pure:                        0           0% of look-aheads
c look-ahead:                698         100% of outer decisions         49%
c pruned:                    335          24% of outer conflicts         20%
c generated reducts:         952          35% satisfiable
c average size:               40          34% of all clauses
c pruning failed:            617          65% per reduct
c filter checks:           12999          34% of outer satisfied clauses
c average filtered:          1.1           3% per reduct
c assumed literals:        29257         2.3  per filter check
c
c collected clauses:        0.02 MB       98% of allocated clauses        2%
c allocated clauses:        0.02 MB        9% of allocated memory         3%
c maximum heap:             0.04 MB        2% of resident set size       64%
c
c looking:                  0.00 sec       1% of process time
c filtering:                0.13 sec      31% of process time
c pruning:                  0.38 sec      90% of process time
c simplifying:              0.00 sec       1% of process time
c
c resident set size:        1.71 MB
c total process time:       0.42 sec
RC=0
