c SaDiCaL SAT Solver
c Copyright (C) 2018 by Armin Biere JKU
c
c Version 00n 47bff7ef874226b4a00ebd20fedf88eb7c4a3a39
c Compiler gcc (Ubuntu 11.4.0-1ubuntu1~22.04) 11.4.0
c Options gcc -Wall -O3 -DNDEBUG -DNLOG
c proof path '/mnt/d/PvsNP/phase4/results/proofs_sadical/F8/mchess_16.sadical.dpr'
c
c non default options:
c
c --binary=false
c --force=true
c --witness=false
c
c parsing '/mnt/d/PvsNP/phase4/instances/f8/mchess_16.cnf'
c found 'p cnf 476 1592' header
c parsed DIMACS in 0.01 seconds
c 
c
c   time      reduced redundant irredundant
c       space  restarts glue       variables
c           level conflicts size      remaining
c
c s 0.01 0.2 0.0 0 0 1 0 1.0 1.0 1586 475 100%
c s 0.46 0.4 10.9 0 24 364 19 10.8 12.4 1582 474 100%
c s 0.84 0.4 8.8 0 55 1238 41 8.7 10.2 1576 473 99%
c s 1.12 0.4 8.5 0 75 1877 35 8.7 9.9 1562 469 99%
c - 1.15 0.4 8.0 1 86 2001 48 8.3 9.3 1562 469 99%
c s 1.39 0.4 8.1 1 99 2823 59 8.5 9.4 1557 468 98%
c - 1.65 0.4 7.9 2 133 4011 95 8.4 9.1 1557 468 98%
c - 1.96 0.4 7.4 3 172 6318 112 8.0 8.5 1557 468 98%
c s 1.97 0.4 7.1 3 179 6524 114 7.8 8.2 1552 467 98%
c s 2.05 0.4 7.1 3 184 7175 118 7.8 8.2 1548 466 98%
c s 2.14 0.4 6.9 3 200 7883 125 7.5 8.0 1539 463 97%
c - 2.25 0.4 6.8 4 213 8928 108 7.5 7.9 1539 463 97%
c s 2.72 0.4 6.5 4 260 11027 159 7.2 7.5 1525 459 96%
c - 2.80 0.4 6.4 5 269 11863 138 7.2 7.5 1525 459 96%
c s 2.90 0.4 6.3 5 278 13245 142 7.1 7.4 1520 458 96%
c - 3.11 0.4 6.3 6 288 15064 111 7.0 7.4 1520 458 96%
c s 3.29 0.4 6.0 6 312 16303 129 6.7 7.0 1514 457 96%
c - 3.64 0.4 5.9 7 337 18584 138 6.7 7.0 1514 457 96%
c - 4.06 0.4 5.8 8 381 22408 163 6.6 6.9 1514 457 96%
c - 4.53 0.4 5.8 9 420 26544 170 6.5 6.9 1514 457 96%
c
c   time      reduced      redundant  irredundant
c       space    restarts        glue       variables
c           level     conflicts      size     remaining
c
c - 5.10 0.4 5.7 10 470 30958 190 6.5 6.8 1514 457 96%
c s 5.11 0.4 5.7 10 472 31086 178 6.4 6.8 1508 456 96%
c - 5.76 0.4 5.7 11 520 35686 200 6.5 6.8 1508 456 96%
c s 5.77 0.4 5.7 11 523 35804 166 6.4 6.8 1502 455 96%
c - 6.35 0.4 5.7 12 572 40732 193 6.5 6.8 1502 455 96%
c - 6.96 0.4 5.7 13 614 46046 203 6.4 6.7 1502 455 96%
c - 7.61 0.4 5.7 14 649 51666 197 6.5 6.8 1502 455 96%
c s 7.85 0.4 5.6 14 675 53992 184 6.4 6.7 1497 454 95%
c s 8.26 0.4 5.5 14 716 55993 227 6.3 6.5 1491 453 95%
c - 8.50 0.4 5.5 15 737 57580 235 6.3 6.6 1491 453 95%
c - 9.26 0.4 5.5 16 774 63804 225 6.3 6.6 1491 453 95%
c s 9.79 0.5 5.5 16 820 67073 255 6.3 6.5 1486 452 95%
c s 10.03 0.5 5.6 16 838 68035 279 6.3 6.6 1481 451 95%
c s 10.22 0.5 5.6 16 859 70073 300 6.3 6.6 1475 450 95%
c - 10.26 0.5 5.5 17 864 70306 263 6.3 6.6 1475 450 95%
c s 10.85 0.5 5.5 17 925 76653 305 6.2 6.5 1470 449 94%
c - 10.90 0.5 5.5 18 927 77136 249 6.2 6.5 1470 449 94%
c s 11.40 0.5 5.4 18 972 80788 258 6.2 6.4 1465 448 94%
c s 11.77 0.5 5.5 18 1007 82391 312 6.2 6.5 1461 447 94%
c s 11.84 0.5 5.5 18 1018 82974 321 6.2 6.5 1456 446 94%
c
c    time      reduced       redundant  irredundant
c        space     restarts        glue       variables
c            level      conflicts      size     remaining
c
c - 12.07 0.5 5.5 19 1040 84248 302 6.2 6.4 1456 446 94%
c s 12.30 0.5 5.4 19 1062 85931 298 6.2 6.4 1452 445 93%
c s 12.90 0.5 5.5 19 1087 91584 315 6.2 6.5 1446 444 93%
c - 12.92 0.5 5.5 20 1088 91657 258 6.2 6.5 1446 444 93%
c s 13.32 0.5 5.5 20 1113 93936 266 6.2 6.5 1417 436 92%
c - 13.91 0.5 5.4 21 1176 99372 319 6.2 6.4 1417 436 92%
c - 14.98 0.5 5.6 22 1232 107420 324 6.3 6.6 1417 436 92%
c s 14.99 0.5 5.6 22 1233 107506 304 6.3 6.6 1411 435 91%
c - 15.68 0.5 5.6 23 1271 115748 289 6.4 6.6 1411 435 91%
c - 16.58 0.5 5.7 24 1320 124382 296 6.4 6.6 1411 435 91%
c - 17.48 0.5 5.7 25 1377 133288 328 6.4 6.6 1411 435 91%
c - 18.71 0.5 5.7 26 1431 142516 332 6.4 6.7 1411 435 91%
c - 19.80 0.5 5.7 27 1482 152033 343 6.4 6.7 1411 435 91%
c - 21.01 0.5 5.7 28 1534 161880 354 6.5 6.7 1411 435 91%
c s 21.76 0.5 5.7 28 1570 170404 399 6.5 6.7 1405 434 91%
c - 22.09 0.5 5.7 29 1585 172012 359 6.5 6.7 1405 434 91%
c - 23.71 0.5 5.7 30 1659 182418 409 6.5 6.7 1405 434 91%
c - 24.89 0.5 5.8 31 1703 193134 386 6.5 6.7 1405 434 91%
c s 24.90 0.5 5.8 31 1704 193235 342 6.5 6.7 1399 433 91%
c - 26.19 0.5 5.8 32 1767 204173 395 6.5 6.8 1399 433 91%
c
c    time      reduced        redundant  irredundant
c        space     restarts         glue       variables
c            level      conflicts       size     remaining
c
c - 28.06 0.5 5.8 33 1834 215572 420 6.5 6.8 1399 433 91%
c s 28.30 0.5 5.8 33 1848 217526 433 6.5 6.8 1393 432 91%
c - 29.88 0.5 5.9 34 1895 227173 428 6.6 6.9 1393 432 91%
c s 30.23 0.5 5.8 34 1918 229034 435 6.5 6.8 1387 431 91%
c s 31.41 0.5 5.8 34 1955 237894 463 6.5 6.8 1381 430 90%
c - 31.55 0.5 5.8 35 1958 239097 405 6.5 6.8 1381 430 90%
c s 32.20 0.5 5.8 35 1996 243703 439 6.5 6.8 1376 429 90%
c - 33.17 0.6 5.8 36 2038 251350 448 6.5 6.8 1376 429 90%
c - 34.63 0.6 5.8 37 2077 263952 431 6.5 6.8 1376 429 90%
c s 34.77 0.6 5.8 37 2083 265189 424 6.5 6.8 1372 428 90%
c - 36.64 0.6 5.8 38 2138 276773 463 6.5 6.8 1372 428 90%
c s 38.92 0.6 5.8 38 2236 288845 588 6.5 6.8 1367 427 90%
c s 38.95 0.6 5.8 38 2237 288994 581 6.5 6.8 1362 426 89%
c - 39.09 0.6 5.8 39 2240 289896 522 6.4 6.8 1362 426 89%
c - 40.66 0.6 5.8 40 2292 303328 502 6.5 6.8 1362 426 89%
c - 42.26 0.6 5.8 41 2330 317143 485 6.5 6.8 1362 426 89%
c - 44.06 0.6 5.8 42 2381 331167 494 6.5 6.9 1362 426 89%
c s 45.11 0.6 5.9 42 2409 337021 520 6.5 6.9 1353 424 89%
c - 46.57 0.6 5.9 43 2439 345505 515 6.5 6.9 1353 424 89%
c - 48.67 0.6 5.9 44 2513 360128 588 6.5 6.9 1353 424 89%
c
c    time      reduced        redundant  irredundant
c        space     restarts         glue       variables
c            level      conflicts       size     remaining
c
c s 49.37 0.6 5.8 44 2558 365771 611 6.4 6.8 1347 423 89%
c s 50.76 0.6 5.8 44 2600 374235 665 6.4 6.8 1341 422 89%
c - 50.91 0.6 5.8 45 2602 375030 582 6.4 6.8 1341 422 89%
c s 53.57 0.6 5.8 45 2708 390184 679 6.4 6.8 1337 421 88%
c s 53.57 0.6 5.8 45 2708 390185 632 6.4 6.8 1314 415 87%
c - 53.59 0.6 5.8 46 2708 390232 562 6.4 6.8 1314 415 87%
c s 54.95 0.6 5.8 46 2745 398386 598 6.4 6.8 1309 414 87%
c s 55.09 0.6 5.8 46 2751 399543 593 6.4 6.8 1305 413 87%
c - 55.99 0.6 5.8 47 2789 405768 572 6.4 6.8 1305 413 87%
c - 58.69 0.6 5.8 48 2855 421577 587 6.5 6.8 1305 413 87%
c s 59.96 0.6 5.8 48 2889 428456 627 6.5 6.8 1301 412 87%
c s 59.97 0.6 5.8 48 2889 428487 624 6.5 6.8 1296 411 86%
c s 60.70 0.6 5.8 48 2914 432726 618 6.4 6.8 1292 410 86%
c s 61.39 0.6 5.8 48 2945 437127 658 6.4 6.8 1283 407 86%
c - 61.46 0.6 5.8 49 2946 437680 583 6.4 6.8 1283 407 86%
c s 61.66 0.6 5.8 49 2959 438818 575 6.4 6.8 1256 399 84%
c s 61.82 0.6 5.8 49 2967 439931 586 6.4 6.8 1250 398 84%
c s 62.40 0.6 5.8 49 2990 444648 591 6.4 6.8 1245 397 83%
c s 62.69 0.6 5.8 49 3005 446961 600 6.4 6.8 1239 396 83%
c s 62.88 0.6 5.8 49 3018 448676 578 6.4 6.8 1216 389 82%
c
c    time      reduced        redundant  irredundant
c        space     restarts         glue       variables
c            level      conflicts       size     remaining
c
c s 63.48 0.6 5.8 49 3037 452459 607 6.4 6.7 1211 388 82%
c - 63.70 0.6 5.8 50 3038 454180 544 6.4 6.7 1211 388 82%
c - 65.99 0.6 5.8 51 3109 470882 610 6.4 6.7 1211 388 82%
c s 66.21 0.6 5.8 51 3120 472494 604 6.4 6.7 1206 387 81%
c s 66.38 0.6 5.8 51 3123 473682 600 6.4 6.7 1185 380 80%
c - 68.42 0.6 5.8 52 3172 487946 606 6.4 6.7 1185 380 80%
c - 70.75 0.6 5.8 53 3239 505326 639 6.4 6.7 1185 380 80%
c s 70.77 0.6 5.8 53 3240 505531 633 6.4 6.7 1180 379 80%
c s 71.48 0.6 5.7 53 3260 512015 663 6.3 6.7 1174 378 79%
c s 72.04 0.6 5.7 53 3280 517003 673 6.3 6.7 1168 377 79%
c - 73.11 0.6 5.7 54 3300 523001 639 6.3 6.7 1168 377 79%
c s 76.13 0.7 5.7 54 3376 539027 731 6.3 6.7 1162 376 79%
c - 76.48 0.7 5.7 55 3384 540979 686 6.3 6.7 1162 376 79%
c s 77.42 0.7 5.7 55 3407 545091 698 6.3 6.7 1149 372 78%
c - 79.44 0.7 5.7 56 3449 559232 708 6.3 6.7 1149 372 78%
c - 82.02 0.7 5.8 57 3511 577807 722 6.3 6.7 1149 372 78%
c - 84.60 0.7 5.8 58 3577 596637 739 6.3 6.7 1149 372 78%
c s 85.06 0.7 5.8 58 3589 598912 743 6.3 6.7 1143 371 78%
c s 86.91 0.7 5.8 58 3620 610269 752 6.3 6.8 1138 370 78%
c - 87.76 0.7 5.8 59 3632 615763 710 6.3 6.8 1138 370 78%
c
c    time      reduced        redundant  irredundant
c        space     restarts         glue       variables
c            level      conflicts       size     remaining
c
c s 87.98 0.7 5.8 59 3640 617459 680 6.3 6.8 1134 369 78%
c s 87.98 0.7 5.7 59 3640 617460 664 6.3 6.8 1114 361 76%
c s 89.04 0.7 5.7 59 3662 623156 684 6.3 6.7 1109 360 76%
c - 90.53 0.7 5.7 60 3708 635201 697 6.3 6.8 1109 360 76%
c - 92.56 0.7 5.7 61 3762 654983 719 6.3 6.8 1109 360 76%
c s 94.70 0.7 5.7 61 3835 674776 827 6.3 6.7 1103 359 75%
c - 94.74 0.7 5.7 62 3835 675011 765 6.3 6.7 1103 359 75%
c s 96.28 0.7 5.7 62 3869 687673 818 6.3 6.7 1098 358 75%
c - 97.20 0.7 5.7 63 3888 695415 769 6.3 6.7 1098 358 75%
c s 98.58 0.7 5.7 63 3920 705188 795 6.3 6.7 1093 357 75%
c s 98.93 0.7 5.7 63 3925 707575 801 6.3 6.7 1089 356 75%
c s 99.19 0.7 5.7 63 3930 710002 792 6.3 6.7 1083 355 75%
c - 99.84 0.7 5.7 64 3947 716051 751 6.3 6.7 1083 355 75%
c - 103.33 0.7 5.8 65 4007 737015 774 6.3 6.8 1083 355 75%
c - 106.07 0.7 5.8 66 4053 758230 778 6.3 6.8 1083 355 75%
c s 108.60 0.7 5.7 66 4117 777750 812 6.3 6.8 1053 348 73%
c - 108.92 0.7 5.7 67 4122 779739 773 6.3 6.8 1053 348 73%
c s 112.27 0.7 5.8 67 4178 799103 824 6.3 6.8 1048 347 73%
c - 112.67 0.7 5.8 68 4182 801542 759 6.3 6.8 1048 347 73%
c s 114.46 0.7 5.8 68 4208 815847 794 6.3 6.8 1042 346 73%
c
c     time      reduced        redundant  irredundant
c         space     restarts         glue       variables
c             level      conflicts       size     remaining
c
c - 115.88 0.7 5.8 69 4229 823654 761 6.3 6.8 1042 346 73%
c s 117.39 0.7 5.8 69 4260 833906 803 6.3 6.8 1038 345 72%
c s 119.40 0.7 5.8 69 4302 845997 838 6.3 6.8 1032 344 72%
c - 119.43 0.7 5.8 70 4302 846083 778 6.3 6.8 1032 344 72%
c s 120.41 0.7 5.8 70 4325 851981 792 6.3 6.8 1022 342 72%
c s 122.09 0.7 5.8 70 4356 862287 842 6.3 6.8 1017 341 72%
c - 123.00 0.7 5.8 71 4371 868860 796 6.3 6.8 1017 341 72%
c s 126.29 0.7 5.8 71 4435 890333 901 6.3 6.9 1011 340 71%
c - 126.50 0.7 5.8 72 4440 891893 839 6.3 6.9 1011 340 71%
c s 126.67 0.7 5.8 72 4444 893000 840 6.3 6.9 1006 339 71%
c s 126.82 0.7 5.8 72 4449 894366 837 6.3 6.9 1001 338 71%
c s 128.83 0.7 5.8 72 4498 909282 884 6.3 6.8 995 337 71%
c - 130.16 0.7 5.8 73 4514 915212 824 6.3 6.8 995 337 71%
c s 130.50 0.7 5.8 73 4517 917308 809 6.3 6.8 991 336 71%
c - 133.89 0.7 5.8 74 4570 938864 846 6.3 6.9 991 336 71%
c s 136.95 0.8 5.7 74 4626 955753 883 6.2 6.9 985 335 70%
c - 138.05 0.8 5.7 75 4645 962836 842 6.2 6.8 985 335 70%
c s 138.45 0.8 5.7 75 4653 965082 845 6.2 6.8 979 334 70%
c s 138.46 0.8 5.7 75 4654 965122 844 6.2 6.8 973 333 70%
c s 138.74 0.8 5.7 75 4661 966436 848 6.2 6.8 967 332 70%
c
c     time      reduced        redundant  irredundant
c         space     restarts         glue      variables
c             level      conflicts       size    remaining
c
c s 139.16 0.8 5.7 75 4670 968585 836 6.2 6.8 962 331 70%
c s 139.16 0.8 5.7 75 4670 968586 643 6.2 6.8 801 271 57%
c s 139.17 0.8 5.7 75 4670 968629 632 6.2 6.8 796 270 57%
c s 139.47 0.8 5.7 75 4678 971128 624 6.2 6.8 781 266 56%
c s 139.75 0.8 5.7 75 4685 972909 547 6.2 6.8 734 249 52%
c s 139.93 0.8 5.7 75 4698 975498 548 6.2 6.8 729 248 52%
c s 140.05 0.8 5.7 75 4703 976810 487 6.2 6.8 679 228 48%
c s 140.81 0.8 5.6 75 4723 983149 466 6.2 6.8 647 218 46%
c s 141.05 0.8 5.6 75 4739 986656 475 6.2 6.8 642 217 46%
c s 141.07 0.8 5.6 75 4739 986840 467 6.2 6.8 637 216 45%
c - 141.10 0.8 5.6 76 4740 987049 439 6.2 6.8 637 216 45%
c s 141.18 0.8 5.6 76 4750 988148 443 6.2 6.8 631 215 45%
c s 141.40 0.8 5.6 76 4763 990726 447 6.1 6.8 625 214 45%
c s 141.58 0.8 5.6 76 4779 992222 460 6.1 6.8 619 213 45%
c s 141.66 0.8 5.6 76 4791 993366 471 6.1 6.8 614 212 45%
c s 141.79 0.8 5.6 76 4800 995076 403 6.1 6.7 552 193 41%
c s 142.02 0.8 5.6 76 4814 998494 417 6.1 6.7 547 192 40%
c s 142.33 0.8 5.6 76 4839 1003852 157 6.1 6.7 342 114 24%
c s 142.47 0.8 5.5 76 4862 1006848 189 6.1 6.7 324 109 23%
c s 142.48 0.8 5.5 76 4863 1007151 185 6.1 6.7 319 108 23%
c
c     time      reduced         redundant  irredundant
c         space     restarts          glue      variables
c             level       conflicts       size    remaining
c
c s 142.49 0.8 5.5 76 4865 1007295 188 6.1 6.7 313 107 22%
c s 142.49 0.8 5.5 76 4865 1007324 185 6.1 6.7 307 106 22%
c s 142.52 0.8 5.5 76 4872 1008195 193 6.0 6.7 301 105 22%
c s 142.52 0.8 5.5 76 4872 1008222 190 6.0 6.7 295 104 22%
c s 142.52 0.8 5.5 76 4872 1008451 192 6.0 6.7 291 103 22%
c s 142.53 0.8 5.5 76 4872 1008521 194 6.0 6.7 287 102 21%
c s 142.53 0.8 5.5 76 4872 1008736 191 6.0 6.7 275 98 21%
c s 142.53 0.8 5.5 76 4872 1008737 184 6.0 6.7 250 88 18%
c s 142.53 0.8 5.5 76 4872 1008738 182 6.0 6.7 245 87 18%
c s 142.53 0.8 5.5 76 4872 1008739 181 6.0 6.7 241 86 18%
c 0 142.53 0.8 5.5 76 4873 1008742 181 6.0 6.7 241 27 6%
c
s UNSATISFIABLE
c
c simplifications:           114        8849  conflicts/simplification  100%
c reductions:                 76       13273  conflicts/reduction       100%
c restarts:                 4873         207  conflicts/restart         100%
c conflicts:             1008742        7077  conflicts/sec              97%
c decisions:               38512         270  decisions/sec              50%
c propagations:         67888524         0.5  millions/sec               96%
c
c pure:                        0           0% of look-aheads
c look-ahead:              38512         100% of outer decisions         50%
c pruned:                   5787           1% of outer conflicts          1%
c generated reducts:       39311          15% satisfiable
c average size:              312          22% of all clauses
c pruning failed:          33524          85% per reduct
c filter checks:         3558799          27% of outer satisfied clauses
c average filtered:         25.5           8% per reduct
c assumed literals:      6741051         1.9  per filter check
c
c collected clauses:        0.39 MB       96% of allocated clauses        0%
c allocated clauses:        0.41 MB        3% of allocated memory         0%
c maximum heap:             0.51 MB       19% of resident set size       68%
c
c looking:                  0.41 sec       0% of process time
c filtering:               74.09 sec      52% of process time
c pruning:                140.90 sec      99% of process time
c simplifying:              0.06 sec       0% of process time
c
c resident set size:        2.75 MB
c total process time:     142.53 sec
RC=0
