c SaDiCaL SAT Solver
c Copyright (C) 2018 by Armin Biere JKU
c
c Version 00n 47bff7ef874226b4a00ebd20fedf88eb7c4a3a39
c Compiler gcc (Ubuntu 11.4.0-1ubuntu1~22.04) 11.4.0
c Options gcc -Wall -O3 -DNDEBUG -DNLOG
c proof path '/mnt/d/PvsNP/phase4/results/proofs_sadical/F4/tseitin_n100_s1.sadical.dpr'
c
c non default options:
c
c --binary=false
c --force=true
c --witness=false
c
c parsing '/mnt/d/PvsNP/phase4/instances/f4/tseitin_n100_s1.cnf'
c found 'p cnf 150 400' header
c parsed DIMACS in 0.00 seconds
c 
c
c   time      reduced redundant irredundant
c       space  restarts  glue      variables
c           level conflicts  size    remaining
c
c s 0.20 0.1 2.7 0 6 56 1 3.7 3.7 396 149 99%
c s 0.33 0.1 3.7 0 9 156 0 4.7 4.7 392 148 99%
c s 1.05 0.2 4.4 0 10 948 0 5.4 5.4 388 147 98%
c s 3.20 0.4 4.8 0 11 1991 0 5.8 5.8 384 146 97%
c - 3.27 0.4 4.8 1 11 2005 0 5.8 5.8 384 146 97%
c s 3.30 0.4 4.7 1 12 2059 0 5.7 5.7 380 145 97%
c s 3.43 0.4 4.7 1 14 2211 0 5.7 5.7 374 143 95%
c s 3.54 0.4 4.6 1 16 2365 0 5.6 5.6 366 140 93%
c s 4.17 0.4 4.6 1 17 3279 0 5.6 5.6 360 138 92%
c s 4.24 0.4 4.6 1 18 3326 0 5.6 5.6 354 136 91%
c s 4.31 0.4 4.6 1 19 3357 0 5.6 5.6 346 133 89%
c - 4.58 0.4 4.7 2 23 4007 218 5.7 5.7 346 133 89%
c s 4.96 0.4 4.6 2 23 4913 5 5.6 5.6 340 131 87%
c s 5.01 0.4 4.6 2 30 4994 22 5.6 5.6 336 130 87%
c s 5.08 0.4 4.6 2 32 5108 22 5.6 5.6 332 129 86%
c s 5.16 0.4 4.6 2 37 5232 31 5.6 5.6 328 128 85%
c s 5.27 0.4 4.6 2 46 5647 28 5.6 5.6 324 127 85%
c - 5.44 0.4 4.7 3 60 6311 95 5.7 5.7 324 127 85%
c - 6.01 0.4 4.6 4 98 8949 192 5.6 5.6 324 127 85%
c - 6.14 0.4 4.6 5 98 11893 159 5.6 5.6 324 127 85%
c
c   time      reduced    redundant  irredundant
c       space   restarts       glue      variables
c           level   conflicts      size    remaining
c
c s 6.26 0.4 4.6 5 98 13762 108 5.6 5.6 320 126 84%
c - 6.36 0.4 4.6 6 101 15115 103 5.6 5.6 320 126 84%
c s 6.42 0.4 4.6 6 101 15924 69 5.5 5.5 314 124 83%
c s 6.52 0.4 4.5 6 103 16650 68 5.5 5.5 304 120 80%
c - 6.73 0.4 4.7 7 105 18621 207 5.7 5.7 304 120 80%
c - 7.29 0.4 4.8 8 105 22429 495 5.8 5.8 304 120 80%
c - 8.06 0.5 4.8 9 105 26532 669 5.8 5.8 304 120 80%
c s 8.22 0.5 4.7 9 105 27429 47 5.7 5.7 300 119 79%
c s 14.79 0.6 4.8 9 109 30352 38 5.8 5.8 288 114 76%
c s 14.84 0.6 4.7 9 112 30454 33 5.7 5.7 282 112 75%
c s 14.88 0.6 4.7 9 114 30497 32 5.7 5.7 278 111 74%
c s 14.93 0.6 4.7 9 116 30533 9 5.7 5.7 272 109 73%
c - 15.05 0.6 4.8 10 117 30937 113 5.8 5.8 272 109 73%
c s 16.73 0.6 4.8 10 117 33913 8 5.8 5.8 266 107 71%
c s 16.80 0.6 4.8 10 119 34126 7 5.8 5.8 260 105 70%
c s 16.86 0.6 4.7 10 120 34197 7 5.7 5.7 256 104 69%
c s 16.88 0.6 4.7 10 124 34224 4 5.7 5.7 252 103 69%
c s 17.12 0.6 4.7 10 129 34463 5 5.7 5.7 246 101 67%
c s 17.14 0.6 4.7 10 130 34471 5 5.7 5.7 242 100 67%
c s 17.29 0.6 4.7 10 133 34951 5 5.7 5.7 236 98 65%
c
c    time      reduced     redundant irredundant
c        space    restarts      glue     variables
c            level     conflicts    size   remaining
c
c s 17.35 0.6 4.7 10 135 35159 4 5.7 5.7 226 94 63%
c s 17.39 0.6 4.7 10 136 35301 3 5.6 5.6 216 90 60%
c - 17.54 0.6 4.6 11 137 35639 155 5.6 5.6 216 90 60%
c s 17.66 0.6 4.6 11 137 35875 2 5.6 5.6 206 86 57%
c s 17.72 0.6 4.6 11 140 35980 2 5.6 5.6 194 81 54%
c s 17.78 0.6 4.6 11 142 36158 2 5.6 5.6 188 79 53%
c s 17.80 0.6 4.6 11 144 36254 2 5.6 5.6 182 77 51%
c - 18.11 0.6 4.7 12 179 40650 137 5.7 5.7 182 77 51%
c - 18.49 0.6 4.9 13 223 45970 231 5.9 5.9 182 77 51%
c - 19.02 0.6 5.0 14 351 51582 288 6.0 6.0 182 77 51%
c - 19.67 0.6 5.1 15 530 57502 327 6.1 6.1 182 77 51%
c - 20.42 0.6 5.2 16 718 63708 353 6.2 6.2 182 77 51%
c - 21.11 0.6 5.2 17 915 70215 374 6.2 6.2 182 77 51%
c - 21.91 0.6 5.3 18 1121 77029 398 6.3 6.3 182 77 51%
c - 22.72 0.6 5.4 19 1336 84142 423 6.4 6.4 182 77 51%
c - 23.56 0.7 5.4 20 1560 91543 440 6.4 6.4 182 77 51%
c - 24.44 0.7 5.5 21 1794 99276 459 6.5 6.5 182 77 51%
c - 25.37 0.7 5.5 22 2036 107277 475 6.5 6.5 182 77 51%
c - 26.48 0.7 5.6 23 2288 115605 493 6.6 6.6 182 77 51%
c - 27.54 0.7 5.6 24 2549 124233 514 6.6 6.6 182 77 51%
c
c    time      reduced        redundant  irredundant
c        space     restarts         glue     variables
c            level      conflicts       size   remaining
c
c - 28.58 0.7 5.6 25 2819 133155 533 6.6 6.6 182 77 51%
c - 29.72 0.7 5.7 26 3098 142377 553 6.7 6.7 182 77 51%
c - 30.88 0.7 5.7 27 3386 151894 570 6.7 6.7 182 77 51%
c - 32.19 0.7 5.7 28 3683 161716 592 6.7 6.7 182 77 51%
c - 33.29 0.7 5.7 29 3898 171835 610 6.7 6.7 182 77 51%
c - 34.58 0.8 5.8 30 4144 182240 630 6.8 6.8 182 77 51%
c - 36.03 0.8 5.8 31 4468 192947 651 6.8 6.8 182 77 51%
c - 37.42 0.8 5.9 32 4801 203969 682 6.9 6.9 182 77 51%
c - 38.87 0.8 5.9 33 5144 215296 691 6.9 6.9 182 77 51%
c - 40.27 0.8 5.9 34 5370 226907 714 6.9 6.9 182 77 51%
c - 41.43 0.8 5.9 35 5453 238837 733 6.9 6.9 182 77 51%
c - 42.69 0.8 5.9 36 5556 251061 755 6.9 6.9 182 77 51%
c - 44.00 0.8 5.9 37 5653 263574 772 6.9 6.9 182 77 51%
c - 45.17 0.8 5.9 38 5745 276394 799 6.9 6.9 182 77 51%
c - 46.58 0.8 5.9 39 5891 289510 819 6.9 6.9 182 77 51%
c - 47.94 0.8 5.8 40 5993 302928 844 6.8 6.8 182 77 51%
c s 48.30 0.8 5.8 40 6025 306992 2 6.8 6.8 172 73 49%
c - 48.94 0.8 5.9 41 6103 316633 323 6.9 6.9 172 73 49%
c - 50.19 0.8 5.9 42 6214 330646 626 6.9 6.9 172 73 49%
c - 51.57 0.9 5.9 43 6325 344962 786 6.9 7.0 172 73 49%
c
c    time      reduced        redundant  irredundant
c        space     restarts         glue     variables
c            level      conflicts       size   remaining
c
c - 53.19 0.9 6.0 44 6443 359586 873 6.9 7.0 172 73 49%
c - 54.77 0.9 5.9 45 6564 374512 933 6.9 7.0 172 73 49%
c - 56.50 0.9 6.0 46 6693 389725 971 7.0 7.0 172 73 49%
c - 58.72 1.0 6.0 47 6822 405244 1001 6.9 7.0 172 73 49%
c - 60.61 1.0 5.9 48 6976 421045 1029 6.9 6.9 172 73 49%
c s 62.09 1.0 5.9 48 7082 434195 2 6.9 6.9 164 70 47%
c - 62.28 1.0 5.9 49 7110 437164 108 6.9 6.9 164 70 47%
c - 63.50 1.0 5.9 50 7239 453577 625 6.9 6.9 164 70 47%
c - 65.21 1.0 5.9 51 7381 470303 896 6.9 6.9 164 70 47%
c - 67.40 1.0 5.9 52 7547 487310 1041 6.9 6.9 164 70 47%
c s 68.12 1.0 5.8 52 7616 493676 2 6.8 6.9 154 66 44%
c - 68.84 1.0 5.9 53 7723 504621 421 6.8 6.9 154 66 44%
c s 70.36 1.0 5.8 53 7859 521408 2 6.8 6.8 148 64 43%
c - 70.42 1.0 5.8 54 7868 522236 36 6.8 6.8 148 64 43%
c s 71.24 1.0 5.8 54 7985 534241 2 6.8 6.8 138 60 40%
c - 71.61 1.0 5.7 55 8048 540154 267 6.7 6.7 138 53 35%
c s 71.61 1.0 5.7 55 8048 540154 1 6.7 6.7 122 53 35%
c s 71.77 1.0 5.7 55 8082 542725 3 6.7 6.7 116 51 34%
c s 71.77 1.0 5.7 55 8088 542750 2 6.7 6.7 108 48 32%
c s 71.78 1.0 5.7 55 8096 542806 6 6.7 6.7 102 46 31%
c
c    time      reduced       redundant irredundant
c        space     restarts       glue    variables
c            level      conflicts     size  remaining
c
c s 71.79 1.0 5.7 55 8104 542903 6 6.7 6.7 88 40 27%
c s 71.80 1.0 5.7 55 8108 542997 9 6.7 6.7 72 33 22%
c s 71.80 1.0 5.7 55 8109 543027 1 6.7 6.7 46 21 14%
c s 71.80 1.0 5.7 55 8110 543047 0 6.7 6.7 26 12 8%
c s 71.80 1.0 5.7 55 8110 543052 0 6.7 6.7 14 7 5%
c 0 71.80 1.0 5.7 55 8110 543054 0 6.7 6.7 14 0 0%
c
s UNSATISFIABLE
c
c simplifications:            50       10861  conflicts/simplification  100%
c reductions:                 55        9874  conflicts/reduction       100%
c restarts:                 8110          67  conflicts/restart         100%
c conflicts:              543054        7563  conflicts/sec              97%
c decisions:               80042        1115  decisions/sec              27%
c propagations:         16787617         0.2  millions/sec               84%
c
c pure:                        0           0% of look-aheads
c look-ahead:              80042         100% of outer decisions         27%
c pruned:                  23828           4% of outer conflicts          4%
c generated reducts:       95709          25% satisfiable
c average size:              235          68% of all clauses
c pruning failed:          71881          75% per reduct
c filter checks:         2206885          10% of outer satisfied clauses
c average filtered:          5.4           2% per reduct
c assumed literals:      4518036         2.0  per filter check
c
c collected clauses:        1.18 MB      100% of allocated clauses        0%
c allocated clauses:        1.18 MB        3% of allocated memory         0%
c maximum heap:             0.77 MB       25% of resident set size       79%
c
c looking:                  0.42 sec       1% of process time
c filtering:               15.70 sec      22% of process time
c pruning:                 69.77 sec      97% of process time
c simplifying:              0.09 sec       0% of process time
c
c resident set size:        3.08 MB
c total process time:      71.80 sec
RC=0
