c SaDiCaL SAT Solver
c Copyright (C) 2018 by Armin Biere JKU
c
c Version 00n 47bff7ef874226b4a00ebd20fedf88eb7c4a3a39
c Compiler gcc (Ubuntu 11.4.0-1ubuntu1~22.04) 11.4.0
c Options gcc -Wall -O3 -DNDEBUG -DNLOG
c proof path '/mnt/d/PvsNP/phase4/results/proofs_sadical/F4/tseitin_n40_s7.sadical.dpr'
c
c non default options:
c
c --binary=false
c --force=true
c --witness=false
c
c parsing '/mnt/d/PvsNP/phase4/instances/f4/tseitin_n40_s7.cnf'
c found 'p cnf 60 160' header
c parsed DIMACS in 0.00 seconds
c 
c
c   time      reduced redundant irredundant
c       space  restarts glue     variables
c           level conflicts size   remaining
c
c s 0.01 0.0 3.1 0 1 5 0 4.1 4.1 156 59 98%
c s 0.04 0.1 5.6 0 4 22 0 6.6 6.6 152 58 97%
c s 0.10 0.1 3.2 0 5 118 0 4.2 4.2 146 56 93%
c s 0.11 0.1 3.3 0 7 182 0 4.3 4.3 142 55 92%
c s 0.12 0.1 3.2 0 9 245 0 4.2 4.2 138 54 90%
c s 0.17 0.1 3.3 0 11 418 0 4.3 4.3 130 51 85%
c s 0.22 0.1 3.3 0 16 533 0 4.3 4.3 122 48 80%
c s 0.23 0.1 3.2 0 18 583 0 4.2 4.2 118 47 78%
c s 0.25 0.1 3.4 0 22 783 7 4.4 4.4 114 46 77%
c s 0.26 0.1 3.3 0 23 965 0 4.3 4.3 110 45 75%
c s 0.36 0.1 3.4 0 26 1350 0 4.4 4.4 104 43 72%
c - 0.40 0.1 3.8 1 44 2010 37 4.8 4.8 104 43 72%
c - 0.51 0.1 3.9 2 88 4028 123 4.9 5.0 104 43 72%
c s 0.52 0.1 3.9 2 88 4473 116 4.9 4.9 100 42 70%
c s 0.59 0.1 3.8 2 107 5549 0 4.8 4.8 92 39 65%
c - 0.63 0.1 3.8 3 130 6337 53 4.8 4.8 92 39 65%
c s 0.64 0.1 3.7 3 135 6521 0 4.7 4.8 78 33 55%
c s 0.66 0.1 3.6 3 149 6937 1 4.6 4.7 74 32 53%
c s 0.66 0.1 3.6 3 153 7113 0 4.6 4.6 58 25 42%
c s 0.67 0.1 3.6 3 156 7201 0 4.6 4.6 54 24 40%
c
c   time      reduced   redundant irredundant
c       space   restarts     glue    variables
c           level   conflicts    size  remaining
c
c s 0.67 0.1 3.5 3 158 7231 0 4.5 4.6 46 21 35%
c s 0.67 0.1 3.5 3 159 7241 0 4.5 4.6 34 16 27%
c s 0.67 0.1 3.5 3 159 7246 0 4.5 4.6 18 9 15%
c 0 0.67 0.1 3.5 3 159 7248 0 4.5 4.6 18 0 0%
c
s UNSATISFIABLE
c
c simplifications:            20         362  conflicts/simplification  100%
c reductions:                  3        2416  conflicts/reduction       100%
c restarts:                  159          46  conflicts/restart         100%
c conflicts:                7248       10787  conflicts/sec              96%
c decisions:                1655        2463  decisions/sec              35%
c propagations:           170368         0.3  millions/sec               81%
c
c pure:                        0           0% of look-aheads
c look-ahead:               1655         100% of outer decisions         35%
c pruned:                    768          11% of outer conflicts         10%
c generated reducts:        2243          34% satisfiable
c average size:               59          49% of all clauses
c pruning failed:           1475          66% per reduct
c filter checks:           32265          23% of outer satisfied clauses
c average filtered:          2.9           5% per reduct
c assumed literals:        69616         2.2  per filter check
c
c collected clauses:        0.04 MB       98% of allocated clauses        1%
c allocated clauses:        0.04 MB        8% of allocated memory         1%
c maximum heap:             0.06 MB        3% of resident set size       64%
c
c looking:                  0.01 sec       1% of process time
c filtering:                0.20 sec      30% of process time
c pruning:                  0.62 sec      93% of process time
c simplifying:              0.01 sec       1% of process time
c
c resident set size:        1.78 MB
c total process time:       0.67 sec
RC=0
