c SaDiCaL SAT Solver
c Copyright (C) 2018 by Armin Biere JKU
c
c Version 00n 47bff7ef874226b4a00ebd20fedf88eb7c4a3a39
c Compiler gcc (Ubuntu 11.4.0-1ubuntu1~22.04) 11.4.0
c Options gcc -Wall -O3 -DNDEBUG -DNLOG
c proof path '/mnt/d/PvsNP/phase4/results/proofs_sadical/F4/tseitin_n40_s8.sadical.dpr'
c
c non default options:
c
c --binary=false
c --force=true
c --witness=false
c
c parsing '/mnt/d/PvsNP/phase4/instances/f4/tseitin_n40_s8.cnf'
c found 'p cnf 60 160' header
c parsed DIMACS in 0.00 seconds
c 
c
c   time      reduced redundant irredundant
c       space   restarts   glue     variables
c           level conflicts    size   remaining
c
c s 0.02 0.0 2.9 0 11 30 14 3.9 3.9 156 59 98%
c s 0.04 0.0 3.6 0 13 115 15 4.2 4.2 152 58 97%
c s 0.06 0.0 3.6 0 15 170 16 4.3 4.3 148 57 95%
c s 0.10 0.1 3.3 0 29 464 27 4.2 4.2 144 56 93%
c s 0.11 0.1 3.1 0 30 569 24 4.0 4.0 140 55 92%
c s 0.13 0.1 3.1 0 37 711 26 4.0 4.0 136 54 90%
c s 0.19 0.1 3.4 0 47 1426 72 4.4 4.4 132 53 88%
c s 0.23 0.1 3.4 0 57 1890 56 4.4 4.4 122 50 83%
c - 0.24 0.1 3.4 1 62 2005 64 4.4 4.4 122 50 83%
c s 0.24 0.1 3.3 1 67 2102 14 4.3 4.3 114 47 78%
c s 0.25 0.1 3.3 1 69 2205 10 4.3 4.3 104 43 72%
c s 0.26 0.1 3.3 1 73 2259 4 4.3 4.3 94 40 67%
c s 0.27 0.1 3.2 1 74 2275 3 4.2 4.2 88 38 63%
c s 0.30 0.1 3.2 1 97 2881 1 4.2 4.2 80 35 58%
c s 0.31 0.1 3.1 1 107 3124 2 4.1 4.1 70 31 52%
c s 0.32 0.1 3.1 1 110 3204 0 4.0 4.1 32 13 22%
c s 0.32 0.1 3.0 1 114 3249 1 4.0 4.0 28 12 20%
c s 0.32 0.1 3.0 1 114 3267 0 4.0 4.0 8 4 7%
c 0 0.32 0.1 3.0 1 114 3269 0 4.0 4.0 8 0 0%
c
s UNSATISFIABLE
c
c simplifications:            17         192  conflicts/simplification  100%
c reductions:                  1        3269  conflicts/reduction       100%
c restarts:                  114          29  conflicts/restart         100%
c conflicts:                3269       10096  conflicts/sec              92%
c decisions:                 886        2736  decisions/sec              53%
c propagations:           106145         0.3  millions/sec               86%
c
c pure:                        0           0% of look-aheads
c look-ahead:                886         100% of outer decisions         53%
c pruned:                    350          11% of outer conflicts         10%
c generated reducts:        1104          32% satisfiable
c average size:               47          37% of all clauses
c pruning failed:            754          68% per reduct
c filter checks:           18182          33% of outer satisfied clauses
c average filtered:          2.6           5% per reduct
c assumed literals:        42602         2.3  per filter check
c
c collected clauses:        0.02 MB       99% of allocated clauses        2%
c allocated clauses:        0.02 MB        9% of allocated memory         2%
c maximum heap:             0.04 MB        2% of resident set size       61%
c
c looking:                  0.01 sec       2% of process time
c filtering:                0.11 sec      32% of process time
c pruning:                  0.29 sec      90% of process time
c simplifying:              0.00 sec       1% of process time
c
c resident set size:        1.80 MB
c total process time:       0.32 sec
RC=0
