c SaDiCaL SAT Solver
c Copyright (C) 2018 by Armin Biere JKU
c
c Version 00n 47bff7ef874226b4a00ebd20fedf88eb7c4a3a39
c Compiler gcc (Ubuntu 11.4.0-1ubuntu1~22.04) 11.4.0
c Options gcc -Wall -O3 -DNDEBUG -DNLOG
c proof path '/mnt/d/PvsNP/phase4/results/proofs_sadical/F4/tseitin_n100_s9.sadical.dpr'
c
c non default options:
c
c --binary=false
c --force=true
c --witness=false
c
c parsing '/mnt/d/PvsNP/phase4/instances/f4/tseitin_n100_s9.cnf'
c found 'p cnf 150 400' header
c parsed DIMACS in 0.00 seconds
c 
c
c   time      reduced redundant irredundant
c       space  restarts  glue      variables
c           level conflicts  size    remaining
c
c s 0.08 0.1 4.0 0 1 12 0 5.0 5.0 396 149 99%
c s 0.17 0.1 3.4 0 3 62 0 4.4 4.4 390 147 98%
c s 0.27 0.1 3.4 0 4 158 0 4.4 4.4 386 146 97%
c s 1.91 0.4 4.8 0 6 1700 0 5.8 5.8 382 145 97%
c - 2.24 0.4 6.2 1 7 2002 202 7.2 7.2 382 145 97%
c - 6.69 0.6 9.0 2 7 4003 1435 10.0 10.0 382 145 97%
c - 34.39 1.2 9.4 3 7 6304 3019 10.4 10.4 382 145 97%
c - 90.32 1.8 9.4 4 7 8905 4111 10.4 10.4 382 145 97%
c - 171.66 2.2 9.2 5 7 11806 4957 10.2 10.2 382 145 97%
c - 278.50 2.6 9.1 6 7 15007 5680 10.1 10.1 382 145 97%
c - 403.68 2.9 8.8 7 7 18508 6342 9.8 9.8 382 145 97%
c - 557.97 3.2 8.8 8 7 22309 6972 9.8 9.8 382 145 97%
c - 746.94 3.5 8.7 9 7 26410 7588 9.7 9.7 382 145 97%
c - 970.62 3.7 8.5 10 7 30811 8196 9.5 9.5 382 145 97%
c - 1189.88 3.9 8.2 11 7 35512 8800 9.2 9.2 382 145 97%
c - 1467.12 4.2 8.3 12 7 40513 9409 9.3 9.3 382 145 97%
c - 1787.59 4.3 8.3 13 7 45814 10014 9.3 9.3 382 145 97%
c - 2145.31 4.4 8.1 14 7 51415 10617 9.1 9.1 382 145 97%
c 
c CAUGHT SIGNAL 15 SIGTERM
c
c simplifications:             4       14066  conflicts/simplification  100%
c reductions:                 14        4019  conflicts/reduction       100%
c restarts:                    7        8038  conflicts/restart         100%
c conflicts:               56263          23  conflicts/sec              43%
c decisions:               55187          23  decisions/sec              50%
c propagations:          9618275         0.0  millions/sec               71%
c
c pure:                        0           0% of look-aheads
c look-ahead:              55187         100% of outer decisions         50%
c pruned:                  54932          98% of outer conflicts         42%
c generated reducts:      110108          50% satisfiable
c average size:             4621          94% of all clauses
c pruning failed:          55175          50% per reduct
c filter checks:         3599189           1% of outer satisfied clauses
c average filtered:          0.0           0% per reduct
c assumed literals:      7284543         2.0  per filter check
c
c collected clauses:        2.38 MB       74% of allocated clauses        0%
c allocated clauses:        3.21 MB        9% of allocated memory         0%
c maximum heap:             2.43 MB       35% of resident set size       54%
c
c looking:                  0.40 sec       0% of process time
c filtering:               34.63 sec       1% of process time
c pruning:               2423.92 sec     100% of process time
c simplifying:              0.01 sec       0% of process time
c
c resident set size:        7.00 MB
c total process time:    2427.64 sec
c 
c RERAISING SIGNAL 15 SIGTERM
RC=0
