c SaDiCaL SAT Solver
c Copyright (C) 2018 by Armin Biere JKU
c
c Version 00n 47bff7ef874226b4a00ebd20fedf88eb7c4a3a39
c Compiler gcc (Ubuntu 11.4.0-1ubuntu1~22.04) 11.4.0
c Options gcc -Wall -O3 -DNDEBUG -DNLOG
c proof path '/mnt/d/PvsNP/phase4/results/proofs_sadical/F4/tseitin_n80_s2.sadical.dpr'
c
c non default options:
c
c --binary=false
c --force=true
c --witness=false
c
c parsing '/mnt/d/PvsNP/phase4/instances/f4/tseitin_n80_s2.cnf'
c found 'p cnf 120 320' header
c parsed DIMACS in 0.00 seconds
c 
c
c   time      reduced redundant irredundant
c       space  restarts  glue      variables
c           level conflicts  size    remaining
c
c s 0.12 0.1 2.7 0 2 35 0 3.7 3.7 316 119 99%
c s 0.19 0.1 3.0 0 4 90 0 4.0 4.0 312 118 98%
c s 0.29 0.1 3.4 0 6 221 0 4.4 4.4 308 117 98%
c s 0.47 0.1 3.5 0 9 479 0 4.5 4.5 304 116 97%
c s 0.54 0.1 3.5 0 11 527 0 4.5 4.5 298 114 95%
c s 0.59 0.1 3.6 0 15 546 1 4.6 4.6 294 113 94%
c s 0.64 0.1 3.6 0 19 570 2 4.6 4.6 290 112 93%
c s 0.66 0.1 3.5 0 20 588 0 4.5 4.5 284 110 92%
c s 0.71 0.1 3.5 0 21 605 0 4.5 4.5 276 107 89%
c s 0.78 0.1 3.5 0 22 659 0 4.5 4.5 272 106 88%
c s 1.43 0.2 4.2 0 23 1427 0 5.2 5.2 268 105 88%
c s 1.56 0.2 4.1 0 25 1801 1 5.1 5.1 262 103 86%
c s 1.60 0.2 4.1 0 26 1865 0 5.1 5.1 256 101 84%
c s 1.62 0.2 4.1 0 28 1891 1 5.1 5.1 252 100 83%
c s 1.66 0.2 4.1 0 30 1937 1 5.1 5.1 248 99 82%
c s 1.69 0.2 4.0 0 31 1967 0 5.0 5.0 240 96 80%
c - 1.75 0.2 4.1 1 49 2002 28 5.1 5.1 240 96 80%
c s 1.76 0.2 4.1 1 49 2017 3 5.1 5.1 236 95 79%
c s 1.84 0.2 4.1 1 64 2187 5 5.1 5.1 230 93 78%
c s 1.91 0.2 4.1 1 67 2504 3 5.1 5.1 218 88 73%
c
c   time      reduced  redundant irredundant
c       space   restarts    glue     variables
c           level  conflicts    size   remaining
c
c s 2.02 0.2 4.0 1 68 2853 3 5.0 5.0 214 87 72%
c s 2.06 0.2 4.0 1 70 3112 3 5.0 5.0 210 86 72%
c s 2.16 0.2 3.9 1 71 3433 2 4.9 4.9 204 84 70%
c s 2.21 0.2 3.9 1 73 3640 0 4.9 4.9 196 81 68%
c - 2.48 0.2 4.1 2 74 4004 247 5.1 5.1 196 81 68%
c s 2.85 0.3 4.1 2 74 4408 0 5.1 5.1 190 79 66%
c s 2.96 0.3 4.1 2 76 4721 0 5.1 5.1 186 78 65%
c s 3.23 0.3 4.1 2 78 5201 0 5.1 5.1 178 75 62%
c s 3.88 0.3 4.2 2 80 6129 0 5.2 5.2 170 72 60%
c - 3.90 0.3 4.2 3 83 6308 6 5.2 5.2 170 72 60%
c - 4.11 0.3 4.4 4 125 8932 82 5.4 5.4 170 72 60%
c - 4.31 0.3 4.5 5 162 11856 127 5.5 5.5 170 72 60%
c - 4.56 0.3 4.7 6 212 15057 161 5.7 5.7 170 72 60%
c - 4.84 0.3 4.8 7 258 18558 196 5.8 5.8 170 72 60%
c - 5.21 0.3 5.0 8 353 22363 223 6.0 6.0 170 72 60%
c - 5.59 0.3 5.1 9 478 26495 239 6.1 6.1 170 72 60%
c - 6.04 0.3 5.2 10 611 30899 258 6.2 6.2 170 72 60%
c - 6.54 0.3 5.3 11 753 35604 276 6.3 6.3 170 72 60%
c - 7.04 0.3 5.4 12 903 40623 290 6.4 6.4 170 72 60%
c - 7.81 0.3 5.4 13 1064 45950 309 6.4 6.4 170 72 60%
c
c   time      reduced       redundant  irredundant
c       space     restarts        glue     variables
c           level      conflicts      size   remaining
c
c - 8.57 0.3 5.5 14 1233 51552 330 6.5 6.5 170 72 60%
c - 9.34 0.3 5.5 15 1411 57465 353 6.5 6.5 170 72 60%
c - 10.19 0.4 5.6 16 1597 63671 379 6.6 6.6 170 72 60%
c - 10.90 0.4 5.6 17 1778 70194 399 6.6 6.6 170 72 60%
c - 11.60 0.4 5.6 18 1878 77022 417 6.6 6.6 170 72 60%
c - 12.38 0.4 5.7 19 2006 84125 444 6.7 6.7 170 72 60%
c - 13.15 0.4 5.7 20 2165 91549 455 6.7 6.7 170 72 60%
c - 13.92 0.4 5.7 21 2302 99258 483 6.7 6.8 170 72 60%
c - 14.80 0.4 5.7 22 2457 107280 508 6.7 6.7 170 72 60%
c - 15.99 0.4 5.7 23 2624 115583 513 6.7 6.8 170 72 60%
c - 17.02 0.4 5.7 24 2760 124213 528 6.7 6.7 170 72 60%
c - 18.10 0.4 5.7 25 2929 133128 548 6.7 6.7 170 72 60%
c - 19.06 0.4 5.6 26 3031 142332 573 6.6 6.6 170 72 60%
c s 19.08 0.4 5.6 26 3035 142663 0 6.6 6.6 162 69 58%
c s 19.19 0.4 5.5 26 3037 142883 0 6.5 6.5 146 62 52%
c s 19.21 0.4 5.5 26 3039 142940 0 6.5 6.5 142 61 51%
c s 19.23 0.4 5.5 26 3040 143002 0 6.5 6.5 120 51 42%
c s 19.24 0.4 5.5 26 3043 143031 1 6.5 6.5 116 50 42%
c s 19.24 0.4 5.5 26 3044 143047 1 6.5 6.5 112 49 41%
c s 19.25 0.4 5.5 26 3045 143064 0 6.5 6.5 98 43 36%
c
c    time      reduced       redundant irredundant
c        space     restarts       glue    variables
c            level      conflicts     size  remaining
c
c s 19.26 0.4 5.4 26 3046 143080 0 6.4 6.5 82 36 30%
c s 19.27 0.4 5.4 26 3053 143320 0 6.4 6.5 74 33 28%
c s 19.28 0.4 5.4 26 3056 143392 0 6.4 6.4 66 30 25%
c s 19.28 0.4 5.4 26 3059 143420 0 6.4 6.4 54 25 21%
c s 19.28 0.4 5.4 26 3060 143434 0 6.4 6.4 34 16 13%
c s 19.28 0.4 5.4 26 3060 143439 0 6.4 6.4 10 5 4%
c 0 19.28 0.4 5.4 26 3060 143441 0 6.4 6.4 10 0 0%
c
s UNSATISFIABLE
c
c simplifications:            40        3586  conflicts/simplification  100%
c reductions:                 26        5517  conflicts/reduction       100%
c restarts:                 3060          47  conflicts/restart         100%
c conflicts:              143441        7440  conflicts/sec              95%
c decisions:               28186        1462  decisions/sec              33%
c propagations:          4947766         0.3  millions/sec               84%
c
c pure:                        0           0% of look-aheads
c look-ahead:              28186         100% of outer decisions         33%
c pruned:                   7441           5% of outer conflicts          5%
c generated reducts:       32526          23% satisfiable
c average size:              143          59% of all clauses
c pruning failed:          25085          77% per reduct
c filter checks:          636341          13% of outer satisfied clauses
c average filtered:          4.2           3% per reduct
c assumed literals:      1324907         2.1  per filter check
c
c collected clauses:        0.37 MB      100% of allocated clauses        0%
c allocated clauses:        0.37 MB        5% of allocated memory         0%
c maximum heap:             0.34 MB       14% of resident set size       76%
c
c looking:                  0.14 sec       1% of process time
c filtering:                5.01 sec      26% of process time
c pruning:                 18.59 sec      96% of process time
c simplifying:              0.03 sec       0% of process time
c
c resident set size:        2.48 MB
c total process time:      19.28 sec
RC=0
