c SaDiCaL SAT Solver
c Copyright (C) 2018 by Armin Biere JKU
c
c Version 00n 47bff7ef874226b4a00ebd20fedf88eb7c4a3a39
c Compiler gcc (Ubuntu 11.4.0-1ubuntu1~22.04) 11.4.0
c Options gcc -Wall -O3 -DNDEBUG -DNLOG
c proof path '/mnt/d/PvsNP/phase4/results/proofs_sadical/F5/cliquecol_n12_k4_c3.sadical.dpr'
c
c non default options:
c
c --binary=false
c --force=true
c --witness=false
c
c parsing '/mnt/d/PvsNP/phase4/instances/f5/cliquecol_n12_k4_c3.cnf'
c found 'p cnf 150 1378' header
c parsed DIMACS in 0.01 seconds
c 
c
c   time      reduced redundant irredundant
c       space  restarts    glue       variables
c           level conflicts    size      remaining
c
c - 0.36 0.2 0.0 1 0 2046 0 0.0 0.0 1378 150 100%
c - 2.81 0.3 29.5 2 35 4217 36 30.5 30.5 1378 150 100%
c - 4.08 0.3 21.2 3 84 6526 69 22.2 22.2 1378 150 100%
c - 4.62 0.3 22.7 4 90 9160 41 23.7 23.7 1378 150 100%
c - 15.44 0.3 32.1 5 280 12082 212 33.1 33.1 1378 150 100%
c - 24.53 0.3 31.7 6 543 15291 369 32.7 32.7 1378 150 100%
c - 37.68 0.4 31.3 7 802 18807 444 32.3 32.3 1378 150 100%
c - 59.75 0.4 30.9 8 1116 22626 536 31.9 31.9 1378 150 100%
c - 81.08 0.4 30.6 9 1444 26729 597 31.6 31.6 1378 150 100%
c 
c CAUGHT SIGNAL 15 SIGTERM
c
c simplifications:             0           0  conflicts/simplification  100%
c reductions:                  9        3424  conflicts/reduction       100%
c restarts:                 1751          18  conflicts/restart         100%
c conflicts:               30816         307  conflicts/sec              96%
c decisions:               55292         552  decisions/sec              91%
c propagations:         97425339         1.0  millions/sec               99%
c
c pure:                        0           0% of look-aheads
c look-ahead:              55292         100% of outer decisions         91%
c pruned:                   1754           6% of outer conflicts          5%
c generated reducts:       55295           3% satisfiable
c average size:              102           8% of all clauses
c pruning failed:          53540          97% per reduct
c filter checks:         4683002          82% of outer satisfied clauses
c average filtered:          0.5           1% per reduct
c assumed literals:      9041259         1.9  per filter check
c
c collected clauses:        0.13 MB       42% of allocated clauses        1%
c allocated clauses:        0.30 MB       12% of allocated memory         3%
c maximum heap:             0.44 MB       20% of resident set size       95%
c
c looking:                  0.36 sec       0% of process time
c filtering:               56.78 sec      57% of process time
c pruning:                 98.86 sec      99% of process time
c simplifying:              0.00 sec       0% of process time
c
c resident set size:        2.15 MB
c total process time:     100.26 sec
c 
c RERAISING SIGNAL 15 SIGTERM
