c SaDiCaL SAT Solver
c Copyright (C) 2018 by Armin Biere JKU
c
c Version 00n 47bff7ef874226b4a00ebd20fedf88eb7c4a3a39
c Compiler gcc (Ubuntu 11.4.0-1ubuntu1~22.04) 11.4.0
c Options gcc -Wall -O3 -DNDEBUG -DNLOG
c proof path '/mnt/d/PvsNP/phase4/results/proofs_sadical/F8/mchess_14.sadical.dpr'
c
c non default options:
c
c --binary=false
c --force=true
c --witness=false
c
c parsing '/mnt/d/PvsNP/phase4/instances/f8/mchess_14.cnf'
c found 'p cnf 360 1196' header
c parsed DIMACS in 0.01 seconds
c 
c
c   time      reduced redundant irredundant
c       space  restarts glue       variables
c           level conflicts size      remaining
c
c s 0.02 0.2 0.0 0 0 1 0 1.0 1.0 1190 359 100%
c s 0.28 0.3 8.8 0 20 284 17 8.5 10.1 1186 358 99%
c - 0.78 0.3 7.1 1 78 2008 102 7.3 8.2 1186 358 99%
c s 1.08 0.3 6.8 1 111 3906 140 7.1 7.7 1181 357 99%
c - 1.10 0.3 6.8 2 112 4009 104 7.0 7.8 1181 357 99%
c - 1.42 0.3 6.4 3 137 6349 105 6.8 7.5 1181 357 99%
c s 1.47 0.3 6.2 3 143 6690 85 6.5 7.2 1167 353 98%
c - 1.78 0.3 6.3 4 165 8964 94 6.7 7.3 1167 353 98%
c s 1.79 0.3 6.2 4 166 9022 90 6.6 7.2 1162 352 98%
c s 1.79 0.3 6.2 4 166 9023 79 6.6 7.1 1154 349 97%
c s 2.07 0.3 6.3 4 197 10408 99 6.8 7.3 1150 348 97%
c - 2.32 0.3 6.5 5 203 11884 83 6.9 7.5 1150 348 97%
c s 2.69 0.3 6.2 5 245 13963 97 6.8 7.2 1144 347 96%
c - 2.85 0.3 6.1 6 267 15091 100 6.6 7.1 1144 347 96%
c s 2.98 0.3 6.0 6 276 15739 115 6.5 7.0 1139 346 96%
c s 3.22 0.3 5.9 6 296 16623 127 6.4 6.9 1133 345 96%
c s 3.32 0.3 5.8 6 307 17146 133 6.3 6.7 1128 344 96%
c s 3.46 0.3 5.7 6 321 18309 123 6.2 6.7 1122 343 95%
c - 3.52 0.3 5.7 7 326 18595 110 6.2 6.7 1122 343 95%
c s 3.86 0.3 5.5 7 371 21210 154 6.1 6.5 1118 342 95%
c
c   time      reduced     redundant  irredundant
c       space   restarts        glue       variables
c           level    conflicts      size     remaining
c
c s 3.93 0.3 5.5 7 375 21944 118 6.1 6.5 1104 338 94%
c - 3.97 0.3 5.5 8 379 22425 105 6.1 6.5 1104 338 94%
c s 4.07 0.3 5.5 8 387 23645 105 6.1 6.5 1094 335 93%
c s 4.32 0.3 5.4 8 413 25243 135 6.0 6.4 1090 334 93%
c - 4.51 0.3 5.3 9 431 26581 135 5.9 6.3 1090 334 93%
c s 4.74 0.3 5.3 9 449 28873 138 5.9 6.3 1085 333 92%
c - 5.02 0.3 5.3 10 470 30986 143 5.9 6.2 1085 333 92%
c s 5.15 0.3 5.2 10 479 31861 161 5.8 6.2 1080 332 92%
c s 5.58 0.3 5.2 10 507 35290 209 5.8 6.2 1075 331 92%
c - 5.71 0.3 5.2 11 520 35697 200 5.8 6.2 1075 331 92%
c s 5.85 0.3 5.1 11 531 36507 213 5.7 6.1 1069 330 92%
c s 6.21 0.4 5.3 11 550 38653 234 5.8 6.2 1064 329 91%
c s 6.37 0.4 5.2 11 561 39591 246 5.8 6.2 1058 328 91%
c - 6.51 0.4 5.2 12 571 40706 223 5.8 6.2 1058 328 91%
c s 6.89 0.4 5.0 12 612 43478 254 5.6 6.0 1052 327 91%
c s 6.90 0.4 5.0 12 612 43503 247 5.6 6.0 1048 326 91%
c s 6.97 0.4 5.0 12 622 44175 246 5.6 5.9 1042 325 90%
c - 7.21 0.4 5.0 13 639 46063 228 5.6 5.9 1042 325 90%
c s 7.29 0.4 4.9 13 645 46768 226 5.5 5.9 1038 324 90%
c - 7.86 0.4 4.9 14 683 51691 239 5.5 5.9 1038 324 90%
c
c   time      reduced      redundant  irredundant
c       space    restarts        glue       variables
c           level     conflicts      size     remaining
c
c - 8.74 0.4 5.0 15 727 57603 267 5.6 5.9 1038 324 90%
c - 9.42 0.4 5.0 16 753 63807 252 5.7 6.0 1038 324 90%
c - 10.38 0.4 5.0 17 813 70359 313 5.6 6.0 1038 324 90%
c s 10.53 0.4 5.0 17 832 72016 317 5.6 5.9 1032 323 90%
c s 10.67 0.4 5.0 17 840 73219 320 5.6 5.9 1027 322 89%
c - 11.15 0.4 4.9 18 867 77192 315 5.6 5.9 1027 322 89%
c - 12.40 0.4 4.9 19 921 84324 344 5.6 5.9 1027 322 89%
c s 13.23 0.4 5.0 19 952 90391 345 5.6 6.0 1006 318 88%
c - 13.50 0.4 5.0 20 961 91733 313 5.6 6.0 1006 318 88%
c - 14.39 0.5 5.1 21 1000 99512 331 5.7 6.1 1006 318 88%
c - 15.07 0.5 5.1 22 1043 107518 344 5.7 6.1 1006 318 88%
c s 15.87 0.5 5.0 22 1107 115749 412 5.6 6.0 1000 317 88%
c - 15.89 0.5 5.0 23 1108 115820 373 5.6 6.0 1000 317 88%
c s 16.05 0.5 5.0 23 1122 118197 380 5.6 6.0 991 315 88%
c - 16.74 0.5 5.1 24 1169 124441 410 5.7 6.1 991 315 88%
c - 17.66 0.5 5.1 25 1250 133344 482 5.7 6.1 991 315 88%
c s 17.69 0.5 5.1 25 1258 133501 481 5.6 6.1 985 314 87%
c s 17.96 0.5 5.1 25 1281 134454 508 5.6 6.1 980 313 87%
c s 17.96 0.5 5.1 25 1281 134455 502 5.6 6.0 974 312 87%
c s 18.58 0.5 5.1 25 1294 138052 483 5.7 6.1 956 307 85%
c
c    time      reduced        redundant  irredundant
c        space     restarts         glue      variables
c            level      conflicts       size    remaining
c
c - 19.09 0.5 5.1 26 1322 142552 452 5.7 6.1 956 307 85%
c s 19.23 0.5 5.1 26 1345 144066 478 5.6 6.0 950 306 85%
c s 19.91 0.5 5.1 26 1372 149474 499 5.7 6.1 946 305 85%
c s 20.02 0.5 5.1 26 1379 150215 473 5.6 6.0 923 299 83%
c - 20.26 0.5 5.1 27 1387 152142 443 5.7 6.1 923 299 83%
c - 21.31 0.5 5.2 28 1430 161947 444 5.7 6.1 923 299 83%
c s 22.31 0.5 5.2 28 1490 171379 502 5.7 6.1 905 293 81%
c - 22.39 0.5 5.2 29 1491 172051 458 5.7 6.1 905 293 81%
c s 22.41 0.5 5.2 29 1494 172163 459 5.7 6.1 900 292 81%
c s 22.75 0.5 5.2 29 1506 174483 462 5.7 6.1 891 289 80%
c s 23.28 0.5 5.2 29 1526 179491 487 5.8 6.2 886 288 80%
c - 23.67 0.5 5.2 30 1537 182460 466 5.7 6.2 886 288 80%
c s 24.32 0.5 5.2 30 1579 188907 502 5.8 6.2 880 287 80%
c s 24.32 0.5 5.2 30 1579 188912 488 5.7 6.2 876 286 79%
c - 24.81 0.5 5.2 31 1592 193173 463 5.8 6.2 876 286 79%
c s 25.99 0.5 5.2 31 1643 201809 514 5.8 6.2 871 285 79%
c - 26.35 0.5 5.2 32 1651 204220 476 5.8 6.2 871 285 79%
c s 26.83 0.5 5.2 32 1670 207916 505 5.7 6.2 866 284 79%
c s 26.92 0.5 5.2 32 1672 209817 497 5.8 6.2 862 283 79%
c s 27.18 0.5 5.2 32 1679 211658 498 5.8 6.2 856 282 78%
c
c    time      reduced        redundant  irredundant
c        space     restarts         glue      variables
c            level      conflicts       size    remaining
c
c - 27.56 0.5 5.3 33 1689 215526 463 5.8 6.2 856 282 78%
c s 28.14 0.5 5.2 33 1718 221148 503 5.8 6.2 850 281 78%
c s 28.56 0.5 5.2 33 1736 225407 506 5.7 6.2 845 280 78%
c - 28.70 0.5 5.2 34 1738 227137 472 5.7 6.3 845 280 78%
c s 28.95 0.5 5.2 34 1750 229591 489 5.7 6.3 839 279 78%
c s 29.28 0.5 5.3 34 1761 232929 493 5.7 6.3 833 278 77%
c s 29.51 0.5 5.2 34 1771 235213 508 5.7 6.3 819 274 76%
c s 29.87 0.5 5.2 34 1779 237591 513 5.7 6.2 809 272 76%
c - 30.01 0.5 5.2 35 1782 239060 471 5.7 6.2 809 272 76%
c s 30.54 0.5 5.2 35 1804 243292 383 5.7 6.2 719 243 68%
c s 30.74 0.5 5.2 35 1814 245318 369 5.7 6.2 693 235 65%
c s 31.20 0.5 5.2 35 1843 250407 383 5.7 6.2 687 234 65%
c - 31.26 0.5 5.2 36 1847 251301 355 5.7 6.2 687 234 65%
c s 31.87 0.5 5.2 36 1889 259362 422 5.7 6.2 683 233 65%
c s 31.89 0.5 5.1 36 1890 259639 232 5.6 6.2 506 166 46%
c s 32.12 0.5 5.1 36 1924 262076 278 5.6 6.2 501 165 46%
c s 32.12 0.5 5.1 36 1924 262084 273 5.6 6.2 493 162 45%
c s 32.12 0.5 5.1 36 1924 262102 256 5.6 6.2 484 159 44%
c s 32.18 0.5 5.1 36 1930 262995 261 5.6 6.2 480 158 44%
c - 32.22 0.5 5.1 37 1936 263812 253 5.6 6.2 480 157 44%
c
c    time      reduced        redundant  irredundant
c        space     restarts         glue      variables
c            level      conflicts       size    remaining
c
c s 32.22 0.5 5.1 37 1936 263812 251 5.6 6.2 476 157 44%
c s 32.26 0.5 5.1 37 1945 264298 242 5.6 6.2 455 152 42%
c s 32.26 0.5 5.1 37 1945 264299 224 5.6 6.2 451 151 42%
c s 32.26 0.5 5.1 37 1945 264300 221 5.6 6.1 447 150 42%
c s 32.28 0.5 5.1 37 1949 264662 215 5.6 6.1 441 149 41%
c s 32.29 0.5 5.1 37 1956 265063 220 5.6 6.1 437 148 41%
c s 32.29 0.5 5.1 37 1956 265064 218 5.6 6.1 431 147 41%
c s 32.37 0.5 5.1 37 1960 266138 225 5.6 6.1 427 146 41%
c s 32.45 0.5 5.1 37 1970 267514 219 5.6 6.1 418 143 40%
c s 32.45 0.5 5.1 37 1970 267516 209 5.6 6.1 403 139 39%
c s 32.49 0.5 5.0 37 1978 268433 212 5.5 6.1 397 138 38%
c s 32.49 0.5 5.0 37 1978 268460 210 5.5 6.1 391 137 38%
c s 32.50 0.5 5.0 37 1980 268683 204 5.5 6.1 385 136 38%
c - 32.82 0.5 5.0 38 2020 276641 243 5.5 6.1 385 136 38%
c s 32.82 0.5 5.0 38 2022 276848 215 5.5 6.1 360 128 36%
c s 32.82 0.5 5.0 38 2022 276849 210 5.5 6.1 354 127 35%
c s 32.86 0.5 5.0 38 2024 277427 208 5.5 6.1 349 126 35%
c s 32.88 0.5 5.0 38 2025 277659 202 5.5 6.1 341 124 34%
c s 32.88 0.5 5.0 38 2025 277703 195 5.5 6.1 329 119 33%
c s 32.94 0.5 5.0 38 2031 278780 174 5.5 6.1 325 118 33%
c
c    time      reduced        redundant  irredundant
c        space     restarts         glue     variables
c            level      conflicts       size   remaining
c
c s 32.96 0.5 4.9 38 2035 279569 102 5.5 6.1 216 77 21%
c s 32.97 0.5 4.9 38 2035 279595 101 5.5 6.0 211 76 21%
c s 32.97 0.5 4.9 38 2035 279622 100 5.5 6.0 202 73 20%
c s 32.97 0.5 4.9 38 2035 279627 94 5.5 6.0 180 66 18%
c s 32.97 0.5 4.9 38 2035 279628 86 5.5 6.0 161 61 17%
c s 32.97 0.5 4.9 38 2035 279629 82 5.5 6.0 152 58 16%
c 0 32.97 0.5 4.9 38 2035 279631 82 5.4 6.0 152 20 6%
c
s UNSATISFIABLE
c
c simplifications:            88        3178  conflicts/simplification  100%
c reductions:                 38        7359  conflicts/reduction       100%
c restarts:                 2035         137  conflicts/restart         100%
c conflicts:              279631        8482  conflicts/sec              96%
c decisions:               15290         464  decisions/sec              55%
c propagations:         16783616         0.5  millions/sec               96%
c
c pure:                        0           0% of look-aheads
c look-ahead:              15290         100% of outer decisions         55%
c pruned:                   2487           1% of outer conflicts          1%
c generated reducts:       15653          16% satisfiable
c average size:              213          21% of all clauses
c pruning failed:          13166          84% per reduct
c filter checks:         1021755          28% of outer satisfied clauses
c average filtered:         17.7           8% per reduct
c assumed literals:      1904374         1.9  per filter check
c
c collected clauses:        0.18 MB       96% of allocated clauses        0%
c allocated clauses:        0.19 MB        4% of allocated memory         0%
c maximum heap:             0.33 MB       13% of resident set size       64%
c
c looking:                  0.15 sec       0% of process time
c filtering:               16.00 sec      49% of process time
c pruning:                 32.41 sec      98% of process time
c simplifying:              0.03 sec       0% of process time
c
c resident set size:        2.47 MB
c total process time:      32.97 sec
RC=0
