c SaDiCaL SAT Solver
c Copyright (C) 2018 by Armin Biere JKU
c
c Version 00n 47bff7ef874226b4a00ebd20fedf88eb7c4a3a39
c Compiler gcc (Ubuntu 11.4.0-1ubuntu1~22.04) 11.4.0
c Options gcc -Wall -O3 -DNDEBUG -DNLOG
c proof path '/mnt/d/PvsNP/phase4/results/proofs_sadical/F3/php_21_20.sadical.dpr'
c
c non default options:
c
c --binary=false
c --force=true
c --witness=false
c
c parsing '/mnt/d/PvsNP/phase4/instances/f3/php_21_20.cnf'
c found 'p cnf 420 4221' header
c parsed DIMACS in 0.02 seconds
c 
c
c   time      reduced redundant irredundant
c       space  restarts  glue       variables
c           level conflicts  size      remaining
c
c s 0.15 0.5 0.9 0 0 19 0 1.9 1.9 4201 419 100%
c s 0.23 0.5 0.9 0 0 38 0 1.9 1.9 4182 418 100%
c s 0.33 0.5 0.9 0 0 57 0 1.9 1.9 4164 417 99%
c s 0.42 0.5 0.9 0 0 76 0 1.9 1.9 4147 416 99%
c s 0.51 0.5 0.9 0 0 95 0 1.9 1.9 4131 415 99%
c s 0.58 0.5 0.9 0 0 114 0 1.9 1.9 4116 414 99%
c s 0.68 0.5 0.9 0 0 133 0 1.9 1.9 4102 413 98%
c s 0.77 0.5 0.9 0 0 152 0 1.9 1.9 4089 412 98%
c s 0.85 0.5 0.9 0 0 171 0 1.9 1.9 4077 411 98%
c s 0.95 0.5 0.9 0 0 190 0 1.9 1.9 4066 410 98%
c s 1.02 0.5 0.9 0 0 209 0 1.9 1.9 4056 409 97%
c s 1.12 0.5 0.9 0 0 228 0 1.9 1.9 4047 408 97%
c s 1.17 0.5 0.9 0 0 247 0 1.9 1.9 4039 407 97%
c s 1.26 0.5 0.9 0 0 266 0 1.9 1.9 4032 406 97%
c s 1.34 0.5 0.9 0 0 285 0 1.9 1.9 4026 405 96%
c s 1.43 0.5 0.9 0 0 304 0 1.9 1.9 4021 404 96%
c s 1.49 0.5 0.9 0 0 323 0 1.9 1.9 4017 403 96%
c s 1.56 0.5 0.9 0 0 342 0 1.9 1.9 4014 402 96%
c s 1.65 0.5 0.9 0 0 361 0 1.9 1.9 4012 401 95%
c s 1.73 0.5 0.9 0 0 380 0 1.9 1.9 4011 400 95%
c
c   time      reduced redundant irredundant
c       space  restarts   glue       variables
c           level conflicts   size     remaining
c
c s 1.74 0.5 0.9 0 0 380 0 1.9 1.9 4010 399 95%
c s 1.74 0.5 0.9 0 0 380 0 1.9 1.9 3990 398 95%
c s 1.74 0.5 0.9 0 0 380 0 1.9 1.9 3970 397 95%
c s 1.74 0.5 0.9 0 0 380 0 1.9 1.9 3950 396 94%
c s 1.74 0.5 0.9 0 0 380 0 1.9 1.9 3930 395 94%
c s 1.74 0.5 0.9 0 0 380 0 1.9 1.9 3910 394 94%
c s 1.74 0.5 0.9 0 0 380 0 1.9 1.9 3890 393 94%
c s 1.74 0.5 0.9 0 0 380 0 1.9 1.9 3870 392 93%
c s 1.74 0.5 0.9 0 0 380 0 1.9 1.9 3850 391 93%
c s 1.74 0.5 0.9 0 0 380 0 1.9 1.9 3830 390 93%
c s 1.74 0.5 0.9 0 0 380 0 1.9 1.9 3810 389 93%
c s 1.74 0.5 0.9 0 0 380 0 1.9 1.9 3790 388 92%
c s 1.74 0.5 0.9 0 0 380 0 1.9 1.9 3770 387 92%
c s 1.75 0.5 0.9 0 0 380 0 1.9 1.9 3750 386 92%
c s 1.75 0.5 0.9 0 0 380 0 1.9 1.9 3730 385 92%
c s 1.75 0.5 0.9 0 0 380 0 1.9 1.9 3710 384 91%
c s 1.75 0.5 0.9 0 0 380 0 1.9 1.9 3690 383 91%
c s 1.75 0.5 0.9 0 0 380 0 1.9 1.9 3670 382 91%
c s 1.75 0.5 0.9 0 0 380 0 1.9 1.9 3650 381 91%
c s 1.75 0.5 0.9 0 0 380 0 1.9 1.9 3630 380 90%
c
c   time      reduced redundant irredundant
c       space  restarts   glue       variables
c           level conflicts   size     remaining
c
c s 1.81 0.5 0.9 0 0 398 0 1.9 1.9 3611 379 90%
c s 1.85 0.5 0.9 0 0 416 0 1.9 1.9 3593 378 90%
c s 1.91 0.5 0.9 0 0 434 0 1.9 1.9 3576 377 90%
c s 2.02 0.5 0.9 0 0 452 0 1.9 1.9 3560 376 90%
c s 2.09 0.5 0.9 0 0 470 0 1.9 1.9 3545 375 89%
c s 2.15 0.5 0.9 0 0 488 0 1.9 1.9 3531 374 89%
c s 2.20 0.5 0.9 0 0 506 0 1.9 1.9 3518 373 89%
c s 2.25 0.5 0.9 0 0 524 0 1.9 1.9 3506 372 89%
c s 2.31 0.5 0.9 0 0 542 0 1.9 1.9 3495 371 88%
c s 2.35 0.5 0.9 0 0 560 0 1.9 1.9 3485 370 88%
c s 2.40 0.5 0.9 0 0 578 0 1.9 1.9 3476 369 88%
c s 2.46 0.5 0.9 0 0 596 0 1.9 1.9 3468 368 88%
c s 2.53 0.5 0.9 0 0 614 0 1.9 1.9 3461 367 87%
c s 2.58 0.5 0.9 0 0 632 0 1.9 1.9 3455 366 87%
c s 2.63 0.5 0.9 0 0 650 0 1.9 1.9 3450 365 87%
c s 2.68 0.5 0.9 0 0 668 0 1.9 1.9 3446 364 87%
c s 2.73 0.5 0.9 0 0 686 0 1.9 1.9 3443 363 86%
c s 2.77 0.5 0.9 0 0 704 0 1.9 1.9 3441 362 86%
c s 2.83 0.5 0.9 0 0 722 0 1.9 1.9 3440 361 86%
c s 2.83 0.5 0.9 0 0 722 0 1.9 1.9 3439 360 86%
c
c   time      reduced redundant irredundant
c       space  restarts   glue       variables
c           level conflicts   size     remaining
c
c s 2.83 0.5 0.9 0 0 722 0 1.9 1.9 3420 359 85%
c s 2.83 0.5 0.9 0 0 722 0 1.9 1.9 3401 358 85%
c s 2.83 0.5 0.9 0 0 722 0 1.9 1.9 3382 357 85%
c s 2.83 0.5 0.9 0 0 722 0 1.9 1.9 3363 356 85%
c s 2.83 0.5 0.9 0 0 722 0 1.9 1.9 3344 355 85%
c s 2.84 0.5 0.9 0 0 722 0 1.9 1.9 3325 354 84%
c s 2.84 0.5 0.9 0 0 722 0 1.9 1.9 3306 353 84%
c s 2.84 0.5 0.9 0 0 722 0 1.9 1.9 3287 352 84%
c s 2.84 0.5 0.9 0 0 722 0 1.9 1.9 3268 351 84%
c s 2.84 0.5 0.9 0 0 722 0 1.9 1.9 3249 350 83%
c s 2.84 0.5 0.9 0 0 722 0 1.9 1.9 3230 349 83%
c s 2.84 0.5 0.9 0 0 722 0 1.9 1.9 3211 348 83%
c s 2.84 0.5 0.9 0 0 722 0 1.9 1.9 3192 347 83%
c s 2.84 0.5 0.9 0 0 722 0 1.9 1.9 3173 346 82%
c s 2.84 0.5 0.9 0 0 722 0 1.9 1.9 3154 345 82%
c s 2.84 0.5 0.9 0 0 722 0 1.9 1.9 3135 344 82%
c s 2.84 0.5 0.9 0 0 722 0 1.9 1.9 3116 343 82%
c s 2.84 0.5 0.9 0 0 722 0 1.9 1.9 3097 342 81%
c s 2.89 0.5 0.9 0 0 739 0 1.9 1.9 3079 341 81%
c s 2.93 0.5 0.9 0 0 756 0 1.9 1.9 3062 340 81%
c
c   time      reduced redundant irredundant
c       space  restarts   glue       variables
c           level conflicts   size     remaining
c
c s 2.97 0.5 0.9 0 0 773 0 1.9 1.9 3046 339 81%
c s 3.01 0.5 0.9 0 0 790 0 1.9 1.9 3031 338 80%
c s 3.06 0.5 0.9 0 0 807 0 1.9 1.9 3017 337 80%
c s 3.10 0.5 0.9 0 0 824 0 1.9 1.9 3004 336 80%
c s 3.14 0.5 0.9 0 0 841 0 1.9 1.9 2992 335 80%
c s 3.18 0.5 0.9 0 0 858 0 1.9 1.9 2981 334 80%
c s 3.22 0.5 0.9 0 0 875 0 1.9 1.9 2971 333 79%
c s 3.26 0.5 0.9 0 0 892 0 1.9 1.9 2962 332 79%
c s 3.29 0.5 0.9 0 0 909 0 1.9 1.9 2954 331 79%
c s 3.33 0.5 0.9 0 0 926 0 1.9 1.9 2947 330 79%
c s 3.37 0.5 0.9 0 0 943 0 1.9 1.9 2941 329 78%
c s 3.41 0.5 0.9 0 0 960 0 1.9 1.9 2936 328 78%
c s 3.44 0.5 0.9 0 0 977 0 1.9 1.9 2932 327 78%
c s 3.50 0.5 0.9 0 0 994 0 1.9 1.9 2929 326 78%
c s 3.53 0.5 0.9 0 0 1011 0 1.9 1.9 2927 325 77%
c s 3.57 0.5 0.9 0 0 1028 0 1.9 1.9 2926 324 77%
c s 3.57 0.5 0.9 0 0 1028 0 1.9 1.9 2925 323 77%
c s 3.57 0.5 0.9 0 0 1028 0 1.9 1.9 2907 322 77%
c s 3.57 0.5 0.9 0 0 1028 0 1.9 1.9 2889 321 76%
c s 3.57 0.5 0.9 0 0 1028 0 1.9 1.9 2871 320 76%
c
c   time      reduced redundant irredundant
c       space  restarts    glue       variables
c           level conflicts    size     remaining
c
c s 3.58 0.5 0.9 0 0 1028 0 1.9 1.9 2853 319 76%
c s 3.58 0.5 0.9 0 0 1028 0 1.9 1.9 2835 318 76%
c s 3.58 0.5 0.9 0 0 1028 0 1.9 1.9 2817 317 75%
c s 3.58 0.5 0.9 0 0 1028 0 1.9 1.9 2799 316 75%
c s 3.58 0.5 0.9 0 0 1028 0 1.9 1.9 2781 315 75%
c s 3.58 0.5 0.9 0 0 1028 0 1.9 1.9 2763 314 75%
c s 3.58 0.5 0.9 0 0 1028 0 1.9 1.9 2745 313 75%
c s 3.58 0.5 0.9 0 0 1028 0 1.9 1.9 2727 312 74%
c s 3.58 0.5 0.9 0 0 1028 0 1.9 1.9 2709 311 74%
c s 3.58 0.5 0.9 0 0 1028 0 1.9 1.9 2691 310 74%
c s 3.58 0.5 0.9 0 0 1028 0 1.9 1.9 2673 309 74%
c s 3.58 0.5 0.9 0 0 1028 0 1.9 1.9 2655 308 73%
c s 3.58 0.5 0.9 0 0 1028 0 1.9 1.9 2637 307 73%
c s 3.58 0.5 0.9 0 0 1028 0 1.9 1.9 2619 306 73%
c s 3.62 0.5 0.9 0 0 1044 0 1.9 1.9 2602 305 73%
c s 3.66 0.5 0.9 0 0 1060 0 1.9 1.9 2586 304 72%
c s 3.69 0.5 0.9 0 0 1076 0 1.9 1.9 2571 303 72%
c s 3.72 0.5 0.9 0 0 1092 0 1.9 1.9 2557 302 72%
c s 3.76 0.5 0.9 0 0 1108 0 1.9 1.9 2544 301 72%
c s 3.80 0.5 0.9 0 0 1124 0 1.9 1.9 2532 300 71%
c
c   time      reduced redundant irredundant
c       space  restarts    glue       variables
c           level conflicts    size     remaining
c
c s 3.83 0.5 0.9 0 0 1140 0 1.9 1.9 2521 299 71%
c s 3.86 0.5 0.9 0 0 1156 0 1.9 1.9 2511 298 71%
c s 3.90 0.5 0.9 0 0 1172 0 1.9 1.9 2502 297 71%
c s 3.94 0.5 0.9 0 0 1188 0 1.9 1.9 2494 296 70%
c s 3.97 0.5 0.9 0 0 1204 0 1.9 1.9 2487 295 70%
c s 4.00 0.5 0.9 0 0 1220 0 1.9 1.9 2481 294 70%
c s 4.04 0.5 0.9 0 0 1236 0 1.9 1.9 2476 293 70%
c s 4.07 0.5 0.9 0 0 1252 0 1.9 1.9 2472 292 70%
c s 4.10 0.5 0.9 0 0 1268 0 1.9 1.9 2469 291 69%
c s 4.13 0.5 0.9 0 0 1284 0 1.9 1.9 2467 290 69%
c s 4.16 0.5 0.9 0 0 1300 0 1.9 1.9 2466 289 69%
c s 4.16 0.5 0.9 0 0 1300 0 1.9 1.9 2465 288 69%
c s 4.16 0.5 0.9 0 0 1300 0 1.9 1.9 2448 287 68%
c s 4.16 0.5 0.9 0 0 1300 0 1.9 1.9 2431 286 68%
c s 4.17 0.5 0.9 0 0 1300 0 1.9 1.9 2414 285 68%
c s 4.17 0.5 0.9 0 0 1300 0 1.9 1.9 2397 284 68%
c s 4.17 0.5 0.9 0 0 1300 0 1.9 1.9 2380 283 67%
c s 4.17 0.5 0.9 0 0 1300 0 1.9 1.9 2363 282 67%
c s 4.17 0.5 0.9 0 0 1300 0 1.9 1.9 2346 281 67%
c s 4.17 0.5 0.9 0 0 1300 0 1.9 1.9 2329 280 67%
c
c   time      reduced redundant irredundant
c       space  restarts    glue       variables
c           level conflicts    size     remaining
c
c s 4.17 0.5 0.9 0 0 1300 0 1.9 1.9 2312 279 66%
c s 4.17 0.5 0.9 0 0 1300 0 1.9 1.9 2295 278 66%
c s 4.17 0.5 0.9 0 0 1300 0 1.9 1.9 2278 277 66%
c s 4.17 0.5 0.9 0 0 1300 0 1.9 1.9 2261 276 66%
c s 4.17 0.5 0.9 0 0 1300 0 1.9 1.9 2244 275 65%
c s 4.17 0.5 0.9 0 0 1300 0 1.9 1.9 2227 274 65%
c s 4.17 0.5 0.9 0 0 1300 0 1.9 1.9 2210 273 65%
c s 4.17 0.5 0.9 0 0 1300 0 1.9 1.9 2193 272 65%
c s 4.20 0.5 0.9 0 0 1315 0 1.9 1.9 2177 271 65%
c s 4.23 0.5 0.9 0 0 1330 0 1.9 1.9 2162 270 64%
c s 4.26 0.5 0.9 0 0 1345 0 1.9 1.9 2148 269 64%
c s 4.28 0.5 0.9 0 0 1360 0 1.9 1.9 2135 268 64%
c s 4.31 0.5 0.9 0 0 1375 0 1.9 1.9 2123 267 64%
c s 4.34 0.5 0.9 0 0 1390 0 1.9 1.9 2112 266 63%
c s 4.37 0.5 0.9 0 0 1405 0 1.9 1.9 2102 265 63%
c s 4.40 0.5 0.9 0 0 1420 0 1.9 1.9 2093 264 63%
c s 4.42 0.5 0.9 0 0 1435 0 1.9 1.9 2085 263 63%
c s 4.45 0.5 0.9 0 0 1450 0 1.9 1.9 2078 262 62%
c s 4.49 0.5 0.9 0 0 1465 0 1.9 1.9 2072 261 62%
c s 4.55 0.5 0.9 0 0 1480 0 1.9 1.9 2067 260 62%
c
c   time      reduced redundant irredundant
c       space  restarts    glue       variables
c           level conflicts    size     remaining
c
c s 4.59 0.5 0.9 0 0 1495 0 1.9 1.9 2063 259 62%
c s 4.62 0.5 0.9 0 0 1510 0 1.9 1.9 2060 258 61%
c s 4.65 0.5 0.9 0 0 1525 0 1.9 1.9 2058 257 61%
c s 4.68 0.5 0.9 0 0 1540 0 1.9 1.9 2057 256 61%
c s 4.68 0.5 0.9 0 0 1540 0 1.9 1.9 2056 255 61%
c s 4.68 0.5 0.9 0 0 1540 0 1.9 1.9 2040 254 60%
c s 4.68 0.5 0.9 0 0 1540 0 1.9 1.9 2024 253 60%
c s 4.68 0.5 0.9 0 0 1540 0 1.9 1.9 2008 252 60%
c s 4.68 0.5 0.9 0 0 1540 0 1.9 1.9 1992 251 60%
c s 4.68 0.5 0.9 0 0 1540 0 1.9 1.9 1976 250 60%
c s 4.68 0.5 0.9 0 0 1540 0 1.9 1.9 1960 249 59%
c s 4.68 0.5 0.9 0 0 1540 0 1.9 1.9 1944 248 59%
c s 4.68 0.5 0.9 0 0 1540 0 1.9 1.9 1928 247 59%
c s 4.68 0.5 0.9 0 0 1540 0 1.9 1.9 1912 246 59%
c s 4.69 0.5 0.9 0 0 1540 0 1.9 1.9 1896 245 58%
c s 4.69 0.5 0.9 0 0 1540 0 1.9 1.9 1880 244 58%
c s 4.69 0.5 0.9 0 0 1540 0 1.9 1.9 1864 243 58%
c s 4.69 0.5 0.9 0 0 1540 0 1.9 1.9 1848 242 58%
c s 4.69 0.5 0.9 0 0 1540 0 1.9 1.9 1832 241 57%
c s 4.69 0.5 0.9 0 0 1540 0 1.9 1.9 1816 240 57%
c
c   time      reduced redundant irredundant
c       space  restarts    glue       variables
c           level conflicts    size     remaining
c
c s 4.72 0.5 0.9 0 0 1554 0 1.9 1.9 1801 239 57%
c s 4.75 0.5 0.9 0 0 1568 0 1.9 1.9 1787 238 57%
c s 4.77 0.5 0.9 0 0 1582 0 1.9 1.9 1774 237 56%
c s 4.80 0.5 0.9 0 0 1596 0 1.9 1.9 1762 236 56%
c s 4.83 0.5 0.9 0 0 1610 0 1.9 1.9 1751 235 56%
c s 4.85 0.5 0.9 0 0 1624 0 1.9 1.9 1741 234 56%
c s 4.88 0.5 0.9 0 0 1638 0 1.9 1.9 1732 233 55%
c s 4.90 0.5 0.9 0 0 1652 0 1.9 1.9 1724 232 55%
c s 4.93 0.5 0.9 0 0 1666 0 1.9 1.9 1717 231 55%
c s 4.95 0.5 0.9 0 0 1680 0 1.9 1.9 1711 230 55%
c s 4.97 0.5 0.9 0 0 1694 0 1.9 1.9 1706 229 55%
c s 5.00 0.5 0.9 0 0 1708 0 1.9 1.9 1702 228 54%
c s 5.02 0.5 0.9 0 0 1722 0 1.9 1.9 1699 227 54%
c s 5.04 0.5 0.9 0 0 1736 0 1.9 1.9 1697 226 54%
c s 5.07 0.5 0.9 0 0 1750 0 1.9 1.9 1696 225 54%
c s 5.07 0.5 0.9 0 0 1750 0 1.9 1.9 1695 224 53%
c s 5.07 0.5 0.9 0 0 1750 0 1.9 1.9 1680 223 53%
c s 5.07 0.5 0.9 0 0 1750 0 1.9 1.9 1665 222 53%
c s 5.07 0.5 0.9 0 0 1750 0 1.9 1.9 1650 221 53%
c s 5.07 0.5 0.9 0 0 1750 0 1.9 1.9 1635 220 52%
c
c   time      reduced redundant irredundant
c       space  restarts    glue       variables
c           level conflicts    size     remaining
c
c s 5.07 0.5 0.9 0 0 1750 0 1.9 1.9 1620 219 52%
c s 5.07 0.5 0.9 0 0 1750 0 1.9 1.9 1605 218 52%
c s 5.07 0.5 0.9 0 0 1750 0 1.9 1.9 1590 217 52%
c s 5.07 0.5 0.9 0 0 1750 0 1.9 1.9 1575 216 51%
c s 5.07 0.5 0.9 0 0 1750 0 1.9 1.9 1560 215 51%
c s 5.08 0.5 0.9 0 0 1750 0 1.9 1.9 1545 214 51%
c s 5.08 0.5 0.9 0 0 1750 0 1.9 1.9 1530 213 51%
c s 5.08 0.5 0.9 0 0 1750 0 1.9 1.9 1515 212 50%
c s 5.08 0.5 0.9 0 0 1750 0 1.9 1.9 1500 211 50%
c s 5.08 0.5 0.9 0 0 1750 0 1.9 1.9 1485 210 50%
c s 5.10 0.5 0.9 0 0 1763 0 1.9 1.9 1471 209 50%
c s 5.12 0.5 0.9 0 0 1776 0 1.9 1.9 1458 208 50%
c s 5.14 0.5 0.9 0 0 1789 0 1.9 1.9 1446 207 49%
c s 5.16 0.5 0.9 0 0 1802 0 1.9 1.9 1435 206 49%
c s 5.18 0.5 0.9 0 0 1815 0 1.9 1.9 1425 205 49%
c s 5.21 0.5 0.9 0 0 1828 0 1.9 1.9 1416 204 49%
c s 5.23 0.5 0.9 0 0 1841 0 1.9 1.9 1408 203 48%
c s 5.25 0.5 0.9 0 0 1854 0 1.9 1.9 1401 202 48%
c s 5.27 0.5 0.9 0 0 1867 0 1.9 1.9 1395 201 48%
c s 5.29 0.5 0.9 0 0 1880 0 1.9 1.9 1390 200 48%
c
c   time      reduced redundant irredundant
c       space  restarts    glue       variables
c           level conflicts    size     remaining
c
c s 5.31 0.5 0.9 0 0 1893 0 1.9 1.9 1386 199 47%
c s 5.33 0.5 0.9 0 0 1906 0 1.9 1.9 1383 198 47%
c s 5.35 0.5 0.9 0 0 1919 0 1.9 1.9 1381 197 47%
c s 5.37 0.5 0.9 0 0 1932 0 1.9 1.9 1380 196 47%
c s 5.37 0.5 0.9 0 0 1932 0 1.9 1.9 1379 195 46%
c s 5.37 0.5 0.9 0 0 1932 0 1.9 1.9 1365 194 46%
c s 5.37 0.5 0.9 0 0 1932 0 1.9 1.9 1351 193 46%
c s 5.37 0.5 0.9 0 0 1932 0 1.9 1.9 1337 192 46%
c s 5.37 0.5 0.9 0 0 1932 0 1.9 1.9 1323 191 45%
c s 5.38 0.5 0.9 0 0 1932 0 1.9 1.9 1309 190 45%
c s 5.38 0.5 0.9 0 0 1932 0 1.9 1.9 1295 189 45%
c s 5.38 0.5 0.9 0 0 1932 0 1.9 1.9 1281 188 45%
c s 5.38 0.5 0.9 0 0 1932 0 1.9 1.9 1267 187 45%
c s 5.38 0.5 0.9 0 0 1932 0 1.9 1.9 1253 186 44%
c s 5.38 0.5 0.9 0 0 1932 0 1.9 1.9 1239 185 44%
c s 5.38 0.5 0.9 0 0 1932 0 1.9 1.9 1225 184 44%
c s 5.38 0.5 0.9 0 0 1932 0 1.9 1.9 1211 183 44%
c s 5.38 0.5 0.9 0 0 1932 0 1.9 1.9 1197 182 43%
c s 5.40 0.5 0.9 0 0 1944 0 1.9 1.9 1184 181 43%
c s 5.42 0.5 0.9 0 0 1956 0 1.9 1.9 1172 180 43%
c
c   time      reduced redundant irredundant
c       space  restarts    glue       variables
c           level conflicts    size     remaining
c
c s 5.44 0.5 0.9 0 0 1968 0 1.9 1.9 1161 179 43%
c s 5.45 0.5 0.9 0 0 1980 0 1.9 1.9 1151 178 42%
c s 5.47 0.5 0.9 0 0 1992 0 1.9 1.9 1142 177 42%
c - 5.48 0.5 0.9 1 0 2001 9 1.9 1.9 1142 177 42%
c s 5.49 0.5 0.9 1 0 2004 0 1.9 1.9 1134 176 42%
c s 5.51 0.5 0.9 1 0 2016 0 1.9 1.9 1127 175 42%
c s 5.52 0.5 0.9 1 0 2028 0 1.9 1.9 1121 174 41%
c s 5.54 0.5 0.9 1 0 2040 0 1.9 1.9 1116 173 41%
c s 5.56 0.5 0.9 1 0 2052 0 1.9 1.9 1112 172 41%
c s 5.58 0.5 0.9 1 0 2064 0 1.9 1.9 1109 171 41%
c s 5.59 0.5 0.9 1 0 2076 0 1.9 1.9 1107 170 40%
c s 5.61 0.5 0.9 1 0 2088 0 1.9 1.9 1106 169 40%
c s 5.61 0.5 0.9 1 0 2088 0 1.9 1.9 1105 168 40%
c s 5.61 0.5 0.9 1 0 2088 0 1.9 1.9 1092 167 40%
c s 5.61 0.5 0.9 1 0 2088 0 1.9 1.9 1079 166 40%
c s 5.61 0.5 0.9 1 0 2088 0 1.9 1.9 1066 165 39%
c s 5.61 0.5 0.9 1 0 2088 0 1.9 1.9 1053 164 39%
c s 5.61 0.5 0.9 1 0 2088 0 1.9 1.9 1040 163 39%
c s 5.61 0.5 0.9 1 0 2088 0 1.9 1.9 1027 162 39%
c s 5.61 0.5 0.9 1 0 2088 0 1.9 1.9 1014 161 38%
c
c   time      reduced redundant irredundant
c       space  restarts    glue       variables
c           level conflicts    size     remaining
c
c s 5.61 0.5 0.9 1 0 2088 0 1.9 1.9 1001 160 38%
c s 5.61 0.5 0.9 1 0 2088 0 1.9 1.9 988 159 38%
c s 5.61 0.5 0.9 1 0 2088 0 1.9 1.9 975 158 38%
c s 5.61 0.5 0.9 1 0 2088 0 1.9 1.9 962 157 37%
c s 5.61 0.5 0.9 1 0 2088 0 1.9 1.9 949 156 37%
c s 5.63 0.5 0.9 1 0 2099 0 1.9 1.9 937 155 37%
c s 5.64 0.5 0.9 1 0 2110 0 1.9 1.9 926 154 37%
c s 5.66 0.5 0.9 1 0 2121 0 1.9 1.9 916 153 36%
c s 5.67 0.5 0.9 1 0 2132 0 1.9 1.9 907 152 36%
c s 5.69 0.5 0.9 1 0 2143 0 1.9 1.9 899 151 36%
c s 5.70 0.5 0.9 1 0 2154 0 1.9 1.9 892 150 36%
c s 5.72 0.5 0.9 1 0 2165 0 1.9 1.9 886 149 35%
c s 5.73 0.5 0.9 1 0 2176 0 1.9 1.9 881 148 35%
c s 5.75 0.5 0.9 1 0 2187 0 1.9 1.9 877 147 35%
c s 5.76 0.5 0.9 1 0 2198 0 1.9 1.9 874 146 35%
c s 5.78 0.5 0.9 1 0 2209 0 1.9 1.9 872 145 35%
c s 5.79 0.5 0.9 1 0 2220 0 1.9 1.9 871 144 34%
c s 5.79 0.5 0.9 1 0 2220 0 1.9 1.9 870 143 34%
c s 5.79 0.5 0.9 1 0 2220 0 1.9 1.9 858 142 34%
c s 5.79 0.5 0.9 1 0 2220 0 1.9 1.9 846 141 34%
c
c   time      reduced redundant irredundant
c       space  restarts    glue      variables
c           level conflicts    size    remaining
c
c s 5.79 0.5 0.9 1 0 2220 0 1.9 1.9 834 140 33%
c s 5.79 0.5 0.9 1 0 2220 0 1.9 1.9 822 139 33%
c s 5.79 0.5 0.9 1 0 2220 0 1.9 1.9 810 138 33%
c s 5.79 0.5 0.9 1 0 2220 0 1.9 1.9 798 137 33%
c s 5.79 0.5 0.9 1 0 2220 0 1.9 1.9 786 136 32%
c s 5.79 0.5 0.9 1 0 2220 0 1.9 1.9 774 135 32%
c s 5.79 0.5 0.9 1 0 2220 0 1.9 1.9 762 134 32%
c s 5.79 0.5 0.9 1 0 2220 0 1.9 1.9 750 133 32%
c s 5.79 0.5 0.9 1 0 2220 0 1.9 1.9 738 132 31%
c s 5.81 0.5 0.9 1 0 2230 0 1.9 1.9 727 131 31%
c s 5.82 0.5 0.9 1 0 2240 0 1.9 1.9 717 130 31%
c s 5.83 0.5 0.9 1 0 2250 0 1.9 1.9 708 129 31%
c s 5.84 0.5 0.9 1 0 2260 0 1.9 1.9 700 128 30%
c s 5.86 0.5 0.9 1 0 2270 0 1.9 1.9 693 127 30%
c s 5.87 0.5 0.9 1 0 2280 0 1.9 1.9 687 126 30%
c s 5.88 0.5 0.9 1 0 2290 0 1.9 1.9 682 125 30%
c s 5.89 0.5 0.9 1 0 2300 0 1.9 1.9 678 124 30%
c s 5.90 0.5 0.9 1 0 2310 0 1.9 1.9 675 123 29%
c s 5.92 0.5 0.9 1 0 2320 0 1.9 1.9 673 122 29%
c s 5.93 0.5 0.9 1 0 2330 0 1.9 1.9 672 121 29%
c
c   time      reduced redundant irredundant
c       space  restarts    glue      variables
c           level conflicts    size    remaining
c
c s 5.93 0.5 0.9 1 0 2330 0 1.9 1.9 671 120 29%
c s 5.93 0.5 0.9 1 0 2330 0 1.9 1.9 660 119 28%
c s 5.93 0.5 0.9 1 0 2330 0 1.9 1.9 649 118 28%
c s 5.93 0.5 0.9 1 0 2330 0 1.9 1.9 638 117 28%
c s 5.93 0.5 0.9 1 0 2330 0 1.9 1.9 627 116 28%
c s 5.93 0.5 0.9 1 0 2330 0 1.9 1.9 616 115 27%
c s 5.93 0.5 0.9 1 0 2330 0 1.9 1.9 605 114 27%
c s 5.93 0.5 0.9 1 0 2330 0 1.9 1.9 594 113 27%
c s 5.93 0.5 0.9 1 0 2330 0 1.9 1.9 583 112 27%
c s 5.93 0.5 0.9 1 0 2330 0 1.9 1.9 572 111 26%
c s 5.93 0.5 0.9 1 0 2330 0 1.9 1.9 561 110 26%
c s 5.94 0.5 0.9 1 0 2339 0 1.9 1.9 551 109 26%
c s 5.95 0.5 0.9 1 0 2348 0 1.9 1.9 542 108 26%
c s 5.96 0.5 0.9 1 0 2357 0 1.9 1.9 534 107 25%
c s 5.97 0.5 0.9 1 0 2366 0 1.9 1.9 527 106 25%
c s 5.98 0.5 0.9 1 0 2375 0 1.9 1.9 521 105 25%
c s 5.99 0.5 0.9 1 0 2384 0 1.9 1.9 516 104 25%
c s 6.00 0.5 0.9 1 0 2393 0 1.9 1.9 512 103 25%
c s 6.01 0.5 0.9 1 0 2402 0 1.9 1.9 509 102 24%
c s 6.03 0.5 0.9 1 0 2411 0 1.9 1.9 507 101 24%
c
c   time      reduced redundant irredundant
c       space  restarts    glue      variables
c           level conflicts    size    remaining
c
c s 6.04 0.5 0.9 1 0 2420 0 1.9 1.9 506 100 24%
c s 6.04 0.5 0.9 1 0 2420 0 1.9 1.9 505 99 24%
c s 6.04 0.5 0.9 1 0 2420 0 1.9 1.9 495 98 23%
c s 6.04 0.5 0.9 1 0 2420 0 1.9 1.9 485 97 23%
c s 6.04 0.5 0.9 1 0 2420 0 1.9 1.9 475 96 23%
c s 6.04 0.5 0.9 1 0 2420 0 1.9 1.9 465 95 23%
c s 6.04 0.5 0.9 1 0 2420 0 1.9 1.9 455 94 22%
c s 6.04 0.5 0.9 1 0 2420 0 1.9 1.9 445 93 22%
c s 6.04 0.5 0.9 1 0 2420 0 1.9 1.9 435 92 22%
c s 6.04 0.5 0.9 1 0 2420 0 1.9 1.9 425 91 22%
c s 6.04 0.5 0.9 1 0 2420 0 1.9 1.9 415 90 21%
c s 6.05 0.5 0.9 1 0 2428 0 1.9 1.9 406 89 21%
c s 6.06 0.5 0.9 1 0 2436 0 1.9 1.9 398 88 21%
c s 6.07 0.5 0.9 1 0 2444 0 1.9 1.9 391 87 21%
c s 6.08 0.5 0.9 1 0 2452 0 1.9 1.9 385 86 20%
c s 6.09 0.5 0.9 1 0 2460 0 1.9 1.9 380 85 20%
c s 6.10 0.5 0.9 1 0 2468 0 1.9 1.9 376 84 20%
c s 6.10 0.5 0.9 1 0 2476 0 1.9 1.9 373 83 20%
c s 6.11 0.5 0.9 1 0 2484 0 1.9 1.9 371 82 20%
c s 6.12 0.5 0.9 1 0 2492 0 1.9 1.9 370 81 19%
c
c   time      reduced redundant irredundant
c       space  restarts    glue     variables
c           level conflicts    size   remaining
c
c s 6.12 0.5 0.9 1 0 2492 0 1.9 1.9 369 80 19%
c s 6.12 0.5 0.9 1 0 2492 0 1.9 1.9 360 79 19%
c s 6.12 0.5 0.9 1 0 2492 0 1.9 1.9 351 78 19%
c s 6.12 0.5 0.9 1 0 2492 0 1.9 1.9 342 77 18%
c s 6.12 0.5 0.9 1 0 2492 0 1.9 1.9 333 76 18%
c s 6.12 0.5 0.9 1 0 2492 0 1.9 1.9 324 75 18%
c s 6.13 0.5 0.9 1 0 2492 0 1.9 1.9 315 74 18%
c s 6.13 0.5 0.9 1 0 2492 0 1.9 1.9 306 73 17%
c s 6.13 0.5 0.9 1 0 2492 0 1.9 1.9 297 72 17%
c s 6.13 0.5 0.9 1 0 2499 0 1.9 1.9 289 71 17%
c s 6.14 0.5 0.9 1 0 2506 0 1.9 1.9 282 70 17%
c s 6.15 0.5 0.9 1 0 2513 0 1.9 1.9 276 69 16%
c s 6.16 0.5 0.9 1 0 2520 0 1.9 1.9 271 68 16%
c s 6.16 0.5 0.9 1 0 2527 0 1.9 1.9 267 67 16%
c s 6.17 0.5 0.9 1 0 2534 0 1.9 1.9 264 66 16%
c s 6.18 0.5 0.9 1 0 2541 0 1.9 1.9 262 65 15%
c s 6.18 0.5 0.9 1 0 2548 0 1.9 1.9 261 64 15%
c s 6.18 0.5 0.9 1 0 2548 0 1.9 1.9 260 63 15%
c s 6.18 0.5 0.9 1 0 2548 0 1.9 1.9 252 62 15%
c s 6.18 0.5 0.9 1 0 2548 0 1.9 1.9 244 61 15%
c
c   time      reduced redundant irredundant
c       space  restarts    glue     variables
c           level conflicts    size   remaining
c
c s 6.18 0.5 0.9 1 0 2548 0 1.9 1.9 236 60 14%
c s 6.19 0.5 0.9 1 0 2548 0 1.9 1.9 228 59 14%
c s 6.19 0.5 0.9 1 0 2548 0 1.9 1.9 220 58 14%
c s 6.19 0.5 0.9 1 0 2548 0 1.9 1.9 212 57 14%
c s 6.19 0.5 0.9 1 0 2548 0 1.9 1.9 204 56 13%
c s 6.19 0.5 0.9 1 0 2554 0 1.9 1.9 197 55 13%
c s 6.20 0.5 0.9 1 0 2560 0 1.9 1.9 191 54 13%
c s 6.20 0.5 0.9 1 0 2566 0 1.9 1.9 186 53 13%
c s 6.21 0.5 0.9 1 0 2572 0 1.9 1.9 182 52 12%
c s 6.22 0.5 0.9 1 0 2578 0 1.9 1.9 179 51 12%
c s 6.22 0.5 0.9 1 0 2584 0 1.9 1.9 177 50 12%
c s 6.23 0.5 0.9 1 0 2590 0 1.9 1.9 176 49 12%
c s 6.23 0.5 0.9 1 0 2590 0 1.9 1.9 175 48 11%
c s 6.23 0.5 0.9 1 0 2590 0 1.9 1.9 168 47 11%
c s 6.23 0.5 0.9 1 0 2590 0 1.9 1.9 161 46 11%
c s 6.23 0.5 0.9 1 0 2590 0 1.9 1.9 154 45 11%
c s 6.23 0.5 0.9 1 0 2590 0 1.9 1.9 147 44 10%
c s 6.23 0.5 0.9 1 0 2590 0 1.9 1.9 140 43 10%
c s 6.23 0.5 0.9 1 0 2590 0 1.9 1.9 133 42 10%
c s 6.23 0.5 0.9 1 0 2595 0 1.9 1.9 127 41 10%
c
c   time      reduced redundant irredundant
c       space  restarts    glue     variables
c           level conflicts    size   remaining
c
c s 6.24 0.5 0.9 1 0 2600 0 1.9 1.9 122 40 10%
c s 6.24 0.5 0.9 1 0 2605 0 1.9 1.9 118 39 9%
c s 6.25 0.5 0.9 1 0 2610 0 1.9 1.9 115 38 9%
c s 6.25 0.5 0.9 1 0 2615 0 1.9 1.9 113 37 9%
c s 6.26 0.5 0.9 1 0 2620 0 1.9 1.9 112 36 9%
c s 6.26 0.5 0.9 1 0 2620 0 1.9 1.9 111 35 8%
c s 6.26 0.5 0.9 1 0 2620 0 1.9 1.9 105 34 8%
c s 6.26 0.5 0.9 1 0 2620 0 1.9 1.9 99 33 8%
c s 6.26 0.5 0.9 1 0 2620 0 1.9 1.9 93 32 8%
c s 6.26 0.5 0.9 1 0 2620 0 1.9 1.9 87 31 7%
c s 6.26 0.5 0.9 1 0 2620 0 1.9 1.9 81 30 7%
c s 6.26 0.5 0.9 1 0 2624 0 1.9 1.9 76 29 7%
c s 6.27 0.5 0.9 1 0 2628 0 1.9 1.9 72 28 7%
c s 6.27 0.5 0.9 1 0 2632 0 1.9 1.9 69 27 6%
c s 6.27 0.5 0.9 1 0 2636 0 1.9 1.9 67 26 6%
c s 6.27 0.5 0.9 1 0 2640 0 1.9 1.9 66 25 6%
c s 6.27 0.5 0.9 1 0 2640 0 1.9 1.9 65 24 6%
c s 6.28 0.5 0.9 1 0 2640 0 1.9 1.9 60 23 5%
c s 6.28 0.5 0.9 1 0 2640 0 1.9 1.9 55 22 5%
c s 6.28 0.5 0.9 1 0 2640 0 1.9 1.9 50 21 5%
c
c   time      reduced redundant irredundant
c       space  restarts    glue    variables
c           level conflicts    size remaining
c
c s 6.28 0.5 0.9 1 0 2640 0 1.9 1.9 45 20 5%
c s 6.28 0.5 0.9 1 0 2655 0 1.9 1.9 41 19 5%
c s 6.28 0.5 0.9 1 0 2670 0 1.9 1.9 38 18 4%
c s 6.28 0.5 0.9 1 0 2685 0 1.9 1.9 36 17 4%
c s 6.28 0.5 0.9 1 0 2700 0 1.9 1.9 35 16 4%
c s 6.28 0.5 0.9 1 0 2700 0 1.9 1.9 34 15 4%
c s 6.28 0.5 0.9 1 0 2700 0 1.9 1.9 30 14 3%
c s 6.28 0.5 0.9 1 0 2700 0 1.9 1.9 26 13 3%
c s 6.29 0.5 0.9 1 0 2700 0 1.9 1.9 22 12 3%
c s 6.29 0.5 0.9 1 0 2702 1 1.9 1.9 19 11 3%
c s 6.29 0.5 0.9 1 0 2703 1 1.9 1.9 16 10 2%
c s 6.29 0.5 0.9 1 0 2704 1 1.9 1.9 14 9 2%
c s 6.29 0.5 0.9 1 0 2705 1 1.9 1.9 12 8 2%
c 0 6.29 0.5 0.9 1 0 2707 1 1.9 1.9 12 0 0%
c
s UNSATISFIABLE
c
c simplifications:           412           7  conflicts/simplification  100%
c reductions:                  1        2707  conflicts/reduction       100%
c restarts:                    0           0  conflicts/restart         100%
c conflicts:                2707         431  conflicts/sec              52%
c decisions:                2658         423  decisions/sec              35%
c propagations:          5265038         0.8  millions/sec               98%
c
c pure:                      204           7% of look-aheads
c look-ahead:               2862         108% of outer decisions         38%
c pruned:                   2652          98% of outer conflicts         51%
c generated reducts:        5101          52% satisfiable
c average size:              160          14% of all clauses
c pruning failed:           2449          48% per reduct
c filter checks:          305593          37% of outer satisfied clauses
c average filtered:          0.0           0% per reduct
c assumed literals:       387806         1.3  per filter check
c
c collected clauses:        0.20 MB      100% of allocated clauses        1%
c allocated clauses:        0.20 MB        3% of allocated memory         1%
c maximum heap:             0.49 MB       20% of resident set size       91%
c
c looking:                  0.32 sec       5% of process time
c filtering:                2.36 sec      37% of process time
c pruning:                  5.70 sec      91% of process time
c simplifying:              0.10 sec       2% of process time
c
c resident set size:        2.41 MB
c total process time:       6.29 sec
RC=0
