c SaDiCaL SAT Solver
c Copyright (C) 2018 by Armin Biere JKU
c
c Version 00n 47bff7ef874226b4a00ebd20fedf88eb7c4a3a39
c Compiler gcc (Ubuntu 11.4.0-1ubuntu1~22.04) 11.4.0
c Options gcc -Wall -O3 -DNDEBUG -DNLOG
c proof path '/mnt/d/PvsNP/phase4/results/proofs_sadical/F4/tseitin_n20_s9.sadical.dpr'
c
c non default options:
c
c --binary=false
c --force=true
c --witness=false
c
c parsing '/mnt/d/PvsNP/phase4/instances/f4/tseitin_n20_s9.cnf'
c found 'p cnf 30 80' header
c parsed DIMACS in 0.00 seconds
c 
c
c   time      reduced redundant irredundant
c       space  restarts  glue    variables
c           level conflicts  size  remaining
c
c s 0.01 0.0 2.2 0 2 15 0 3.2 3.2 76 29 97%
c s 0.01 0.0 2.3 0 6 37 1 3.3 3.3 72 28 93%
c s 0.02 0.0 2.1 0 8 43 1 3.1 3.1 68 27 90%
c s 0.02 0.0 2.0 0 12 76 1 3.0 3.0 58 23 77%
c s 0.02 0.0 1.9 0 12 77 0 2.9 2.9 44 17 57%
c s 0.02 0.0 1.9 0 17 94 0 2.9 2.9 38 15 50%
c s 0.02 0.0 1.8 0 19 121 0 2.8 2.8 32 13 43%
c s 0.03 0.0 1.7 0 21 157 0 2.7 2.7 26 11 37%
c s 0.03 0.0 1.6 0 22 175 0 2.6 2.6 14 6 20%
c s 0.03 0.0 1.6 0 22 180 0 2.6 2.6 8 4 13%
c 0 0.03 0.0 1.5 0 22 182 0 2.5 2.5 8 0 0%
c
s UNSATISFIABLE
c
c simplifications:            10          18  conflicts/simplification  100%
c reductions:                  0           0  conflicts/reduction       100%
c restarts:                   22           8  conflicts/restart         100%
c conflicts:                 182        6611  conflicts/sec              95%
c decisions:                 121        4395  decisions/sec              56%
c propagations:             5565         0.2  millions/sec               85%
c
c pure:                        0           0% of look-aheads
c look-ahead:                121         100% of outer decisions         56%
c pruned:                     51          28% of outer conflicts         27%
c generated reducts:         139          37% satisfiable
c average size:               19          35% of all clauses
c pruning failed:             88          63% per reduct
c filter checks:            1050          38% of outer satisfied clauses
c average filtered:          0.9           5% per reduct
c assumed literals:         2173         2.1  per filter check
c
c collected clauses:        0.00 MB       94% of allocated clauses        8%
c allocated clauses:        0.00 MB       11% of allocated memory         9%
c maximum heap:             0.01 MB        2% of resident set size       59%
c
c looking:                  0.00 sec       3% of process time
c filtering:                0.01 sec      20% of process time
c pruning:                  0.02 sec      61% of process time
c simplifying:              0.00 sec       3% of process time
c
c resident set size:        0.94 MB
c total process time:       0.03 sec
RC=0
