c SaDiCaL SAT Solver
c Copyright (C) 2018 by Armin Biere JKU
c
c Version 00n 47bff7ef874226b4a00ebd20fedf88eb7c4a3a39
c Compiler gcc (Ubuntu 11.4.0-1ubuntu1~22.04) 11.4.0
c Options gcc -Wall -O3 -DNDEBUG -DNLOG
c proof path '/mnt/d/PvsNP/phase4/results/proofs_sadical/F8/mchess_10.sadical.dpr'
c
c non default options:
c
c --binary=false
c --force=true
c --witness=false
c
c parsing '/mnt/d/PvsNP/phase4/instances/f8/mchess_10.cnf'
c found 'p cnf 176 572' header
c parsed DIMACS in 0.00 seconds
c 
c
c   time      reduced redundant irredundant
c       space  restarts glue      variables
c           level conflicts size    remaining
c
c s 0.01 0.1 0.0 0 0 1 0 1.0 1.0 566 175 99%
c s 0.08 0.1 4.9 0 14 220 15 5.3 6.3 562 174 99%
c s 0.11 0.1 3.8 0 25 306 21 4.5 5.2 556 173 98%
c s 0.14 0.1 3.3 0 36 472 18 4.1 4.6 542 169 96%
c s 0.18 0.1 3.5 0 45 586 21 4.3 4.7 538 168 95%
c s 0.20 0.1 3.4 0 56 709 22 4.2 4.5 510 160 91%
c s 0.20 0.1 3.3 0 56 710 21 4.1 4.5 505 159 90%
c s 0.21 0.1 3.4 0 60 750 24 4.2 4.5 500 158 90%
c s 0.22 0.1 3.3 0 67 780 24 4.2 4.4 477 151 86%
c s 0.26 0.1 3.1 0 81 894 40 4.0 4.2 469 148 84%
c s 0.32 0.2 3.4 0 95 1451 45 4.2 4.6 463 147 84%
c s 0.38 0.2 3.6 0 105 1764 57 4.3 4.7 458 146 83%
c s 0.39 0.2 3.4 0 109 1955 42 4.2 4.5 449 143 81%
c - 0.41 0.2 3.4 1 112 2005 47 4.2 4.5 449 143 81%
c s 0.42 0.2 3.4 1 117 2155 36 4.2 4.5 445 142 81%
c s 0.43 0.2 3.3 1 124 2257 39 4.1 4.4 431 138 78%
c s 0.50 0.2 3.4 1 152 2894 66 4.2 4.5 425 137 78%
c s 0.50 0.2 3.4 1 152 2895 63 4.2 4.4 420 136 77%
c s 0.53 0.2 3.4 1 159 3394 78 4.2 4.4 415 135 77%
c s 0.53 0.2 3.4 1 159 3396 63 4.1 4.4 396 130 74%
c
c   time      reduced   redundant  irredundant
c       space   restarts      glue      variables
c           level   conflicts     size    remaining
c
c s 0.54 0.2 3.4 1 162 3555 66 4.2 4.5 392 129 73%
c - 0.59 0.2 3.5 2 166 4030 66 4.3 4.5 392 129 73%
c s 0.82 0.2 3.7 2 200 6125 84 4.4 4.7 386 128 73%
c s 0.82 0.2 3.6 2 200 6130 83 4.4 4.7 380 127 72%
c s 0.82 0.2 3.6 2 200 6131 82 4.4 4.7 375 126 72%
c - 0.83 0.2 3.6 3 204 6335 69 4.4 4.7 375 126 72%
c - 1.16 0.2 3.8 4 248 8961 119 4.5 4.9 375 126 72%
c s 1.20 0.2 3.8 4 255 9493 126 4.5 4.9 370 125 71%
c s 1.22 0.2 3.7 4 259 9615 126 4.5 4.8 357 121 69%
c s 1.24 0.2 3.7 4 262 9714 124 4.5 4.8 332 112 64%
c s 1.28 0.2 3.7 4 266 10223 125 4.5 4.8 327 111 63%
c - 1.43 0.2 3.7 5 285 11882 127 4.4 4.8 327 111 63%
c s 1.54 0.2 3.7 5 302 14607 156 4.4 4.8 323 110 62%
c - 1.58 0.2 3.7 6 307 15086 136 4.4 4.7 323 110 62%
c s 1.59 0.2 3.7 6 310 15209 135 4.4 4.7 318 109 62%
c s 1.59 0.2 3.7 6 310 15284 129 4.4 4.7 312 108 61%
c s 1.70 0.2 3.7 6 321 16668 142 4.4 4.7 307 107 61%
c s 1.77 0.2 3.7 6 329 17657 154 4.4 4.8 301 106 60%
c - 1.81 0.2 3.8 7 334 18665 141 4.4 4.8 301 106 60%
c s 1.83 0.2 3.7 7 338 19103 136 4.4 4.8 296 105 60%
c
c   time      reduced     redundant  irredundant
c       space   restarts        glue      variables
c           level    conflicts      size    remaining
c
c s 1.84 0.2 3.7 7 340 19297 138 4.4 4.8 290 104 59%
c s 1.84 0.2 3.7 7 340 19302 126 4.4 4.8 272 98 56%
c s 1.85 0.2 3.6 7 340 19566 127 4.3 4.8 266 97 55%
c s 1.85 0.2 3.6 7 340 19581 125 4.3 4.8 258 94 53%
c s 1.87 0.2 3.6 7 342 19849 125 4.3 4.7 252 93 53%
c s 1.88 0.2 3.6 7 343 19877 125 4.3 4.7 247 92 52%
c s 1.88 0.2 3.6 7 343 19878 123 4.3 4.7 243 91 52%
c s 1.88 0.2 3.6 7 343 19922 44 4.3 4.7 116 44 25%
c s 1.88 0.2 3.6 7 343 19923 44 4.3 4.7 110 43 24%
c s 1.88 0.2 3.6 7 343 19924 44 4.3 4.7 105 42 24%
c s 1.88 0.2 3.6 7 343 19925 42 4.3 4.7 101 41 23%
c s 1.88 0.2 3.6 7 343 19926 42 4.3 4.7 97 40 23%
c 0 1.88 0.2 3.5 7 343 19928 42 4.3 4.7 97 8 5%
c
s UNSATISFIABLE
c
c simplifications:            45         443  conflicts/simplification  100%
c reductions:                  7        2847  conflicts/reduction       100%
c restarts:                  343          58  conflicts/restart         100%
c conflicts:               19928       10580  conflicts/sec              96%
c decisions:                2086        1107  decisions/sec              62%
c propagations:           912599         0.5  millions/sec               94%
c
c pure:                        0           0% of look-aheads
c look-ahead:               2086         100% of outer decisions         62%
c pruned:                    422           2% of outer conflicts          2%
c generated reducts:        2119          20% satisfiable
c average size:              101          26% of all clauses
c pruning failed:           1697          80% per reduct
c filter checks:           74537          32% of outer satisfied clauses
c average filtered:          9.1           8% per reduct
c assumed literals:       124979         1.7  per filter check
c
c collected clauses:        0.04 MB       89% of allocated clauses        1%
c allocated clauses:        0.04 MB        6% of allocated memory         1%
c maximum heap:             0.12 MB        6% of resident set size       64%
c
c looking:                  0.02 sec       1% of process time
c filtering:                0.86 sec      46% of process time
c pruning:                  1.80 sec      95% of process time
c simplifying:              0.01 sec       0% of process time
c
c resident set size:        1.98 MB
c total process time:       1.88 sec
RC=0
