c SaDiCaL SAT Solver
c Copyright (C) 2018 by Armin Biere JKU
c
c Version 00n 47bff7ef874226b4a00ebd20fedf88eb7c4a3a39
c Compiler gcc (Ubuntu 11.4.0-1ubuntu1~22.04) 11.4.0
c Options gcc -Wall -O3 -DNDEBUG -DNLOG
c proof path '/mnt/d/PvsNP/phase4/results/proofs_sadical/F4/tseitin_n20_s7.sadical.dpr'
c
c non default options:
c
c --binary=false
c --force=true
c --witness=false
c
c parsing '/mnt/d/PvsNP/phase4/instances/f4/tseitin_n20_s7.cnf'
c found 'p cnf 30 80' header
c parsed DIMACS in 0.00 seconds
c 
c
c   time      reduced redundant irredundant
c       space  restarts  glue    variables
c           level conflicts  size  remaining
c
c s 0.02 0.0 2.2 0 2 49 0 3.2 3.2 76 29 97%
c s 0.02 0.0 2.4 0 5 115 1 3.4 3.4 70 27 90%
c s 0.03 0.0 2.6 0 8 169 1 3.6 3.6 66 26 87%
c s 0.04 0.0 2.5 0 10 242 2 3.5 3.5 62 25 83%
c s 0.06 0.0 2.6 0 32 855 1 3.6 3.7 52 21 70%
c s 0.08 0.0 2.6 0 47 1113 1 3.6 3.7 46 19 63%
c s 0.08 0.0 2.5 0 52 1225 1 3.5 3.6 38 16 53%
c s 0.09 0.0 2.5 0 53 1271 0 3.5 3.5 30 13 43%
c s 0.09 0.0 2.4 0 54 1289 0 3.4 3.5 20 9 30%
c s 0.09 0.0 2.4 0 54 1294 0 3.4 3.5 10 5 17%
c 0 0.09 0.0 2.4 0 54 1296 0 3.4 3.5 10 0 0%
c
s UNSATISFIABLE
c
c simplifications:            10         130  conflicts/simplification  100%
c reductions:                  0           0  conflicts/reduction       100%
c restarts:                   54          24  conflicts/restart         100%
c conflicts:                1296       14902  conflicts/sec              97%
c decisions:                 326        3749  decisions/sec              44%
c propagations:            21128         0.2  millions/sec               87%
c
c pure:                        0           0% of look-aheads
c look-ahead:                326         100% of outer decisions         44%
c pruned:                    130          10% of outer conflicts         10%
c generated reducts:         391          33% satisfiable
c average size:               21          39% of all clauses
c pruning failed:            261          67% per reduct
c filter checks:            3731          40% of outer satisfied clauses
c average filtered:          3.0          12% per reduct
c assumed literals:         7695         2.1  per filter check
c
c collected clauses:        0.01 MB       96% of allocated clauses        4%
c allocated clauses:        0.01 MB       12% of allocated memory         5%
c maximum heap:             0.02 MB        2% of resident set size       61%
c
c looking:                  0.00 sec       2% of process time
c filtering:                0.03 sec      38% of process time
c pruning:                  0.07 sec      79% of process time
c simplifying:              0.00 sec       1% of process time
c
c resident set size:        0.96 MB
c total process time:       0.09 sec
RC=0
