c SaDiCaL SAT Solver
c Copyright (C) 2018 by Armin Biere JKU
c
c Version 00n 47bff7ef874226b4a00ebd20fedf88eb7c4a3a39
c Compiler gcc (Ubuntu 11.4.0-1ubuntu1~22.04) 11.4.0
c Options gcc -Wall -O3 -DNDEBUG -DNLOG
c proof path '/mnt/d/PvsNP/phase4/results/proofs_sadical/F8/mchess_12.sadical.dpr'
c
c non default options:
c
c --binary=false
c --force=true
c --witness=false
c
c parsing '/mnt/d/PvsNP/phase4/instances/f8/mchess_12.cnf'
c found 'p cnf 260 856' header
c parsed DIMACS in 0.00 seconds
c 
c
c   time      reduced redundant irredundant
c       space  restarts glue      variables
c           level conflicts size     remaining
c
c s 0.01 0.2 0.0 0 0 1 0 1.0 1.0 850 259 100%
c s 0.13 0.2 6.7 0 18 286 17 6.6 8.1 846 258 99%
c s 0.29 0.2 6.4 0 40 907 39 6.6 7.8 840 257 99%
c s 0.40 0.2 5.6 0 59 1274 26 6.0 6.8 826 253 97%
c s 0.42 0.2 5.4 0 63 1297 23 5.8 6.5 813 249 96%
c s 0.45 0.2 4.8 0 75 1436 25 5.4 5.9 807 248 95%
c - 0.64 0.2 5.4 1 102 2007 61 6.0 6.6 807 248 95%
c s 0.74 0.2 5.2 1 129 2859 82 5.9 6.3 803 247 95%
c - 0.86 0.2 4.9 2 151 4012 94 5.6 6.0 803 247 95%
c s 0.95 0.2 4.6 2 169 4755 71 5.4 5.8 798 246 95%
c s 0.95 0.2 4.6 2 169 4756 71 5.4 5.8 793 245 94%
c s 0.97 0.2 4.5 2 174 4865 60 5.3 5.7 788 244 94%
c s 1.03 0.2 4.6 2 186 5231 67 5.3 5.7 784 243 93%
c s 1.10 0.2 4.5 2 199 5470 60 5.2 5.6 763 235 90%
c - 1.25 0.2 4.5 3 224 6315 97 5.3 5.6 763 235 90%
c s 1.26 0.2 4.4 3 229 6567 80 5.2 5.5 757 234 90%
c s 1.29 0.2 4.4 3 234 6730 77 5.2 5.5 751 233 90%
c s 1.33 0.2 4.3 3 246 7021 74 5.1 5.5 747 232 89%
c s 1.34 0.2 4.3 3 248 7058 71 5.1 5.4 743 231 89%
c s 1.35 0.2 4.3 3 252 7166 68 5.1 5.4 739 230 88%
c
c   time      reduced   redundant  irredundant
c       space   restarts      glue      variables
c           level   conflicts     size    remaining
c
c s 1.41 0.2 4.2 3 265 7626 79 5.0 5.3 734 229 88%
c s 1.45 0.2 4.1 3 271 7980 70 4.9 5.2 726 226 87%
c s 1.46 0.2 4.1 3 273 7995 48 4.9 5.2 703 219 84%
c s 1.48 0.2 4.1 3 279 8101 47 4.9 5.2 691 214 82%
c s 1.51 0.2 4.0 3 290 8211 52 4.8 5.1 685 213 82%
c s 1.54 0.2 3.9 3 299 8436 61 4.8 5.0 679 212 82%
c s 1.54 0.2 3.9 3 299 8437 57 4.7 5.0 670 209 80%
c s 1.61 0.3 3.9 3 326 8848 87 4.8 5.0 665 208 80%
c - 1.61 0.3 3.9 4 330 8922 84 4.7 5.0 665 208 80%
c s 1.63 0.3 3.8 4 335 9148 83 4.7 4.9 659 207 80%
c - 1.89 0.3 4.0 5 376 11853 132 4.8 5.0 659 207 80%
c - 2.23 0.3 4.0 6 411 15067 160 4.8 5.1 659 207 80%
c s 2.27 0.3 4.0 6 415 15319 137 4.8 5.0 654 206 79%
c - 2.66 0.3 4.1 7 455 18576 178 4.8 5.1 654 206 79%
c s 2.80 0.3 4.1 7 468 19920 136 4.8 5.0 615 196 75%
c s 2.93 0.3 4.1 7 484 21032 144 4.8 5.0 610 195 75%
c - 3.22 0.3 4.1 8 504 22392 154 4.9 5.1 610 195 75%
c s 3.40 0.3 4.1 8 528 23738 167 4.8 5.1 604 194 75%
c s 3.40 0.3 4.1 8 528 23739 152 4.8 5.1 586 188 72%
c s 3.52 0.3 4.1 8 541 24490 166 4.8 5.1 581 187 72%
c
c   time      reduced     redundant  irredundant
c       space   restarts        glue      variables
c           level    conflicts      size    remaining
c
c s 3.52 0.3 4.1 8 541 24491 164 4.8 5.1 576 186 72%
c s 3.52 0.3 4.1 8 542 24526 162 4.8 5.1 568 183 70%
c s 3.56 0.3 4.0 8 549 25159 155 4.8 5.0 562 182 70%
c s 3.56 0.3 4.0 8 549 25200 156 4.8 5.0 558 181 70%
c s 3.70 0.3 4.0 8 562 25936 168 4.7 5.0 553 180 69%
c - 3.79 0.3 4.0 9 570 26499 160 4.8 5.0 553 180 69%
c s 3.85 0.3 4.0 9 586 27530 177 4.7 5.0 547 179 69%
c s 3.90 0.3 4.0 9 590 27727 178 4.7 5.0 543 178 68%
c s 3.99 0.3 4.0 9 601 28802 173 4.7 5.0 523 173 67%
c s 3.99 0.3 4.0 9 602 28842 161 4.7 5.0 519 172 66%
c s 3.99 0.3 4.0 9 602 28843 155 4.7 5.0 507 168 65%
c - 4.18 0.3 4.0 10 621 30938 161 4.7 5.0 507 166 64%
c s 4.18 0.3 4.0 10 621 30938 143 4.7 5.0 498 166 64%
c s 4.46 0.3 4.0 10 653 33888 179 4.7 5.0 493 165 63%
c s 4.48 0.3 4.0 10 655 34033 139 4.7 5.0 477 159 61%
c s 4.49 0.3 4.0 10 657 34078 129 4.7 5.0 471 158 61%
c s 4.51 0.3 3.9 10 662 34218 112 4.7 5.0 440 148 57%
c s 4.54 0.3 3.9 10 666 34668 109 4.7 5.0 434 147 57%
c s 4.55 0.3 3.9 10 672 34791 113 4.7 5.0 430 146 56%
c s 4.64 0.3 3.9 10 684 35454 47 4.7 5.0 346 114 44%
c
c   time      reduced     redundant  irredundant
c       space    restarts       glue      variables
c           level     conflicts     size    remaining
c
c s 4.64 0.3 3.9 10 684 35455 35 4.7 5.0 328 108 42%
c s 4.65 0.3 3.9 10 689 35591 37 4.7 5.0 323 107 41%
c - 4.66 0.3 3.9 11 690 35652 39 4.7 5.0 323 107 41%
c s 4.66 0.3 3.9 11 691 35669 36 4.7 5.0 318 106 41%
c s 4.67 0.3 3.9 11 693 35791 38 4.7 5.0 312 105 40%
c s 4.70 0.3 3.9 11 705 36227 53 4.7 4.9 308 104 40%
c s 4.72 0.3 3.9 11 712 36535 53 4.7 4.9 304 103 40%
c s 4.72 0.3 3.9 11 712 36536 53 4.6 4.9 298 102 39%
c s 4.74 0.3 3.9 11 717 36793 57 4.6 4.9 292 101 39%
c s 4.83 0.3 3.9 11 737 37916 77 4.7 5.0 287 100 38%
c s 4.84 0.3 3.9 11 740 38268 59 4.6 5.0 281 99 38%
c s 4.84 0.3 3.9 11 740 38269 54 4.6 5.0 275 98 38%
c s 4.86 0.3 3.9 11 745 38602 51 4.6 4.9 257 93 36%
c s 4.88 0.3 3.8 11 756 39097 59 4.6 4.9 229 85 33%
c s 4.89 0.3 3.8 11 760 39331 57 4.6 4.9 217 80 31%
c s 4.90 0.3 3.8 11 760 39430 60 4.6 4.9 211 79 30%
c s 4.91 0.3 3.8 11 765 39770 53 4.6 4.9 199 74 28%
c s 4.91 0.3 3.8 11 765 39835 54 4.6 4.9 193 73 28%
c s 4.91 0.3 3.8 11 765 39838 56 4.5 4.9 188 72 28%
c s 4.91 0.3 3.8 11 765 39843 55 4.5 4.9 184 71 27%
c
c   time      reduced     redundant  irredundant
c       space    restarts       glue     variables
c           level     conflicts     size   remaining
c
c s 4.91 0.3 3.8 11 765 39844 55 4.5 4.9 180 70 27%
c s 4.91 0.3 3.8 11 765 39845 55 4.5 4.9 176 69 27%
c s 4.91 0.3 3.8 11 765 39846 55 4.5 4.9 172 68 26%
c 0 4.91 0.3 3.8 11 765 39848 55 4.5 4.9 172 42 16%
c
s UNSATISFIABLE
c
c simplifications:            72         553  conflicts/simplification  100%
c reductions:                 11        3623  conflicts/reduction       100%
c restarts:                  765          52  conflicts/restart         100%
c conflicts:               39848        8110  conflicts/sec              96%
c decisions:                4993        1016  decisions/sec              64%
c propagations:          2580560         0.5  millions/sec               94%
c
c pure:                        0           0% of look-aheads
c look-ahead:               4993         100% of outer decisions         64%
c pruned:                    983           2% of outer conflicts          2%
c generated reducts:        5138          19% satisfiable
c average size:              123          20% of all clauses
c pruning failed:           4155          81% per reduct
c filter checks:          205134          31% of outer satisfied clauses
c average filtered:          7.5           6% per reduct
c assumed literals:       325627         1.6  per filter check
c
c collected clauses:        0.07 MB       90% of allocated clauses        1%
c allocated clauses:        0.08 MB        5% of allocated memory         1%
c maximum heap:             0.20 MB        9% of resident set size       69%
c
c looking:                  0.04 sec       1% of process time
c filtering:                2.17 sec      44% of process time
c pruning:                  4.73 sec      96% of process time
c simplifying:              0.02 sec       0% of process time
c
c resident set size:        2.18 MB
c total process time:       4.91 sec
RC=0
