c SaDiCaL SAT Solver
c Copyright (C) 2018 by Armin Biere JKU
c
c Version 00n 47bff7ef874226b4a00ebd20fedf88eb7c4a3a39
c Compiler gcc (Ubuntu 11.4.0-1ubuntu1~22.04) 11.4.0
c Options gcc -Wall -O3 -DNDEBUG -DNLOG
c proof path '/mnt/d/PvsNP/phase4/results/proofs_sadical/F4/tseitin_n80_s9.sadical.dpr'
c
c non default options:
c
c --binary=false
c --force=true
c --witness=false
c
c parsing '/mnt/d/PvsNP/phase4/instances/f4/tseitin_n80_s9.cnf'
c found 'p cnf 120 320' header
c parsed DIMACS in 0.00 seconds
c 
c
c   time      reduced redundant irredundant
c       space  restarts glue      variables
c           level conflicts size    remaining
c
c s 0.06 0.1 3.9 0 4 9 1 4.9 4.9 316 119 99%
c s 0.21 0.1 5.4 0 11 75 0 6.4 6.4 312 118 98%
c s 0.29 0.1 5.2 0 17 92 1 6.2 6.2 308 117 98%
c - 9.03 0.6 7.4 1 22 2001 1904 8.4 8.4 308 117 98%
c - 38.02 1.1 6.8 2 22 4002 2953 7.8 7.8 308 117 98%
c - 73.32 1.5 6.6 3 22 6303 3780 7.6 7.6 308 117 98%
c s 111.30 1.7 6.1 3 22 8297 0 7.1 7.1 304 116 97%
c s 111.32 1.7 6.1 3 23 8321 0 7.1 7.1 300 115 96%
c s 111.42 1.7 6.1 3 25 8432 0 7.1 7.1 294 113 94%
c s 111.58 1.7 6.0 3 27 8650 0 7.0 7.0 290 112 93%
c s 111.63 1.7 6.0 3 33 8693 1 7.0 7.0 286 111 92%
c - 111.75 1.7 6.1 4 35 8905 78 7.1 7.1 286 111 92%
c - 115.13 1.7 6.3 5 35 11807 1200 7.3 7.3 286 111 92%
c - 148.70 1.8 6.4 6 41 15008 3801 7.4 7.4 286 111 92%
c - 230.03 2.3 6.3 7 41 18509 5408 7.3 7.3 286 111 92%
c s 235.46 2.3 6.2 7 41 18762 0 7.2 7.2 278 108 90%
c s 235.53 2.3 6.2 7 43 18914 0 7.2 7.2 274 107 89%
c s 235.59 2.3 6.2 7 44 19044 0 7.2 7.2 268 105 88%
c s 235.88 2.3 6.2 7 46 19450 0 7.2 7.2 262 103 86%
c s 235.94 2.3 6.2 7 48 19568 0 7.2 7.2 256 101 84%
c
c     time      reduced   redundant irredundant
c         space   restarts     glue     variables
c             level   conflicts    size   remaining
c
c s 236.02 2.3 6.1 7 51 19656 0 7.1 7.1 250 99 82%
c s 236.04 2.3 6.1 7 52 19662 0 7.1 7.1 246 98 82%
c s 236.13 2.3 6.1 7 58 19831 2 7.1 7.1 242 97 81%
c s 236.16 2.3 6.1 7 59 19838 0 7.1 7.1 234 94 78%
c s 236.23 2.3 6.1 7 61 20005 0 7.1 7.1 222 89 74%
c s 236.25 2.3 6.1 7 63 20029 0 7.1 7.1 216 87 72%
c s 236.64 2.3 6.1 7 68 20793 0 7.1 7.1 208 84 70%
c s 236.88 2.3 6.1 7 70 21104 1 7.1 7.1 204 83 69%
c s 236.90 2.3 6.1 7 72 21163 0 7.1 7.1 200 82 68%
c s 236.93 2.3 6.1 7 74 21280 0 7.1 7.1 196 81 68%
c s 237.04 2.3 6.1 7 76 21531 0 7.1 7.1 192 80 67%
c s 237.07 2.3 6.1 7 87 21646 17 7.1 7.1 188 79 66%
c s 237.08 2.3 6.1 7 89 21705 16 7.1 7.1 180 76 63%
c s 237.10 2.3 6.1 7 92 21817 16 7.1 7.1 168 71 59%
c s 237.12 2.3 6.1 7 94 21942 16 7.1 7.1 160 68 57%
c s 237.14 2.3 6.1 7 96 22072 17 7.1 7.1 154 66 55%
c s 237.17 2.3 6.1 7 99 22181 16 7.1 7.1 146 63 52%
c - 237.18 2.3 6.1 8 104 22315 26 7.1 7.1 146 63 52%
c s 237.20 2.3 6.0 8 104 22420 20 7.0 7.0 142 62 52%
c s 237.29 2.3 6.0 8 116 23826 52 7.0 7.0 136 60 50%
c
c     time      reduced    redundant  irredundant
c         space   restarts       glue     variables
c             level    conflicts     size   remaining
c
c s 237.30 2.3 6.0 8 118 23978 53 7.0 7.0 130 58 48%
c s 237.36 2.3 6.0 8 126 26344 45 7.0 7.0 114 51 42%
c - 237.36 2.3 6.0 9 127 26440 47 7.0 7.0 114 51 42%
c s 237.38 2.3 6.0 9 137 27309 46 7.0 7.0 104 47 39%
c s 237.39 2.3 6.0 9 142 27822 1 7.0 7.0 88 41 34%
c s 237.40 2.3 6.0 9 144 27858 1 7.0 7.0 70 33 28%
c s 237.40 2.3 6.0 9 145 27876 1 7.0 7.0 56 27 22%
c s 237.40 2.3 6.0 9 145 27881 0 7.0 7.0 26 13 11%
c 0 237.40 2.3 6.0 9 145 27883 0 7.0 7.0 26 0 0%
c
s UNSATISFIABLE
c
c simplifications:            39         715  conflicts/simplification  100%
c reductions:                  9        3098  conflicts/reduction       100%
c restarts:                  145         192  conflicts/restart         100%
c conflicts:               27883         117  conflicts/sec              54%
c decisions:               19936          84  decisions/sec              51%
c propagations:          3619624         0.0  millions/sec               75%
c
c pure:                        0           0% of look-aheads
c look-ahead:              19936         100% of outer decisions         51%
c pruned:                  18339          66% of outer conflicts         36%
c generated reducts:       38090          48% satisfiable
c average size:             1585          89% of all clauses
c pruning failed:          19751          52% per reduct
c filter checks:         1044362           2% of outer satisfied clauses
c average filtered:          0.3           0% per reduct
c assumed literals:      2347999         2.2  per filter check
c
c collected clauses:        0.94 MB      100% of allocated clauses        0%
c allocated clauses:        0.94 MB        8% of allocated memory         0%
c maximum heap:             1.38 MB       31% of resident set size       59%
c
c looking:                  0.16 sec       0% of process time
c filtering:               10.79 sec       5% of process time
c pruning:                236.08 sec      99% of process time
c simplifying:              0.10 sec       0% of process time
c
c resident set size:        4.46 MB
c total process time:     237.40 sec
RC=0
