c SaDiCaL SAT Solver
c Copyright (C) 2018 by Armin Biere JKU
c
c Version 00n 47bff7ef874226b4a00ebd20fedf88eb7c4a3a39
c Compiler gcc (Ubuntu 11.4.0-1ubuntu1~22.04) 11.4.0
c Options gcc -Wall -O3 -DNDEBUG -DNLOG
c proof path '/mnt/d/PvsNP/phase4/results/proofs_sadical/F4/tseitin_n100_s6.sadical.dpr'
c
c non default options:
c
c --binary=false
c --force=true
c --witness=false
c
c parsing '/mnt/d/PvsNP/phase4/instances/f4/tseitin_n100_s6.cnf'
c found 'p cnf 150 400' header
c parsed DIMACS in 0.00 seconds
c 
c
c   time      reduced redundant irredundant
c       space  restarts glue      variables
c           level conflicts size    remaining
c
c s 0.09 0.1 6.8 0 1 6 0 7.8 7.8 396 149 99%
c s 0.20 0.1 4.5 0 3 25 0 5.5 5.5 392 148 99%
c s 0.46 0.2 3.9 0 5 602 0 4.9 4.9 386 146 97%
c s 0.62 0.2 3.8 0 6 824 0 4.8 4.8 382 145 97%
c s 1.20 0.2 4.3 0 8 1725 0 5.3 5.3 378 144 96%
c s 1.30 0.2 4.3 0 24 1760 1 5.3 5.3 374 143 95%
c s 1.33 0.2 4.3 0 25 1776 1 5.3 5.3 368 141 94%
c - 1.54 0.2 5.3 1 27 2002 129 6.3 6.3 368 141 94%
c - 3.17 0.4 6.7 2 27 4004 894 7.7 7.7 368 141 94%
c - 23.66 1.0 6.9 3 27 6305 2748 7.9 7.9 368 141 94%
c - 69.63 1.6 6.7 4 27 8906 3976 7.7 7.7 368 141 94%
c s 121.88 1.8 6.2 4 27 11241 0 7.2 7.2 362 139 93%
c s 121.96 1.8 6.2 4 29 11305 0 7.2 7.2 358 138 92%
c s 122.03 1.8 6.2 4 32 11328 1 7.2 7.2 354 137 91%
c s 122.11 1.8 6.2 4 38 11382 2 7.2 7.2 350 136 91%
c s 122.25 1.8 6.2 4 49 11619 3 7.2 7.2 344 134 89%
c - 122.32 1.8 6.2 5 54 11810 41 7.2 7.2 344 134 89%
c s 122.36 1.8 6.2 5 57 11982 3 7.2 7.2 340 133 89%
c s 122.64 1.8 6.1 5 65 12570 1 7.1 7.1 336 132 88%
c s 122.69 1.8 6.1 5 67 12598 1 7.1 7.1 332 131 87%
c
c     time      reduced   redundant irredundant
c         space   restarts     glue      variables
c             level   conflicts    size    remaining
c
c s 123.36 1.8 6.0 5 68 13367 1 7.0 7.0 328 130 87%
c s 123.99 1.8 5.9 5 69 14646 0 6.9 6.9 322 128 85%
c - 124.32 1.8 6.0 6 71 15011 246 7.0 7.0 322 128 85%
c s 129.84 1.8 5.8 6 71 17719 0 6.8 6.8 314 125 83%
c s 129.92 1.8 5.8 6 75 17759 1 6.8 6.8 310 124 83%
c s 130.00 1.8 5.8 6 81 17837 1 6.8 6.8 306 123 82%
c s 130.09 1.8 5.8 6 83 17997 0 6.8 6.8 294 118 79%
c s 130.12 1.8 5.8 6 85 18004 0 6.8 6.8 290 117 78%
c s 130.15 1.8 5.8 6 87 18029 0 6.8 6.8 284 115 77%
c - 130.55 1.8 5.9 7 88 18513 324 6.8 6.8 284 115 77%
c s 135.59 1.8 5.7 7 88 21101 0 6.7 6.7 280 114 76%
c s 135.72 1.8 5.7 7 90 21232 1 6.7 6.7 270 110 73%
c s 135.83 1.8 5.7 7 92 21582 0 6.7 6.7 266 109 73%
c - 136.29 1.8 5.6 8 93 22314 395 6.6 6.6 266 109 73%
c s 136.46 1.8 5.6 8 93 22536 0 6.6 6.6 258 106 71%
c s 136.57 1.8 5.6 8 94 22728 0 6.6 6.6 252 104 69%
c s 136.60 1.8 5.6 8 95 22761 0 6.5 6.5 246 102 68%
c s 136.65 1.8 5.5 8 96 22857 0 6.5 6.5 236 98 65%
c s 136.68 1.8 5.5 8 97 22911 0 6.5 6.5 228 95 63%
c s 136.70 1.8 5.5 8 99 22930 0 6.5 6.5 212 88 59%
c
c     time      reduced    redundant irredundant
c         space   restarts      glue     variables
c             level    conflicts    size   remaining
c
c s 136.98 1.8 5.5 8 101 23343 1 6.5 6.5 206 86 57%
c s 137.01 1.8 5.5 8 103 23431 2 6.5 6.5 202 85 57%
c s 137.02 1.8 5.5 8 104 23465 1 6.5 6.5 198 84 56%
c s 137.08 1.8 5.4 8 106 23637 2 6.4 6.4 194 83 55%
c s 137.10 1.8 5.4 8 108 23698 3 6.4 6.4 188 81 54%
c s 137.10 1.8 5.4 8 109 23712 2 6.4 6.4 182 79 53%
c s 137.14 1.8 5.4 8 112 23858 2 6.4 6.4 178 78 52%
c s 137.17 1.8 5.4 8 114 23970 2 6.4 6.4 172 76 51%
c s 137.18 1.8 5.4 8 116 24013 3 6.4 6.4 168 75 50%
c s 137.24 1.8 5.4 8 118 24215 2 6.4 6.4 162 73 49%
c s 137.26 1.8 5.4 8 121 24304 3 6.4 6.4 158 72 48%
c s 137.28 1.8 5.4 8 129 24376 7 6.4 6.4 152 70 47%
c s 137.28 1.8 5.4 8 130 24397 5 6.4 6.4 148 69 46%
c s 137.30 1.8 5.4 8 136 24608 4 6.4 6.4 136 64 43%
c s 137.31 1.8 5.4 8 143 24702 1 6.4 6.4 104 49 33%
c s 137.31 1.8 5.4 8 145 24738 0 6.4 6.4 82 39 26%
c s 137.31 1.8 5.4 8 145 24756 0 6.4 6.4 50 24 16%
c s 137.31 1.8 5.4 8 145 24761 0 6.4 6.4 12 6 4%
c 0 137.31 1.8 5.4 8 145 24763 0 6.4 6.4 12 0 0%
c
s UNSATISFIABLE
c
c simplifications:            50         495  conflicts/simplification  100%
c reductions:                  8        3095  conflicts/reduction       100%
c restarts:                  145         171  conflicts/restart         100%
c conflicts:               24763         180  conflicts/sec              58%
c decisions:               18361         134  decisions/sec              52%
c propagations:          3067704         0.0  millions/sec               74%
c
c pure:                        0           0% of look-aheads
c look-ahead:              18361         100% of outer decisions         52%
c pruned:                  16551          67% of outer conflicts         39%
c generated reducts:       34716          48% satisfiable
c average size:             1017          80% of all clauses
c pruning failed:          18165          52% per reduct
c filter checks:          842888           2% of outer satisfied clauses
c average filtered:          0.2           0% per reduct
c assumed literals:      1963854         2.3  per filter check
c
c collected clauses:        0.81 MB      100% of allocated clauses        0%
c allocated clauses:        0.81 MB        6% of allocated memory         0%
c maximum heap:             1.01 MB       25% of resident set size       56%
c
c looking:                  0.14 sec       0% of process time
c filtering:                6.91 sec       5% of process time
c pruning:                136.41 sec      99% of process time
c simplifying:              0.14 sec       0% of process time
c
c resident set size:        3.98 MB
c total process time:     137.31 sec
RC=0
