c SaDiCaL SAT Solver
c Copyright (C) 2018 by Armin Biere JKU
c
c Version 00n 47bff7ef874226b4a00ebd20fedf88eb7c4a3a39
c Compiler gcc (Ubuntu 11.4.0-1ubuntu1~22.04) 11.4.0
c Options gcc -Wall -O3 -DNDEBUG -DNLOG
c proof path '/mnt/d/PvsNP/phase4/results/proofs_sadical/F4/tseitin_n20_s3.sadical.dpr'
c
c non default options:
c
c --binary=false
c --force=true
c --witness=false
c
c parsing '/mnt/d/PvsNP/phase4/instances/f4/tseitin_n20_s3.cnf'
c found 'p cnf 30 80' header
c parsed DIMACS in 0.00 seconds
c 
c
c   time      reduced redundant irredundant
c       space  restarts  glue    variables
c           level conflicts  size  remaining
c
c s 0.01 0.0 2.2 0 2 45 0 3.2 3.2 76 29 97%
c s 0.02 0.0 2.3 0 5 89 2 3.3 3.3 72 28 93%
c s 0.03 0.0 2.5 0 9 147 2 3.5 3.5 66 26 87%
c s 0.03 0.0 2.4 0 13 201 2 3.4 3.4 62 25 83%
c s 0.03 0.0 2.3 0 16 253 2 3.3 3.3 58 24 80%
c s 0.04 0.0 2.3 0 18 294 3 3.3 3.3 50 21 70%
c s 0.04 0.0 2.2 0 20 335 3 3.2 3.3 46 20 67%
c s 0.04 0.0 2.2 0 22 390 3 3.2 3.2 42 19 63%
c s 0.04 0.0 2.1 0 22 403 0 3.1 3.1 34 16 53%
c s 0.04 0.0 2.1 0 23 408 0 3.1 3.1 18 9 30%
c 0 0.04 0.0 2.1 0 23 410 0 3.1 3.1 18 0 0%
c
s UNSATISFIABLE
c
c simplifications:            10          41  conflicts/simplification  100%
c reductions:                  0           0  conflicts/reduction       100%
c restarts:                   23          18  conflicts/restart         100%
c conflicts:                 410       10270  conflicts/sec              90%
c decisions:                 177        4433  decisions/sec              56%
c propagations:            10212         0.3  millions/sec               86%
c
c pure:                        0           0% of look-aheads
c look-ahead:                177         100% of outer decisions         56%
c pruned:                     78          19% of outer conflicts         17%
c generated reducts:         221          35% satisfiable
c average size:               20          35% of all clauses
c pruning failed:            143          65% per reduct
c filter checks:            1899          41% of outer satisfied clauses
c average filtered:          1.5           7% per reduct
c assumed literals:         4074         2.1  per filter check
c
c collected clauses:        0.00 MB       90% of allocated clauses        6%
c allocated clauses:        0.01 MB       12% of allocated memory         7%
c maximum heap:             0.02 MB        2% of resident set size       62%
c
c looking:                  0.00 sec       3% of process time
c filtering:                0.01 sec      25% of process time
c pruning:                  0.03 sec      70% of process time
c simplifying:              0.00 sec       3% of process time
c
c resident set size:        1.01 MB
c total process time:       0.04 sec
RC=0
