c SaDiCaL SAT Solver
c Copyright (C) 2018 by Armin Biere JKU
c
c Version 00n 47bff7ef874226b4a00ebd20fedf88eb7c4a3a39
c Compiler gcc (Ubuntu 11.4.0-1ubuntu1~22.04) 11.4.0
c Options gcc -Wall -O3 -DNDEBUG -DNLOG
c proof path '/mnt/d/PvsNP/phase4/results/proofs_sadical/F4/tseitin_n100_s7.sadical.dpr'
c
c non default options:
c
c --binary=false
c --force=true
c --witness=false
c
c parsing '/mnt/d/PvsNP/phase4/instances/f4/tseitin_n100_s7.cnf'
c found 'p cnf 150 400' header
c parsed DIMACS in 0.00 seconds
c 
c
c   time      reduced redundant irredundant
c       space  restarts   glue      variables
c           level conflicts   size    remaining
c
c s 0.15 0.1 3.2 0 1 129 0 4.2 4.2 396 149 99%
c s 0.23 0.1 3.5 0 3 135 0 4.5 4.5 392 148 99%
c s 0.50 0.2 3.9 0 5 521 0 4.9 4.9 388 147 98%
c s 0.76 0.2 4.0 0 6 778 0 5.0 5.0 384 146 97%
c s 0.84 0.2 4.0 0 7 832 0 5.0 5.0 380 145 97%
c - 2.91 0.4 5.6 1 8 2001 1169 6.6 6.6 380 145 97%
c s 7.25 0.7 5.3 1 8 2881 0 6.3 6.3 376 144 96%
c s 7.34 0.7 5.2 1 9 2977 0 6.2 6.2 372 143 95%
c s 7.39 0.7 5.2 1 10 2983 0 6.2 6.2 368 142 95%
c s 7.54 0.7 5.1 1 11 3175 0 6.1 6.1 362 140 93%
c s 7.80 0.7 5.0 1 12 3432 0 6.0 6.0 358 139 93%
c - 8.46 0.7 6.3 2 23 4002 378 7.3 7.3 358 139 93%
c - 15.94 0.9 8.3 3 222 6303 1723 9.3 9.3 358 139 93%
c - 55.86 1.7 9.4 4 445 8904 3463 10.4 10.4 358 139 93%
c - 131.32 2.3 9.7 5 493 11805 4633 10.7 10.7 358 139 93%
c - 231.55 2.7 9.8 6 493 15006 5518 10.8 10.8 358 139 93%
c - 359.04 3.2 9.7 7 493 18507 6261 10.7 10.7 358 139 93%
c - 511.20 3.8 9.7 8 493 22308 6932 10.7 10.7 358 139 93%
c - 699.84 4.0 9.6 9 493 26409 7568 10.6 10.6 358 139 93%
c - 892.38 4.3 9.5 10 493 30810 8186 10.5 10.5 358 139 93%
c
c      time      reduced      redundant     irredundant
c          space    restarts          glue       variables
c              level     conflicts         size    remaining
c
c - 1116.00 4.4 9.3 11 493 35511 8795 10.3 10.3 358 139 93%
c - 1391.97 4.9 9.3 12 493 40512 9399 10.3 10.3 358 139 93%
c - 1751.91 5.2 9.3 13 493 45813 10001 10.3 10.3 358 139 93%
c - 2134.81 5.3 9.2 14 493 51414 10603 10.2 10.2 358 139 93%
c 
c CAUGHT SIGNAL 15 SIGTERM
c
c simplifications:            10        5262  conflicts/simplification  100%
c reductions:                 14        3758  conflicts/reduction       100%
c restarts:                  493         107  conflicts/restart         100%
c conflicts:               52619          24  conflicts/sec              46%
c decisions:               57190          26  decisions/sec              53%
c propagations:         10065879         0.0  millions/sec               69%
c
c pure:                        0           0% of look-aheads
c look-ahead:              57190         100% of outer decisions         53%
c pruned:                  51416          98% of outer conflicts         45%
c generated reducts:      108103          48% satisfiable
c average size:             4155          95% of all clauses
c pruning failed:          56686          52% per reduct
c filter checks:         3562029           1% of outer satisfied clauses
c average filtered:          0.0           0% per reduct
c assumed literals:      7252629         2.0  per filter check
c
c collected clauses:        2.50 MB       79% of allocated clauses        0%
c allocated clauses:        3.17 MB        6% of allocated memory         0%
c maximum heap:             3.13 MB       41% of resident set size       59%
c
c looking:                  0.45 sec       0% of process time
c filtering:               36.31 sec       2% of process time
c pruning:               2200.43 sec     100% of process time
c simplifying:              0.03 sec       0% of process time
c
c resident set size:        7.57 MB
c total process time:    2205.07 sec
c 
c RERAISING SIGNAL 15 SIGTERM
RC=0
