c mode plain
c vars 1640 clauses 32841
c prunes_as_conflicts 0
c stat conflicts 1862016
c stat decisions 5569073
c stat propagations 44934515
c stat restarts 3580
c stat reductions 931
c stat learnt_clauses 1862016
c stat removed_clauses 1859978
c stat reduct_checks 0
c stat reduct_sat 0
c stat reduct_unsat 0
c stat reduct_limit 0
c stat inner_conflicts 0
c stat inner_decisions 0
c stat inner_propagations 0
c stat pr_learnt 0
c stat pr_lits 0
c stat filter_tests 0
c stat filtered_clauses 0
c stat reduct_clauses 0
c stat reduct_lits 0
c stat filter_propagations 0
c stat max_reduct_vars 0
c stat cost 1862016
c stat time_reduct_build 0.000
c stat time_inner 0.000
c stat time_total 3601.882
s UNKNOWN
