c mode plain
c vars 110 clauses 561
c prunes_as_conflicts 0
c stat conflicts 8168962
c stat decisions 9757519
c stat propagations 108954293
c stat restarts 13178
c stat reductions 4084
c stat learnt_clauses 8168961
c stat removed_clauses 8165939
c stat reduct_checks 0
c stat reduct_sat 0
c stat reduct_unsat 0
c stat reduct_limit 0
c stat inner_conflicts 0
c stat inner_decisions 0
c stat inner_propagations 0
c stat pr_learnt 0
c stat pr_lits 0
c stat filter_tests 0
c stat filtered_clauses 0
c stat reduct_clauses 0
c stat reduct_lits 0
c stat filter_propagations 0
c stat max_reduct_vars 0
c stat cost 8168962
c stat time_reduct_build 0.000
c stat time_inner 0.000
c stat time_total 2953.208
s UNSATISFIABLE
