c mode plain
c vars 2672 clauses 16408
c prunes_as_conflicts 0
c stat conflicts 6638976
c stat decisions 10422319
c stat propagations 1171061316
c stat restarts 10738
c stat reductions 3319
c stat learnt_clauses 6638976
c stat removed_clauses 6619690
c stat reduct_checks 0
c stat reduct_sat 0
c stat reduct_unsat 0
c stat reduct_limit 0
c stat inner_conflicts 0
c stat inner_decisions 0
c stat inner_propagations 0
c stat pr_learnt 0
c stat pr_lits 0
c stat filter_tests 0
c stat filtered_clauses 0
c stat reduct_clauses 0
c stat reduct_lits 0
c stat filter_propagations 0
c stat max_reduct_vars 0
c stat cost 6638976
c stat time_reduct_build 0.000
c stat time_inner 0.000
c stat time_total 3600.116
s UNKNOWN
