c mode plain
c vars 45 clauses 376
c prunes_as_conflicts 0
c stat conflicts 3471978
c stat decisions 5270157
c stat propagations 20709616
c stat restarts 6140
c stat reductions 1735
c stat learnt_clauses 3471977
c stat removed_clauses 3467202
c stat reduct_checks 0
c stat reduct_sat 0
c stat reduct_unsat 0
c stat reduct_limit 0
c stat inner_conflicts 0
c stat inner_decisions 0
c stat inner_propagations 0
c stat pr_learnt 0
c stat pr_lits 0
c stat filter_tests 0
c stat filtered_clauses 0
c stat reduct_clauses 0
c stat reduct_lits 0
c stat filter_propagations 0
c stat max_reduct_vars 0
c stat cost 3471978
c stat time_reduct_build 0.000
c stat time_inner 0.000
c stat time_total 391.782
s UNSATISFIABLE
