c mode sdcl
c vars 75 clauses 320
c prunes_as_conflicts 0
c stat conflicts 91
c stat decisions 171
c stat propagations 2145
c stat restarts 0
c stat reductions 0
c stat learnt_clauses 153
c stat removed_clauses 0
c stat reduct_checks 231
c stat reduct_sat 62
c stat reduct_unsat 169
c stat reduct_limit 0
c stat inner_conflicts 469
c stat inner_decisions 498
c stat inner_propagations 9322
c stat pr_learnt 62
c stat pr_lits 416
c stat filter_tests 25753
c stat filtered_clauses 15507
c stat reduct_clauses 26379
c stat reduct_lits 85020
c stat filter_propagations 258560
c stat max_reduct_vars 74
c stat cost 791
c stat time_reduct_build 0.196
c stat time_inner 0.065
c stat time_total 0.283
s SATISFIABLE
v 1 2 3 4 5 -6 7 -8 -9 10 -11 -12 13 14 15 16 -17 -18 19 20 -21 22 23 -24 25 -26 27 28 -29 30 -31 32 33 34 -35 36 -37 38 -39 -40 41 42 43 44 45 -46 -47 -48 -49 -50 -51 52 53 54 -55 56 57 -58 -59 60 -61 62 -63 -64 -65 -66 -67 -68 -69 -70 -71 72 -73 74 75 0
