c mode sdcl
c vars 50 clauses 213
c prunes_as_conflicts 0
c stat conflicts 19
c stat decisions 29
c stat propagations 312
c stat restarts 0
c stat reductions 0
c stat learnt_clauses 26
c stat removed_clauses 0
c stat reduct_checks 32
c stat reduct_sat 8
c stat reduct_unsat 24
c stat reduct_limit 0
c stat inner_conflicts 28
c stat inner_decisions 33
c stat inner_propagations 200
c stat pr_learnt 8
c stat pr_lits 31
c stat filter_tests 1331
c stat filtered_clauses 804
c stat reduct_clauses 886
c stat reduct_lits 1868
c stat filter_propagations 9730
c stat max_reduct_vars 21
c stat cost 79
c stat time_reduct_build 0.006
c stat time_inner 0.002
c stat time_total 0.011
s UNSATISFIABLE
