c mode sdcl
c vars 50 clauses 213
c prunes_as_conflicts 0
c stat conflicts 5
c stat decisions 23
c stat propagations 122
c stat restarts 0
c stat reductions 0
c stat learnt_clauses 11
c stat removed_clauses 0
c stat reduct_checks 28
c stat reduct_sat 6
c stat reduct_unsat 22
c stat reduct_limit 0
c stat inner_conflicts 45
c stat inner_decisions 57
c stat inner_propagations 926
c stat pr_learnt 6
c stat pr_lits 39
c stat filter_tests 1070
c stat filtered_clauses 482
c stat reduct_clauses 3337
c stat reduct_lits 9457
c stat filter_propagations 7644
c stat max_reduct_vars 49
c stat cost 78
c stat time_reduct_build 0.005
c stat time_inner 0.007
c stat time_total 0.015
s SATISFIABLE
v -1 2 3 4 5 -6 7 8 9 10 -11 -12 -13 14 15 16 -17 18 19 -20 -21 22 -23 -24 -25 -26 27 -28 29 30 31 -32 33 34 35 36 -37 -38 -39 40 -41 -42 43 -44 -45 46 47 -48 49 -50 0
