c mode sdcl
c vars 100 clauses 426
c prunes_as_conflicts 0
c stat conflicts 500
c stat decisions 835
c stat propagations 14399
c stat restarts 3
c stat reductions 0
c stat learnt_clauses 754
c stat removed_clauses 0
c stat reduct_checks 1083
c stat reduct_sat 254
c stat reduct_unsat 828
c stat reduct_limit 1
c stat inner_conflicts 3179
c stat inner_decisions 3760
c stat inner_propagations 101784
c stat pr_learnt 254
c stat pr_lits 1916
c stat filter_tests 258389
c stat filtered_clauses 182610
c stat reduct_clauses 453627
c stat reduct_lits 2047730
c stat filter_propagations 3249438
c stat max_reduct_vars 99
c stat cost 4762
c stat time_reduct_build 2.076
c stat time_inner 1.021
c stat time_total 3.450
s SATISFIABLE
v -1 2 -3 4 5 -6 -7 -8 9 -10 -11 -12 -13 14 15 -16 17 -18 -19 20 -21 22 23 24 -25 -26 27 -28 29 30 31 32 33 34 -35 36 -37 -38 39 40 41 42 43 -44 45 -46 47 -48 49 -50 -51 52 53 -54 -55 56 57 58 59 -60 -61 62 -63 64 65 -66 -67 68 69 70 -71 -72 -73 -74 -75 76 77 -78 79 -80 -81 82 -83 -84 -85 86 -87 -88 89 90 -91 -92 -93 94 95 96 -97 98 -99 -100 0
