c mode sdcl
c vars 100 clauses 426
c prunes_as_conflicts 0
c stat conflicts 266
c stat decisions 383
c stat propagations 7600
c stat restarts 2
c stat reductions 0
c stat learnt_clauses 340
c stat removed_clauses 0
c stat reduct_checks 450
c stat reduct_sat 74
c stat reduct_unsat 376
c stat reduct_limit 0
c stat inner_conflicts 622
c stat inner_decisions 439
c stat inner_propagations 13731
c stat pr_learnt 74
c stat pr_lits 544
c stat filter_tests 88214
c stat filtered_clauses 60047
c stat reduct_clauses 64799
c stat reduct_lits 201078
c stat filter_propagations 1116097
c stat max_reduct_vars 99
c stat cost 1338
c stat time_reduct_build 0.814
c stat time_inner 0.226
c stat time_total 1.182
s SATISFIABLE
v -1 -2 -3 4 -5 6 -7 -8 -9 10 11 -12 -13 -14 15 16 -17 18 -19 20 21 22 -23 -24 -25 26 -27 28 -29 30 31 32 33 34 35 -36 -37 38 -39 -40 41 -42 43 -44 -45 -46 47 -48 -49 -50 51 52 -53 54 -55 56 -57 58 -59 -60 -61 -62 63 64 65 -66 67 68 -69 70 71 72 -73 74 -75 -76 77 -78 -79 80 81 82 83 -84 -85 -86 -87 -88 89 -90 -91 92 93 94 95 96 97 98 -99 100 0
