c mode sdcl
c vars 75 clauses 320
c prunes_as_conflicts 0
c stat conflicts 75
c stat decisions 211
c stat propagations 1930
c stat restarts 0
c stat reductions 0
c stat learnt_clauses 185
c stat removed_clauses 0
c stat reduct_checks 319
c stat reduct_sat 110
c stat reduct_unsat 209
c stat reduct_limit 0
c stat inner_conflicts 1230
c stat inner_decisions 1750
c stat inner_propagations 32517
c stat pr_learnt 110
c stat pr_lits 1157
c stat filter_tests 17233
c stat filtered_clauses 6996
c stat reduct_clauses 95897
c stat reduct_lits 378198
c stat filter_propagations 130720
c stat max_reduct_vars 74
c stat cost 1624
c stat time_reduct_build 0.236
c stat time_inner 0.554
c stat time_total 0.855
s SATISFIABLE
v 1 -2 -3 4 5 6 7 -8 9 -10 -11 12 -13 14 -15 16 -17 18 19 -20 -21 22 23 -24 25 -26 27 28 29 -30 -31 32 -33 -34 35 36 -37 -38 -39 -40 -41 42 43 44 45 -46 47 48 49 -50 51 52 -53 54 -55 -56 57 -58 -59 -60 -61 62 63 -64 65 -66 67 -68 69 70 -71 72 -73 74 75 0
