c mode sdcl
c vars 75 clauses 320
c prunes_as_conflicts 0
c stat conflicts 74
c stat decisions 134
c stat propagations 1564
c stat restarts 0
c stat reductions 0
c stat learnt_clauses 117
c stat removed_clauses 0
c stat reduct_checks 175
c stat reduct_sat 43
c stat reduct_unsat 132
c stat reduct_limit 0
c stat inner_conflicts 773
c stat inner_decisions 860
c stat inner_propagations 16727
c stat pr_learnt 43
c stat pr_lits 258
c stat filter_tests 11708
c stat filtered_clauses 5915
c stat reduct_clauses 31836
c stat reduct_lits 100921
c stat filter_propagations 101018
c stat max_reduct_vars 74
c stat cost 1022
c stat time_reduct_build 0.171
c stat time_inner 0.168
c stat time_total 0.447
s SATISFIABLE
v 1 -2 3 -4 -5 6 -7 8 9 10 11 12 -13 14 15 16 -17 -18 -19 -20 -21 -22 -23 24 25 -26 27 -28 -29 30 31 32 33 -34 35 36 37 -38 39 -40 -41 -42 43 44 45 -46 -47 -48 -49 -50 -51 52 -53 54 -55 56 57 58 -59 60 61 -62 -63 -64 65 -66 67 -68 69 -70 71 -72 73 74 -75 0
