c mode sdcl
c vars 75 clauses 320
c prunes_as_conflicts 0
c stat conflicts 28
c stat decisions 64
c stat propagations 831
c stat restarts 0
c stat reductions 0
c stat learnt_clauses 52
c stat removed_clauses 0
c stat reduct_checks 87
c stat reduct_sat 24
c stat reduct_unsat 61
c stat reduct_limit 2
c stat inner_conflicts 340
c stat inner_decisions 374
c stat inner_propagations 6563
c stat pr_learnt 24
c stat pr_lits 151
c stat filter_tests 6915
c stat filtered_clauses 3550
c stat reduct_clauses 7115
c stat reduct_lits 20294
c stat filter_propagations 68844
c stat max_reduct_vars 74
c stat cost 455
c stat time_reduct_build 0.085
c stat time_inner 0.071
c stat time_total 0.164
s SATISFIABLE
v -1 -2 -3 -4 -5 -6 -7 8 9 -10 11 12 -13 14 -15 16 17 -18 -19 -20 21 22 -23 -24 -25 -26 -27 28 -29 -30 -31 32 33 34 -35 36 37 -38 -39 40 41 42 -43 44 -45 -46 47 -48 49 -50 -51 52 53 -54 -55 -56 -57 58 -59 -60 61 62 63 -64 65 66 67 -68 69 70 71 72 -73 74 -75 0
