c mode sdcl
c vars 50 clauses 213
c prunes_as_conflicts 0
c stat conflicts 47
c stat decisions 95
c stat propagations 1040
c stat restarts 0
c stat reductions 0
c stat learnt_clauses 83
c stat removed_clauses 0
c stat reduct_checks 124
c stat reduct_sat 36
c stat reduct_unsat 88
c stat reduct_limit 0
c stat inner_conflicts 170
c stat inner_decisions 174
c stat inner_propagations 2824
c stat pr_learnt 36
c stat pr_lits 164
c stat filter_tests 7376
c stat filtered_clauses 4471
c stat reduct_clauses 13315
c stat reduct_lits 38175
c stat filter_propagations 59626
c stat max_reduct_vars 49
c stat cost 341
c stat time_reduct_build 0.180
c stat time_inner 0.031
c stat time_total 0.222
s SATISFIABLE
v 1 -2 -3 4 -5 6 7 -8 -9 10 11 -12 -13 -14 -15 16 -17 -18 19 -20 -21 -22 23 24 25 26 27 28 29 30 -31 32 -33 34 -35 -36 37 -38 -39 -40 41 -42 -43 44 45 -46 47 -48 49 50 0
