c mode sdcl
c vars 50 clauses 213
c prunes_as_conflicts 0
c stat conflicts 16
c stat decisions 52
c stat propagations 361
c stat restarts 0
c stat reductions 0
c stat learnt_clauses 47
c stat removed_clauses 0
c stat reduct_checks 81
c stat reduct_sat 31
c stat reduct_unsat 50
c stat reduct_limit 0
c stat inner_conflicts 276
c stat inner_decisions 403
c stat inner_propagations 4905
c stat pr_learnt 31
c stat pr_lits 155
c stat filter_tests 2669
c stat filtered_clauses 1294
c stat reduct_clauses 12368
c stat reduct_lits 37508
c stat filter_propagations 14640
c stat max_reduct_vars 49
c stat cost 373
c stat time_reduct_build 0.015
c stat time_inner 0.157
c stat time_total 0.183
s SATISFIABLE
v 1 -2 -3 -4 -5 6 -7 8 9 10 -11 -12 -13 14 -15 -16 17 -18 19 20 21 -22 -23 -24 -25 -26 27 -28 29 30 -31 -32 33 34 35 -36 37 38 -39 40 41 42 -43 44 -45 46 47 48 -49 50 0
