c mode sdcl
c vars 100 clauses 426
c prunes_as_conflicts 0
c stat conflicts 425
c stat decisions 556
c stat propagations 10859
c stat restarts 3
c stat reductions 0
c stat learnt_clauses 496
c stat removed_clauses 0
c stat reduct_checks 619
c stat reduct_sat 72
c stat reduct_unsat 547
c stat reduct_limit 0
c stat inner_conflicts 555
c stat inner_decisions 139
c stat inner_propagations 6691
c stat pr_learnt 72
c stat pr_lits 450
c stat filter_tests 154666
c stat filtered_clauses 114227
c stat reduct_clauses 87657
c stat reduct_lits 261916
c stat filter_propagations 1909239
c stat max_reduct_vars 43
c stat cost 1599
c stat time_reduct_build 1.536
c stat time_inner 0.255
c stat time_total 1.971
s UNSATISFIABLE
