c mode sdcl
c vars 50 clauses 213
c prunes_as_conflicts 0
c stat conflicts 7
c stat decisions 41
c stat propagations 317
c stat restarts 0
c stat reductions 0
c stat learnt_clauses 34
c stat removed_clauses 0
c stat reduct_checks 67
c stat reduct_sat 27
c stat reduct_unsat 40
c stat reduct_limit 0
c stat inner_conflicts 219
c stat inner_decisions 342
c stat inner_propagations 4361
c stat pr_learnt 27
c stat pr_lits 174
c stat filter_tests 2350
c stat filtered_clauses 1057
c stat reduct_clauses 9501
c stat reduct_lits 29505
c stat filter_propagations 19261
c stat max_reduct_vars 49
c stat cost 293
c stat time_reduct_build 0.014
c stat time_inner 0.083
c stat time_total 0.106
s SATISFIABLE
v -1 2 -3 -4 -5 -6 -7 8 -9 -10 -11 -12 13 14 15 16 17 18 -19 -20 21 -22 -23 24 -25 26 -27 28 -29 30 -31 32 -33 34 -35 36 -37 38 -39 -40 41 42 -43 -44 45 46 -47 -48 49 50 0
