c mode sdcl
c vars 75 clauses 320
c prunes_as_conflicts 0
c stat conflicts 84
c stat decisions 109
c stat propagations 1837
c stat restarts 0
c stat reductions 0
c stat learnt_clauses 104
c stat removed_clauses 0
c stat reduct_checks 124
c stat reduct_sat 21
c stat reduct_unsat 103
c stat reduct_limit 0
c stat inner_conflicts 105
c stat inner_decisions 34
c stat inner_propagations 1078
c stat pr_learnt 21
c stat pr_lits 99
c stat filter_tests 11149
c stat filtered_clauses 6419
c stat reduct_clauses 8394
c stat reduct_lits 18339
c stat filter_propagations 110854
c stat max_reduct_vars 34
c stat cost 313
c stat time_reduct_build 0.066
c stat time_inner 0.016
c stat time_total 0.261
s UNSATISFIABLE
