c mode sdcl
c vars 50 clauses 213
c prunes_as_conflicts 0
c stat conflicts 8
c stat decisions 29
c stat propagations 241
c stat restarts 0
c stat reductions 0
c stat learnt_clauses 20
c stat removed_clauses 0
c stat reduct_checks 40
c stat reduct_sat 12
c stat reduct_unsat 28
c stat reduct_limit 0
c stat inner_conflicts 98
c stat inner_decisions 109
c stat inner_propagations 2053
c stat pr_learnt 12
c stat pr_lits 75
c stat filter_tests 1500
c stat filtered_clauses 629
c stat reduct_clauses 4779
c stat reduct_lits 14052
c stat filter_propagations 10549
c stat max_reduct_vars 48
c stat cost 146
c stat time_reduct_build 0.007
c stat time_inner 0.047
c stat time_total 0.059
s SATISFIABLE
v -1 2 3 4 -5 -6 7 -8 -9 10 11 12 -13 -14 -15 16 17 18 -19 20 21 -22 23 -24 -25 26 -27 -28 29 30 -31 -32 -33 34 -35 36 -37 -38 39 40 41 -42 43 -44 -45 46 47 48 -49 -50 0
