c mode sdcl
c vars 100 clauses 426
c prunes_as_conflicts 0
c stat conflicts 268
c stat decisions 381
c stat propagations 6722
c stat restarts 2
c stat reductions 0
c stat learnt_clauses 324
c stat removed_clauses 0
c stat reduct_checks 428
c stat reduct_sat 57
c stat reduct_unsat 371
c stat reduct_limit 0
c stat inner_conflicts 374
c stat inner_decisions 93
c stat inner_propagations 4203
c stat pr_learnt 57
c stat pr_lits 394
c stat filter_tests 78773
c stat filtered_clauses 51410
c stat reduct_clauses 48160
c stat reduct_lits 127858
c stat filter_propagations 917876
c stat max_reduct_vars 42
c stat cost 1070
c stat time_reduct_build 0.980
c stat time_inner 0.234
c stat time_total 1.327
s UNSATISFIABLE
