c mode sdcl
c vars 50 clauses 213
c prunes_as_conflicts 0
c stat conflicts 60
c stat decisions 83
c stat propagations 1139
c stat restarts 0
c stat reductions 0
c stat learnt_clauses 78
c stat removed_clauses 0
c stat reduct_checks 98
c stat reduct_sat 18
c stat reduct_unsat 80
c stat reduct_limit 0
c stat inner_conflicts 127
c stat inner_decisions 91
c stat inner_propagations 1628
c stat pr_learnt 18
c stat pr_lits 65
c stat filter_tests 7406
c stat filtered_clauses 4561
c stat reduct_clauses 6230
c stat reduct_lits 15639
c stat filter_propagations 60900
c stat max_reduct_vars 49
c stat cost 285
c stat time_reduct_build 0.152
c stat time_inner 0.016
c stat time_total 0.175
s SATISFIABLE
v 1 -2 3 4 5 -6 -7 8 9 -10 -11 -12 13 14 15 -16 17 -18 -19 20 21 -22 23 24 25 -26 -27 -28 29 30 -31 32 33 34 35 36 -37 38 39 -40 41 -42 -43 44 45 -46 47 48 49 50 0
