c mode sdcl
c vars 50 clauses 213
c prunes_as_conflicts 0
c stat conflicts 84
c stat decisions 129
c stat propagations 1448
c stat restarts 0
c stat reductions 0
c stat learnt_clauses 113
c stat removed_clauses 0
c stat reduct_checks 153
c stat reduct_sat 30
c stat reduct_unsat 123
c stat reduct_limit 0
c stat inner_conflicts 136
c stat inner_decisions 92
c stat inner_propagations 1194
c stat pr_learnt 30
c stat pr_lits 159
c stat filter_tests 12150
c stat filtered_clauses 7918
c stat reduct_clauses 8313
c stat reduct_lits 21021
c stat filter_propagations 101067
c stat max_reduct_vars 35
c stat cost 373
c stat time_reduct_build 0.247
c stat time_inner 0.017
c stat time_total 0.277
s UNSATISFIABLE
