c mode sdcl
c vars 75 clauses 320
c prunes_as_conflicts 0
c stat conflicts 139
c stat decisions 197
c stat propagations 3014
c stat restarts 1
c stat reductions 0
c stat learnt_clauses 169
c stat removed_clauses 0
c stat reduct_checks 222
c stat reduct_sat 31
c stat reduct_unsat 191
c stat reduct_limit 0
c stat inner_conflicts 201
c stat inner_decisions 96
c stat inner_propagations 2373
c stat pr_learnt 31
c stat pr_lits 176
c stat filter_tests 27853
c stat filtered_clauses 19339
c stat reduct_clauses 17873
c stat reduct_lits 46411
c stat filter_propagations 281433
c stat max_reduct_vars 28
c stat cost 562
c stat time_reduct_build 0.408
c stat time_inner 0.130
c stat time_total 0.555
s UNSATISFIABLE
