c mode sdcl
c vars 75 clauses 320
c prunes_as_conflicts 0
c stat conflicts 128
c stat decisions 223
c stat propagations 3356
c stat restarts 1
c stat reductions 0
c stat learnt_clauses 210
c stat removed_clauses 0
c stat reduct_checks 303
c stat reduct_sat 82
c stat reduct_unsat 221
c stat reduct_limit 0
c stat inner_conflicts 964
c stat inner_decisions 1070
c stat inner_propagations 20255
c stat pr_learnt 82
c stat pr_lits 431
c stat filter_tests 33146
c stat filtered_clauses 20175
c stat reduct_clauses 45087
c stat reduct_lits 153125
c stat filter_propagations 337259
c stat max_reduct_vars 74
c stat cost 1395
c stat time_reduct_build 0.332
c stat time_inner 0.251
c stat time_total 0.620
s SATISFIABLE
v -1 2 -3 -4 5 6 -7 8 9 -10 -11 12 -13 14 -15 16 17 18 -19 20 -21 22 -23 24 25 -26 27 28 29 -30 -31 32 33 34 35 -36 -37 -38 -39 40 -41 42 43 44 45 -46 -47 -48 -49 50 51 52 53 54 55 -56 57 -58 59 -60 61 62 63 -64 65 66 -67 68 69 70 71 72 73 -74 75 0
