c mode sdcl
c vars 50 clauses 213
c prunes_as_conflicts 0
c stat conflicts 15
c stat decisions 37
c stat propagations 330
c stat restarts 0
c stat reductions 0
c stat learnt_clauses 30
c stat removed_clauses 0
c stat reduct_checks 51
c stat reduct_sat 15
c stat reduct_unsat 36
c stat reduct_limit 0
c stat inner_conflicts 191
c stat inner_decisions 230
c stat inner_propagations 3248
c stat pr_learnt 15
c stat pr_lits 86
c stat filter_tests 2746
c stat filtered_clauses 1402
c stat reduct_clauses 4941
c stat reduct_lits 14265
c stat filter_propagations 20582
c stat max_reduct_vars 49
c stat cost 257
c stat time_reduct_build 0.091
c stat time_inner 0.014
c stat time_total 0.110
s SATISFIABLE
v -1 2 3 -4 -5 6 -7 8 -9 10 11 12 13 -14 -15 16 -17 -18 19 -20 -21 -22 -23 -24 -25 -26 -27 -28 -29 -30 -31 -32 33 34 -35 36 37 38 39 -40 41 42 43 44 45 -46 47 -48 49 -50 0
