c mode sdcl
c vars 50 clauses 213
c prunes_as_conflicts 0
c stat conflicts 46
c stat decisions 85
c stat propagations 857
c stat restarts 0
c stat reductions 0
c stat learnt_clauses 75
c stat removed_clauses 0
c stat reduct_checks 113
c stat reduct_sat 29
c stat reduct_unsat 84
c stat reduct_limit 0
c stat inner_conflicts 241
c stat inner_decisions 294
c stat inner_propagations 3969
c stat pr_learnt 29
c stat pr_lits 127
c stat filter_tests 5480
c stat filtered_clauses 3011
c stat reduct_clauses 12333
c stat reduct_lits 37935
c stat filter_propagations 42384
c stat max_reduct_vars 49
c stat cost 400
c stat time_reduct_build 0.118
c stat time_inner 0.043
c stat time_total 0.175
s SATISFIABLE
v -1 2 3 -4 5 6 -7 -8 9 -10 -11 -12 -13 -14 15 16 17 18 19 -20 -21 22 -23 -24 25 -26 27 -28 -29 30 -31 32 33 34 35 -36 -37 38 -39 -40 41 -42 43 -44 -45 -46 -47 -48 49 50 0
