c mode sdcl
c vars 50 clauses 213
c prunes_as_conflicts 0
c stat conflicts 2
c stat decisions 19
c stat propagations 111
c stat restarts 0
c stat reductions 0
c stat learnt_clauses 11
c stat removed_clauses 0
c stat reduct_checks 27
c stat reduct_sat 9
c stat reduct_unsat 18
c stat reduct_limit 0
c stat inner_conflicts 147
c stat inner_decisions 190
c stat inner_propagations 2257
c stat pr_learnt 9
c stat pr_lits 65
c stat filter_tests 1063
c stat filtered_clauses 611
c stat reduct_clauses 2156
c stat reduct_lits 6338
c stat filter_propagations 8650
c stat max_reduct_vars 49
c stat cost 176
c stat time_reduct_build 0.005
c stat time_inner 0.007
c stat time_total 0.016
s SATISFIABLE
v -1 2 3 -4 5 -6 7 8 -9 10 11 12 -13 14 15 16 -17 18 19 20 -21 -22 -23 -24 25 26 27 28 29 30 31 -32 -33 34 35 -36 37 38 39 -40 -41 -42 -43 -44 45 -46 47 -48 -49 -50 0
