c mode sdcl
c vars 50 clauses 213
c prunes_as_conflicts 0
c stat conflicts 33
c stat decisions 62
c stat propagations 668
c stat restarts 0
c stat reductions 0
c stat learnt_clauses 54
c stat removed_clauses 0
c stat reduct_checks 82
c stat reduct_sat 21
c stat reduct_unsat 61
c stat reduct_limit 0
c stat inner_conflicts 113
c stat inner_decisions 95
c stat inner_propagations 1756
c stat pr_learnt 21
c stat pr_lits 99
c stat filter_tests 4274
c stat filtered_clauses 1938
c stat reduct_clauses 6757
c stat reduct_lits 19490
c stat filter_propagations 32757
c stat max_reduct_vars 49
c stat cost 228
c stat time_reduct_build 0.074
c stat time_inner 0.022
c stat time_total 0.105
s SATISFIABLE
v -1 -2 -3 -4 -5 6 -7 -8 -9 10 -11 12 -13 14 -15 16 17 -18 19 -20 21 22 -23 -24 -25 -26 -27 -28 -29 30 31 32 -33 -34 35 36 -37 -38 -39 40 41 42 -43 -44 45 -46 47 -48 49 50 0
