c mode sdcl
c vars 50 clauses 213
c prunes_as_conflicts 0
c stat conflicts 52
c stat decisions 74
c stat propagations 793
c stat restarts 0
c stat reductions 0
c stat learnt_clauses 70
c stat removed_clauses 0
c stat reduct_checks 86
c stat reduct_sat 19
c stat reduct_unsat 67
c stat reduct_limit 0
c stat inner_conflicts 69
c stat inner_decisions 39
c stat inner_propagations 599
c stat pr_learnt 19
c stat pr_lits 79
c stat filter_tests 5704
c stat filtered_clauses 3555
c stat reduct_clauses 4039
c stat reduct_lits 9173
c stat filter_propagations 39984
c stat max_reduct_vars 22
c stat cost 207
c stat time_reduct_build 0.072
c stat time_inner 0.009
c stat time_total 0.087
s UNSATISFIABLE
