c mode sdcl
c vars 50 clauses 218
c prunes_as_conflicts 0
c stat conflicts 16
c stat decisions 34
c stat propagations 299
c stat restarts 0
c stat reductions 0
c stat learnt_clauses 26
c stat removed_clauses 0
c stat reduct_checks 43
c stat reduct_sat 10
c stat reduct_unsat 33
c stat reduct_limit 0
c stat inner_conflicts 72
c stat inner_decisions 63
c stat inner_propagations 1391
c stat pr_learnt 10
c stat pr_lits 56
c stat filter_tests 2470
c stat filtered_clauses 1382
c stat reduct_clauses 3967
c stat reduct_lits 11121
c stat filter_propagations 17466
c stat max_reduct_vars 49
c stat cost 131
c stat time_reduct_build 0.008
c stat time_inner 0.135
c stat time_total 0.147
s SATISFIABLE
v -1 2 3 -4 -5 6 -7 -8 -9 -10 11 12 13 14 -15 16 -17 -18 -19 -20 -21 -22 -23 -24 -25 -26 -27 28 29 30 31 -32 -33 -34 -35 36 -37 38 39 -40 41 42 43 44 -45 -46 -47 -48 49 -50 0
