c mode sdcl
c vars 50 clauses 218
c prunes_as_conflicts 0
c stat conflicts 37
c stat decisions 70
c stat propagations 743
c stat restarts 0
c stat reductions 0
c stat learnt_clauses 63
c stat removed_clauses 0
c stat reduct_checks 92
c stat reduct_sat 26
c stat reduct_unsat 66
c stat reduct_limit 0
c stat inner_conflicts 76
c stat inner_decisions 88
c stat inner_propagations 878
c stat pr_learnt 26
c stat pr_lits 108
c stat filter_tests 6125
c stat filtered_clauses 3943
c stat reduct_clauses 4724
c stat reduct_lits 11290
c stat filter_propagations 46873
c stat max_reduct_vars 49
c stat cost 205
c stat time_reduct_build 0.086
c stat time_inner 0.009
c stat time_total 0.101
s SATISFIABLE
v 1 2 -3 4 -5 6 7 -8 -9 -10 -11 -12 13 14 15 16 17 -18 -19 -20 -21 22 23 -24 25 -26 -27 -28 29 30 31 -32 -33 34 35 -36 37 38 39 40 41 42 43 44 -45 46 -47 48 -49 -50 0
