c mode sdcl
c vars 50 clauses 218
c prunes_as_conflicts 0
c stat conflicts 25
c stat decisions 42
c stat propagations 423
c stat restarts 0
c stat reductions 0
c stat learnt_clauses 30
c stat removed_clauses 0
c stat reduct_checks 45
c stat reduct_sat 5
c stat reduct_unsat 40
c stat reduct_limit 0
c stat inner_conflicts 63
c stat inner_decisions 43
c stat inner_propagations 596
c stat pr_learnt 5
c stat pr_lits 18
c stat filter_tests 2363
c stat filtered_clauses 1409
c stat reduct_clauses 2024
c stat reduct_lits 4674
c stat filter_propagations 16829
c stat max_reduct_vars 49
c stat cost 133
c stat time_reduct_build 0.009
c stat time_inner 0.004
c stat time_total 0.017
s SATISFIABLE
v 1 -2 -3 -4 -5 6 -7 8 9 10 11 12 13 -14 -15 16 -17 18 19 -20 -21 22 -23 -24 25 26 -27 28 -29 30 31 32 33 -34 -35 -36 -37 -38 -39 40 41 42 -43 -44 -45 -46 -47 48 49 50 0
