c mode sdcl
c vars 50 clauses 218
c prunes_as_conflicts 0
c stat conflicts 90
c stat decisions 240
c stat propagations 2386
c stat restarts 0
c stat reductions 0
c stat learnt_clauses 212
c stat removed_clauses 0
c stat reduct_checks 359
c stat reduct_sat 122
c stat reduct_unsat 237
c stat reduct_limit 0
c stat inner_conflicts 567
c stat inner_decisions 837
c stat inner_propagations 13962
c stat pr_learnt 122
c stat pr_lits 786
c stat filter_tests 25703
c stat filtered_clauses 12169
c stat reduct_clauses 79907
c stat reduct_lits 267052
c stat filter_propagations 213266
c stat max_reduct_vars 49
c stat cost 1016
c stat time_reduct_build 0.378
c stat time_inner 0.328
c stat time_total 0.762
s SATISFIABLE
v 1 2 -3 -4 5 -6 -7 8 -9 10 11 12 -13 14 15 16 17 18 19 20 -21 22 -23 24 25 -26 -27 -28 -29 30 31 32 -33 -34 35 36 37 -38 -39 40 -41 42 -43 44 -45 46 -47 48 49 -50 0
