c mode sdcl
c vars 50 clauses 218
c prunes_as_conflicts 0
c stat conflicts 6
c stat decisions 30
c stat propagations 217
c stat restarts 0
c stat reductions 0
c stat learnt_clauses 23
c stat removed_clauses 0
c stat reduct_checks 46
c stat reduct_sat 17
c stat reduct_unsat 29
c stat reduct_limit 0
c stat inner_conflicts 128
c stat inner_decisions 153
c stat inner_propagations 2296
c stat pr_learnt 17
c stat pr_lits 89
c stat filter_tests 1566
c stat filtered_clauses 657
c stat reduct_clauses 5181
c stat reduct_lits 15056
c stat filter_propagations 10192
c stat max_reduct_vars 49
c stat cost 180
c stat time_reduct_build 0.007
c stat time_inner 0.150
c stat time_total 0.162
s SATISFIABLE
v -1 -2 3 -4 5 6 -7 8 -9 -10 -11 12 13 14 -15 -16 -17 -18 19 20 21 -22 -23 24 -25 -26 27 -28 29 30 31 32 33 -34 35 -36 37 38 39 40 41 -42 -43 -44 -45 -46 -47 -48 49 50 0
