c mode sdcl
c vars 50 clauses 218
c prunes_as_conflicts 0
c stat conflicts 34
c stat decisions 54
c stat propagations 593
c stat restarts 0
c stat reductions 0
c stat learnt_clauses 43
c stat removed_clauses 0
c stat reduct_checks 61
c stat reduct_sat 9
c stat reduct_unsat 52
c stat reduct_limit 0
c stat inner_conflicts 72
c stat inner_decisions 46
c stat inner_propagations 842
c stat pr_learnt 9
c stat pr_lits 44
c stat filter_tests 3847
c stat filtered_clauses 2300
c stat reduct_clauses 3681
c stat reduct_lits 9055
c stat filter_propagations 32824
c stat max_reduct_vars 49
c stat cost 167
c stat time_reduct_build 0.079
c stat time_inner 0.008
c stat time_total 0.091
s SATISFIABLE
v 1 2 -3 4 5 -6 -7 8 9 10 -11 12 13 -14 -15 -16 17 -18 -19 -20 21 22 23 24 25 -26 -27 -28 -29 -30 31 -32 -33 -34 -35 -36 -37 38 39 -40 41 -42 -43 44 -45 46 -47 48 -49 -50 0
