c mode sdcl
c vars 50 clauses 218
c prunes_as_conflicts 0
c stat conflicts 23
c stat decisions 84
c stat propagations 602
c stat restarts 0
c stat reductions 0
c stat learnt_clauses 72
c stat removed_clauses 0
c stat reduct_checks 131
c stat reduct_sat 49
c stat reduct_unsat 82
c stat reduct_limit 0
c stat inner_conflicts 435
c stat inner_decisions 618
c stat inner_propagations 8227
c stat pr_learnt 49
c stat pr_lits 334
c stat filter_tests 4375
c stat filtered_clauses 2063
c stat reduct_clauses 23802
c stat reduct_lits 78834
c stat filter_propagations 29313
c stat max_reduct_vars 49
c stat cost 589
c stat time_reduct_build 0.175
c stat time_inner 0.140
c stat time_total 0.334
s SATISFIABLE
v 1 -2 3 4 5 -6 -7 8 -9 10 11 12 -13 14 15 -16 17 18 19 -20 -21 -22 23 24 25 -26 -27 28 -29 -30 31 32 33 34 -35 36 37 -38 39 40 41 -42 43 -44 -45 -46 -47 48 49 50 0
