c mode sdcl
c vars 75 clauses 325
c prunes_as_conflicts 0
c stat conflicts 10
c stat decisions 35
c stat propagations 293
c stat restarts 0
c stat reductions 0
c stat learnt_clauses 23
c stat removed_clauses 0
c stat reduct_checks 47
c stat reduct_sat 13
c stat reduct_unsat 33
c stat reduct_limit 1
c stat inner_conflicts 387
c stat inner_decisions 475
c stat inner_propagations 8611
c stat pr_learnt 13
c stat pr_lits 105
c stat filter_tests 2315
c stat filtered_clauses 1058
c stat reduct_clauses 7620
c stat reduct_lits 23225
c stat filter_propagations 19528
c stat max_reduct_vars 74
c stat cost 444
c stat time_reduct_build 0.100
c stat time_inner 0.023
c stat time_total 0.130
s SATISFIABLE
v -1 2 -3 4 -5 -6 -7 -8 9 -10 -11 12 13 -14 -15 -16 -17 -18 -19 -20 21 -22 -23 -24 25 -26 27 28 -29 30 31 -32 -33 -34 -35 36 -37 38 39 40 -41 42 -43 -44 45 -46 -47 -48 -49 50 51 -52 -53 -54 55 -56 -57 58 59 -60 61 62 63 64 -65 66 -67 68 69 -70 71 -72 -73 -74 -75 0
