c mode plain
c vars 75 clauses 325
c prunes_as_conflicts 0
c stat conflicts 114
c stat decisions 158
c stat propagations 2182
c stat restarts 1
c stat reductions 0
c stat learnt_clauses 114
c stat removed_clauses 0
c stat reduct_checks 0
c stat reduct_sat 0
c stat reduct_unsat 0
c stat reduct_limit 0
c stat inner_conflicts 0
c stat inner_decisions 0
c stat inner_propagations 0
c stat pr_learnt 0
c stat pr_lits 0
c stat filter_tests 0
c stat filtered_clauses 0
c stat reduct_clauses 0
c stat reduct_lits 0
c stat filter_propagations 0
c stat max_reduct_vars 0
c stat cost 114
c stat time_reduct_build 0.000
c stat time_inner 0.000
c stat time_total 0.005
s SATISFIABLE
v 1 -2 -3 4 5 -6 -7 8 -9 -10 -11 -12 -13 14 15 16 17 -18 19 -20 -21 22 -23 24 25 26 27 -28 29 30 -31 32 33 34 35 36 37 -38 39 40 -41 -42 -43 44 -45 46 47 48 -49 50 -51 -52 -53 54 -55 56 -57 -58 59 -60 61 62 -63 64 -65 -66 -67 68 -69 70 71 -72 73 -74 -75 0
