c mode sdcl
c vars 75 clauses 325
c prunes_as_conflicts 0
c stat conflicts 47
c stat decisions 97
c stat propagations 1196
c stat restarts 0
c stat reductions 0
c stat learnt_clauses 79
c stat removed_clauses 0
c stat reduct_checks 128
c stat reduct_sat 32
c stat reduct_unsat 96
c stat reduct_limit 0
c stat inner_conflicts 331
c stat inner_decisions 354
c stat inner_propagations 6124
c stat pr_learnt 32
c stat pr_lits 183
c stat filter_tests 11487
c stat filtered_clauses 6072
c stat reduct_clauses 12158
c stat reduct_lits 35106
c stat filter_propagations 120830
c stat max_reduct_vars 74
c stat cost 506
c stat time_reduct_build 0.123
c stat time_inner 0.182
c stat time_total 0.316
s SATISFIABLE
v -1 2 -3 -4 -5 6 -7 8 -9 10 11 -12 13 -14 15 16 -17 -18 19 20 -21 22 23 24 25 26 27 28 29 -30 31 32 33 -34 -35 -36 37 -38 39 40 41 -42 43 -44 45 46 -47 -48 -49 -50 51 -52 53 -54 -55 56 57 -58 59 -60 61 62 63 64 65 -66 67 68 69 -70 71 -72 73 -74 75 0
