c mode sdcl
c vars 75 clauses 325
c prunes_as_conflicts 0
c stat conflicts 248
c stat decisions 893
c stat propagations 10134
c stat restarts 2
c stat reductions 0
c stat learnt_clauses 845
c stat removed_clauses 0
c stat reduct_checks 1486
c stat reduct_sat 597
c stat reduct_unsat 889
c stat reduct_limit 0
c stat inner_conflicts 5889
c stat inner_decisions 8951
c stat inner_propagations 165094
c stat pr_learnt 597
c stat pr_lits 4444
c stat filter_tests 190805
c stat filtered_clauses 97555
c stat reduct_clauses 905436
c stat reduct_lits 4443715
c stat filter_propagations 2214128
c stat max_reduct_vars 74
c stat cost 7623
c stat time_reduct_build 5.229
c stat time_inner 5.691
c stat time_total 12.332
s SATISFIABLE
v 1 2 -3 4 5 -6 -7 8 9 -10 -11 12 13 -14 -15 -16 17 -18 19 20 -21 22 23 24 25 -26 27 28 29 -30 -31 32 33 -34 35 -36 -37 38 39 -40 41 42 -43 -44 -45 -46 -47 -48 -49 -50 -51 52 -53 -54 -55 -56 57 -58 -59 60 -61 -62 -63 -64 -65 -66 -67 -68 69 -70 71 -72 -73 -74 -75 0
