c mode sdcl
c vars 100 clauses 430
c prunes_as_conflicts 0
c stat conflicts 392
c stat decisions 573
c stat propagations 10768
c stat restarts 2
c stat reductions 0
c stat learnt_clauses 518
c stat removed_clauses 0
c stat reduct_checks 693
c stat reduct_sat 127
c stat reduct_unsat 566
c stat reduct_limit 0
c stat inner_conflicts 603
c stat inner_decisions 385
c stat inner_propagations 9789
c stat pr_learnt 127
c stat pr_lits 960
c stat filter_tests 181521
c stat filtered_clauses 131853
c stat reduct_clauses 98413
c stat reduct_lits 295150
c stat filter_propagations 2197073
c stat max_reduct_vars 68
c stat cost 1688
c stat time_reduct_build 1.794
c stat time_inner 0.256
c stat time_total 2.192
s UNSATISFIABLE
