c mode sdcl
c vars 100 clauses 430
c prunes_as_conflicts 0
c stat conflicts 353
c stat decisions 526
c stat propagations 9014
c stat restarts 2
c stat reductions 0
c stat learnt_clauses 469
c stat removed_clauses 0
c stat reduct_checks 636
c stat reduct_sat 117
c stat reduct_unsat 519
c stat reduct_limit 0
c stat inner_conflicts 522
c stat inner_decisions 219
c stat inner_propagations 7641
c stat pr_learnt 117
c stat pr_lits 841
c stat filter_tests 150436
c stat filtered_clauses 106891
c stat reduct_clauses 76930
c stat reduct_lits 231788
c stat filter_propagations 1648715
c stat max_reduct_vars 49
c stat cost 1511
c stat time_reduct_build 1.026
c stat time_inner 0.187
c stat time_total 1.337
s UNSATISFIABLE
