c mode sdcl
c vars 100 clauses 430
c prunes_as_conflicts 0
c stat conflicts 333
c stat decisions 456
c stat propagations 8983
c stat restarts 2
c stat reductions 0
c stat learnt_clauses 408
c stat removed_clauses 0
c stat reduct_checks 522
c stat reduct_sat 76
c stat reduct_unsat 446
c stat reduct_limit 0
c stat inner_conflicts 455
c stat inner_decisions 157
c stat inner_propagations 6062
c stat pr_learnt 76
c stat pr_lits 562
c stat filter_tests 111921
c stat filtered_clauses 75158
c stat reduct_clauses 66755
c stat reduct_lits 190079
c stat filter_propagations 1330836
c stat max_reduct_vars 56
c stat cost 1310
c stat time_reduct_build 1.489
c stat time_inner 0.327
c stat time_total 1.984
s UNSATISFIABLE
