c mode sdcl
c vars 100 clauses 430
c prunes_as_conflicts 0
c stat conflicts 522
c stat decisions 717
c stat propagations 13761
c stat restarts 4
c stat reductions 0
c stat learnt_clauses 635
c stat removed_clauses 0
c stat reduct_checks 824
c stat reduct_sat 114
c stat reduct_unsat 710
c stat reduct_limit 0
c stat inner_conflicts 729
c stat inner_decisions 298
c stat inner_propagations 10028
c stat pr_learnt 114
c stat pr_lits 804
c stat filter_tests 244823
c stat filtered_clauses 186491
c stat reduct_clauses 116908
c stat reduct_lits 357286
c stat filter_propagations 3066415
c stat max_reduct_vars 48
c stat cost 2075
c stat time_reduct_build 2.097
c stat time_inner 0.462
c stat time_total 2.773
s UNSATISFIABLE
