c mode sdcl
c vars 100 clauses 430
c prunes_as_conflicts 0
c stat conflicts 364
c stat decisions 494
c stat propagations 9387
c stat restarts 2
c stat reductions 0
c stat learnt_clauses 424
c stat removed_clauses 0
c stat reduct_checks 547
c stat reduct_sat 61
c stat reduct_unsat 486
c stat reduct_limit 0
c stat inner_conflicts 497
c stat inner_decisions 127
c stat inner_propagations 5585
c stat pr_learnt 61
c stat pr_lits 458
c stat filter_tests 125231
c stat filtered_clauses 83541
c stat reduct_clauses 74971
c stat reduct_lits 234676
c stat filter_propagations 1522431
c stat max_reduct_vars 44
c stat cost 1408
c stat time_reduct_build 1.323
c stat time_inner 0.304
c stat time_total 1.830
s UNSATISFIABLE
