c mode sdcl
c vars 100 clauses 430
c prunes_as_conflicts 0
c stat conflicts 302
c stat decisions 418
c stat propagations 8033
c stat restarts 2
c stat reductions 0
c stat learnt_clauses 359
c stat removed_clauses 0
c stat reduct_checks 467
c stat reduct_sat 58
c stat reduct_unsat 409
c stat reduct_limit 0
c stat inner_conflicts 418
c stat inner_decisions 97
c stat inner_propagations 5684
c stat pr_learnt 58
c stat pr_lits 402
c stat filter_tests 93802
c stat filtered_clauses 65395
c stat reduct_clauses 51487
c stat reduct_lits 141470
c stat filter_propagations 1113030
c stat max_reduct_vars 55
c stat cost 1187
c stat time_reduct_build 1.161
c stat time_inner 0.317
c stat time_total 1.575
s UNSATISFIABLE
