c mode sdcl
c vars 50 clauses 218
c prunes_as_conflicts 0
c stat conflicts 24
c stat decisions 38
c stat propagations 439
c stat restarts 0
c stat reductions 0
c stat learnt_clauses 32
c stat removed_clauses 0
c stat reduct_checks 42
c stat reduct_sat 9
c stat reduct_unsat 33
c stat reduct_limit 0
c stat inner_conflicts 35
c stat inner_decisions 19
c stat inner_propagations 247
c stat pr_learnt 9
c stat pr_lits 30
c stat filter_tests 2294
c stat filtered_clauses 1353
c stat reduct_clauses 1518
c stat reduct_lits 3004
c stat filter_propagations 18704
c stat max_reduct_vars 22
c stat cost 101
c stat time_reduct_build 0.008
c stat time_inner 0.003
c stat time_total 0.014
s UNSATISFIABLE
