c mode sdcl
c vars 50 clauses 218
c prunes_as_conflicts 0
c stat conflicts 52
c stat decisions 73
c stat propagations 873
c stat restarts 0
c stat reductions 0
c stat learnt_clauses 67
c stat removed_clauses 0
c stat reduct_checks 80
c stat reduct_sat 16
c stat reduct_unsat 64
c stat reduct_limit 0
c stat inner_conflicts 68
c stat inner_decisions 45
c stat inner_propagations 539
c stat pr_learnt 16
c stat pr_lits 58
c stat filter_tests 5439
c stat filtered_clauses 3729
c stat reduct_clauses 3400
c stat reduct_lits 7451
c stat filter_propagations 46516
c stat max_reduct_vars 24
c stat cost 200
c stat time_reduct_build 0.123
c stat time_inner 0.006
c stat time_total 0.134
s UNSATISFIABLE
