c mode sdcl
c vars 50 clauses 218
c prunes_as_conflicts 0
c stat conflicts 33
c stat decisions 46
c stat propagations 559
c stat restarts 0
c stat reductions 0
c stat learnt_clauses 45
c stat removed_clauses 0
c stat reduct_checks 53
c stat reduct_sat 13
c stat reduct_unsat 40
c stat reduct_limit 0
c stat inner_conflicts 49
c stat inner_decisions 45
c stat inner_propagations 399
c stat pr_learnt 13
c stat pr_lits 56
c stat filter_tests 3146
c stat filtered_clauses 2013
c stat reduct_clauses 1877
c stat reduct_lits 3863
c stat filter_propagations 26907
c stat max_reduct_vars 22
c stat cost 135
c stat time_reduct_build 0.013
c stat time_inner 0.004
c stat time_total 0.020
s UNSATISFIABLE
