c mode sdcl
c vars 50 clauses 218
c prunes_as_conflicts 0
c stat conflicts 43
c stat decisions 71
c stat propagations 688
c stat restarts 0
c stat reductions 0
c stat learnt_clauses 63
c stat removed_clauses 0
c stat reduct_checks 88
c stat reduct_sat 21
c stat reduct_unsat 67
c stat reduct_limit 0
c stat inner_conflicts 75
c stat inner_decisions 38
c stat inner_propagations 560
c stat pr_learnt 21
c stat pr_lits 77
c stat filter_tests 5710
c stat filtered_clauses 3272
c stat reduct_clauses 4258
c stat reduct_lits 9086
c stat filter_propagations 43162
c stat max_reduct_vars 20
c stat cost 206
c stat time_reduct_build 0.113
c stat time_inner 0.007
c stat time_total 0.126
s UNSATISFIABLE
