c mode sdcl
c vars 50 clauses 218
c prunes_as_conflicts 0
c stat conflicts 31
c stat decisions 40
c stat propagations 452
c stat restarts 0
c stat reductions 0
c stat learnt_clauses 37
c stat removed_clauses 0
c stat reduct_checks 42
c stat reduct_sat 7
c stat reduct_unsat 35
c stat reduct_limit 0
c stat inner_conflicts 34
c stat inner_decisions 6
c stat inner_propagations 245
c stat pr_learnt 7
c stat pr_lits 25
c stat filter_tests 2239
c stat filtered_clauses 1365
c stat reduct_clauses 1486
c stat reduct_lits 2995
c stat filter_propagations 15305
c stat max_reduct_vars 19
c stat cost 107
c stat time_reduct_build 0.008
c stat time_inner 0.003
c stat time_total 0.014
s UNSATISFIABLE
