c mode sdcl
c vars 75 clauses 325
c prunes_as_conflicts 0
c stat conflicts 75
c stat decisions 100
c stat propagations 1621
c stat restarts 0
c stat reductions 0
c stat learnt_clauses 91
c stat removed_clauses 0
c stat reduct_checks 111
c stat reduct_sat 17
c stat reduct_unsat 94
c stat reduct_limit 0
c stat inner_conflicts 93
c stat inner_decisions 9
c stat inner_propagations 976
c stat pr_learnt 17
c stat pr_lits 71
c stat filter_tests 10178
c stat filtered_clauses 6085
c stat reduct_clauses 7496
c stat reduct_lits 17064
c stat filter_propagations 98497
c stat max_reduct_vars 35
c stat cost 279
c stat time_reduct_build 0.250
c stat time_inner 0.013
c stat time_total 0.270
s UNSATISFIABLE
