c mode sdcl
c vars 75 clauses 325
c prunes_as_conflicts 0
c stat conflicts 128
c stat decisions 186
c stat propagations 2879
c stat restarts 1
c stat reductions 0
c stat learnt_clauses 169
c stat removed_clauses 0
c stat reduct_checks 222
c stat reduct_sat 42
c stat reduct_unsat 180
c stat reduct_limit 0
c stat inner_conflicts 186
c stat inner_decisions 62
c stat inner_propagations 2202
c stat pr_learnt 42
c stat pr_lits 228
c stat filter_tests 26271
c stat filtered_clauses 16414
c stat reduct_clauses 20467
c stat reduct_lits 52239
c stat filter_propagations 272043
c stat max_reduct_vars 34
c stat cost 536
c stat time_reduct_build 0.608
c stat time_inner 0.135
c stat time_total 0.759
s UNSATISFIABLE
