c mode sdcl
c vars 75 clauses 325
c prunes_as_conflicts 0
c stat conflicts 145
c stat decisions 241
c stat propagations 3146
c stat restarts 1
c stat reductions 0
c stat learnt_clauses 206
c stat removed_clauses 0
c stat reduct_checks 296
c stat reduct_sat 62
c stat reduct_unsat 234
c stat reduct_limit 0
c stat inner_conflicts 243
c stat inner_decisions 78
c stat inner_propagations 2691
c stat pr_learnt 62
c stat pr_lits 308
c stat filter_tests 38238
c stat filtered_clauses 26086
c stat reduct_clauses 24025
c stat reduct_lits 63194
c stat filter_propagations 399813
c stat max_reduct_vars 26
c stat cost 684
c stat time_reduct_build 0.755
c stat time_inner 0.044
c stat time_total 0.898
s UNSATISFIABLE
