✔ [4272/4337] Built Problems.Common.Registry (17s)
✔ [4274/4344] Built Physlib.Meta.Informal.Basic (25s)
✔ [4276/4352] Built Tests.AggregateTargets (62s)
✔ [4305/4380] Built Physlib.Relativity.SpeedOfLight (122s)
✔ [4306/4380] Built Physlib.Mathematics.PiTensorProduct (151s)
✔ [4307/4380] Built Problems.PVersusNP.Millennium (164s)
✔ [4308/4380] Built Problems.Common.Euclidean (169s)
✔ [4309/4380] Built Physlib.Relativity.MinkowskiMatrix (169s)
✔ [4310/4380] Built Physlib.Meta.TODO.Basic (169s)
✔ [4311/4380] Built Physlib.Relativity.PauliMatrices.Basic (170s)
✔ [4312/4380] Built Problems.NavierStokes.Imports (179s)
✔ [4313/4380] Built Problems.BirchSwinnertonDyer.RankSupport (178s)
✔ [4314/4380] Built Physlib.Mathematics.InnerProductSpace.Submodule (180s)
✔ [4315/4380] Built Physlib.SpaceAndTime.Time.Basic (191s)
✔ [4316/4380] Built Physlib.Mathematics.LinearPMap (201s)
⚠ [4317/4380] Built Problems.RiemannHypothesis.Millennium (212s)
warning: Problems/RiemannHypothesis/Millennium.lean:737:8: declaration uses `sorry`
✔ [4318/4380] Built Physlib.Relativity.Tensors.RealTensor.Vector.Basic (211s)
✔ [4319/4380] Built Problems.Hodge.Variety (222s)
✔ [4320/4380] Built Problems.PVersusNP.PolynomialHierarchy (146s)
✔ [4321/4380] Built Tests.PVersusNP.Sanity (149s)
✔ [4322/4380] Built Problems.Common (168s)
✔ [4323/4380] Built Physlib.Relativity.Tensors.TensorSpecies.Basic (158s)
⚠ [4324/4380] Built Problems.Poincare.Millennium (189s)
warning: Problems/Poincare/Millennium.lean:251:8: declaration uses `sorry`
✔ [4325/4380] Built Physlib.SpaceAndTime.Space.Basic (181s)
✔ [4326/4380] Built Physlib.Relativity.PauliMatrices.SelfAdjoint (182s)
✔ [4327/4380] Built Physlib.Relativity.LorentzGroup.Basic (193s)
✔ [4328/4380] Built Problems.NavierStokes.Equations (195s)
✔ [4329/4380] Built Problems.YangMills.Quantum (257s)
✔ [4330/4380] Built Tests.RiemannHypothesis.Sanity (207s)
✔ [4331/4380] Built Problems.Hodge.Millennium (207s)
✔ [4332/4380] Built Physlib.Mathematics.Distribution.Basic (264s)
⚠ [4333/4380] Built Problems.BirchSwinnertonDyer.Millennium (248s)
warning: Problems/BirchSwinnertonDyer/Millennium.lean:2282:8: declaration uses `sorry`
✔ [4334/4380] Built Physlib.Relativity.Tensors.ComponentIdx.Basic (125s)
✔ [4335/4380] Built Physlib.Relativity.Tensors.Contraction.SuccSuccAbove (279s)
✔ [4336/4380] Built Physlib.SpaceAndTime.Space.Origin (140s)
✔ [4337/4380] Built Tests.Poincare.Sanity (154s)
✔ [4338/4380] Built Physlib.QuantumMechanics.DDimensions.Operators.Unbounded (314s)
✔ [4339/4380] Built Physlib.Relativity.Tensors.RealTensor.Vector.Pre.Modules (163s)
✔ [4340/4380] Built Problems.NavierStokes.Torus (149s)
✔ [4341/4380] Built Problems.NavierStokes.MillenniumRDomain (153s)
✔ [4342/4380] Built Physlib.Relativity.Tensors.ComponentIdx.Single (111s)
✔ [4343/4380] Built Physlib.Relativity.Tensors.ComponentIdx.Product (113s)
✔ [4344/4380] Built Physlib.Relativity.Tensors.ComponentIdx.Contraction (116s)
✔ [4345/4380] Built Tests.Hodge.CycleClassUnconstrained (150s)
✔ [4346/4380] Built Problems.YangMills.Millennium (164s)
✔ [4347/4380] Built Tests.BirchSwinnertonDyer.Sanity (140s)
✔ [4348/4380] Built Tests.Hodge.StatementIsVacuous (163s)
✔ [4349/4380] Built Physlib.Relativity.Tensors.RealTensor.Vector.Pre.Basic (108s)
✔ [4350/4380] Built Physlib.SpaceAndTime.Space.Module (147s)
✔ [4351/4380] Built Problems.NavierStokes.MillenniumBoundedDomain (106s)
✔ [4352/4380] Built Physlib.Relativity.Tensors.Reindexing (105s)
✔ [4353/4380] Built Physlib.QuantumMechanics.DDimensions.Operators.SpectralTheory.Basic (175s)
✔ [4354/4380] Built Physlib.SpaceAndTime.Space.Integrals.Basic (94s)
✔ [4355/4380] Built Problems.NavierStokes.Millennium (88s)
✔ [4356/4380] Built Physlib.Relativity.Tensors.RealTensor.Matrix.Pre (129s)
✔ [4357/4380] Built Physlib.Relativity.Tensors.RealTensor.Vector.Pre.Contraction (130s)
✔ [4358/4380] Built Physlib.QuantumMechanics.DDimensions.Operators.SpectralTheory.Symmetric (97s)
✔ [4359/4380] Built Physlib.Relativity.Tensors.Basic (142s)
✔ [4360/4380] Built Tests.NavierStokes.AggregateIsTrivial (125s)
✔ [4362/4380] Built Physlib.Relativity.Tensors.RealTensor.Units.Pre (125s)
✔ [4363/4380] Built Physlib.QuantumMechanics.DDimensions.Operators.SpectralTheory.SelfAdjoint (98s)
✔ [4364/4380] Built Physlib.Relativity.Tensors.Contraction.Pure (112s)
✔ [4365/4380] Built Physlib.Relativity.Tensors.Product (151s)
✔ [4366/4380] Built Problems.YangMills.HamiltonianSpectrum (102s)
✔ [4367/4380] Built Physlib.Relativity.Tensors.Contraction.Basic (93s)
✔ [4368/4380] Built Physlib.Relativity.Tensors.RealTensor.Metrics.Pre (139s)
✔ [4369/4380] Built Physlib.Relativity.Tensors.Evaluation (111s)
✔ [4370/4380] Built Problems.Registry (126s)
✔ [4371/4380] Built Physlib.Relativity.Tensors.Contraction.Basis (103s)
✔ [4372/4380] Built Physlib.Relativity.Tensors.Tensorial (117s)
✔ [4373/4380] Built Physlib.Relativity.Tensors.Elab (46s)
✔ [4374/4380] Built Physlib.Relativity.Tensors.RealTensor.Basic (53s)
✔ [4375/4380] Built Physlib.Relativity.Tensors.RealTensor.Vector.Tensorial (68s)
✔ [4376/4380] Built Physlib.SpaceAndTime.SpaceTime.Basic (68s)
✔ [4377/4380] Built Physlib.SpaceAndTime.SpaceTime.LorentzAction (104s)
✔ [4378/4380] Built Problems.YangMills.LorentzCovariance (65s)
✔ [4379/4380] Built Problems (102s)
Build completed successfully (4380 jobs).
EXIT build: 0
