c mode plain
c vars 150 clauses 1378
c prunes_as_conflicts 0
c stat conflicts 124801
c stat decisions 247621
c stat propagations 1807981
c stat restarts 332
c stat reductions 62
c stat learnt_clauses 124800
c stat removed_clauses 121368
c stat reduct_checks 0
c stat reduct_sat 0
c stat reduct_unsat 0
c stat reduct_limit 0
c stat inner_conflicts 0
c stat inner_decisions 0
c stat inner_propagations 0
c stat pr_learnt 0
c stat pr_lits 0
c stat filter_tests 0
c stat filtered_clauses 0
c stat reduct_clauses 0
c stat reduct_lits 0
c stat filter_propagations 0
c stat max_reduct_vars 0
c stat cost 124801
c stat time_reduct_build 0.000
c stat time_inner 0.000
c stat time_total 11.631
s UNSATISFIABLE
