c mode sdcl
c vars 232 clauses 2444
c prunes_as_conflicts 0
c stat conflicts 0
c stat decisions 17874
c stat propagations 210269
c stat restarts 0
c stat reductions 0
c stat learnt_clauses 17853
c stat removed_clauses 0
c stat reduct_checks 35726
c stat reduct_sat 17853
c stat reduct_unsat 17873
c stat reduct_limit 0
c stat inner_conflicts 24588
c stat inner_decisions 242630
c stat inner_propagations 3089057
c stat pr_learnt 17853
c stat pr_lits 403143
c stat filter_tests 62528605
c stat filtered_clauses 7399435
c stat reduct_clauses 325919999
c stat reduct_lits 6956921671
c stat filter_propagations 666729070
c stat max_reduct_vars 153
c stat cost 60314
c stat time_reduct_build 2263.290
c stat time_inner 1073.560
c stat time_total 3600.149
s UNKNOWN
