c mode sdcl
c vars 300 clauses 1500
c prunes_as_conflicts 0
c stat conflicts 35318
c stat decisions 47706
c stat propagations 1790739
c stat restarts 125
c stat reductions 17
c stat learnt_clauses 40150
c stat removed_clauses 36228
c stat reduct_checks 52412
c stat reduct_sat 4832
c stat reduct_unsat 47580
c stat reduct_limit 0
c stat inner_conflicts 47665
c stat inner_decisions 6991
c stat inner_propagations 1487279
c stat pr_learnt 4832
c stat pr_lits 68224
c stat filter_tests 149733833
c stat filtered_clauses 130473670
c stat reduct_clauses 26106158
c stat reduct_lits 117862367
c stat filter_propagations 3471024000
c stat max_reduct_vars 112
c stat cost 135395
c stat time_reduct_build 3515.208
c stat time_inner 62.544
c stat time_total 3600.130
s UNKNOWN
