c mode plain
c vars 350 clauses 1750
c prunes_as_conflicts 0
c stat conflicts 1121550
c stat decisions 1356121
c stat propagations 55056098
c stat restarts 2046
c stat reductions 560
c stat learnt_clauses 1121549
c stat removed_clauses 1116136
c stat reduct_checks 0
c stat reduct_sat 0
c stat reduct_unsat 0
c stat reduct_limit 0
c stat inner_conflicts 0
c stat inner_decisions 0
c stat inner_propagations 0
c stat pr_learnt 0
c stat pr_lits 0
c stat filter_tests 0
c stat filtered_clauses 0
c stat reduct_clauses 0
c stat reduct_lits 0
c stat filter_propagations 0
c stat max_reduct_vars 0
c stat cost 1121550
c stat time_reduct_build 0.000
c stat time_inner 0.000
c stat time_total 251.853
s UNSATISFIABLE
