c mode plain
c vars 300 clauses 1500
c prunes_as_conflicts 0
c stat conflicts 149169
c stat decisions 179640
c stat propagations 6693398
c stat restarts 392
c stat reductions 74
c stat learnt_clauses 149168
c stat removed_clauses 145629
c stat reduct_checks 0
c stat reduct_sat 0
c stat reduct_unsat 0
c stat reduct_limit 0
c stat inner_conflicts 0
c stat inner_decisions 0
c stat inner_propagations 0
c stat pr_learnt 0
c stat pr_lits 0
c stat filter_tests 0
c stat filtered_clauses 0
c stat reduct_clauses 0
c stat reduct_lits 0
c stat filter_propagations 0
c stat max_reduct_vars 0
c stat cost 149169
c stat time_reduct_build 0.000
c stat time_inner 0.000
c stat time_total 24.943
s UNSATISFIABLE
