c mode sdcl
c vars 100 clauses 500
c prunes_as_conflicts 0
c stat conflicts 247
c stat decisions 326
c stat propagations 5948
c stat restarts 2
c stat reductions 0
c stat learnt_clauses 296
c stat removed_clauses 0
c stat reduct_checks 368
c stat reduct_sat 50
c stat reduct_unsat 318
c stat reduct_limit 0
c stat inner_conflicts 322
c stat inner_decisions 95
c stat inner_propagations 3038
c stat pr_learnt 50
c stat pr_lits 319
c stat filter_tests 69773
c stat filtered_clauses 49036
c stat reduct_clauses 36104
c stat reduct_lits 95616
c stat filter_propagations 819883
c stat max_reduct_vars 37
c stat cost 937
c stat time_reduct_build 1.643
c stat time_inner 0.196
c stat time_total 1.969
s UNSATISFIABLE
