c mode plain
c vars 200 clauses 1000
c prunes_as_conflicts 0
c stat conflicts 3354
c stat decisions 4038
c stat propagations 111330
c stat restarts 16
c stat reductions 1
c stat learnt_clauses 3353
c stat removed_clauses 987
c stat reduct_checks 0
c stat reduct_sat 0
c stat reduct_unsat 0
c stat reduct_limit 0
c stat inner_conflicts 0
c stat inner_decisions 0
c stat inner_propagations 0
c stat pr_learnt 0
c stat pr_lits 0
c stat filter_tests 0
c stat filtered_clauses 0
c stat reduct_clauses 0
c stat reduct_lits 0
c stat filter_propagations 0
c stat max_reduct_vars 0
c stat cost 3354
c stat time_reduct_build 0.000
c stat time_inner 0.000
c stat time_total 0.243
s UNSATISFIABLE
