c mode sdcl
c vars 250 clauses 1250
c prunes_as_conflicts 0
c stat conflicts 7903
c stat decisions 10161
c stat propagations 331039
c stat restarts 30
c stat reductions 3
c stat learnt_clauses 8615
c stat removed_clauses 4629
c stat reduct_checks 10833
c stat reduct_sat 713
c stat reduct_unsat 10120
c stat reduct_limit 0
c stat inner_conflicts 10133
c stat inner_decisions 1079
c stat inner_propagations 235239
c stat pr_learnt 713
c stat pr_lits 7135
c stat filter_tests 21792677
c stat filtered_clauses 18166733
c stat reduct_clauses 5795979
c stat reduct_lits 20734923
c stat filter_propagations 487644007
c stat max_reduct_vars 97
c stat cost 28869
c stat time_reduct_build 518.584
c stat time_inner 14.776
c stat time_total 538.758
s UNSATISFIABLE
