c mode sdcl
c vars 150 clauses 750
c prunes_as_conflicts 0
c stat conflicts 908
c stat decisions 1208
c stat propagations 28186
c stat restarts 6
c stat reductions 0
c stat learnt_clauses 1077
c stat removed_clauses 0
c stat reduct_checks 1367
c stat reduct_sat 170
c stat reduct_unsat 1197
c stat reduct_limit 0
c stat inner_conflicts 1210
c stat inner_decisions 331
c stat inner_propagations 19120
c stat pr_learnt 170
c stat pr_lits 1403
c stat filter_tests 717128
c stat filtered_clauses 558895
c stat reduct_clauses 283033
c stat reduct_lits 879022
c stat filter_propagations 10994995
c stat max_reduct_vars 54
c stat cost 3485
c stat time_reduct_build 8.337
c stat time_inner 0.918
c stat time_total 9.694
s UNSATISFIABLE
