c mode sdcl
c vars 350 clauses 1750
c prunes_as_conflicts 0
c stat conflicts 35570
c stat decisions 47064
c stat propagations 1845648
c stat restarts 125
c stat reductions 17
c stat learnt_clauses 39448
c stat removed_clauses 35395
c stat reduct_checks 50816
c stat reduct_sat 3878
c stat reduct_unsat 46938
c stat reduct_limit 0
c stat inner_conflicts 47027
c stat inner_decisions 4591
c stat inner_propagations 1348383
c stat pr_learnt 3878
c stat pr_lits 53652
c stat filter_tests 137403915
c stat filtered_clauses 118586552
c stat reduct_clauses 25042758
c stat reduct_lits 107878069
c stat filter_propagations 3327644226
c stat max_reduct_vars 105
c stat cost 133413
c stat time_reduct_build 3520.059
c stat time_inner 59.597
c stat time_total 3600.317
s UNKNOWN
