c mode sdcl
c vars 100 clauses 500
c prunes_as_conflicts 0
c stat conflicts 250
c stat decisions 369
c stat propagations 6388
c stat restarts 2
c stat reductions 0
c stat learnt_clauses 320
c stat removed_clauses 0
c stat reduct_checks 433
c stat reduct_sat 71
c stat reduct_unsat 362
c stat reduct_limit 0
c stat inner_conflicts 368
c stat inner_decisions 171
c stat inner_propagations 4231
c stat pr_learnt 71
c stat pr_lits 454
c stat filter_tests 79302
c stat filtered_clauses 53854
c stat reduct_clauses 42254
c stat reduct_lits 118831
c stat filter_propagations 859975
c stat max_reduct_vars 38
c stat cost 1051
c stat time_reduct_build 1.464
c stat time_inner 0.186
c stat time_total 1.786
s UNSATISFIABLE
