c mode sdcl
c vars 150 clauses 750
c prunes_as_conflicts 0
c stat conflicts 578
c stat decisions 752
c stat propagations 17075
c stat restarts 4
c stat reductions 0
c stat learnt_clauses 653
c stat removed_clauses 0
c stat reduct_checks 815
c stat reduct_sat 76
c stat reduct_unsat 739
c stat reduct_limit 0
c stat inner_conflicts 741
c stat inner_decisions 117
c stat inner_propagations 9999
c stat pr_learnt 76
c stat pr_lits 563
c stat filter_tests 277500
c stat filtered_clauses 195535
c stat reduct_clauses 145533
c stat reduct_lits 401037
c stat filter_propagations 3771982
c stat max_reduct_vars 63
c stat cost 2134
c stat time_reduct_build 4.062
c stat time_inner 0.493
c stat time_total 4.835
s UNSATISFIABLE
