c mode sdcl
c vars 150 clauses 750
c prunes_as_conflicts 0
c stat conflicts 1010
c stat decisions 1374
c stat propagations 31601
c stat restarts 6
c stat reductions 0
c stat learnt_clauses 1201
c stat removed_clauses 0
c stat reduct_checks 1551
c stat reduct_sat 192
c stat reduct_unsat 1359
c stat reduct_limit 0
c stat inner_conflicts 1381
c stat inner_decisions 358
c stat inner_propagations 21351
c stat pr_learnt 192
c stat pr_lits 1481
c stat filter_tests 831710
c stat filtered_clauses 642192
c stat reduct_clauses 344819
c stat reduct_lits 1073286
c stat filter_propagations 12477913
c stat max_reduct_vars 57
c stat cost 3942
c stat time_reduct_build 10.581
c stat time_inner 0.798
c stat time_total 11.782
s UNSATISFIABLE
