c mode sdcl
c vars 100 clauses 500
c prunes_as_conflicts 0
c stat conflicts 226
c stat decisions 306
c stat propagations 5317
c stat restarts 2
c stat reductions 0
c stat learnt_clauses 265
c stat removed_clauses 0
c stat reduct_checks 339
c stat reduct_sat 40
c stat reduct_unsat 299
c stat reduct_limit 0
c stat inner_conflicts 307
c stat inner_decisions 105
c stat inner_propagations 3170
c stat pr_learnt 40
c stat pr_lits 205
c stat filter_tests 57563
c stat filtered_clauses 37518
c stat reduct_clauses 41438
c stat reduct_lits 112388
c stat filter_propagations 651372
c stat max_reduct_vars 42
c stat cost 872
c stat time_reduct_build 0.835
c stat time_inner 0.090
c stat time_total 0.956
s UNSATISFIABLE
