c mode sdcl
c vars 150 clauses 750
c prunes_as_conflicts 0
c stat conflicts 680
c stat decisions 872
c stat propagations 19741
c stat restarts 5
c stat reductions 0
c stat learnt_clauses 747
c stat removed_clauses 0
c stat reduct_checks 924
c stat reduct_sat 68
c stat reduct_unsat 856
c stat reduct_limit 0
c stat inner_conflicts 864
c stat inner_decisions 101
c stat inner_propagations 12572
c stat pr_learnt 68
c stat pr_lits 496
c stat filter_tests 361059
c stat filtered_clauses 257032
c stat reduct_clauses 165151
c stat reduct_lits 445556
c stat filter_propagations 5186535
c stat max_reduct_vars 48
c stat cost 2468
c stat time_reduct_build 5.729
c stat time_inner 0.531
c stat time_total 6.731
s UNSATISFIABLE
