c mode plain
c vars 400 clauses 2000
c prunes_as_conflicts 0
c stat conflicts 6429097
c stat decisions 7806829
c stat propagations 338489018
c stat restarts 10237
c stat reductions 3214
c stat learnt_clauses 6429096
c stat removed_clauses 6420308
c stat reduct_checks 0
c stat reduct_sat 0
c stat reduct_unsat 0
c stat reduct_limit 0
c stat inner_conflicts 0
c stat inner_decisions 0
c stat inner_propagations 0
c stat pr_learnt 0
c stat pr_lits 0
c stat filter_tests 0
c stat filtered_clauses 0
c stat reduct_clauses 0
c stat reduct_lits 0
c stat filter_propagations 0
c stat max_reduct_vars 0
c stat cost 6429097
c stat time_reduct_build 0.000
c stat time_inner 0.000
c stat time_total 1744.008
s UNSATISFIABLE
