c mode sdcl
c vars 100 clauses 500
c prunes_as_conflicts 0
c stat conflicts 202
c stat decisions 284
c stat propagations 4944
c stat restarts 1
c stat reductions 0
c stat learnt_clauses 245
c stat removed_clauses 0
c stat reduct_checks 323
c stat reduct_sat 44
c stat reduct_unsat 279
c stat reduct_limit 0
c stat inner_conflicts 278
c stat inner_decisions 84
c stat inner_propagations 3200
c stat pr_learnt 44
c stat pr_lits 300
c stat filter_tests 55770
c stat filtered_clauses 35712
c stat reduct_clauses 35651
c stat reduct_lits 92425
c stat filter_propagations 668431
c stat max_reduct_vars 33
c stat cost 803
c stat time_reduct_build 0.556
c stat time_inner 0.062
c stat time_total 0.649
s UNSATISFIABLE
