c mode sdcl
c vars 100 clauses 500
c prunes_as_conflicts 0
c stat conflicts 237
c stat decisions 323
c stat propagations 5750
c stat restarts 2
c stat reductions 0
c stat learnt_clauses 287
c stat removed_clauses 0
c stat reduct_checks 367
c stat reduct_sat 51
c stat reduct_unsat 316
c stat reduct_limit 0
c stat inner_conflicts 317
c stat inner_decisions 67
c stat inner_propagations 3447
c stat pr_learnt 51
c stat pr_lits 331
c stat filter_tests 67434
c stat filtered_clauses 44198
c stat reduct_clauses 42997
c stat reduct_lits 123389
c stat filter_propagations 794610
c stat max_reduct_vars 32
c stat cost 921
c stat time_reduct_build 0.389
c stat time_inner 0.073
c stat time_total 0.557
s UNSATISFIABLE
