c mode sdcl
c vars 100 clauses 500
c prunes_as_conflicts 0
c stat conflicts 161
c stat decisions 242
c stat propagations 4078
c stat restarts 1
c stat reductions 0
c stat learnt_clauses 211
c stat removed_clauses 0
c stat reduct_checks 285
c stat reduct_sat 51
c stat reduct_unsat 234
c stat reduct_limit 0
c stat inner_conflicts 238
c stat inner_decisions 81
c stat inner_propagations 2998
c stat pr_learnt 51
c stat pr_lits 364
c stat filter_tests 48226
c stat filtered_clauses 31132
c stat reduct_clauses 27557
c stat reduct_lits 67307
c stat filter_propagations 572980
c stat max_reduct_vars 41
c stat cost 684
c stat time_reduct_build 0.830
c stat time_inner 0.181
c stat time_total 1.037
s UNSATISFIABLE
