c mode plain
c vars 200 clauses 1000
c prunes_as_conflicts 0
c stat conflicts 4832
c stat decisions 5874
c stat propagations 163669
c stat restarts 25
c stat reductions 2
c stat learnt_clauses 4831
c stat removed_clauses 2470
c stat reduct_checks 0
c stat reduct_sat 0
c stat reduct_unsat 0
c stat reduct_limit 0
c stat inner_conflicts 0
c stat inner_decisions 0
c stat inner_propagations 0
c stat pr_learnt 0
c stat pr_lits 0
c stat filter_tests 0
c stat filtered_clauses 0
c stat reduct_clauses 0
c stat reduct_lits 0
c stat filter_propagations 0
c stat max_reduct_vars 0
c stat cost 4832
c stat time_reduct_build 0.000
c stat time_inner 0.000
c stat time_total 0.480
s UNSATISFIABLE
