c mode sdcl
c vars 150 clauses 750
c prunes_as_conflicts 0
c stat conflicts 721
c stat decisions 935
c stat propagations 21822
c stat restarts 5
c stat reductions 0
c stat learnt_clauses 818
c stat removed_clauses 0
c stat reduct_checks 1018
c stat reduct_sat 98
c stat reduct_unsat 920
c stat reduct_limit 0
c stat inner_conflicts 922
c stat inner_decisions 146
c stat inner_propagations 12861
c stat pr_learnt 98
c stat pr_lits 771
c stat filter_tests 430201
c stat filtered_clauses 313813
c stat reduct_clauses 200732
c stat reduct_lits 600078
c stat filter_propagations 6330025
c stat max_reduct_vars 56
c stat cost 2661
c stat time_reduct_build 3.218
c stat time_inner 0.423
c stat time_total 3.774
s UNSATISFIABLE
