c mode sdcl
c vars 150 clauses 750
c prunes_as_conflicts 0
c stat conflicts 1249
c stat decisions 1632
c stat propagations 38631
c stat restarts 7
c stat reductions 0
c stat learnt_clauses 1444
c stat removed_clauses 0
c stat reduct_checks 1811
c stat reduct_sat 196
c stat reduct_unsat 1615
c stat reduct_limit 0
c stat inner_conflicts 1636
c stat inner_decisions 455
c stat inner_propagations 26303
c stat pr_learnt 196
c stat pr_lits 1498
c stat filter_tests 1180271
c stat filtered_clauses 950500
c stat reduct_clauses 423085
c stat reduct_lits 1307628
c stat filter_propagations 18713509
c stat max_reduct_vars 53
c stat cost 4696
c stat time_reduct_build 20.346
c stat time_inner 1.310
c stat time_total 22.015
s UNSATISFIABLE
