c mode sdcl
c vars 200 clauses 1000
c prunes_as_conflicts 0
c stat conflicts 4345
c stat decisions 5639
c stat propagations 161886
c stat restarts 21
c stat reductions 2
c stat learnt_clauses 4841
c stat removed_clauses 2773
c stat reduct_checks 6105
c stat reduct_sat 497
c stat reduct_unsat 5608
c stat reduct_limit 0
c stat inner_conflicts 5638
c stat inner_decisions 826
c stat inner_propagations 94315
c stat pr_learnt 497
c stat pr_lits 4480
c stat filter_tests 9129540
c stat filtered_clauses 7530798
c stat reduct_clauses 2666393
c stat reduct_lits 9378802
c stat filter_propagations 176959517
c stat max_reduct_vars 65
c stat cost 16088
c stat time_reduct_build 161.043
c stat time_inner 6.070
c stat time_total 169.330
s UNSATISFIABLE
