c mode plain
c vars 250 clauses 1250
c prunes_as_conflicts 0
c stat conflicts 39910
c stat decisions 47760
c stat propagations 1617594
c stat restarts 126
c stat reductions 19
c stat learnt_clauses 39909
c stat removed_clauses 35833
c stat reduct_checks 0
c stat reduct_sat 0
c stat reduct_unsat 0
c stat reduct_limit 0
c stat inner_conflicts 0
c stat inner_decisions 0
c stat inner_propagations 0
c stat pr_learnt 0
c stat pr_lits 0
c stat filter_tests 0
c stat filtered_clauses 0
c stat reduct_clauses 0
c stat reduct_lits 0
c stat filter_propagations 0
c stat max_reduct_vars 0
c stat cost 39910
c stat time_reduct_build 0.000
c stat time_inner 0.000
c stat time_total 3.934
s UNSATISFIABLE
