c mode sdcl
c vars 450 clauses 1200
c prunes_as_conflicts 0
c stat conflicts 0
c stat decisions 13206
c stat propagations 118642
c stat restarts 0
c stat reductions 0
c stat learnt_clauses 13112
c stat removed_clauses 0
c stat reduct_checks 26317
c stat reduct_sat 13112
c stat reduct_unsat 13205
c stat reduct_limit 0
c stat inner_conflicts 14627
c stat inner_decisions 42334
c stat inner_propagations 5194709
c stat pr_learnt 13112
c stat pr_lits 1257498
c stat filter_tests 69277771
c stat filtered_clauses 947598
c stat reduct_clauses 186809371
c stat reduct_lits 16188262264
c stat filter_propagations 641659671
c stat max_reduct_vars 211
c stat cost 40944
c stat time_reduct_build 2117.490
c stat time_inner 1320.100
c stat time_total 3600.917
s UNKNOWN
