c mode sdcl
c vars 30 clauses 80
c prunes_as_conflicts 0
c stat conflicts 8
c stat decisions 420
c stat propagations 2920
c stat restarts 0
c stat reductions 0
c stat learnt_clauses 419
c stat removed_clauses 0
c stat reduct_checks 821
c stat reduct_sat 412
c stat reduct_unsat 409
c stat reduct_limit 0
c stat inner_conflicts 587
c stat inner_decisions 1810
c stat inner_propagations 13090
c stat pr_learnt 412
c stat pr_lits 1856
c stat filter_tests 83483
c stat filtered_clauses 57185
c stat reduct_clauses 152138
c stat reduct_lits 555867
c stat filter_propagations 552398
c stat max_reduct_vars 25
c stat cost 1416
c stat time_reduct_build 0.473
c stat time_inner 0.565
c stat time_total 1.328
s UNSATISFIABLE
