c mode sdcl
c vars 90 clauses 240
c prunes_as_conflicts 0
c stat conflicts 0
c stat decisions 19630
c stat propagations 140483
c stat restarts 0
c stat reductions 0
c stat learnt_clauses 19617
c stat removed_clauses 0
c stat reduct_checks 39246
c stat reduct_sat 19617
c stat reduct_unsat 19629
c stat reduct_limit 0
c stat inner_conflicts 27709
c stat inner_decisions 40408
c stat inner_propagations 1586127
c stat pr_learnt 19617
c stat pr_lits 294984
c stat filter_tests 62365111
c stat filtered_clauses 0
c stat reduct_clauses 389640572
c stat reduct_lits 5488510484
c stat filter_propagations 552460184
c stat max_reduct_vars 55
c stat cost 66955
c stat time_reduct_build 2023.302
c stat time_inner 1266.781
c stat time_total 3600.009
s UNKNOWN
