c mode sdcl
c vars 60 clauses 160
c prunes_as_conflicts 0
c stat conflicts 0
c stat decisions 17597
c stat propagations 142321
c stat restarts 0
c stat reductions 0
c stat learnt_clauses 17588
c stat removed_clauses 0
c stat reduct_checks 35181
c stat reduct_sat 17588
c stat reduct_unsat 17593
c stat reduct_limit 0
c stat inner_conflicts 25242
c stat inner_decisions 64820
c stat inner_propagations 1100510
c stat pr_learnt 17588
c stat pr_lits 152218
c stat filter_tests 92569452
c stat filtered_clauses 4652248
c stat reduct_clauses 308074504
c stat reduct_lits 2251334995
c stat filter_propagations 756005928
c stat max_reduct_vars 43
c stat cost 60423
c stat time_reduct_build 2657.497
c stat time_inner 711.575
c stat time_total 3600.209
s UNKNOWN
