c mode sdcl
c vars 60 clauses 160
c prunes_as_conflicts 0
c stat conflicts 0
c stat decisions 18061
c stat propagations 219610
c stat restarts 0
c stat reductions 0
c stat learnt_clauses 18052
c stat removed_clauses 0
c stat reduct_checks 36112
c stat reduct_sat 18052
c stat reduct_unsat 18060
c stat reduct_limit 0
c stat inner_conflicts 24451
c stat inner_decisions 111658
c stat inner_propagations 1107798
c stat pr_learnt 18052
c stat pr_lits 174878
c stat filter_tests 63195708
c stat filtered_clauses 7059860
c stat reduct_clauses 322206158
c stat reduct_lits 2986167325
c stat filter_propagations 756000218
c stat max_reduct_vars 42
c stat cost 60563
c stat time_reduct_build 2517.120
c stat time_inner 848.275
c stat time_total 3600.216
s UNKNOWN
