c mode sdcl
c vars 60 clauses 160
c prunes_as_conflicts 0
c stat conflicts 4
c stat decisions 14199
c stat propagations 139664
c stat restarts 0
c stat reductions 0
c stat learnt_clauses 14191
c stat removed_clauses 0
c stat reduct_checks 28385
c stat reduct_sat 14187
c stat reduct_unsat 14198
c stat reduct_limit 0
c stat inner_conflicts 24769
c stat inner_decisions 65472
c stat inner_propagations 936323
c stat pr_learnt 14187
c stat pr_lits 120739
c stat filter_tests 123453257
c stat filtered_clauses 25657279
c stat reduct_clauses 178425660
c stat reduct_lits 1226749930
c stat filter_propagations 1466432289
c stat max_reduct_vars 56
c stat cost 53158
c stat time_reduct_build 3063.560
c stat time_inner 414.374
c stat time_total 3600.078
s UNKNOWN
