c mode sdcl
c vars 60 clauses 160
c prunes_as_conflicts 0
c stat conflicts 0
c stat decisions 20555
c stat propagations 135991
c stat restarts 0
c stat reductions 0
c stat learnt_clauses 20549
c stat removed_clauses 0
c stat reduct_checks 41103
c stat reduct_sat 20549
c stat reduct_unsat 20554
c stat reduct_limit 0
c stat inner_conflicts 27387
c stat inner_decisions 45937
c stat inner_propagations 1214851
c stat pr_learnt 20549
c stat pr_lits 177450
c stat filter_tests 56123543
c stat filtered_clauses 5237873
c stat reduct_clauses 420689285
c stat reduct_lits 3326427517
c stat filter_propagations 392404017
c stat max_reduct_vars 39
c stat cost 68490
c stat time_reduct_build 2268.468
c stat time_inner 1030.845
c stat time_total 3600.008
s UNKNOWN
