c mode sdcl
c vars 60 clauses 160
c prunes_as_conflicts 0
c stat conflicts 0
c stat decisions 16123
c stat propagations 195436
c stat restarts 0
c stat reductions 0
c stat learnt_clauses 16116
c stat removed_clauses 0
c stat reduct_checks 32238
c stat reduct_sat 16116
c stat reduct_unsat 16122
c stat reduct_limit 0
c stat inner_conflicts 20670
c stat inner_decisions 85914
c stat inner_propagations 1061270
c stat pr_learnt 16116
c stat pr_lits 164699
c stat filter_tests 80543811
c stat filtered_clauses 15035159
c stat reduct_clauses 247842492
c stat reduct_lits 2383694515
c stat filter_propagations 869159027
c stat max_reduct_vars 43
c stat cost 52908
c stat time_reduct_build 2747.838
c stat time_inner 670.846
c stat time_total 3600.368
s UNKNOWN
