c mode sdcl
c vars 225 clauses 600
c prunes_as_conflicts 0
c stat conflicts 0
c stat decisions 18261
c stat propagations 154494
c stat restarts 0
c stat reductions 0
c stat learnt_clauses 18228
c stat removed_clauses 0
c stat reduct_checks 36488
c stat reduct_sat 18228
c stat reduct_unsat 18260
c stat reduct_limit 0
c stat inner_conflicts 27292
c stat inner_decisions 18428
c stat inner_propagations 2377540
c stat pr_learnt 18228
c stat pr_lits 606658
c stat filter_tests 64287273
c stat filtered_clauses 0
c stat reduct_clauses 339832986
c stat reduct_lits 11014295374
c stat filter_propagations 557036717
c stat max_reduct_vars 82
c stat cost 63780
c stat time_reduct_build 1984.739
c stat time_inner 1342.025
c stat time_total 3600.580
s UNKNOWN
