c mode plain
c vars 120 clauses 320
c prunes_as_conflicts 0
c stat conflicts 2987721
c stat decisions 4510789
c stat propagations 30282028
c stat restarts 5179
c stat reductions 1493
c stat learnt_clauses 2987720
c stat removed_clauses 2983480
c stat reduct_checks 0
c stat reduct_sat 0
c stat reduct_unsat 0
c stat reduct_limit 0
c stat inner_conflicts 0
c stat inner_decisions 0
c stat inner_propagations 0
c stat pr_learnt 0
c stat pr_lits 0
c stat filter_tests 0
c stat filtered_clauses 0
c stat reduct_clauses 0
c stat reduct_lits 0
c stat filter_propagations 0
c stat max_reduct_vars 0
c stat cost 2987721
c stat time_reduct_build 0.000
c stat time_inner 0.000
c stat time_total 351.660
s UNSATISFIABLE
