c mode sdcl
c vars 30 clauses 80
c prunes_as_conflicts 0
c stat conflicts 6
c stat decisions 387
c stat propagations 3621
c stat restarts 0
c stat reductions 0
c stat learnt_clauses 386
c stat removed_clauses 0
c stat reduct_checks 757
c stat reduct_sat 381
c stat reduct_unsat 376
c stat reduct_limit 0
c stat inner_conflicts 583
c stat inner_decisions 2225
c stat inner_propagations 13110
c stat pr_learnt 381
c stat pr_lits 1571
c stat filter_tests 55080
c stat filtered_clauses 34866
c stat reduct_clauses 148219
c stat reduct_lits 507922
c stat filter_propagations 386535
c stat max_reduct_vars 27
c stat cost 1346
c stat time_reduct_build 0.489
c stat time_inner 0.840
c stat time_total 1.656
s UNSATISFIABLE
