c mode sdcl
c vars 60 clauses 160
c prunes_as_conflicts 0
c stat conflicts 7
c stat decisions 15064
c stat propagations 157672
c stat restarts 0
c stat reductions 0
c stat learnt_clauses 15057
c stat removed_clauses 0
c stat reduct_checks 30113
c stat reduct_sat 15050
c stat reduct_unsat 15063
c stat reduct_limit 0
c stat inner_conflicts 22244
c stat inner_decisions 79004
c stat inner_propagations 917013
c stat pr_learnt 15050
c stat pr_lits 125643
c stat filter_tests 93062761
c stat filtered_clauses 20635727
c stat reduct_clauses 208737339
c stat reduct_lits 1563684730
c stat filter_propagations 991253772
c stat max_reduct_vars 57
c stat cost 52364
c stat time_reduct_build 2969.801
c stat time_inner 485.584
c stat time_total 3600.151
s UNKNOWN
