c mode sdcl
c vars 90 clauses 240
c prunes_as_conflicts 0
c stat conflicts 2
c stat decisions 15111
c stat propagations 113828
c stat restarts 0
c stat reductions 0
c stat learnt_clauses 15093
c stat removed_clauses 0
c stat reduct_checks 30201
c stat reduct_sat 15091
c stat reduct_unsat 15110
c stat reduct_limit 0
c stat inner_conflicts 25375
c stat inner_decisions 39744
c stat inner_propagations 1493417
c stat pr_learnt 15091
c stat pr_lits 209604
c stat filter_tests 90763157
c stat filtered_clauses 14238741
c stat reduct_clauses 217886405
c stat reduct_lits 2681352037
c stat filter_propagations 839081720
c stat max_reduct_vars 73
c stat cost 55578
c stat time_reduct_build 2761.461
c stat time_inner 676.816
c stat time_total 3600.617
s UNKNOWN
