c mode sdcl
c vars 90 clauses 240
c prunes_as_conflicts 0
c stat conflicts 0
c stat decisions 15131
c stat propagations 102336
c stat restarts 0
c stat reductions 0
c stat learnt_clauses 15114
c stat removed_clauses 0
c stat reduct_checks 30244
c stat reduct_sat 15114
c stat reduct_unsat 15130
c stat reduct_limit 0
c stat inner_conflicts 24186
c stat inner_decisions 19095
c stat inner_propagations 1225078
c stat pr_learnt 15114
c stat pr_lits 235265
c stat filter_tests 105152669
c stat filtered_clauses 4893701
c stat reduct_clauses 227220586
c stat reduct_lits 3272540331
c stat filter_propagations 880311023
c stat max_reduct_vars 52
c stat cost 54430
c stat time_reduct_build 2721.434
c stat time_inner 705.771
c stat time_total 3600.043
s UNKNOWN
