c mode plain
c vars 120 clauses 320
c prunes_as_conflicts 0
c stat conflicts 5129420
c stat decisions 7665169
c stat propagations 53326670
c stat restarts 8190
c stat reductions 2564
c stat learnt_clauses 5129419
c stat removed_clauses 5125284
c stat reduct_checks 0
c stat reduct_sat 0
c stat reduct_unsat 0
c stat reduct_limit 0
c stat inner_conflicts 0
c stat inner_decisions 0
c stat inner_propagations 0
c stat pr_learnt 0
c stat pr_lits 0
c stat filter_tests 0
c stat filtered_clauses 0
c stat reduct_clauses 0
c stat reduct_lits 0
c stat filter_propagations 0
c stat max_reduct_vars 0
c stat cost 5129420
c stat time_reduct_build 0.000
c stat time_inner 0.000
c stat time_total 593.399
s UNSATISFIABLE
