c mode sdcl
c vars 60 clauses 160
c prunes_as_conflicts 0
c stat conflicts 0
c stat decisions 14641
c stat propagations 137096
c stat restarts 0
c stat reductions 0
c stat learnt_clauses 14634
c stat removed_clauses 0
c stat reduct_checks 29274
c stat reduct_sat 14634
c stat reduct_unsat 14640
c stat reduct_limit 0
c stat inner_conflicts 21837
c stat inner_decisions 62443
c stat inner_propagations 966473
c stat pr_learnt 14634
c stat pr_lits 138583
c stat filter_tests 82990750
c stat filtered_clauses 9475765
c stat reduct_clauses 207482820
c stat reduct_lits 1709112252
c stat filter_propagations 772854935
c stat max_reduct_vars 51
c stat cost 51111
c stat time_reduct_build 2901.447
c stat time_inner 547.333
c stat time_total 3600.924
s UNKNOWN
