c mode sdcl
c vars 60 clauses 160
c prunes_as_conflicts 0
c stat conflicts 0
c stat decisions 16462
c stat propagations 142651
c stat restarts 0
c stat reductions 0
c stat learnt_clauses 16452
c stat removed_clauses 0
c stat reduct_checks 32913
c stat reduct_sat 16452
c stat reduct_unsat 16461
c stat reduct_limit 0
c stat inner_conflicts 27317
c stat inner_decisions 96040
c stat inner_propagations 1138716
c stat pr_learnt 16452
c stat pr_lits 144051
c stat filter_tests 90544583
c stat filtered_clauses 16962678
c stat reduct_clauses 256969036
c stat reduct_lits 2014239269
c stat filter_propagations 720204006
c stat max_reduct_vars 48
c stat cost 60230
c stat time_reduct_build 2793.374
c stat time_inner 625.780
c stat time_total 3600.141
s UNKNOWN
