c mode sdcl
c vars 56 clauses 172
c prunes_as_conflicts 0
c stat conflicts 15
c stat decisions 37
c stat propagations 557
c stat restarts 0
c stat reductions 0
c stat learnt_clauses 33
c stat removed_clauses 0
c stat reduct_checks 52
c stat reduct_sat 19
c stat reduct_unsat 33
c stat reduct_limit 0
c stat inner_conflicts 37
c stat inner_decisions 65
c stat inner_propagations 972
c stat pr_learnt 19
c stat pr_lits 64
c stat filter_tests 1172
c stat filtered_clauses 793
c stat reduct_clauses 3660
c stat reduct_lits 8044
c stat filter_propagations 14963
c stat max_reduct_vars 34
c stat cost 104
c stat time_reduct_build 0.005
c stat time_inner 0.006
c stat time_total 0.016
s UNSATISFIABLE
