F5 cliquecol_n10_k4_c3.cnf TIMEOUT conflicts None pruned None wall 3722.926 None
F5 cliquecol_n16_k4_c3.cnf TIMEOUT conflicts None pruned None wall 3723.578 None
F8 mchess_16.cnf UNSATISFIABLE conflicts 1008742 pruned 5787 wall 254.626 VERIFIED
F5 cliquecol_n20_k5_c4.cnf TIMEOUT conflicts None pruned None wall 3723.281 None
F3 php_21_20.cnf UNSATISFIABLE conflicts 2707 pruned 2652 wall 53.285 VERIFIED
F4 tseitin_n20_s0.cnf UNSATISFIABLE conflicts 231 pruned 82 wall 2.639 VERIFIED
F4 tseitin_n20_s1.cnf UNSATISFIABLE conflicts 328 pruned 63 wall 2.019 VERIFIED
F4 tseitin_n20_s2.cnf UNSATISFIABLE conflicts 231 pruned 54 wall 2.521 VERIFIED
F4 tseitin_n20_s3.cnf UNSATISFIABLE conflicts 410 pruned 78 wall 2.685 VERIFIED
F4 tseitin_n20_s4.cnf UNSATISFIABLE conflicts 1082 pruned 116 wall 2.741 VERIFIED
F4 tseitin_n20_s5.cnf UNSATISFIABLE conflicts 845 pruned 114 wall 2.737 VERIFIED
F4 tseitin_n20_s6.cnf UNSATISFIABLE conflicts 778 pruned 82 wall 2.513 VERIFIED
F4 tseitin_n20_s7.cnf UNSATISFIABLE conflicts 1296 pruned 130 wall 2.788 VERIFIED
F4 tseitin_n20_s8.cnf UNSATISFIABLE conflicts 2538 pruned 133 wall 2.789 VERIFIED
F4 tseitin_n20_s9.cnf UNSATISFIABLE conflicts 182 pruned 51 wall 2.592 VERIFIED
F5 cliquecol_n25_k5_c4.cnf TIMEOUT conflicts None pruned None wall 3723.005 None
F3 php_26_25.cnf UNSATISFIABLE conflicts 5247 pruned 5192 wall 163.43 VERIFIED
F5 cliquecol_n30_k6_c5.cnf TIMEOUT conflicts None pruned None wall 3723.861 None
F3 php_31_30.cnf UNSATISFIABLE conflicts 9037 pruned 8982 wall 330.031 VERIFIED
F3 php_41_40.cnf UNSATISFIABLE conflicts 21367 pruned 21312 wall 1565.555 VERIFIED
F4 tseitin_n40_s0.cnf UNSATISFIABLE conflicts 1061 pruned 336 wall 3.302 VERIFIED
F4 tseitin_n40_s1.cnf UNSATISFIABLE conflicts 3034 pruned 740 wall 4.902 VERIFIED
F4 tseitin_n40_s2.cnf UNSATISFIABLE conflicts 808 pruned 254 wall 3.078 VERIFIED
F4 tseitin_n40_s3.cnf UNSATISFIABLE conflicts 10345 pruned 905 wall 6.106 VERIFIED
F4 tseitin_n40_s4.cnf UNSATISFIABLE conflicts 5966 pruned 603 wall 4.347 VERIFIED
F4 tseitin_n40_s5.cnf UNSATISFIABLE conflicts 2261 pruned 770 wall 5.198 VERIFIED
F4 tseitin_n40_s6.cnf UNSATISFIABLE conflicts 1370 pruned 335 wall 2.676 VERIFIED
F4 tseitin_n40_s7.cnf UNSATISFIABLE conflicts 7248 pruned 768 wall 5.312 VERIFIED
F4 tseitin_n40_s8.cnf UNSATISFIABLE conflicts 3269 pruned 350 wall 3.432 VERIFIED
F4 tseitin_n40_s9.cnf UNSATISFIABLE conflicts 2749 pruned 611 wall 4.343 VERIFIED
F4 tseitin_n60_s0.cnf UNSATISFIABLE conflicts 19494 pruned 2936 wall 14.805 VERIFIED
F4 tseitin_n60_s1.cnf UNSATISFIABLE conflicts 4931 pruned 1244 wall 8.971 VERIFIED
F4 tseitin_n60_s2.cnf UNSATISFIABLE conflicts 1910 pruned 643 wall 4.41 VERIFIED
F4 tseitin_n60_s3.cnf UNSATISFIABLE conflicts 4138 pruned 1088 wall 6.74 VERIFIED
F4 tseitin_n60_s4.cnf UNSATISFIABLE conflicts 20955 pruned 14017 wall 188.28 VERIFIED
F4 tseitin_n60_s5.cnf UNSATISFIABLE conflicts 8230 pruned 2377 wall 19.116 VERIFIED
F4 tseitin_n60_s6.cnf UNSATISFIABLE conflicts 2176 pruned 876 wall 5.633 VERIFIED
F4 tseitin_n60_s7.cnf UNSATISFIABLE conflicts 5809 pruned 2556 wall 12.698 VERIFIED
F4 tseitin_n60_s8.cnf UNSATISFIABLE conflicts 15781 pruned 5102 wall 57.305 VERIFIED
F4 tseitin_n60_s9.cnf UNSATISFIABLE conflicts 11604 pruned 2296 wall 15.191 VERIFIED
F4 tseitin_n80_s0.cnf UNSATISFIABLE conflicts 5556 pruned 2498 wall 13.861 VERIFIED
F4 tseitin_n80_s1.cnf UNSATISFIABLE conflicts 6593 pruned 3439 wall 17.67 VERIFIED
F4 tseitin_n80_s2.cnf UNSATISFIABLE conflicts 143441 pruned 7441 wall 68.08 VERIFIED
F4 tseitin_n80_s3.cnf UNSATISFIABLE conflicts 27100 pruned 11861 wall 116.009 VERIFIED
F4 tseitin_n80_s4.cnf UNKNOWN conflicts 62226 pruned 60247 wall 3606.608 None
F4 tseitin_n80_s5.cnf UNSATISFIABLE conflicts 16326 pruned 10526 wall 92.558 VERIFIED
F4 tseitin_n80_s6.cnf UNSATISFIABLE conflicts 10871 pruned 5921 wall 36.84 VERIFIED
F4 tseitin_n80_s7.cnf UNSATISFIABLE conflicts 82515 pruned 71142 wall 3155.594 VERIFIED
F4 tseitin_n80_s8.cnf UNSATISFIABLE conflicts 11423 pruned 5710 wall 35.225 VERIFIED
F4 tseitin_n80_s9.cnf UNSATISFIABLE conflicts 27883 pruned 18339 wall 305.564 VERIFIED
F4 tseitin_n100_s0.cnf UNSATISFIABLE conflicts 50706 pruned 15840 wall 251.99 VERIFIED
F4 tseitin_n100_s1.cnf UNSATISFIABLE conflicts 543054 pruned 23828 wall 316.201 VERIFIED
F4 tseitin_n100_s2.cnf UNSATISFIABLE conflicts 101892 pruned 21093 wall 807.741 VERIFIED
F4 tseitin_n100_s3.cnf UNSATISFIABLE conflicts 20830 pruned 10056 wall 311.271 VERIFIED
F4 tseitin_n100_s4.cnf UNSATISFIABLE conflicts 35911 pruned 11782 wall 378.616 VERIFIED
F4 tseitin_n100_s5.cnf UNSATISFIABLE conflicts 49457 pruned 10231 wall 250.637 VERIFIED
F4 tseitin_n100_s6.cnf UNSATISFIABLE conflicts 24763 pruned 16551 wall 547.459 VERIFIED
F4 tseitin_n100_s7.cnf UNKNOWN conflicts 52619 pruned 51416 wall 3659.546 None
F4 tseitin_n100_s8.cnf UNKNOWN conflicts 45040 pruned 44073 wall 3668.673 None
F4 tseitin_n100_s9.cnf UNKNOWN conflicts 56263 pruned 54932 wall 3697.356 None
F4 tseitin_n150_s0.cnf UNKNOWN conflicts 44164 pruned 44088 wall 3699.424 None
F4 tseitin_n150_s1.cnf TIMEOUT conflicts None pruned None wall 3723.427 None
F4 tseitin_n150_s2.cnf TIMEOUT conflicts None pruned None wall 3721.916 None
F4 tseitin_n150_s3.cnf TIMEOUT conflicts None pruned None wall 3721.809 None
F4 tseitin_n150_s4.cnf TIMEOUT conflicts None pruned None wall 3721.518 None
