jobs total 1881, done 0, todo 1881
[1/1881] F1 rand426_n50_s13.cnf sdcl -> SATISFIABLE cost=400 wall=0.508
[2/1881] F1 rand426_n50_s10.cnf sdcl -> SATISFIABLE cost=373 wall=0.526
[3/1881] F1 rand426_n50_s11.cnf sdcl -> SATISFIABLE cost=228 wall=0.449
[4/1881] F1 rand426_n50_s15.cnf sdcl -> SATISFIABLE cost=176 wall=0.451
[5/1881] F1 rand426_n50_s16.cnf sdcl -> SATISFIABLE cost=293 wall=0.403
[6/1881] F1 rand426_n50_s18.cnf sdcl -> SATISFIABLE cost=146 wall=0.269
[7/1881] F1 rand426_n50_s0.cnf sdcl -> SATISFIABLE cost=290 wall=0.539
[8/1881] F1 rand426_n50_s1.cnf sdcl -> UNSATISFIABLE cost=215 wall=0.537
[9/1881] F1 rand426_n50_s14.cnf sdcl -> SATISFIABLE cost=285 wall=0.498
[10/1881] F1 rand426_n50_s2.cnf sdcl -> UNSATISFIABLE cost=79 wall=0.192
[11/1881] F1 rand426_n50_s12.cnf sdcl -> UNSATISFIABLE cost=194 wall=0.228
[12/1881] F1 rand426_n50_s17.cnf sdcl -> UNSATISFIABLE cost=211 wall=0.397
[13/1881] F1 rand426_n50_s19.cnf sdcl -> UNSATISFIABLE cost=207 wall=0.39
[14/1881] F1 rand426_n50_s5.cnf sdcl -> SATISFIABLE cost=341 wall=0.483
[15/1881] F1 rand426_n50_s9.cnf sdcl -> SATISFIABLE cost=257 wall=0.465
[16/1881] F1 uf50-01.cnf sdcl -> SATISFIABLE cost=201 wall=0.44
[17/1881] F1 uf50-02.cnf sdcl -> SATISFIABLE cost=189 wall=0.393
[18/1881] F1 rand426_n50_s6.cnf sdcl -> SATISFIABLE cost=78 wall=0.69
[19/1881] F1 rand426_n50_s8.cnf sdcl -> SATISFIABLE cost=139 wall=0.492
[20/1881] F1 uf50-04.cnf sdcl -> SATISFIABLE cost=167 wall=0.308
[21/1881] F1 rand426_n50_s3.cnf sdcl -> UNSATISFIABLE cost=373 wall=0.499
[22/1881] F1 rand426_n50_s4.cnf sdcl -> UNSATISFIABLE cost=118 wall=0.268
[23/1881] F1 uf50-03.cnf sdcl -> SATISFIABLE cost=589 wall=0.545
[24/1881] F1 rand426_n50_s7.cnf sdcl -> UNSATISFIABLE cost=194 wall=0.434
[25/1881] F1 uf50-05.cnf sdcl -> SATISFIABLE cost=1016 wall=0.989
[26/1881] F1 uf50-06.cnf sdcl -> SATISFIABLE cost=205 wall=0.304
[27/1881] F1 uf50-08.cnf sdcl -> SATISFIABLE cost=133 wall=0.314
[28/1881] F1 uf50-09.cnf sdcl -> SATISFIABLE cost=131 wall=0.426
[29/1881] F1 uf50-07.cnf sdcl -> SATISFIABLE cost=180 wall=0.554
[30/1881] F1 uf50-10.cnf sdcl -> SATISFIABLE cost=257 wall=0.567
[31/1881] F1 uuf50-01.cnf sdcl -> UNSATISFIABLE cost=225 wall=0.446
[32/1881] F1 uuf50-05.cnf sdcl -> UNSATISFIABLE cost=171 wall=0.392
[33/1881] F1 uuf50-09.cnf sdcl -> UNSATISFIABLE cost=206 wall=0.311
[34/1881] F1 uuf50-02.cnf sdcl -> UNSATISFIABLE cost=101 wall=0.371
[35/1881] F1 uuf50-10.cnf sdcl -> UNSATISFIABLE cost=120 wall=0.325
[36/1881] F1 uuf50-08.cnf sdcl -> UNSATISFIABLE cost=107 wall=0.291
[37/1881] F1 uuf50-04.cnf sdcl -> UNSATISFIABLE cost=200 wall=0.353
[38/1881] F1 uuf50-03.cnf sdcl -> UNSATISFIABLE cost=172 wall=0.359
[39/1881] F1 uuf50-07.cnf sdcl -> UNSATISFIABLE cost=135 wall=0.321
[40/1881] F1 uuf50-06.cnf sdcl -> UNSATISFIABLE cost=190 wall=0.387
[41/1881] F2 rand500_n100_s1.cnf sdcl -> UNSATISFIABLE cost=921 wall=0.84
[42/1881] F2 rand500_n100_s0.cnf sdcl -> UNSATISFIABLE cost=813 wall=0.717
[43/1881] F4 tseitin_n20_s0.cnf sdcl -> UNSATISFIABLE cost=1159 wall=1.047
[44/1881] F2 rand500_n100_s5.cnf sdcl -> UNSATISFIABLE cost=803 wall=0.987
[45/1881] F2 rand500_n100_s9.cnf sdcl -> UNSATISFIABLE cost=581 wall=1.291
[46/1881] F2 rand500_n100_s7.cnf sdcl -> UNSATISFIABLE cost=684 wall=1.287
[47/1881] F2 rand500_n100_s2.cnf sdcl -> UNSATISFIABLE cost=1217 wall=2.08
[48/1881] F2 rand500_n100_s6.cnf sdcl -> UNSATISFIABLE cost=872 wall=1.263
[49/1881] F2 rand500_n100_s4.cnf sdcl -> UNSATISFIABLE cost=694 wall=1.563
[50/1881] F2 rand500_n100_s3.cnf sdcl -> UNSATISFIABLE cost=937 wall=2.262
[51/1881] F2 rand500_n100_s8.cnf sdcl -> UNSATISFIABLE cost=1051 wall=2.075
[52/1881] F4 tseitin_n20_s1.cnf sdcl -> UNSATISFIABLE cost=1346 wall=1.95
[53/1881] F6 fact_b6_sat_s0.cnf sdcl -> SATISFIABLE cost=39 wall=0.336
[54/1881] F4 tseitin_n20_s9.cnf sdcl -> UNSATISFIABLE cost=834 wall=0.726
[55/1881] F6 fact_b6_sat_s1.cnf sdcl -> SATISFIABLE cost=103 wall=0.602
[56/1881] F6 fact_b6_sat_s2.cnf sdcl -> SATISFIABLE cost=103 wall=0.44
[57/1881] F6 fact_b6_sat_s3.cnf sdcl -> SATISFIABLE cost=54 wall=0.369
[58/1881] F6 fact_b6_sat_s4.cnf sdcl -> SATISFIABLE cost=47 wall=0.32
[59/1881] F4 tseitin_n20_s3.cnf sdcl -> UNSATISFIABLE cost=1688 wall=2.34
[60/1881] F6 fact_b6_unsat_s0.cnf sdcl -> UNSATISFIABLE cost=50 wall=0.335
[61/1881] F4 tseitin_n20_s5.cnf sdcl -> UNSATISFIABLE cost=1537 wall=1.245
[62/1881] F4 tseitin_n20_s8.cnf sdcl -> UNSATISFIABLE cost=1416 wall=1.585
[63/1881] F6 fact_b6_unsat_s1.cnf sdcl -> UNSATISFIABLE cost=111 wall=0.514
[64/1881] F4 tseitin_n20_s2.cnf sdcl -> UNSATISFIABLE cost=2152 wall=2.708
[65/1881] F1 rand426_n50_s0.cnf plain -> SATISFIABLE cost=19 wall=0.271
[66/1881] F6 fact_b6_unsat_s2.cnf sdcl -> UNSATISFIABLE cost=30 wall=0.371
[67/1881] F8 mchess_6.cnf sdcl -> UNSATISFIABLE cost=104 wall=0.267
[68/1881] F6 fact_b6_unsat_s4.cnf sdcl -> UNSATISFIABLE cost=46 wall=0.201
[69/1881] F1 rand426_n50_s10.cnf plain -> SATISFIABLE cost=34 wall=0.273
[70/1881] F6 fact_b6_unsat_s3.cnf sdcl -> UNSATISFIABLE cost=64 wall=0.347
[71/1881] F1 rand426_n50_s1.cnf plain -> UNSATISFIABLE cost=81 wall=0.296
[72/1881] F1 rand426_n50_s11.cnf plain -> SATISFIABLE cost=54 wall=0.289
[73/1881] F1 rand426_n50_s13.cnf plain -> SATISFIABLE cost=125 wall=0.363
[74/1881] F1 rand426_n50_s12.cnf plain -> UNSATISFIABLE cost=58 wall=0.356
[75/1881] F1 rand426_n50_s14.cnf plain -> SATISFIABLE cost=66 wall=0.289
[76/1881] F1 rand426_n50_s15.cnf plain -> SATISFIABLE cost=15 wall=0.197
[77/1881] F1 rand426_n50_s16.cnf plain -> SATISFIABLE cost=17 wall=0.199
[78/1881] F1 rand426_n50_s18.cnf plain -> SATISFIABLE cost=5 wall=0.29
[79/1881] F1 rand426_n50_s5.cnf plain -> SATISFIABLE cost=73 wall=0.216
[80/1881] F1 rand426_n50_s17.cnf plain -> UNSATISFIABLE cost=79 wall=0.306
[81/1881] F1 rand426_n50_s19.cnf plain -> UNSATISFIABLE cost=68 wall=0.28
[82/1881] F1 rand426_n50_s6.cnf plain -> SATISFIABLE cost=12 wall=0.215
[83/1881] F1 rand426_n50_s3.cnf plain -> UNSATISFIABLE cost=91 wall=0.245
[84/1881] F1 rand426_n50_s4.cnf plain -> UNSATISFIABLE cost=65 wall=0.248
[85/1881] F1 rand426_n50_s2.cnf plain -> UNSATISFIABLE cost=33 wall=0.357
[86/1881] F1 rand426_n50_s8.cnf plain -> SATISFIABLE cost=38 wall=0.237
[87/1881] F1 rand426_n50_s7.cnf plain -> UNSATISFIABLE cost=45 wall=0.242
[88/1881] F1 rand426_n50_s9.cnf plain -> SATISFIABLE cost=32 wall=0.147
[89/1881] F1 uf50-01.cnf plain -> SATISFIABLE cost=7 wall=0.214
[90/1881] F1 uf50-02.cnf plain -> SATISFIABLE cost=21 wall=0.219
[91/1881] F1 uf50-04.cnf plain -> SATISFIABLE cost=41 wall=0.223
[92/1881] F4 tseitin_n20_s7.cnf sdcl -> UNSATISFIABLE cost=3005 wall=5.579
[93/1881] F1 uf50-05.cnf plain -> SATISFIABLE cost=2 wall=0.218
[94/1881] F1 uf50-03.cnf plain -> SATISFIABLE cost=39 wall=0.242
[95/1881] F1 uf50-06.cnf plain -> SATISFIABLE cost=28 wall=0.216
[96/1881] F1 uf50-09.cnf plain -> SATISFIABLE cost=6 wall=0.361
[97/1881] F1 uf50-07.cnf plain -> SATISFIABLE cost=29 wall=0.436
[98/1881] F1 uf50-08.cnf plain -> SATISFIABLE cost=34 wall=0.304
[99/1881] F1 uf50-10.cnf plain -> SATISFIABLE cost=39 wall=0.262
[100/1881] F4 tseitin_n20_s6.cnf sdcl -> UNSATISFIABLE cost=3128 wall=7.16
[101/1881] F1 uuf50-02.cnf plain -> UNSATISFIABLE cost=49 wall=0.22
[102/1881] F1 uuf50-01.cnf plain -> UNSATISFIABLE cost=60 wall=0.258
[103/1881] F1 uuf50-03.cnf plain -> UNSATISFIABLE cost=35 wall=0.216
[104/1881] F1 uuf50-05.cnf plain -> UNSATISFIABLE cost=58 wall=0.2
[105/1881] F4 tseitin_n20_s4.cnf sdcl -> UNSATISFIABLE cost=3075 wall=7.066
[106/1881] F1 uuf50-04.cnf plain -> UNSATISFIABLE cost=86 wall=0.238
[107/1881] F1 uuf50-08.cnf plain -> UNSATISFIABLE cost=48 wall=0.244
[108/1881] F1 uuf50-06.cnf plain -> UNSATISFIABLE cost=53 wall=0.213
[109/1881] F1 uuf50-09.cnf plain -> UNSATISFIABLE cost=63 wall=0.241
[110/1881] F1 uuf50-07.cnf plain -> UNSATISFIABLE cost=64 wall=0.212
[111/1881] F1 uuf50-10.cnf plain -> UNSATISFIABLE cost=34 wall=0.256
[112/1881] F2 rand500_n100_s1.cnf plain -> UNSATISFIABLE cost=418 wall=0.312
[113/1881] F2 rand500_n100_s0.cnf plain -> UNSATISFIABLE cost=221 wall=0.307
[114/1881] F2 rand500_n100_s3.cnf plain -> UNSATISFIABLE cost=378 wall=0.333
[115/1881] F2 rand500_n100_s4.cnf plain -> UNSATISFIABLE cost=255 wall=0.346
[116/1881] F2 rand500_n100_s7.cnf plain -> UNSATISFIABLE cost=258 wall=0.252
[117/1881] F2 rand500_n100_s5.cnf plain -> UNSATISFIABLE cost=264 wall=0.29
[118/1881] F2 rand500_n100_s8.cnf plain -> UNSATISFIABLE cost=239 wall=0.265
[119/1881] F2 rand500_n100_s9.cnf plain -> UNSATISFIABLE cost=296 wall=0.474
[120/1881] F2 rand500_n100_s2.cnf plain -> UNSATISFIABLE cost=399 wall=0.488
[121/1881] F2 rand500_n100_s6.cnf plain -> UNSATISFIABLE cost=330 wall=0.373
[122/1881] F4 tseitin_n20_s0.cnf plain -> UNSATISFIABLE cost=114 wall=0.311
[123/1881] F4 tseitin_n20_s3.cnf plain -> UNSATISFIABLE cost=212 wall=0.274
[124/1881] F4 tseitin_n20_s1.cnf plain -> UNSATISFIABLE cost=162 wall=0.266
[125/1881] F4 tseitin_n20_s2.cnf plain -> UNSATISFIABLE cost=160 wall=0.271
[126/1881] F4 tseitin_n20_s4.cnf plain -> UNSATISFIABLE cost=290 wall=0.239
[127/1881] F4 tseitin_n20_s5.cnf plain -> UNSATISFIABLE cost=137 wall=0.245
[128/1881] F4 tseitin_n20_s6.cnf plain -> UNSATISFIABLE cost=271 wall=0.266
[129/1881] F4 tseitin_n20_s9.cnf plain -> UNSATISFIABLE cost=92 wall=0.484
[130/1881] F6 fact_b6_sat_s0.cnf plain -> SATISFIABLE cost=6 wall=0.281
[131/1881] F4 tseitin_n20_s8.cnf plain -> UNSATISFIABLE cost=233 wall=0.525
[132/1881] F6 fact_b6_sat_s1.cnf plain -> SATISFIABLE cost=24 wall=0.223
[133/1881] F6 fact_b6_sat_s3.cnf plain -> SATISFIABLE cost=12 wall=0.226
[134/1881] F6 fact_b6_sat_s2.cnf plain -> SATISFIABLE cost=24 wall=0.287
[135/1881] F4 tseitin_n20_s7.cnf plain -> UNSATISFIABLE cost=436 wall=0.329
[136/1881] F6 fact_b6_sat_s4.cnf plain -> SATISFIABLE cost=7 wall=0.233
[137/1881] F6 fact_b6_unsat_s0.cnf plain -> UNSATISFIABLE cost=24 wall=0.21
[138/1881] F1 rand426_n75_s0.cnf sdcl -> SATISFIABLE cost=727 wall=0.531
[139/1881] F6 fact_b6_unsat_s1.cnf plain -> UNSATISFIABLE cost=27 wall=0.513
[140/1881] F6 fact_b6_unsat_s2.cnf plain -> UNSATISFIABLE cost=13 wall=0.263
[141/1881] F6 fact_b6_unsat_s4.cnf plain -> UNSATISFIABLE cost=11 wall=0.213
[142/1881] F6 fact_b6_unsat_s3.cnf plain -> UNSATISFIABLE cost=42 wall=0.308
[143/1881] F8 mchess_6.cnf plain -> UNSATISFIABLE cost=54 wall=0.136
[144/1881] F1 rand426_n75_s14.cnf sdcl -> SATISFIABLE cost=455 wall=0.359
[145/1881] F1 rand426_n75_s11.cnf sdcl -> SATISFIABLE cost=1352 wall=1.489
[146/1881] F1 rand426_n75_s13.cnf sdcl -> SATISFIABLE cost=1085 wall=0.714
[147/1881] F1 rand426_n75_s15.cnf sdcl -> SATISFIABLE cost=791 wall=0.465
[148/1881] F1 rand426_n75_s1.cnf sdcl -> UNSATISFIABLE cost=637 wall=1.041
[149/1881] F1 rand426_n75_s17.cnf sdcl -> SATISFIABLE cost=1022 wall=0.659
[150/1881] F1 rand426_n75_s10.cnf sdcl -> UNSATISFIABLE cost=639 wall=0.96
[151/1881] F5 cliquecol_n8_k3_c2.cnf plain -> UNSATISFIABLE cost=1195 wall=0.34
[152/1881] F1 rand426_n75_s16.cnf sdcl -> UNSATISFIABLE cost=465 wall=0.563
[153/1881] F1 rand426_n75_s2.cnf sdcl -> SATISFIABLE cost=763 wall=0.447
[154/1881] F1 rand426_n75_s12.cnf sdcl -> UNSATISFIABLE cost=714 wall=1.008
[155/1881] F1 rand426_n75_s6.cnf sdcl -> SATISFIABLE cost=530 wall=0.469
[156/1881] F1 rand426_n75_s19.cnf sdcl -> SATISFIABLE cost=5267 wall=2.067
[157/1881] F1 rand426_n75_s5.cnf sdcl -> SATISFIABLE cost=1395 wall=0.857
[158/1881] F1 rand426_n75_s3.cnf sdcl -> UNSATISFIABLE cost=562 wall=0.773
[159/1881] F1 rand426_n75_s7.cnf sdcl -> SATISFIABLE cost=1624 wall=1.3
[160/1881] F1 rand426_n75_s4.cnf sdcl -> UNSATISFIABLE cost=313 wall=0.616
[161/1881] F1 rand426_n75_s9.cnf sdcl -> SATISFIABLE cost=236 wall=0.337
[162/1881] F1 uf75-02.cnf sdcl -> SATISFIABLE cost=339 wall=0.34
[163/1881] F1 uf75-03.cnf sdcl -> SATISFIABLE cost=319 wall=0.422
[164/1881] F1 uf75-04.cnf sdcl -> SATISFIABLE cost=506 wall=0.504
[165/1881] F1 rand426_n75_s18.cnf sdcl -> UNSATISFIABLE cost=916 wall=1.428
[166/1881] F1 uf75-05.cnf sdcl -> SATISFIABLE cost=646 wall=0.872
[167/1881] F1 uf75-01.cnf sdcl -> SATISFIABLE cost=1930 wall=2.255
[168/1881] F1 rand426_n75_s8.cnf sdcl -> UNSATISFIABLE cost=750 wall=1.123
[169/1881] F1 uf75-07.cnf sdcl -> SATISFIABLE cost=405 wall=0.402
[170/1881] F1 uf75-06.cnf sdcl -> SATISFIABLE cost=993 wall=0.659
[171/1881] F5 cliquecol_n8_k3_c2.cnf sdcl -> UNSATISFIABLE cost=6194 wall=9.661
[172/1881] F1 uf75-09.cnf sdcl -> SATISFIABLE cost=444 wall=0.358
[173/1881] F1 uf75-08.cnf sdcl -> SATISFIABLE cost=765 wall=0.733
[174/1881] F1 uuf75-02.cnf sdcl -> UNSATISFIABLE cost=428 wall=0.736
[175/1881] F1 uuf75-01.cnf sdcl -> UNSATISFIABLE cost=450 wall=0.717
[176/1881] F1 uuf75-07.cnf sdcl -> UNSATISFIABLE cost=360 wall=0.592
[177/1881] F1 uuf75-03.cnf sdcl -> UNSATISFIABLE cost=758 wall=0.799
[178/1881] F1 uuf75-04.cnf sdcl -> UNSATISFIABLE cost=684 wall=1.173
[179/1881] F1 uuf75-06.cnf sdcl -> UNSATISFIABLE cost=627 wall=0.713
[180/1881] F1 uuf75-08.cnf sdcl -> UNSATISFIABLE cost=722 wall=1.359
[181/1881] F1 uuf75-09.cnf sdcl -> UNSATISFIABLE cost=279 wall=0.548
[182/1881] F1 uuf75-10.cnf sdcl -> UNSATISFIABLE cost=536 wall=0.93
[183/1881] F1 uuf75-05.cnf sdcl -> UNSATISFIABLE cost=722 wall=1.068
[184/1881] F1 uf75-10.cnf sdcl -> SATISFIABLE cost=7623 wall=12.658
[185/1881] F2 rand500_n150_s4.cnf sdcl -> UNSATISFIABLE cost=2245 wall=5.0
[186/1881] F2 rand500_n150_s7.cnf sdcl -> UNSATISFIABLE cost=2134 wall=5.066
[187/1881] F2 rand500_n150_s0.cnf sdcl -> UNSATISFIABLE cost=2468 wall=6.975
[188/1881] F2 rand500_n150_s2.cnf sdcl -> UNSATISFIABLE cost=2661 wall=4.157
[189/1881] F2 rand500_n150_s8.cnf sdcl -> UNSATISFIABLE cost=3388 wall=8.182
[190/1881] F2 rand500_n150_s1.cnf sdcl -> UNSATISFIABLE cost=3485 wall=11.51
[191/1881] F2 rand500_n150_s6.cnf sdcl -> UNSATISFIABLE cost=2940 wall=11.619
[192/1881] F2 rand500_n150_s3.cnf sdcl -> UNSATISFIABLE cost=3942 wall=12.023
[193/1881] F2 rand500_n150_s5.cnf sdcl -> UNSATISFIABLE cost=4495 wall=20.623
[194/1881] F2 rand500_n150_s9.cnf sdcl -> UNSATISFIABLE cost=4696 wall=22.375
[195/1881] F3 php_9_8.cnf sdcl -> UNSATISFIABLE cost=14130 wall=53.073
[196/1881] F3 php_9_8.cnf plain -> UNSATISFIABLE cost=19726 wall=6.507
[197/1881] F6 fact_b8_sat_s0.cnf sdcl -> SATISFIABLE cost=180 wall=0.645
[198/1881] F6 fact_b8_sat_s1.cnf sdcl -> SATISFIABLE cost=122 wall=0.378
[199/1881] F6 fact_b8_sat_s2.cnf sdcl -> SATISFIABLE cost=122 wall=0.36
[200/1881] F6 fact_b8_sat_s3.cnf sdcl -> SATISFIABLE cost=416 wall=0.806
[201/1881] F6 fact_b8_sat_s4.cnf sdcl -> SATISFIABLE cost=296 wall=0.776
[202/1881] F6 fact_b8_unsat_s0.cnf sdcl -> UNSATISFIABLE cost=498 wall=0.871
[203/1881] F6 fact_b8_unsat_s1.cnf sdcl -> UNSATISFIABLE cost=115 wall=0.295
[204/1881] F6 fact_b8_unsat_s2.cnf sdcl -> UNSATISFIABLE cost=321 wall=0.847
[205/1881] F6 fact_b8_unsat_s3.cnf sdcl -> UNSATISFIABLE cost=174 wall=0.443
[206/1881] F6 fact_b8_unsat_s4.cnf sdcl -> UNSATISFIABLE cost=285 wall=0.71
[207/1881] F8 mchess_8.cnf sdcl -> UNSATISFIABLE cost=2030 wall=3.803
[208/1881] F1 rand426_n75_s0.cnf plain -> SATISFIABLE cost=124 wall=0.148
[209/1881] F1 rand426_n75_s1.cnf plain -> UNSATISFIABLE cost=170 wall=0.189
[210/1881] F1 rand426_n75_s10.cnf plain -> UNSATISFIABLE cost=266 wall=0.142
[211/1881] F1 rand426_n75_s11.cnf plain -> SATISFIABLE cost=92 wall=0.171
[212/1881] F1 rand426_n75_s12.cnf plain -> UNSATISFIABLE cost=282 wall=0.164
[213/1881] F1 rand426_n75_s13.cnf plain -> SATISFIABLE cost=120 wall=0.185
[214/1881] F1 rand426_n75_s14.cnf plain -> SATISFIABLE cost=147 wall=0.265
[215/1881] F1 rand426_n75_s15.cnf plain -> SATISFIABLE cost=148 wall=0.202
[216/1881] F1 rand426_n75_s16.cnf plain -> UNSATISFIABLE cost=137 wall=0.354
[217/1881] F1 rand426_n75_s17.cnf plain -> SATISFIABLE cost=98 wall=0.169
[218/1881] F1 rand426_n75_s18.cnf plain -> UNSATISFIABLE cost=239 wall=0.176
[219/1881] F1 rand426_n75_s19.cnf plain -> SATISFIABLE cost=43 wall=0.195
[220/1881] F1 rand426_n75_s2.cnf plain -> SATISFIABLE cost=61 wall=0.134
[221/1881] F1 rand426_n75_s3.cnf plain -> UNSATISFIABLE cost=171 wall=0.191
[222/1881] F1 rand426_n75_s4.cnf plain -> UNSATISFIABLE cost=105 wall=0.177
[223/1881] F1 rand426_n75_s5.cnf plain -> SATISFIABLE cost=33 wall=0.186
[224/1881] F1 rand426_n75_s6.cnf plain -> SATISFIABLE cost=130 wall=0.261
[225/1881] F1 rand426_n75_s7.cnf plain -> SATISFIABLE cost=102 wall=0.175
[226/1881] F1 rand426_n75_s8.cnf plain -> UNSATISFIABLE cost=224 wall=0.204
[227/1881] F1 rand426_n75_s9.cnf plain -> SATISFIABLE cost=39 wall=0.168
[228/1881] F1 uf75-01.cnf plain -> SATISFIABLE cost=9 wall=0.14
[229/1881] F1 uf75-02.cnf plain -> SATISFIABLE cost=26 wall=0.156
[230/1881] F1 uf75-03.cnf plain -> SATISFIABLE cost=48 wall=0.171
[231/1881] F1 uf75-04.cnf plain -> SATISFIABLE cost=61 wall=0.146
[232/1881] F1 uf75-05.cnf plain -> SATISFIABLE cost=176 wall=0.151
[233/1881] F1 uf75-06.cnf plain -> SATISFIABLE cost=114 wall=0.171
[234/1881] F1 uf75-07.cnf plain -> SATISFIABLE cost=8 wall=0.157
[235/1881] F1 uf75-08.cnf plain -> SATISFIABLE cost=144 wall=0.173
[236/1881] F1 uf75-09.cnf plain -> SATISFIABLE cost=16 wall=0.167
[237/1881] F1 uf75-10.cnf plain -> SATISFIABLE cost=134 wall=0.141
[238/1881] F1 uuf75-01.cnf plain -> UNSATISFIABLE cost=151 wall=0.161
[239/1881] F1 uuf75-02.cnf plain -> UNSATISFIABLE cost=158 wall=0.191
[240/1881] F1 uuf75-03.cnf plain -> UNSATISFIABLE cost=246 wall=0.184
[241/1881] F1 uuf75-04.cnf plain -> UNSATISFIABLE cost=177 wall=0.157
[242/1881] F1 uuf75-05.cnf plain -> UNSATISFIABLE cost=236 wall=0.176
[243/1881] F1 uuf75-06.cnf plain -> UNSATISFIABLE cost=288 wall=0.157
[244/1881] F1 uuf75-07.cnf plain -> UNSATISFIABLE cost=107 wall=0.174
[245/1881] F1 uuf75-08.cnf plain -> UNSATISFIABLE cost=245 wall=0.125
[246/1881] F1 uuf75-09.cnf plain -> UNSATISFIABLE cost=127 wall=0.137
[247/1881] F1 uuf75-10.cnf plain -> UNSATISFIABLE cost=196 wall=0.171
[248/1881] F2 rand500_n150_s0.cnf plain -> UNSATISFIABLE cost=665 wall=0.196
[249/1881] F2 rand500_n150_s1.cnf plain -> UNSATISFIABLE cost=987 wall=0.283
[250/1881] F2 rand500_n150_s2.cnf plain -> UNSATISFIABLE cost=983 wall=0.222
[251/1881] F2 rand500_n150_s3.cnf plain -> UNSATISFIABLE cost=1014 wall=0.261
[252/1881] F2 rand500_n150_s4.cnf plain -> UNSATISFIABLE cost=589 wall=0.213
[253/1881] F2 rand500_n150_s5.cnf plain -> UNSATISFIABLE cost=1630 wall=0.317
[254/1881] F2 rand500_n150_s6.cnf plain -> UNSATISFIABLE cost=876 wall=0.246
[255/1881] F2 rand500_n150_s7.cnf plain -> UNSATISFIABLE cost=1145 wall=0.287
[256/1881] F2 rand500_n150_s8.cnf plain -> UNSATISFIABLE cost=1041 wall=0.211
[257/1881] F2 rand500_n150_s9.cnf plain -> UNSATISFIABLE cost=1511 wall=0.301
[258/1881] F3 php_11_10.cnf sdcl -> TIMEOUT cost=182458 wall=3601.052
[259/1881] F4 tseitin_n40_s0.cnf sdcl -> TIMEOUT cost=60563 wall=3600.489
[260/1881] F4 tseitin_n40_s1.cnf sdcl -> TIMEOUT cost=52908 wall=3600.587
[261/1881] F4 tseitin_n40_s2.cnf sdcl -> TIMEOUT cost=52364 wall=3600.33
[262/1881] F4 tseitin_n40_s3.cnf sdcl -> TIMEOUT cost=68490 wall=3600.234
[263/1881] F4 tseitin_n40_s2.cnf plain -> UNSATISFIABLE cost=813 wall=0.238
[264/1881] F4 tseitin_n40_s0.cnf plain -> UNSATISFIABLE cost=1432 wall=0.98
[265/1881] F4 tseitin_n40_s4.cnf sdcl -> TIMEOUT cost=53158 wall=3600.374
[266/1881] F4 tseitin_n40_s5.cnf sdcl -> TIMEOUT cost=51332 wall=3600.375
[267/1881] F4 tseitin_n40_s6.cnf sdcl -> TIMEOUT cost=51111 wall=3601.193
[268/1881] F4 tseitin_n40_s6.cnf plain -> UNSATISFIABLE cost=1157 wall=0.243
[269/1881] F4 tseitin_n40_s4.cnf plain -> UNSATISFIABLE cost=1307 wall=0.229
[270/1881] F4 tseitin_n40_s8.cnf plain -> UNSATISFIABLE cost=848 wall=0.197
[271/1881] F4 tseitin_n40_s7.cnf sdcl -> TIMEOUT cost=67385 wall=3600.566
[272/1881] F6 fact_b8_sat_s0.cnf plain -> SATISFIABLE cost=167 wall=0.239
[273/1881] F6 fact_b8_sat_s1.cnf plain -> SATISFIABLE cost=40 wall=0.251
[274/1881] F6 fact_b8_sat_s2.cnf plain -> SATISFIABLE cost=64 wall=0.2
[275/1881] F6 fact_b8_sat_s3.cnf plain -> SATISFIABLE cost=109 wall=0.186
[276/1881] F6 fact_b8_sat_s4.cnf plain -> SATISFIABLE cost=35 wall=0.17
[277/1881] F6 fact_b8_unsat_s1.cnf plain -> UNSATISFIABLE cost=36 wall=0.228
[278/1881] F6 fact_b8_unsat_s2.cnf plain -> UNSATISFIABLE cost=121 wall=0.198
[279/1881] F6 fact_b8_unsat_s0.cnf plain -> UNSATISFIABLE cost=101 wall=0.192
[280/1881] F6 fact_b8_unsat_s3.cnf plain -> UNSATISFIABLE cost=32 wall=0.239
[281/1881] F6 fact_b8_unsat_s4.cnf plain -> UNSATISFIABLE cost=94 wall=0.221
[282/1881] F1 rand426_n100_s0.cnf sdcl -> SATISFIABLE cost=1418 wall=1.367
[283/1881] F5 cliquecol_n10_k4_c3.cnf plain -> UNSATISFIABLE cost=61591 wall=4.715
[284/1881] F1 rand426_n100_s1.cnf sdcl -> SATISFIABLE cost=2136 wall=2.204
[285/1881] F1 rand426_n100_s11.cnf sdcl -> SATISFIABLE cost=3747 wall=1.131
[286/1881] F1 rand426_n100_s12.cnf sdcl -> SATISFIABLE cost=2068 wall=1.189
[287/1881] F1 rand426_n100_s10.cnf sdcl -> UNSATISFIABLE cost=998 wall=0.936
[288/1881] F8 mchess_8.cnf plain -> UNSATISFIABLE cost=958 wall=0.252
[289/1881] F1 rand426_n100_s14.cnf sdcl -> SATISFIABLE cost=865 wall=0.697
[290/1881] F1 rand426_n100_s16.cnf sdcl -> SATISFIABLE cost=1600 wall=1.612
[291/1881] F1 rand426_n100_s13.cnf sdcl -> SATISFIABLE cost=4762 wall=3.557
[292/1881] F4 tseitin_n40_s8.cnf sdcl -> TIMEOUT cost=60423 wall=3600.506
[293/1881] F4 tseitin_n40_s7.cnf plain -> UNSATISFIABLE cost=2742 wall=0.301
[294/1881] F1 rand426_n100_s17.cnf sdcl -> SATISFIABLE cost=1491 wall=1.477
[295/1881] F1 rand426_n100_s15.cnf sdcl -> UNSATISFIABLE cost=952 wall=0.795
[296/1881] F1 rand426_n100_s18.cnf sdcl -> SATISFIABLE cost=5634 wall=2.213
[297/1881] F1 rand426_n100_s3.cnf sdcl -> SATISFIABLE cost=1794 wall=1.828
[298/1881] F1 rand426_n100_s19.cnf sdcl -> UNSATISFIABLE cost=1070 wall=1.469
[299/1881] F1 rand426_n100_s5.cnf sdcl -> SATISFIABLE cost=1874 wall=1.747
[300/1881] F1 rand426_n100_s2.cnf sdcl -> SATISFIABLE cost=2751 wall=4.852
[301/1881] F1 rand426_n100_s7.cnf sdcl -> SATISFIABLE cost=1338 wall=1.374
[302/1881] F4 tseitin_n40_s9.cnf sdcl -> TIMEOUT cost=60230 wall=3600.39
[303/1881] F1 rand426_n100_s4.cnf sdcl -> UNSATISFIABLE cost=1599 wall=2.07
[304/1881] F1 uf100-01.cnf sdcl -> SATISFIABLE cost=1935 wall=1.521
[305/1881] F1 uf100-03.cnf sdcl -> SATISFIABLE cost=1585 wall=1.234
[306/1881] F1 uf100-02.cnf sdcl -> SATISFIABLE cost=1640 wall=1.432
[307/1881] F1 rand426_n100_s6.cnf sdcl -> UNSATISFIABLE cost=1699 wall=1.52
[308/1881] F1 uf100-04.cnf sdcl -> SATISFIABLE cost=2715 wall=1.515
[309/1881] F1 uf100-05.cnf sdcl -> SATISFIABLE cost=755 wall=0.515
[310/1881] F1 rand426_n100_s9.cnf sdcl -> UNSATISFIABLE cost=1691 wall=2.871
[311/1881] F1 uf100-07.cnf sdcl -> SATISFIABLE cost=1440 wall=1.718
[312/1881] F1 uf100-08.cnf sdcl -> SATISFIABLE cost=1479 wall=1.501
[313/1881] F1 uf100-10.cnf sdcl -> SATISFIABLE cost=3622 wall=0.952
[314/1881] F1 rand426_n100_s8.cnf sdcl -> UNSATISFIABLE cost=1825 wall=2.904
[315/1881] F1 uf100-09.cnf sdcl -> SATISFIABLE cost=1891 wall=2.501
[316/1881] F1 uuf100-01.cnf sdcl -> UNSATISFIABLE cost=1117 wall=1.504
[317/1881] F1 uuf100-03.cnf sdcl -> UNSATISFIABLE cost=1218 wall=1.678
[318/1881] F1 uuf100-05.cnf sdcl -> UNSATISFIABLE cost=1531 wall=2.191
[319/1881] F1 uuf100-02.cnf sdcl -> UNSATISFIABLE cost=1688 wall=2.333
[320/1881] F1 uuf100-06.cnf sdcl -> UNSATISFIABLE cost=1511 wall=1.484
[321/1881] F1 uuf100-07.cnf sdcl -> UNSATISFIABLE cost=1187 wall=1.687
[322/1881] F1 uuf100-08.cnf sdcl -> UNSATISFIABLE cost=1310 wall=2.213
[323/1881] F1 uuf100-04.cnf sdcl -> UNSATISFIABLE cost=2075 wall=2.936
[324/1881] F1 uuf100-10.cnf sdcl -> UNSATISFIABLE cost=1408 wall=2.064
[325/1881] F1 uuf100-09.cnf sdcl -> UNSATISFIABLE cost=1491 wall=2.342
[326/1881] F4 tseitin_n40_s5.cnf plain -> UNSATISFIABLE cost=4601 wall=0.587
[327/1881] F4 tseitin_n40_s3.cnf plain -> UNSATISFIABLE cost=4827 wall=0.445
[328/1881] F4 tseitin_n40_s9.cnf plain -> UNSATISFIABLE cost=4374 wall=0.418
[329/1881] F2 rand500_n200_s5.cnf sdcl -> UNSATISFIABLE cost=9934 wall=58.424
[330/1881] F4 tseitin_n40_s1.cnf plain -> UNSATISFIABLE cost=7684 wall=0.711
[331/1881] F5 cliquecol_n10_k4_c3.cnf sdcl -> TIMEOUT cost=66020 wall=3601.438
