jobs total 1881, done 366, todo 1515
[1/1515] F8 mchess_12.cnf plain -> UNSATISFIABLE cost=81855 wall=14.044
[2/1515] F5 cliquecol_n16_k4_c3.cnf plain -> UNSATISFIABLE cost=642682 wall=75.96
[3/1515] F4 tseitin_n80_s0.cnf sdcl -> TIMEOUT cost=85396 wall=3601.421
[4/1515] F5 cliquecol_n20_k5_c4.cnf sdcl -> TIMEOUT cost=60626 wall=3601.506
[5/1515] F8 mchess_12.cnf sdcl -> TIMEOUT cost=50885 wall=3601.581
[6/1515] F5 cliquecol_n16_k4_c3.cnf sdcl -> TIMEOUT cost=60314 wall=3601.583
[7/1515] F4 tseitin_n100_s0.cnf sdcl -> TIMEOUT cost=58817 wall=3601.892
[8/1515] F8 mchess_14.cnf sdcl -> TIMEOUT cost=43780 wall=3602.27
[9/1515] F4 tseitin_n100_s0.cnf plain -> TIMEOUT cost=26114624 wall=3601.574
[10/1515] F5 cliquecol_n20_k5_c4.cnf plain -> TIMEOUT cost=23258048 wall=3601.749
[11/1515] F4 tseitin_n150_s0.cnf sdcl -> TIMEOUT cost=58799 wall=3601.815
[12/1515] F5 cliquecol_n25_k5_c4.cnf sdcl -> TIMEOUT cost=57519 wall=3601.652
[13/1515] F3 php_11_10.cnf plain -> UNSATISFIABLE cost=8168962 wall=2955.841
[14/1515] F4 tseitin_n80_s0.cnf plain -> UNSATISFIABLE cost=23780106 wall=2955.554
[15/1515] F8 mchess_14.cnf plain -> UNSATISFIABLE cost=15093324 wall=3221.593
[16/1515] F4 tseitin_n150_s0.cnf plain -> TIMEOUT cost=17000000 wall=3600.368
[17/1515] F8 mchess_16.cnf sdcl -> TIMEOUT cost=86542 wall=3600.95
[18/1515] F5 cliquecol_n30_k6_c5.cnf sdcl -> TIMEOUT cost=54831 wall=3600.374
[19/1515] F4 tseitin_n200_s0.cnf sdcl -> TIMEOUT cost=58033 wall=3601.24
[20/1515] F8 mchess_16.cnf plain -> TIMEOUT cost=13932736 wall=3600.224
[21/1515] F5 cliquecol_n25_k5_c4.cnf plain -> TIMEOUT cost=20204032 wall=3600.33
[22/1515] F5 cliquecol_n30_k6_c5.cnf plain -> TIMEOUT cost=16475328 wall=3600.554
[23/1515] F4 tseitin_n200_s0.cnf plain -> TIMEOUT cost=15422016 wall=3600.637
[24/1515] F1 rand426_n225_s0.cnf plain -> UNSATISFIABLE cost=37424 wall=10.712
[25/1515] F7 037c423f56548082b1935e88c48ffdda.cnf plain -> SATISFIABLE cost=15753 wall=4.403
[26/1515] F4 tseitin_n300_s0.cnf sdcl -> TIMEOUT cost=40944 wall=3601.125
[27/1515] F6 fact_b10_sat_s0.cnf sdcl -> SATISFIABLE cost=785 wall=1.695
[28/1515] F6 fact_b10_unsat_s0.cnf sdcl -> UNSATISFIABLE cost=2057 wall=10.096
[29/1515] F2 rand500_n200_s0.cnf plain -> UNSATISFIABLE cost=4212 wall=0.683
[30/1515] F6 fact_b10_sat_s0.cnf plain -> SATISFIABLE cost=164 wall=0.173
[31/1515] F6 fact_b10_unsat_s0.cnf plain -> UNSATISFIABLE cost=440 wall=0.185
[32/1515] F4 tseitin_n300_s0.cnf plain -> TIMEOUT cost=11842048 wall=3600.547
[33/1515] F6 fact_b12_sat_s0.cnf sdcl -> SATISFIABLE cost=2239 wall=7.917
[34/1515] F2 rand500_n200_s0.cnf sdcl -> UNSATISFIABLE cost=12066 wall=88.206
[35/1515] F2 rand500_n250_s0.cnf plain -> UNSATISFIABLE cost=39910 wall=4.068
[36/1515] F6 fact_b12_sat_s0.cnf plain -> SATISFIABLE cost=54 wall=0.223
[37/1515] F6 fact_b12_unsat_s0.cnf sdcl -> UNSATISFIABLE cost=4379 wall=20.182
[38/1515] F6 fact_b12_unsat_s0.cnf plain -> UNSATISFIABLE cost=1048 wall=0.429
[39/1515] F1 rand426_n250_s1.cnf plain -> UNSATISFIABLE cost=612671 wall=140.093
[40/1515] F6 fact_b14_sat_s0.cnf sdcl -> SATISFIABLE cost=5266 wall=43.645
[41/1515] F2 rand500_n300_s0.cnf plain -> UNSATISFIABLE cost=149169 wall=25.166
[42/1515] F6 fact_b14_sat_s0.cnf plain -> SATISFIABLE cost=768 wall=0.436
[43/1515] F6 fact_b14_unsat_s0.cnf plain -> UNSATISFIABLE cost=1983 wall=0.863
[44/1515] F6 fact_b14_unsat_s0.cnf sdcl -> UNSATISFIABLE cost=8283 wall=102.704
[45/1515] F6 fact_b16_sat_s0.cnf sdcl -> SATISFIABLE cost=3394 wall=25.354
[46/1515] F1 rand426_n200_s11.cnf plain -> UNSATISFIABLE cost=23937 wall=3.908
[47/1515] F2 rand500_n350_s0.cnf plain -> UNSATISFIABLE cost=498001 wall=119.904
[48/1515] F6 fact_b16_sat_s0.cnf plain -> SATISFIABLE cost=7153 wall=3.204
[49/1515] F7 037c423f56548082b1935e88c48ffdda.cnf sdcl -> SATISFIABLE cost=210413 wall=1253.447
[50/1515] F6 fact_b16_unsat_s0.cnf sdcl -> UNSATISFIABLE cost=38119 wall=1001.742
[51/1515] F6 fact_b16_unsat_s0.cnf plain -> UNSATISFIABLE cost=10182 wall=5.07
[52/1515] F1 rand426_n200_s11.cnf sdcl -> UNSATISFIABLE cost=73810 wall=1482.317
[53/1515] F2 rand500_n250_s0.cnf sdcl -> UNSATISFIABLE cost=109182 wall=2507.11
[54/1515] F3 php_41_40.cnf sdcl -> TIMEOUT cost=81482 wall=3600.953
[55/1515] F3 php_41_40.cnf plain -> TIMEOUT cost=1862016 wall=3602.306
[56/1515] F6 fact_b18_sat_s0.cnf plain -> SATISFIABLE cost=39133 wall=19.467
[57/1515] F6 fact_b18_unsat_s0.cnf plain -> UNSATISFIABLE cost=27833 wall=12.588
[58/1515] F1 rand426_n225_s0.cnf sdcl -> TIMEOUT cost=148005 wall=3600.244
[59/1515] F1 rand426_n250_s1.cnf sdcl -> TIMEOUT cost=125920 wall=3600.52
[60/1515] F7 02066c116dbacc40ec5cca2067db26c0.cnf sdcl -> TIMEOUT cost=3200058 wall=3600.691
[61/1515] F7 02066c116dbacc40ec5cca2067db26c0.cnf plain -> TIMEOUT cost=6638976 wall=3600.351
[62/1515] F6 fact_b20_sat_s0.cnf plain -> SATISFIABLE cost=300852 wall=190.529
[63/1515] F2 rand500_n300_s0.cnf sdcl -> TIMEOUT cost=129509 wall=3600.352
[64/1515] F2 rand500_n350_s0.cnf sdcl -> TIMEOUT cost=133413 wall=3600.467
[65/1515] F6 fact_b18_sat_s0.cnf sdcl -> SATISFIABLE cost=66883 wall=2493.938
[66/1515] F4 tseitin_n80_s1.cnf plain -> UNSATISFIABLE cost=2987721 wall=351.866
[67/1515] F2 rand500_n400_s0.cnf sdcl -> TIMEOUT cost=126976 wall=3600.493
[68/1515] F2 rand500_n400_s1.cnf sdcl -> TIMEOUT cost=130686 wall=3600.265
[69/1515] F6 fact_b20_unsat_s0.cnf plain -> UNSATISFIABLE cost=1045933 wall=700.028
[70/1515] F6 fact_b18_unsat_s0.cnf sdcl -> UNSATISFIABLE cost=91340 wall=3554.597
[71/1515] F6 fact_b20_sat_s0.cnf sdcl -> TIMEOUT cost=84200 wall=3600.277
[72/1515] F2 rand500_n400_s0.cnf plain -> UNSATISFIABLE cost=7884988 wall=2308.938
[73/1515] F6 fact_b20_unsat_s0.cnf sdcl -> TIMEOUT cost=80574 wall=3600.436
[74/1515] F4 tseitin_n80_s1.cnf sdcl -> TIMEOUT cost=71480 wall=3600.609
[75/1515] F1 rand426_n225_s11.cnf plain -> UNSATISFIABLE cost=38449 wall=5.678
[76/1515] F4 tseitin_n100_s1.cnf sdcl -> TIMEOUT cost=63921 wall=3600.5
[77/1515] F1 rand426_n250_s11.cnf plain -> UNSATISFIABLE cost=201619 wall=37.872
[78/1515] F1 rand426_n200_s12.cnf plain -> UNSATISFIABLE cost=24506 wall=2.348
[79/1515] F4 tseitin_n100_s1.cnf plain -> TIMEOUT cost=25347456 wall=3600.242
[80/1515] F4 tseitin_n150_s1.cnf sdcl -> TIMEOUT cost=43099 wall=3600.784
[81/1515] F7 03de316ba1e90305471a3b8620cb9cd7.cnf plain -> SATISFIABLE cost=0 wall=0.226
[82/1515] F4 tseitin_n150_s1.cnf plain -> TIMEOUT cost=18503680 wall=3600.271
[83/1515] F6 fact_b10_sat_s1.cnf sdcl -> SATISFIABLE cost=1247 wall=4.441
[84/1515] F6 fact_b10_unsat_s1.cnf sdcl -> UNSATISFIABLE cost=1315 wall=4.765
[85/1515] F2 rand500_n200_s1.cnf sdcl -> UNSATISFIABLE cost=16088 wall=169.542
[86/1515] F6 fact_b10_sat_s1.cnf plain -> SATISFIABLE cost=37 wall=0.266
[87/1515] F6 fact_b10_unsat_s1.cnf plain -> UNSATISFIABLE cost=370 wall=0.238
[88/1515] F2 rand500_n200_s1.cnf plain -> UNSATISFIABLE cost=4832 wall=0.61
[89/1515] F6 fact_b12_sat_s1.cnf sdcl -> SATISFIABLE cost=1245 wall=5.417
[90/1515] F4 tseitin_n200_s1.cnf sdcl -> TIMEOUT cost=61042 wall=3600.372
[91/1515] F2 rand500_n250_s1.cnf plain -> UNSATISFIABLE cost=36594 wall=8.598
[92/1515] F6 fact_b12_sat_s1.cnf plain -> SATISFIABLE cost=411 wall=0.336
[93/1515] F6 fact_b12_unsat_s1.cnf plain -> UNSATISFIABLE cost=1676 wall=0.619
[94/1515] F6 fact_b12_unsat_s1.cnf sdcl -> UNSATISFIABLE cost=7215 wall=42.168
[95/1515] F7 0297c2a35f116ffd5382aea5b421e6df.cnf plain -> UNSATISFIABLE cost=3471978 wall=391.967
[96/1515] F4 tseitin_n200_s1.cnf plain -> TIMEOUT cost=15497920 wall=3600.16
[97/1515] F4 tseitin_n300_s1.cnf sdcl -> TIMEOUT cost=72197 wall=3600.329
[98/1515] F6 fact_b14_sat_s1.cnf plain -> SATISFIABLE cost=1760 wall=0.929
[99/1515] F6 fact_b14_sat_s1.cnf sdcl -> SATISFIABLE cost=20253 wall=251.323
[100/1515] F2 rand500_n300_s1.cnf plain -> UNSATISFIABLE cost=467077 wall=99.958
[101/1515] F6 fact_b14_unsat_s1.cnf plain -> UNSATISFIABLE cost=4734 wall=1.736
[102/1515] F4 tseitin_n300_s1.cnf plain -> TIMEOUT cost=12016384 wall=3600.24
[103/1515] F2 rand500_n400_s1.cnf plain -> UNSATISFIABLE cost=11179657 wall=3486.127
[104/1515] F6 fact_b16_sat_s1.cnf plain -> SATISFIABLE cost=9010 wall=2.558
[105/1515] F1 rand426_n200_s12.cnf sdcl -> UNSATISFIABLE cost=82650 wall=1702.558
[106/1515] F6 fact_b14_unsat_s1.cnf sdcl -> UNSATISFIABLE cost=18491 wall=251.932
[107/1515] F2 rand500_n350_s1.cnf plain -> UNSATISFIABLE cost=1121550 wall=251.988
[108/1515] F6 fact_b18_sat_s1.cnf sdcl -> SATISFIABLE cost=6769 wall=64.111
[109/1515] F1 rand426_n225_s11.cnf sdcl -> UNSATISFIABLE cost=121737 wall=2719.313
[110/1515] F6 fact_b16_sat_s1.cnf sdcl -> SATISFIABLE cost=51395 wall=1068.914
[111/1515] F6 fact_b16_unsat_s1.cnf plain -> UNSATISFIABLE cost=17678 wall=7.143
[112/1515] F6 fact_b18_sat_s1.cnf plain -> SATISFIABLE cost=7088 wall=3.497
[113/1515] F6 fact_b18_unsat_s1.cnf plain -> UNSATISFIABLE cost=47916 wall=22.001
[114/1515] F1 rand426_n250_s11.cnf sdcl -> TIMEOUT cost=143471 wall=3600.389
[115/1515] F7 0297c2a35f116ffd5382aea5b421e6df.cnf sdcl -> TIMEOUT cost=63437 wall=3600.832
[116/1515] F6 fact_b16_unsat_s1.cnf sdcl -> UNSATISFIABLE cost=67121 wall=2034.821
[117/1515] F7 03de316ba1e90305471a3b8620cb9cd7.cnf sdcl -> TIMEOUT cost=66974 wall=3600.616
[118/1515] F2 rand500_n250_s1.cnf sdcl -> UNSATISFIABLE cost=90969 wall=2015.931
[119/1515] F6 fact_b20_sat_s1.cnf plain -> SATISFIABLE cost=645151 wall=427.993
[120/1515] F2 rand500_n300_s1.cnf sdcl -> TIMEOUT cost=135395 wall=3600.213
[121/1515] F2 rand500_n350_s1.cnf sdcl -> TIMEOUT cost=133890 wall=3600.336
[122/1515] F4 tseitin_n80_s2.cnf plain -> UNSATISFIABLE cost=5129420 wall=593.581
[123/1515] F6 fact_b20_unsat_s1.cnf plain -> UNSATISFIABLE cost=1372237 wall=886.975
[124/1515] F2 rand500_n400_s2.cnf sdcl -> TIMEOUT cost=124268 wall=3600.36
[125/1515] F2 rand500_n400_s6.cnf sdcl -> TIMEOUT cost=124320 wall=3600.236
[126/1515] F2 rand500_n400_s2.cnf plain -> UNSATISFIABLE cost=6429097 wall=1744.158
[127/1515] F6 fact_b18_unsat_s1.cnf sdcl -> TIMEOUT cost=95559 wall=3600.283
[128/1515] F2 rand500_n400_s6.cnf plain -> TIMEOUT cost=12114048 wall=3600.209
[129/1515] F1 rand426_n200_s14.cnf plain -> UNSATISFIABLE cost=40343 wall=7.114
[130/1515] F6 fact_b20_sat_s1.cnf sdcl -> TIMEOUT cost=83081 wall=3600.382
[131/1515] F1 rand426_n225_s12.cnf plain -> UNSATISFIABLE cost=68593 wall=20.695
[132/1515] F6 fact_b20_unsat_s1.cnf sdcl -> TIMEOUT cost=82926 wall=3600.505
[133/1515] F1 rand426_n250_s15.cnf plain -> UNSATISFIABLE cost=195540 wall=40.301
[134/1515] F4 tseitin_n80_s2.cnf sdcl -> TIMEOUT cost=70709 wall=3600.372
[135/1515] F4 tseitin_n100_s2.cnf sdcl -> TIMEOUT cost=64402 wall=3600.309
[136/1515] F7 24b93d0bf941e4b050c9109e4cb7faf4.cnf sdcl -> SATISFIABLE cost=19808 wall=794.428
[137/1515] F7 24b93d0bf941e4b050c9109e4cb7faf4.cnf plain -> SATISFIABLE cost=1265 wall=0.349
[138/1515] F4 tseitin_n100_s2.cnf plain -> TIMEOUT cost=24570368 wall=3600.219
[139/1515] F6 fact_b10_sat_s2.cnf sdcl -> SATISFIABLE cost=1388 wall=2.544
[140/1515] F6 fact_b10_unsat_s2.cnf sdcl -> UNSATISFIABLE cost=1224 wall=3.343
[141/1515] F7 17039a3ed02ea12653ec5389e56dab50.cnf plain -> UNSATISFIABLE cost=18823 wall=1.73
[142/1515] F6 fact_b10_sat_s2.cnf plain -> SATISFIABLE cost=176 wall=0.225
[143/1515] F6 fact_b10_unsat_s2.cnf plain -> UNSATISFIABLE cost=258 wall=0.203
[144/1515] F2 rand500_n200_s2.cnf sdcl -> UNSATISFIABLE cost=12278 wall=98.22
[145/1515] F2 rand500_n200_s2.cnf plain -> UNSATISFIABLE cost=3354 wall=0.393
[146/1515] F6 fact_b12_sat_s2.cnf sdcl -> SATISFIABLE cost=2065 wall=9.079
[147/1515] F6 fact_b12_unsat_s2.cnf sdcl -> UNSATISFIABLE cost=7285 wall=53.873
[148/1515] F6 fact_b12_sat_s2.cnf plain -> SATISFIABLE cost=148 wall=0.301
[149/1515] F4 tseitin_n150_s2.cnf sdcl -> TIMEOUT cost=63780 wall=3600.789
[150/1515] F6 fact_b12_unsat_s2.cnf plain -> UNSATISFIABLE cost=1594 wall=0.901
[151/1515] F6 fact_b14_sat_s2.cnf sdcl -> SATISFIABLE cost=505 wall=1.889
[152/1515] F2 rand500_n250_s2.cnf plain -> UNSATISFIABLE cost=9917 wall=1.811
[153/1515] F2 rand500_n300_s2.cnf plain -> UNSATISFIABLE cost=528939 wall=127.735
[154/1515] F6 fact_b14_sat_s2.cnf plain -> SATISFIABLE cost=281 wall=0.172
[155/1515] F1 rand426_n200_s14.cnf sdcl -> UNSATISFIABLE cost=130704 wall=3024.955
[156/1515] F4 tseitin_n150_s2.cnf plain -> TIMEOUT cost=17726016 wall=3600.21
[157/1515] F4 tseitin_n200_s2.cnf sdcl -> TIMEOUT cost=56633 wall=3600.459
[158/1515] F4 tseitin_n200_s2.cnf plain -> TIMEOUT cost=14884032 wall=3600.345
[159/1515] F4 tseitin_n300_s2.cnf sdcl -> TIMEOUT cost=54569 wall=3600.367
[160/1515] F6 fact_b16_sat_s2.cnf plain -> SATISFIABLE cost=3590 wall=1.145
[161/1515] F6 fact_b14_unsat_s2.cnf plain -> UNSATISFIABLE cost=4549 wall=0.976
[162/1515] F6 fact_b16_unsat_s2.cnf plain -> UNSATISFIABLE cost=25292 wall=7.66
[163/1515] F2 rand500_n250_s2.cnf sdcl -> UNSATISFIABLE cost=28869 wall=538.89
[164/1515] F4 tseitin_n300_s2.cnf plain -> TIMEOUT cost=11860352 wall=3600.211
[165/1515] F6 fact_b14_unsat_s2.cnf sdcl -> UNSATISFIABLE cost=20345 wall=388.75
[166/1515] F6 fact_b16_sat_s2.cnf sdcl -> SATISFIABLE cost=28252 wall=744.926
[167/1515] F1 rand426_n225_s12.cnf sdcl -> TIMEOUT cost=145349 wall=3600.203
[168/1515] F6 fact_b18_sat_s2.cnf plain -> SATISFIABLE cost=8801 wall=3.478
[169/1515] F6 fact_b18_unsat_s2.cnf plain -> UNSATISFIABLE cost=88386 wall=46.043
[170/1515] F1 rand426_n250_s15.cnf sdcl -> TIMEOUT cost=128049 wall=3600.269
